Component: ARM Compiler 6.16 Tool: armlink [5dfeaa00]

==============================================================================

Section Cross References

    main.o(.text.cb_putc) refers to peripheral_uart.o(.text.apUART_Check_TXFIFO_FULL) for apUART_Check_TXFIFO_FULL
    main.o(.text.cb_putc) refers to peripheral_uart.o(.text.UART_SendData) for UART_SendData
    main.o(.ARM.exidx.text.cb_putc) refers to main.o(.text.cb_putc) for [Anonymous Symbol]
    main.o(.text.fputc) refers to main.o(.text.cb_putc) for cb_putc
    main.o(.ARM.exidx.text.fputc) refers to main.o(.text.fputc) for [Anonymous Symbol]
    main.o(.text.config_uart) refers to peripheral_uart.o(.text.apUART_Initialize) for apUART_Initialize
    main.o(.ARM.exidx.text.config_uart) refers to main.o(.text.config_uart) for [Anonymous Symbol]
    main.o(.text.DMA_Test) refers to peripheral_dma.o(.text.DMA_Reset) for DMA_Reset
    main.o(.text.DMA_Test) refers to main.o(.text.DMA_cb_isr) for DMA_cb_isr
    main.o(.text.DMA_Test) refers to main.o(.bss.test_0) for test_0
    main.o(.text.DMA_Test) refers to main.o(.bss.test_1) for test_1
    main.o(.text.DMA_Test) refers to main.o(.data.src) for src
    main.o(.text.DMA_Test) refers to strlen.o(.text) for strlen
    main.o(.text.DMA_Test) refers to main.o(.bss.dst) for dst
    main.o(.text.DMA_Test) refers to peripheral_dma.o(.text.DMA_PrepareMem2Mem) for DMA_PrepareMem2Mem
    main.o(.text.DMA_Test) refers to main.o(.data.src1) for src1
    main.o(.text.DMA_Test) refers to main.o(.bss.test) for test
    main.o(.text.DMA_Test) refers to main.o(.rodata.str1.1) for .L.str
    main.o(.text.DMA_Test) refers to peripheral_dma.o(.text.DMA_EnableChannel) for DMA_EnableChannel
    main.o(.ARM.exidx.text.DMA_Test) refers to main.o(.text.DMA_Test) for [Anonymous Symbol]
    main.o(.text.DMA_cb_isr) refers to peripheral_dma.o(.text.DMA_GetChannelIntState) for DMA_GetChannelIntState
    main.o(.text.DMA_cb_isr) refers to peripheral_dma.o(.text.DMA_ClearChannelIntState) for DMA_ClearChannelIntState
    main.o(.text.DMA_cb_isr) refers to main.o(.rodata.str1.1) for .L.str.4
    main.o(.text.DMA_cb_isr) refers to main.o(.bss.dst) for dst
    main.o(.text.DMA_cb_isr) refers to printfa.o(i.__0printf) for printf
    main.o(.ARM.exidx.text.DMA_cb_isr) refers to main.o(.text.DMA_cb_isr) for [Anonymous Symbol]
    main.o(.text.setup_peripherals) refers to main.o(.text.config_uart) for config_uart
    main.o(.text.setup_peripherals) refers to peripheral_sysctrl.o(.text.SYSCTRL_ClearClkGateMulti) for SYSCTRL_ClearClkGateMulti
    main.o(.text.setup_peripherals) refers to main.o(.text.app_timer_callback) for app_timer_callback
    main.o(.text.setup_peripherals) refers to main.o(.rodata.str1.1) for .L.str.1
    main.o(.text.setup_peripherals) refers to main.o(.bss.app_timer) for app_timer
    main.o(.ARM.exidx.text.setup_peripherals) refers to main.o(.text.setup_peripherals) for [Anonymous Symbol]
    main.o(.text.app_timer_callback) refers to main.o(.text.DMA_Test) for DMA_Test
    main.o(.text.app_timer_callback) refers to main.o(.rodata.str1.1) for .L.str.5
    main.o(.ARM.exidx.text.app_timer_callback) refers to main.o(.text.app_timer_callback) for [Anonymous Symbol]
    main.o(.text.app_main) refers to main.o(.text.cb_hard_fault) for cb_hard_fault
    main.o(.text.app_main) refers to main.o(.text.cb_assertion) for cb_assertion
    main.o(.text.app_main) refers to main.o(.text.cb_heap_out_of_mem) for cb_heap_out_of_mem
    main.o(.text.app_main) refers to main.o(.text.cb_putc) for cb_putc
    main.o(.text.app_main) refers to main.o(.text.setup_peripherals) for setup_peripherals
    main.o(.text.app_main) refers to main.o(.text.watchdog_task) for watchdog_task
    main.o(.text.app_main) refers to main.o(.rodata.str1.1) for .L.str.3
    main.o(.ARM.exidx.text.app_main) refers to main.o(.text.app_main) for [Anonymous Symbol]
    main.o(.text.cb_hard_fault) refers to main.o(.rodata.str1.1) for .L.str.6
    main.o(.ARM.exidx.text.cb_hard_fault) refers to main.o(.text.cb_hard_fault) for [Anonymous Symbol]
    main.o(.text.cb_assertion) refers to main.o(.rodata.str1.1) for .L.str.7
    main.o(.ARM.exidx.text.cb_assertion) refers to main.o(.text.cb_assertion) for [Anonymous Symbol]
    main.o(.text.cb_heap_out_of_mem) refers to main.o(.rodata.str1.1) for .L.str.8
    main.o(.ARM.exidx.text.cb_heap_out_of_mem) refers to main.o(.text.cb_heap_out_of_mem) for [Anonymous Symbol]
    main.o(.text.watchdog_task) refers to peripheral_timer.o(.text.TMR_WatchDogRestart) for TMR_WatchDogRestart
    main.o(.ARM.exidx.text.watchdog_task) refers to main.o(.text.watchdog_task) for [Anonymous Symbol]
    profile.o(.text.setup_profile) refers to profile.o(.rodata.str1.1) for .L.str
    profile.o(.text.setup_profile) refers to profile.o(.text.att_read_callback) for att_read_callback
    profile.o(.text.setup_profile) refers to profile.o(.text.att_write_callback) for att_write_callback
[...]
    Removing peripheral_ssp.o(.text.apSSP_GetRxFifoDepthWords), (10 bytes).
    Removing peripheral_ssp.o(.ARM.exidx.text.apSSP_GetRxFifoDepthWords), (8 bytes).
    Removing peripheral_ssp.o(.text.apSSP_GetSlaveTxDataCnt), (16 bytes).
    Removing peripheral_ssp.o(.ARM.exidx.text.apSSP_GetSlaveTxDataCnt), (8 bytes).
    Removing peripheral_ssp.o(.text.apSSP_GetSlaveRxDataCnt), (16 bytes).
    Removing peripheral_ssp.o(.ARM.exidx.text.apSSP_GetSlaveRxDataCnt), (8 bytes).
    Removing peripheral_sysctrl.o(.text), (0 bytes).
    Removing peripheral_sysctrl.o(.text.SYSCTRL_SetClkGate), (22 bytes).
    Removing peripheral_sysctrl.o(.ARM.exidx.text.SYSCTRL_SetClkGate), (8 bytes).
    Removing peripheral_sysctrl.o(.ARM.exidx.text.SYSCTRL_ClkGateCtrl), (8 bytes).
    Removing peripheral_sysctrl.o(.ARM.exidx.text.SYSCTRL_ClearClkGate), (8 bytes).
    Removing peripheral_sysctrl.o(.text.SYSCTRL_SetClkGateMulti), (66 bytes).
    Removing peripheral_sysctrl.o(.ARM.exidx.text.SYSCTRL_SetClkGateMulti), (8 bytes).
    Removing peripheral_sysctrl.o(.ARM.exidx.text.SYSCTRL_ClearClkGateMulti), (8 bytes).
    Removing peripheral_sysctrl.o(.text.SYSCTRL_ResetBlock), (22 bytes).
    Removing peripheral_sysctrl.o(.ARM.exidx.text.SYSCTRL_ResetBlock), (8 bytes).
    Removing peripheral_sysctrl.o(.text.SYSCTRL_ResetBlockCtrl), (750 bytes).
    Removing peripheral_sysctrl.o(.ARM.exidx.text.SYSCTRL_ResetBlockCtrl), (8 bytes).
    Removing peripheral_sysctrl.o(.text.SYSCTRL_ReleaseBlock), (22 bytes).
    Removing peripheral_sysctrl.o(.ARM.exidx.text.SYSCTRL_ReleaseBlock), (8 bytes).
    Removing peripheral_sysctrl.o(.text.SYSCTRL_SelectTimerClk), (86 bytes).
    Removing peripheral_sysctrl.o(.ARM.exidx.text.SYSCTRL_SelectTimerClk), (8 bytes).
    Removing peripheral_sysctrl.o(.ARM.exidx.text.set_reg_bit), (8 bytes).
    Removing peripheral_sysctrl.o(.text.set_reg_bits), (58 bytes).
    Removing peripheral_sysctrl.o(.ARM.exidx.text.set_reg_bits), (8 bytes).
    Removing peripheral_sysctrl.o(.text.SYSCTRL_SelectPWMClk), (76 bytes).
    Removing peripheral_sysctrl.o(.ARM.exidx.text.SYSCTRL_SelectPWMClk), (8 bytes).
    Removing peripheral_sysctrl.o(.text.SYSCTRL_SelectKeyScanClk), (74 bytes).
    Removing peripheral_sysctrl.o(.ARM.exidx.text.SYSCTRL_SelectKeyScanClk), (8 bytes).
    Removing peripheral_sysctrl.o(.text.SYSCTRL_SelectPDMClk), (48 bytes).
    Removing peripheral_sysctrl.o(.ARM.exidx.text.SYSCTRL_SelectPDMClk), (8 bytes).
    Removing peripheral_sysctrl.o(.text.SYSCTRL_SelectSpiClk), (126 bytes).
    Removing peripheral_sysctrl.o(.ARM.exidx.text.SYSCTRL_SelectSpiClk), (8 bytes).
    Removing peripheral_sysctrl.o(.text.SYSCTRL_SelectUartClk), (46 bytes).
    Removing peripheral_sysctrl.o(.ARM.exidx.text.SYSCTRL_SelectUartClk), (8 bytes).
    Removing peripheral_sysctrl.o(.text.SYSCTRL_SelectI2sClk), (74 bytes).
    Removing peripheral_sysctrl.o(.ARM.exidx.text.SYSCTRL_SelectI2sClk), (8 bytes).
    Removing peripheral_sysctrl.o(.text.SYSCTRL_SelectHClk), (120 bytes).
    Removing peripheral_sysctrl.o(.ARM.exidx.text.SYSCTRL_SelectHClk), (8 bytes).
    Removing peripheral_sysctrl.o(.text.SYSCTRL_SelectUSBClk), (44 bytes).
    Removing peripheral_sysctrl.o(.ARM.exidx.text.SYSCTRL_SelectUSBClk), (8 bytes).
    Removing peripheral_sysctrl.o(.text.SYSCTRL_SelectFlashClk), (110 bytes).
    Removing peripheral_sysctrl.o(.ARM.exidx.text.SYSCTRL_SelectFlashClk), (8 bytes).
    Removing peripheral_sysctrl.o(.text.SYSCTRL_SelectSlowClk), (116 bytes).
    Removing peripheral_sysctrl.o(.ARM.exidx.text.SYSCTRL_SelectSlowClk), (8 bytes).
    Removing peripheral_sysctrl.o(.text.SYSCTRL_SelectQDECClk), (60 bytes).
    Removing peripheral_sysctrl.o(.ARM.exidx.text.SYSCTRL_SelectQDECClk), (8 bytes).
    Removing peripheral_sysctrl.o(.text.SYSCTRL_EnablePLL), (48 bytes).
    Removing peripheral_sysctrl.o(.ARM.exidx.text.SYSCTRL_EnablePLL), (8 bytes).
    Removing peripheral_sysctrl.o(.text.SYSCTRL_EnableSlowRC), (68 bytes).
    Removing peripheral_sysctrl.o(.ARM.exidx.text.SYSCTRL_EnableSlowRC), (8 bytes).
    Removing peripheral_sysctrl.o(.text.SYSCTRL_GetSlowClk), (162 bytes).
    Removing peripheral_sysctrl.o(.ARM.exidx.text.SYSCTRL_GetSlowClk), (8 bytes).
    Removing peripheral_sysctrl.o(.text.SYSCTRL_SelectCLK32k), (96 bytes).
    Removing peripheral_sysctrl.o(.ARM.exidx.text.SYSCTRL_SelectCLK32k), (8 bytes).
    Removing peripheral_sysctrl.o(.text.SYSCTRL_GetCLK32k), (56 bytes).
    Removing peripheral_sysctrl.o(.ARM.exidx.text.SYSCTRL_GetCLK32k), (8 bytes).
    Removing peripheral_sysctrl.o(.text.SYSCTRL_SelectCPU32k), (28 bytes).
    Removing peripheral_sysctrl.o(.ARM.exidx.text.SYSCTRL_SelectCPU32k), (8 bytes).
    Removing peripheral_sysctrl.o(.text.SYSCTRL_GetCPU32k), (42 bytes).
    Removing peripheral_sysctrl.o(.ARM.exidx.text.SYSCTRL_GetCPU32k), (8 bytes).
    Removing peripheral_sysctrl.o(.text.SYSCTRL_AutoTuneSlowRC), (396 bytes).
    Removing peripheral_sysctrl.o(.ARM.exidx.text.SYSCTRL_AutoTuneSlowRC), (8 bytes).
    Removing peripheral_sysctrl.o(.text.SYSCTRL_TuneSlowRC), (28 bytes).
    Removing peripheral_sysctrl.o(.ARM.exidx.text.SYSCTRL_TuneSlowRC), (8 bytes).
    Removing peripheral_sysctrl.o(.text.SYSCTRL_GetPLLClk), (82 bytes).
    Removing peripheral_sysctrl.o(.ARM.exidx.text.SYSCTRL_GetPLLClk), (8 bytes).
    Removing peripheral_sysctrl.o(.text.SYSCTRL_GetFlashClk), (60 bytes).
    Removing peripheral_sysctrl.o(.ARM.exidx.text.SYSCTRL_GetFlashClk), (8 bytes).
    Removing peripheral_sysctrl.o(.text.get_safe_divider), (50 bytes).
    Removing peripheral_sysctrl.o(.ARM.exidx.text.get_safe_divider), (8 bytes).
    Removing peripheral_sysctrl.o(.text.SYSCTRL_ConfigPLLClk), (346 bytes).
    Removing peripheral_sysctrl.o(.ARM.exidx.text.SYSCTRL_ConfigPLLClk), (8 bytes).
    Removing peripheral_sysctrl.o(.text.SYSCTRL_GetHClk), (60 bytes).
    Removing peripheral_sysctrl.o(.ARM.exidx.text.SYSCTRL_GetHClk), (8 bytes).
    Removing peripheral_sysctrl.o(.text.SYSCTRL_SetPClkDiv), (40 bytes).
    Removing peripheral_sysctrl.o(.ARM.exidx.text.SYSCTRL_SetPClkDiv), (8 bytes).
    Removing peripheral_sysctrl.o(.text.SYSCTRL_GetPClk), (30 bytes).
    Removing peripheral_sysctrl.o(.ARM.exidx.text.SYSCTRL_GetPClk), (8 bytes).
    Removing peripheral_sysctrl.o(.text.SYSCTRL_GetClk), (656 bytes).
    Removing peripheral_sysctrl.o(.ARM.exidx.text.SYSCTRL_GetClk), (8 bytes).
    Removing peripheral_sysctrl.o(.text.get_safe_divider6), (50 bytes).
    Removing peripheral_sysctrl.o(.ARM.exidx.text.get_safe_divider6), (8 bytes).
    Removing peripheral_sysctrl.o(.text.SYSCTRL_GetAdcClkDiv), (54 bytes).
    Removing peripheral_sysctrl.o(.ARM.exidx.text.SYSCTRL_GetAdcClkDiv), (8 bytes).
    Removing peripheral_sysctrl.o(.text.get_safe_divider10), (50 bytes).
    Removing peripheral_sysctrl.o(.ARM.exidx.text.get_safe_divider10), (8 bytes).
    Removing peripheral_sysctrl.o(.text.SYSCTRL_SetAdcClkDiv), (44 bytes).
    Removing peripheral_sysctrl.o(.ARM.exidx.text.SYSCTRL_SetAdcClkDiv), (8 bytes).
    Removing peripheral_sysctrl.o(.text.SYSCTRL_SelectTypeAClk), (146 bytes).
    Removing peripheral_sysctrl.o(.ARM.exidx.text.SYSCTRL_SelectTypeAClk), (8 bytes).
    Removing peripheral_sysctrl.o(.text.SYSCTRL_SelectUsedDmaItems), (200 bytes).
    Removing peripheral_sysctrl.o(.ARM.exidx.text.SYSCTRL_SelectUsedDmaItems), (8 bytes).
    Removing peripheral_sysctrl.o(.text.SYSCTRL_GetDmaId), (134 bytes).
    Removing peripheral_sysctrl.o(.ARM.exidx.text.SYSCTRL_GetDmaId), (8 bytes).
    Removing peripheral_sysctrl.o(.text.SYSCTRL_ConfigBOR), (104 bytes).
    Removing peripheral_sysctrl.o(.ARM.exidx.text.SYSCTRL_ConfigBOR), (8 bytes).
    Removing peripheral_sysctrl.o(.text.SYSCTRL_SetLDOOutputFlash), (44 bytes).
    Removing peripheral_sysctrl.o(.ARM.exidx.text.SYSCTRL_SetLDOOutputFlash), (8 bytes).
    Removing peripheral_sysctrl.o(.text.SYSCTRL_SetLDOOutput), (32 bytes).
    Removing peripheral_sysctrl.o(.ARM.exidx.text.SYSCTRL_SetLDOOutput), (8 bytes).
    Removing peripheral_sysctrl.o(.text.SYSCTRL_WaitForLDO), (2 bytes).
    Removing peripheral_sysctrl.o(.ARM.exidx.text.SYSCTRL_WaitForLDO), (8 bytes).
    Removing peripheral_sysctrl.o(.text.SYSCTRL_USBPhyConfig), (60 bytes).
    Removing peripheral_sysctrl.o(.ARM.exidx.text.SYSCTRL_USBPhyConfig), (8 bytes).
    Removing peripheral_sysctrl.o(.text.SYSCTRL_ResetAllBlocks), (16 bytes).
    Removing peripheral_sysctrl.o(.ARM.exidx.text.SYSCTRL_ResetAllBlocks), (8 bytes).
    Removing peripheral_sysctrl.o(.text.SYSCTRL_EnableWakeupSourceDetection), (20 bytes).
    Removing peripheral_sysctrl.o(.ARM.exidx.text.SYSCTRL_EnableWakeupSourceDetection), (8 bytes).
    Removing peripheral_sysctrl.o(.text.SYSCTRL_GetLastWakeupSource), (322 bytes).
    Removing peripheral_sysctrl.o(.ARM.exidx.text.SYSCTRL_GetLastWakeupSource), (8 bytes).
    Removing peripheral_timer.o(.text), (0 bytes).
    Removing peripheral_timer.o(.text.TMR_SetOpMode), (68 bytes).
    Removing peripheral_timer.o(.ARM.exidx.text.TMR_SetOpMode), (8 bytes).
    Removing peripheral_timer.o(.text.TMR_GetClk), (108 bytes).
    Removing peripheral_timer.o(.ARM.exidx.text.TMR_GetClk), (8 bytes).
    Removing peripheral_timer.o(.text.TMR_SetReload), (28 bytes).
    Removing peripheral_timer.o(.ARM.exidx.text.TMR_SetReload), (8 bytes).
    Removing peripheral_timer.o(.text.TMR_Enable), (58 bytes).
    Removing peripheral_timer.o(.ARM.exidx.text.TMR_Enable), (8 bytes).
    Removing peripheral_timer.o(.text.TMR_IntEnable), (58 bytes).
    Removing peripheral_timer.o(.ARM.exidx.text.TMR_IntEnable), (8 bytes).
    Removing peripheral_timer.o(.text.TMR_GetCMP), (24 bytes).
    Removing peripheral_timer.o(.ARM.exidx.text.TMR_GetCMP), (8 bytes).
    Removing peripheral_timer.o(.text.TMR_IntClr), (36 bytes).
    Removing peripheral_timer.o(.ARM.exidx.text.TMR_IntClr), (8 bytes).
    Removing peripheral_timer.o(.text.TMR_IntHappened), (28 bytes).
    Removing peripheral_timer.o(.ARM.exidx.text.TMR_IntHappened), (8 bytes).
    Removing peripheral_timer.o(.text.TMR_WatchDogEnable3), (456 bytes).
    Removing peripheral_timer.o(.ARM.exidx.text.TMR_WatchDogEnable3), (8 bytes).
    Removing peripheral_timer.o(.text.TMR_WatchDogDisable), (44 bytes).
    Removing peripheral_timer.o(.ARM.exidx.text.TMR_WatchDogDisable), (8 bytes).
    Removing peripheral_timer.o(.ARM.exidx.text.TMR_WatchDogRestart), (8 bytes).
    Removing peripheral_timer.o(.text.TMR_WatchDogClearInt), (14 bytes).
    Removing peripheral_timer.o(.ARM.exidx.text.TMR_WatchDogClearInt), (8 bytes).
    Removing peripheral_uart.o(.text), (0 bytes).
    Removing peripheral_uart.o(.ARM.exidx.text.apUART_BaudRateSet), (8 bytes).
    Removing peripheral_uart.o(.text.apUART_BaudRateGet), (184 bytes).
    Removing peripheral_uart.o(.ARM.exidx.text.apUART_BaudRateGet), (8 bytes).
    Removing peripheral_uart.o(.text.apUART_Check_Rece_ERROR), (112 bytes).
    Removing peripheral_uart.o(.ARM.exidx.text.apUART_Check_Rece_ERROR), (8 bytes).
    Removing peripheral_uart.o(.text.apUART_Check_RXFIFO_EMPTY), (16 bytes).
    Removing peripheral_uart.o(.ARM.exidx.text.apUART_Check_RXFIFO_EMPTY), (8 bytes).
    Removing peripheral_uart.o(.text.apUART_Check_RXFIFO_FULL), (16 bytes).
    Removing peripheral_uart.o(.ARM.exidx.text.apUART_Check_RXFIFO_FULL), (8 bytes).
    Removing peripheral_uart.o(.text.apUART_Check_TXFIFO_EMPTY), (16 bytes).
    Removing peripheral_uart.o(.ARM.exidx.text.apUART_Check_TXFIFO_EMPTY), (8 bytes).
    Removing peripheral_uart.o(.ARM.exidx.text.apUART_Check_TXFIFO_FULL), (8 bytes).
    Removing peripheral_uart.o(.text.apUART_Check_BUSY), (16 bytes).
    Removing peripheral_uart.o(.ARM.exidx.text.apUART_Check_BUSY), (8 bytes).
    Removing peripheral_uart.o(.text.apUART_Get_ITStatus), (32 bytes).
    Removing peripheral_uart.o(.ARM.exidx.text.apUART_Get_ITStatus), (8 bytes).
    Removing peripheral_uart.o(.text.apUART_Enable_TRANSMIT_INT), (18 bytes).
    Removing peripheral_uart.o(.ARM.exidx.text.apUART_Enable_TRANSMIT_INT), (8 bytes).
    Removing peripheral_uart.o(.text.apUART_Disable_TRANSMIT_INT), (18 bytes).
    Removing peripheral_uart.o(.ARM.exidx.text.apUART_Disable_TRANSMIT_INT), (8 bytes).
    Removing peripheral_uart.o(.text.apUART_Enable_RECEIVE_INT), (18 bytes).
    Removing peripheral_uart.o(.ARM.exidx.text.apUART_Enable_RECEIVE_INT), (8 bytes).
    Removing peripheral_uart.o(.text.apUART_Disable_RECEIVE_INT), (18 bytes).
    Removing peripheral_uart.o(.ARM.exidx.text.apUART_Disable_RECEIVE_INT), (8 bytes).
    Removing peripheral_uart.o(.text.apUART_Clr_RECEIVE_INT), (18 bytes).
    Removing peripheral_uart.o(.ARM.exidx.text.apUART_Clr_RECEIVE_INT), (8 bytes).
    Removing peripheral_uart.o(.text.apUART_Clr_TX_INT), (18 bytes).
    Removing peripheral_uart.o(.ARM.exidx.text.apUART_Clr_TX_INT), (8 bytes).
    Removing peripheral_uart.o(.text.apUART_Get_all_raw_int_stat), (12 bytes).
    Removing peripheral_uart.o(.ARM.exidx.text.apUART_Get_all_raw_int_stat), (8 bytes).
    Removing peripheral_uart.o(.text.apUART_Clr_NonRx_INT), (18 bytes).
    Removing peripheral_uart.o(.ARM.exidx.text.apUART_Clr_NonRx_INT), (8 bytes).
    Removing peripheral_uart.o(.text.uart_reset), (70 bytes).
    Removing peripheral_uart.o(.ARM.exidx.text.uart_reset), (8 bytes).
    Removing peripheral_uart.o(.text.uart_disable), (18 bytes).
    Removing peripheral_uart.o(.ARM.exidx.text.uart_disable), (8 bytes).
    Removing peripheral_uart.o(.text.uart_empty_fifo), (18 bytes).
    Removing peripheral_uart.o(.ARM.exidx.text.uart_empty_fifo), (8 bytes).
    Removing peripheral_uart.o(.text.uart_enable_fifo), (18 bytes).
    Removing peripheral_uart.o(.ARM.exidx.text.uart_enable_fifo), (8 bytes).
    Removing peripheral_uart.o(.text.uart_enable), (18 bytes).
    Removing peripheral_uart.o(.ARM.exidx.text.uart_enable), (8 bytes).
    Removing peripheral_uart.o(.ARM.exidx.text.apUART_Initialize), (8 bytes).
    Removing peripheral_uart.o(.ARM.exidx.text.UART_SendData), (8 bytes).
    Removing peripheral_uart.o(.text.UART_ReceData), (14 bytes).
    Removing peripheral_uart.o(.ARM.exidx.text.UART_ReceData), (8 bytes).
    Removing peripheral_uart.o(.text.UART_DmaEnable), (44 bytes).
    Removing peripheral_uart.o(.ARM.exidx.text.UART_DmaEnable), (8 bytes).
    Removing peripheral_dma.o(.text), (0 bytes).
    Removing peripheral_dma.o(.ARM.exidx.text.DMA_PrepareMem2Mem), (8 bytes).
    Removing peripheral_dma.o(.text.DMA_PreparePeripheral2Mem), (178 bytes).
    Removing peripheral_dma.o(.ARM.exidx.text.DMA_PreparePeripheral2Mem), (8 bytes).
    Removing peripheral_dma.o(.text.DMA_GetPeripheralWidth), (120 bytes).
    Removing peripheral_dma.o(.ARM.exidx.text.DMA_GetPeripheralWidth), (8 bytes).
    Removing peripheral_dma.o(.text.DMA_GetPeripheralDataAddr), (292 bytes).
    Removing peripheral_dma.o(.ARM.exidx.text.DMA_GetPeripheralDataAddr), (8 bytes).
    Removing peripheral_dma.o(.text.DMA_PrepareMem2Peripheral), (214 bytes).
    Removing peripheral_dma.o(.ARM.exidx.text.DMA_PrepareMem2Peripheral), (8 bytes).
    Removing peripheral_dma.o(.text.DMA_PreparePeripheral2Peripheral), (254 bytes).
    Removing peripheral_dma.o(.ARM.exidx.text.DMA_PreparePeripheral2Peripheral), (8 bytes).
    Removing peripheral_dma.o(.ARM.exidx.text.DMA_Reset), (8 bytes).
    Removing peripheral_dma.o(.ARM.exidx.text.DMA_EnableChannel), (8 bytes).
    Removing peripheral_dma.o(.text.DMA_AbortChannel), (30 bytes).
    Removing peripheral_dma.o(.ARM.exidx.text.DMA_AbortChannel), (8 bytes).
    Removing peripheral_dma.o(.ARM.exidx.text.DMA_GetChannelIntState), (8 bytes).
    Removing peripheral_dma.o(.ARM.exidx.text.DMA_ClearChannelIntState), (8 bytes).
    Removing peripheral_dma.o(.text.DMA_MemCopy), (94 bytes).
    Removing peripheral_dma.o(.ARM.exidx.text.DMA_MemCopy), (8 bytes).
    Removing peripheral_dma.o(.text.DMG_GetSPIDMAWidth), (54 bytes).
    Removing peripheral_dma.o(.ARM.exidx.text.DMG_GetSPIDMAWidth), (8 bytes).
    Removing peripheral_efuse.o(.text), (0 bytes).
    Removing peripheral_efuse.o(.text.EFUSE_SetCfg0), (20 bytes).
    Removing peripheral_efuse.o(.ARM.exidx.text.EFUSE_SetCfg0), (8 bytes).
    Removing peripheral_efuse.o(.text.EFUSE_GetStatusBusy), (16 bytes).
    Removing peripheral_efuse.o(.ARM.exidx.text.EFUSE_GetStatusBusy), (8 bytes).
    Removing peripheral_efuse.o(.text.EFUSE_GetStatusState), (16 bytes).
    Removing peripheral_efuse.o(.ARM.exidx.text.EFUSE_GetStatusState), (8 bytes).
    Removing peripheral_efuse.o(.text.EFUSE_GetDataValidFlag), (16 bytes).
    Removing peripheral_efuse.o(.ARM.exidx.text.EFUSE_GetDataValidFlag), (8 bytes).
    Removing peripheral_efuse.o(.text.EFUSE_SetRdFlag), (18 bytes).
    Removing peripheral_efuse.o(.ARM.exidx.text.EFUSE_SetRdFlag), (8 bytes).
    Removing peripheral_efuse.o(.text.EFUSE_GetEfuseData), (44 bytes).
    Removing peripheral_efuse.o(.ARM.exidx.text.EFUSE_GetEfuseData), (8 bytes).
    Removing peripheral_efuse.o(.text.EFUSE_WriteEfuseDataBitToOne), (56 bytes).
    Removing peripheral_efuse.o(.ARM.exidx.text.EFUSE_WriteEfuseDataBitToOne), (8 bytes).
    Removing peripheral_efuse.o(.text.EFUSE_UnLock), (36 bytes).
    Removing peripheral_efuse.o(.ARM.exidx.text.EFUSE_UnLock), (8 bytes).
    Removing peripheral_efuse.o(.text.EFUSE_WriteEfuseDataWord), (110 bytes).
    Removing peripheral_efuse.o(.ARM.exidx.text.EFUSE_WriteEfuseDataWord), (8 bytes).
    Removing peripheral_i2s.o(.text), (0 bytes).
    Removing peripheral_i2s.o(.text.I2S_Config), (182 bytes).
    Removing peripheral_i2s.o(.ARM.exidx.text.I2S_Config), (8 bytes).
    Removing peripheral_i2s.o(.text.I2S_DMAEnable), (48 bytes).
    Removing peripheral_i2s.o(.ARM.exidx.text.I2S_DMAEnable), (8 bytes).
    Removing peripheral_i2s.o(.text.I2S_Enable), (50 bytes).
    Removing peripheral_i2s.o(.ARM.exidx.text.I2S_Enable), (8 bytes).
    Removing peripheral_i2s.o(.text.I2S_ConfigClk), (40 bytes).
    Removing peripheral_i2s.o(.ARM.exidx.text.I2S_ConfigClk), (8 bytes).
    Removing peripheral_i2s.o(.text.I2S_ConfigIRQ), (84 bytes).
    Removing peripheral_i2s.o(.ARM.exidx.text.I2S_ConfigIRQ), (8 bytes).
    Removing peripheral_i2s.o(.text.I2S_PopRxFIFO), (12 bytes).
    Removing peripheral_i2s.o(.ARM.exidx.text.I2S_PopRxFIFO), (8 bytes).
    Removing peripheral_i2s.o(.text.I2S_PushTxFIFO), (16 bytes).
    Removing peripheral_i2s.o(.ARM.exidx.text.I2S_PushTxFIFO), (8 bytes).
    Removing peripheral_i2s.o(.text.I2S_ClearRxFIFO), (18 bytes).
    Removing peripheral_i2s.o(.ARM.exidx.text.I2S_ClearRxFIFO), (8 bytes).
    Removing peripheral_i2s.o(.text.I2S_ClearTxFIFO), (18 bytes).
    Removing peripheral_i2s.o(.ARM.exidx.text.I2S_ClearTxFIFO), (8 bytes).
    Removing peripheral_i2s.o(.text.I2S_GetIntState), (16 bytes).
    Removing peripheral_i2s.o(.ARM.exidx.text.I2S_GetIntState), (8 bytes).
    Removing peripheral_i2s.o(.text.I2S_ClearIntState), (16 bytes).
    Removing peripheral_i2s.o(.ARM.exidx.text.I2S_ClearIntState), (8 bytes).
    Removing peripheral_i2s.o(.text.I2S_GetTxFIFOCount), (16 bytes).
    Removing peripheral_i2s.o(.ARM.exidx.text.I2S_GetTxFIFOCount), (8 bytes).
    Removing peripheral_i2s.o(.text.I2S_GetRxFIFOCount), (16 bytes).
    Removing peripheral_i2s.o(.ARM.exidx.text.I2S_GetRxFIFOCount), (8 bytes).
    Removing peripheral_i2s.o(.text.I2S_DataFromPDM), (22 bytes).
    Removing peripheral_i2s.o(.ARM.exidx.text.I2S_DataFromPDM), (8 bytes).
    Removing peripheral_ir.o(.text), (0 bytes).
    Removing peripheral_ir.o(.text.IR_CtrlEnable), (18 bytes).
    Removing peripheral_ir.o(.ARM.exidx.text.IR_CtrlEnable), (8 bytes).
    Removing peripheral_ir.o(.text.IR_CtrlSetIrMode), (36 bytes).
    Removing peripheral_ir.o(.ARM.exidx.text.IR_CtrlSetIrMode), (8 bytes).
    Removing peripheral_ir.o(.text.IR_CtrlSetIrEndDetectEn), (18 bytes).
    Removing peripheral_ir.o(.ARM.exidx.text.IR_CtrlSetIrEndDetectEn), (8 bytes).
    Removing peripheral_ir.o(.text.IR_CtrlSetIrIntEn), (18 bytes).
    Removing peripheral_ir.o(.ARM.exidx.text.IR_CtrlSetIrIntEn), (8 bytes).
    Removing peripheral_ir.o(.text.IR_CtrlSetIrIntVerifyEn), (18 bytes).
    Removing peripheral_ir.o(.ARM.exidx.text.IR_CtrlSetIrIntVerifyEn), (8 bytes).
    Removing peripheral_ir.o(.text.IR_CtrlIrUsercodeVerify), (18 bytes).
    Removing peripheral_ir.o(.ARM.exidx.text.IR_CtrlIrUsercodeVerify), (8 bytes).
    Removing peripheral_ir.o(.text.IR_CtrlIrDatacodeVerify), (18 bytes).
    Removing peripheral_ir.o(.ARM.exidx.text.IR_CtrlIrDatacodeVerify), (8 bytes).
    Removing peripheral_ir.o(.text.IR_CtrlIrSetBitTime1), (36 bytes).
    Removing peripheral_ir.o(.ARM.exidx.text.IR_CtrlIrSetBitTime1), (8 bytes).
    Removing peripheral_ir.o(.text.IR_CtrlIrTxRepeatMode), (18 bytes).
    Removing peripheral_ir.o(.ARM.exidx.text.IR_CtrlIrTxRepeatMode), (8 bytes).
    Removing peripheral_ir.o(.text.IR_CleanIrTxRepeatMode), (18 bytes).
    Removing peripheral_ir.o(.ARM.exidx.text.IR_CleanIrTxRepeatMode), (8 bytes).
    Removing peripheral_ir.o(.text.IR_CtrlIrSetBitTime2), (36 bytes).
    Removing peripheral_ir.o(.ARM.exidx.text.IR_CtrlIrSetBitTime2), (8 bytes).
    Removing peripheral_ir.o(.text.IR_CtrlSetTxRxMode), (36 bytes).
    Removing peripheral_ir.o(.ARM.exidx.text.IR_CtrlSetTxRxMode), (8 bytes).
    Removing peripheral_ir.o(.text.IR_CtrlIrSetIrBitCycle), (36 bytes).
    Removing peripheral_ir.o(.ARM.exidx.text.IR_CtrlIrSetIrBitCycle), (8 bytes).
    Removing peripheral_ir.o(.text.IR_TxConfigTxStart), (18 bytes).
    Removing peripheral_ir.o(.ARM.exidx.text.IR_TxConfigTxStart), (8 bytes).
    Removing peripheral_ir.o(.text.IR_TxConfigIrTxPol), (18 bytes).
    Removing peripheral_ir.o(.ARM.exidx.text.IR_TxConfigIrTxPol), (8 bytes).
    Removing peripheral_ir.o(.text.IR_TxConfigCarrierCntClr), (18 bytes).
    Removing peripheral_ir.o(.ARM.exidx.text.IR_TxConfigCarrierCntClr), (8 bytes).
    Removing peripheral_ir.o(.text.IR_TxConfigIrIntEn), (18 bytes).
    Removing peripheral_ir.o(.ARM.exidx.text.IR_TxConfigIrIntEn), (8 bytes).
    Removing peripheral_ir.o(.text.IR_CarryConfigSetIrCarryLow), (36 bytes).
    Removing peripheral_ir.o(.ARM.exidx.text.IR_CarryConfigSetIrCarryLow), (8 bytes).
    Removing peripheral_ir.o(.text.IR_CarryConfigSetIrCarryHigh), (36 bytes).
    Removing peripheral_ir.o(.ARM.exidx.text.IR_CarryConfigSetIrCarryHigh), (8 bytes).
    Removing peripheral_ir.o(.text.IR_TimeSetIrTime1), (36 bytes).
    Removing peripheral_ir.o(.ARM.exidx.text.IR_TimeSetIrTime1), (8 bytes).
    Removing peripheral_ir.o(.text.IR_TimeSetIrTime2), (36 bytes).
    Removing peripheral_ir.o(.ARM.exidx.text.IR_TimeSetIrTime2), (8 bytes).
    Removing peripheral_ir.o(.text.IR_TimeSetIrTime3), (36 bytes).
    Removing peripheral_ir.o(.ARM.exidx.text.IR_TimeSetIrTime3), (8 bytes).
    Removing peripheral_ir.o(.text.IR_TimeSetIrTime4), (36 bytes).
    Removing peripheral_ir.o(.ARM.exidx.text.IR_TimeSetIrTime4), (8 bytes).
    Removing peripheral_ir.o(.text.IR_TimeSetIrTime5), (36 bytes).
    Removing peripheral_ir.o(.ARM.exidx.text.IR_TimeSetIrTime5), (8 bytes).
    Removing peripheral_ir.o(.text.IR_RxCodeGetIrRxUsercode), (14 bytes).
    Removing peripheral_ir.o(.ARM.exidx.text.IR_RxCodeGetIrRxUsercode), (8 bytes).
    Removing peripheral_ir.o(.text.IR_RxCodeGetIrRxDatacode), (14 bytes).
    Removing peripheral_ir.o(.ARM.exidx.text.IR_RxCodeGetIrRxDatacode), (8 bytes).
    Removing peripheral_ir.o(.text.IR_TxCodeSetIrTxUsercode), (36 bytes).
    Removing peripheral_ir.o(.ARM.exidx.text.IR_TxCodeSetIrTxUsercode), (8 bytes).
    Removing peripheral_ir.o(.text.IR_TxCodeSetIrTxDatacode), (34 bytes).
    Removing peripheral_ir.o(.ARM.exidx.text.IR_TxCodeSetIrTxDatacode), (8 bytes).
    Removing peripheral_ir.o(.text.IR_FsmGetIrReceivedOk), (16 bytes).
    Removing peripheral_ir.o(.ARM.exidx.text.IR_FsmGetIrReceivedOk), (8 bytes).
    Removing peripheral_ir.o(.text.IR_FsmGetIrUsercodeVerify), (16 bytes).
    Removing peripheral_ir.o(.ARM.exidx.text.IR_FsmGetIrUsercodeVerify), (8 bytes).
    Removing peripheral_ir.o(.text.IR_FsmGetIrDatacodeVerify), (16 bytes).
    Removing peripheral_ir.o(.ARM.exidx.text.IR_FsmGetIrDatacodeVerify), (8 bytes).
    Removing peripheral_ir.o(.text.IR_FsmGetIrRepeat), (16 bytes).
    Removing peripheral_ir.o(.ARM.exidx.text.IR_FsmGetIrRepeat), (8 bytes).
    Removing peripheral_ir.o(.text.IR_FsmGetIrTransmitOk), (16 bytes).
    Removing peripheral_ir.o(.ARM.exidx.text.IR_FsmGetIrTransmitOk), (8 bytes).
    Removing peripheral_ir.o(.text.IR_FsmGetIrTxRepeat), (16 bytes).
    Removing peripheral_ir.o(.ARM.exidx.text.IR_FsmGetIrTxRepeat), (8 bytes).
    Removing peripheral_ir.o(.text.IR_FsmClearIrInt), (18 bytes).
    Removing peripheral_ir.o(.ARM.exidx.text.IR_FsmClearIrInt), (8 bytes).
    Removing peripheral_pdm.o(.text), (0 bytes).
    Removing peripheral_pdm.o(.text.PDM_Config), (96 bytes).
    Removing peripheral_pdm.o(.ARM.exidx.text.PDM_Config), (8 bytes).
    Removing peripheral_pdm.o(.text.PDM_Start), (44 bytes).
    Removing peripheral_pdm.o(.ARM.exidx.text.PDM_Start), (8 bytes).
    Removing peripheral_pdm.o(.text.PDM_DmaEnable), (60 bytes).
    Removing peripheral_pdm.o(.ARM.exidx.text.PDM_DmaEnable), (8 bytes).
    Removing peripheral_pte.o(.text), (0 bytes).
    Removing peripheral_pte.o(.text.PTE_ClearInt), (34 bytes).
    Removing peripheral_pte.o(.ARM.exidx.text.PTE_ClearInt), (8 bytes).
    Removing peripheral_pte.o(.text.PTE_GetIntState), (30 bytes).
    Removing peripheral_pte.o(.ARM.exidx.text.PTE_GetIntState), (8 bytes).
    Removing peripheral_pte.o(.text.PTE_EnableChennel), (34 bytes).
    Removing peripheral_pte.o(.ARM.exidx.text.PTE_EnableChennel), (8 bytes).
    Removing peripheral_pte.o(.text.PTE_DisableChennel), (34 bytes).
    Removing peripheral_pte.o(.ARM.exidx.text.PTE_DisableChennel), (8 bytes).
    Removing peripheral_pte.o(.text.PTE_SetChennelIntMask), (92 bytes).
    Removing peripheral_pte.o(.ARM.exidx.text.PTE_SetChennelIntMask), (8 bytes).
    Removing peripheral_pte.o(.text.PTE_IrqProcess), (22 bytes).
    Removing peripheral_pte.o(.ARM.exidx.text.PTE_IrqProcess), (8 bytes).
    Removing peripheral_pte.o(.text.PTE_OutPeripheralContinueProcess), (20 bytes).
    Removing peripheral_pte.o(.ARM.exidx.text.PTE_OutPeripheralContinueProcess), (8 bytes).
    Removing peripheral_pte.o(.text.PTE_OutPeripheralEndProcess), (28 bytes).
    Removing peripheral_pte.o(.ARM.exidx.text.PTE_OutPeripheralEndProcess), (8 bytes).
    Removing peripheral_pte.o(.text.PTE_ChennelClose), (38 bytes).
    Removing peripheral_pte.o(.ARM.exidx.text.PTE_ChennelClose), (8 bytes).
    Removing peripheral_pte.o(.text.PTE_ConnectPeripheral), (256 bytes).
    Removing peripheral_pte.o(.ARM.exidx.text.PTE_ConnectPeripheral), (8 bytes).
    Removing dfltui.o(.text), (26 bytes).
    Removing d2f.o(.text), (56 bytes).
    Removing fepilogue.o(.text), (110 bytes).

742 unused section(s) (total 26513 bytes) removed from the image.

==============================================================================

Image Symbol Table

    Local Symbols

    Symbol Name                              Value     Ov Type        Size  Object(Section)

    ../clib/division.s                       0x00000000   Number         0  aeabi_sdiv.o ABSOLUTE
    ../clib/microlib/division.c              0x00000000   Number         0  uidiv.o ABSOLUTE
    ../clib/microlib/division.c              0x00000000   Number         0  uldiv.o ABSOLUTE
    ../clib/microlib/init/entry.s            0x00000000   Number         0  entry.o ABSOLUTE
    ../clib/microlib/init/entry.s            0x00000000   Number         0  entry2.o ABSOLUTE
    ../clib/microlib/init/entry.s            0x00000000   Number         0  entry5.o ABSOLUTE
    ../clib/microlib/init/entry.s            0x00000000   Number         0  entry7a.o ABSOLUTE
    ../clib/microlib/init/entry.s            0x00000000   Number         0  entry7b.o ABSOLUTE
    ../clib/microlib/init/entry.s            0x00000000   Number         0  entry8a.o ABSOLUTE
    ../clib/microlib/init/entry.s            0x00000000   Number         0  entry8b.o ABSOLUTE
    ../clib/microlib/init/entry.s            0x00000000   Number         0  entry9a.o ABSOLUTE
    ../clib/microlib/init/entry.s            0x00000000   Number         0  entry9b.o ABSOLUTE
    ../clib/microlib/init/entry.s            0x00000000   Number         0  entry10a.o ABSOLUTE
    ../clib/microlib/init/entry.s            0x00000000   Number         0  entry10b.o ABSOLUTE
    ../clib/microlib/init/entry.s            0x00000000   Number         0  entry11a.o ABSOLUTE
    ../clib/microlib/init/entry.s            0x00000000   Number         0  entry11b.o ABSOLUTE
    ../clib/microlib/longlong.c              0x00000000   Number         0  llshl.o ABSOLUTE
    ../clib/microlib/longlong.c              0x00000000   Number         0  llsshr.o ABSOLUTE
    ../clib/microlib/longlong.c              0x00000000   Number         0  llushr.o ABSOLUTE
    ../clib/microlib/printf/printf.c         0x00000000   Number         0  printfa.o ABSOLUTE
    ../clib/microlib/stdio/streams.c         0x00000000   Number         0  stdout.o ABSOLUTE
    ../clib/microlib/string/strlen.c         0x00000000   Number         0  strlen.o ABSOLUTE
    ../clib/microlib/stubs.s                 0x00000000   Number         0  iusefp.o ABSOLUTE
    ../fplib/microlib/d2f.c                  0x00000000   Number         0  d2f.o ABSOLUTE
    ../fplib/microlib/fpadd.c                0x00000000   Number         0  dadd.o ABSOLUTE
    ../fplib/microlib/fpdiv.c                0x00000000   Number         0  ddiv.o ABSOLUTE
    ../fplib/microlib/fpepilogue.c           0x00000000   Number         0  fepilogue.o ABSOLUTE
    ../fplib/microlib/fpepilogue.c           0x00000000   Number         0  depilogue.o ABSOLUTE
    ../fplib/microlib/fpfix.c                0x00000000   Number         0  dfixul.o ABSOLUTE
    ../fplib/microlib/fpflt.c                0x00000000   Number         0  dfltui.o ABSOLUTE
    ../fplib/microlib/fpmul.c                0x00000000   Number         0  dmul.o ABSOLUTE
    cdrcmple.s                               0x00000000   Number         0  cdrcmple.o ABSOLUTE
    dc.s                                     0x00000000   Number         0  dc.o ABSOLUTE
    handlers.s                               0x00000000   Number         0  handlers.o ABSOLUTE
    init.s                                   0x00000000   Number         0  init.o ABSOLUTE
    main.c                                   0x00000000   Number         0  main.o ABSOLUTE
    peripheral_adc.c                         0x00000000   Number         0  peripheral_adc.o ABSOLUTE
    peripheral_dma.c                         0x00000000   Number         0  peripheral_dma.o ABSOLUTE
    peripheral_efuse.c                       0x00000000   Number         0  peripheral_efuse.o ABSOLUTE
    peripheral_gpio.c                        0x00000000   Number         0  peripheral_gpio.o ABSOLUTE
    peripheral_i2c.c                         0x00000000   Number         0  peripheral_i2c.o ABSOLUTE
    peripheral_i2s.c                         0x00000000   Number         0  peripheral_i2s.o ABSOLUTE
    peripheral_ir.c                          0x00000000   Number         0  peripheral_ir.o ABSOLUTE
    peripheral_pdm.c                         0x00000000   Number         0  peripheral_pdm.o ABSOLUTE
    peripheral_pinctrl.c                     0x00000000   Number         0  peripheral_pinctrl.o ABSOLUTE
    peripheral_pte.c                         0x00000000   Number         0  peripheral_pte.o ABSOLUTE
    peripheral_pwm.c                         0x00000000   Number         0  peripheral_pwm.o ABSOLUTE
    peripheral_rtc.c                         0x00000000   Number         0  peripheral_rtc.o ABSOLUTE
    peripheral_ssp.c                         0x00000000   Number         0  peripheral_ssp.o ABSOLUTE
    peripheral_sysctrl.c                     0x00000000   Number         0  peripheral_sysctrl.o ABSOLUTE
    peripheral_timer.c                       0x00000000   Number         0  peripheral_timer.o ABSOLUTE
    peripheral_uart.c                        0x00000000   Number         0  peripheral_uart.o ABSOLUTE
    profile.c                                0x00000000   Number         0  profile.o ABSOLUTE
    src\startup_ing91600.s                   0x00000000   Number         0  startup_ing91600.o ABSOLUTE
    RESET                                    0x02028000   Section        8  startup_ing91600.o(RESET)
    .ARM.Collect$$$$00000000                 0x02028008   Section        0  entry.o(.ARM.Collect$$$$00000000)
    .ARM.Collect$$$$00000001                 0x02028008   Section        4  entry2.o(.ARM.Collect$$$$00000001)
    .ARM.Collect$$$$00000004                 0x0202800c   Section        4  entry5.o(.ARM.Collect$$$$00000004)
    .ARM.Collect$$$$00000008                 0x02028010   Section        0  entry7b.o(.ARM.Collect$$$$00000008)
    .ARM.Collect$$$$0000000A                 0x02028010   Section        0  entry8b.o(.ARM.Collect$$$$0000000A)
    .ARM.Collect$$$$0000000B                 0x02028010   Section        8  entry9a.o(.ARM.Collect$$$$0000000B)
    __lit__00000000                          0x02028018   Data           4  entry2.o(.ARM.Collect$$$$00002712)
    .ARM.Collect$$$$0000000D                 0x02028018   Section        0  entry10a.o(.ARM.Collect$$$$0000000D)
    .ARM.Collect$$$$0000000F                 0x02028018   Section        0  entry11a.o(.ARM.Collect$$$$0000000F)
    .ARM.Collect$$$$00002712                 0x02028018   Section        4  entry2.o(.ARM.Collect$$$$00002712)
    $v0                                      0x0202801c   Number         0  startup_ing91600.o(.text)
    .text                                    0x0202801c   Section       40  startup_ing91600.o(.text)
    .text                                    0x02028044   Section       36  init.o(.text)
    .text                                    0x02028068   Section        0  strlen.o(.text)
    .text                                    0x02028076   Section        0  dadd.o(.text)
    .text                                    0x020281c4   Section        0  ddiv.o(.text)
    .text                                    0x020282a2   Section        0  uidiv.o(.text)
    .text                                    0x020282ce   Section        0  uldiv.o(.text)
    .text                                    0x02028330   Section        0  llshl.o(.text)
    .text                                    0x0202834e   Section        0  llsshr.o(.text)
    .text                                    0x02028372   Section        0  iusefp.o(.text)
    .text                                    0x02028372   Section        0  depilogue.o(.text)
    .text                                    0x0202842c   Section        0  dmul.o(.text)
    .text                                    0x02028510   Section        0  dfixul.o(.text)
    .text                                    0x02028540   Section       48  cdrcmple.o(.text)
    .text                                    0x02028570   Section        0  llushr.o(.text)
    [Anonymous Symbol]                       0x02028590   Section        0  peripheral_dma.o(.text.DMA_ClearChannelIntState)
    [Anonymous Symbol]                       0x02028614   Section        0  peripheral_dma.o(.text.DMA_EnableChannel)
    [Anonymous Symbol]                       0x0202871c   Section        0  peripheral_dma.o(.text.DMA_GetChannelIntState)
    [Anonymous Symbol]                       0x02028764   Section        0  peripheral_dma.o(.text.DMA_PrepareMem2Mem)
    [Anonymous Symbol]                       0x020287e8   Section        0  peripheral_dma.o(.text.DMA_Reset)
    [Anonymous Symbol]                       0x02028820   Section        0  main.o(.text.DMA_Test)
    DMA_cb_isr                               0x020288f1   Thumb Code    52  main.o(.text.DMA_cb_isr)
    [Anonymous Symbol]                       0x020288f0   Section        0  main.o(.text.DMA_cb_isr)
    [Anonymous Symbol]                       0x02028924   Section        0  peripheral_sysctrl.o(.text.SYSCTRL_ClearClkGate)
    [Anonymous Symbol]                       0x0202893c   Section        0  peripheral_sysctrl.o(.text.SYSCTRL_ClearClkGateMulti)
    SYSCTRL_ClkGateCtrl                      0x02028981   Thumb Code   886  peripheral_sysctrl.o(.text.SYSCTRL_ClkGateCtrl)
    [Anonymous Symbol]                       0x02028980   Section        0  peripheral_sysctrl.o(.text.SYSCTRL_ClkGateCtrl)
    [Anonymous Symbol]                       0x02028cf8   Section        0  peripheral_timer.o(.text.TMR_WatchDogRestart)
    [Anonymous Symbol]                       0x02028d18   Section        0  peripheral_uart.o(.text.UART_SendData)
    [Anonymous Symbol]                       0x02028d2c   Section        0  peripheral_uart.o(.text.apUART_BaudRateSet)
    [Anonymous Symbol]                       0x02028da0   Section        0  peripheral_uart.o(.text.apUART_Check_TXFIFO_FULL)
    [Anonymous Symbol]                       0x02028db0   Section        0  peripheral_uart.o(.text.apUART_Initialize)
    [Anonymous Symbol]                       0x02028e48   Section        0  main.o(.text.app_main)
    app_timer_callback                       0x02028eb9   Thumb Code    26  main.o(.text.app_timer_callback)
    [Anonymous Symbol]                       0x02028eb8   Section        0  main.o(.text.app_timer_callback)
    cb_assertion                             0x02028ed5   Thumb Code    30  main.o(.text.cb_assertion)
    [Anonymous Symbol]                       0x02028ed4   Section        0  main.o(.text.cb_assertion)
    cb_hard_fault                            0x02028ef5   Thumb Code    86  main.o(.text.cb_hard_fault)
    [Anonymous Symbol]                       0x02028ef4   Section        0  main.o(.text.cb_hard_fault)
    cb_heap_out_of_mem                       0x02028f4d   Thumb Code    26  main.o(.text.cb_heap_out_of_mem)
    [Anonymous Symbol]                       0x02028f4c   Section        0  main.o(.text.cb_heap_out_of_mem)
    [Anonymous Symbol]                       0x02028f68   Section        0  main.o(.text.cb_putc)
    [Anonymous Symbol]                       0x02028f9c   Section        0  main.o(.text.config_uart)
    [Anonymous Symbol]                       0x02028ff0   Section        0  main.o(.text.fputc)
    set_reg_bit                              0x02029009   Thumb Code    50  peripheral_sysctrl.o(.text.set_reg_bit)
    [Anonymous Symbol]                       0x02029008   Section        0  peripheral_sysctrl.o(.text.set_reg_bit)
    [Anonymous Symbol]                       0x0202903c   Section        0  main.o(.text.setup_peripherals)
    watchdog_task                            0x020290b5   Thumb Code    22  main.o(.text.watchdog_task)
    [Anonymous Symbol]                       0x020290b4   Section        0  main.o(.text.watchdog_task)
    i.__0printf                              0x020290cc   Section        0  printfa.o(i.__0printf)
    i.__scatterload_copy                     0x020290ec   Section       14  handlers.o(i.__scatterload_copy)
    i.__scatterload_null                     0x020290fa   Section        2  handlers.o(i.__scatterload_null)
    i.__scatterload_zeroinit                 0x020290fc   Section       14  handlers.o(i.__scatterload_zeroinit)
    _fp_digits                               0x0202910d   Thumb Code   366  printfa.o(i._fp_digits)
    i._fp_digits                             0x0202910c   Section        0  printfa.o(i._fp_digits)
    _printf_core                             0x02029291   Thumb Code  1744  printfa.o(i._printf_core)
    i._printf_core                           0x02029290   Section        0  printfa.o(i._printf_core)
    _printf_post_padding                     0x0202996d   Thumb Code    36  printfa.o(i._printf_post_padding)
    i._printf_post_padding                   0x0202996c   Section        0  printfa.o(i._printf_post_padding)
    _printf_pre_padding                      0x02029991   Thumb Code    46  printfa.o(i._printf_pre_padding)
    i._printf_pre_padding                    0x02029990   Section        0  printfa.o(i._printf_pre_padding)
    .L.str.5                                 0x020299be   Data          11  main.o(.rodata.str1.1)
    [Anonymous Symbol]                       0x020299be   Section        0  main.o(.rodata.str1.1)
    .L.str.2                                 0x020299c9   Data           9  main.o(.rodata.str1.1)
    .L.str.6                                 0x020299d2   Data         108  main.o(.rodata.str1.1)
    .L.str.8                                 0x02029a3e   Data          12  main.o(.rodata.str1.1)
    .L.str.7                                 0x02029a4a   Data          21  main.o(.rodata.str1.1)
    .L.str.4                                 0x02029a5f   Data          10  main.o(.rodata.str1.1)
    .L.str                                   0x02029a69   Data          25  main.o(.rodata.str1.1)
    .L.str.1                                 0x02029a82   Data           2  main.o(.rodata.str1.1)
    .L.str.3                                 0x02029a84   Data           2  main.o(.rodata.str1.1)
    .L.str.1                                 0x02029a86   Data          30  peripheral_dma.o(.rodata.str1.1)
    [Anonymous Symbol]                       0x02029a86   Section        0  peripheral_dma.o(.rodata.str1.1)
    .L.str                                   0x02029a87   Data          29  peripheral_dma.o(.rodata.str1.1)
    .L.str.2                                 0x02029aa4   Data          29  peripheral_dma.o(.rodata.str1.1)
    .data                                    0x20005528   Section        4  stdout.o(.data)
    app_timer                                0x20005550   Data           4  main.o(.bss.app_timer)
    [Anonymous Symbol]                       0x20005550   Section        0  main.o(.bss.app_timer)
    STACK                                    0x20005630   Section        4  startup_ing91600.o(STACK)

    Global Symbols

    Symbol Name                              Value     Ov Type        Size  Object(Section)

    BuildAttributes$$THM_ISAv4$E$P$D$K$B$S$7EM$VFPi3$EXTD16$VFPS$VFMA$PE$A:L22UL41UL21$X:L11$S22US41US21$IEEE1$IW$~IW$USESV6$~STKCKD$USESV7$~SHL$OTIME$ROPI$EBA8$MICROLIB$REQ8$PRES8$EABIv2 0x00000000   Number         0  anon$$obj.o ABSOLUTE
    __cpp_initialize__aeabi_                  - Undefined Weak Reference
    __cxa_finalize                            - Undefined Weak Reference
    __decompress                              - Undefined Weak Reference
    _clock_init                               - Undefined Weak Reference
    _microlib_exit                            - Undefined Weak Reference
    att_dispatch_client_can_send_now         0x02004379   Thumb Code     0  symdefs.m ABSOLUTE
    att_dispatch_client_request_can_send_now_event 0x0200437f   Thumb Code     0  symdefs.m ABSOLUTE
    att_dispatch_register_client             0x02004385   Thumb Code     0  symdefs.m ABSOLUTE
    att_dispatch_register_server             0x02004399   Thumb Code     0  symdefs.m ABSOLUTE
    att_dispatch_server_can_send_now         0x020043ad   Thumb Code     0  symdefs.m ABSOLUTE
    att_dispatch_server_request_can_send_now_event 0x020043b3   Thumb Code     0  symdefs.m ABSOLUTE
    att_emit_general_event                   0x02004465   Thumb Code     0  symdefs.m ABSOLUTE
    att_server_can_send_packet_now           0x02004b81   Thumb Code     0  symdefs.m ABSOLUTE
    att_server_deferred_read_response        0x02004b85   Thumb Code     0  symdefs.m ABSOLUTE
    att_server_get_mtu                       0x02004b9d   Thumb Code     0  symdefs.m ABSOLUTE
    att_server_indicate                      0x02004c15   Thumb Code     0  symdefs.m ABSOLUTE
    att_server_init                          0x02004c99   Thumb Code     0  symdefs.m ABSOLUTE
    att_server_notify                        0x02004cd5   Thumb Code     0  symdefs.m ABSOLUTE
    att_server_register_packet_handler       0x02004ded   Thumb Code     0  symdefs.m ABSOLUTE
    att_server_request_can_send_now_event    0x02004df9   Thumb Code     0  symdefs.m ABSOLUTE
    att_set_db                               0x02004e15   Thumb Code     0  symdefs.m ABSOLUTE
    att_set_read_callback                    0x02004e29   Thumb Code     0  symdefs.m ABSOLUTE
    att_set_write_callback                   0x02004e35   Thumb Code     0  symdefs.m ABSOLUTE
    bd_addr_cmp                              0x0200501d   Thumb Code     0  symdefs.m ABSOLUTE
    bd_addr_copy                             0x02005023   Thumb Code     0  symdefs.m ABSOLUTE
    bd_addr_to_str                           0x0200502d   Thumb Code     0  symdefs.m ABSOLUTE
    big_endian_read_16                       0x02005065   Thumb Code     0  symdefs.m ABSOLUTE
    big_endian_read_32                       0x0200506d   Thumb Code     0  symdefs.m ABSOLUTE
    big_endian_store_16                      0x02005081   Thumb Code     0  symdefs.m ABSOLUTE
    big_endian_store_32                      0x0200508d   Thumb Code     0  symdefs.m ABSOLUTE
    btstack_config                           0x02005209   Thumb Code     0  symdefs.m ABSOLUTE
    btstack_memory_pool_create               0x02005347   Thumb Code     0  symdefs.m ABSOLUTE
    btstack_memory_pool_free                 0x02005371   Thumb Code     0  symdefs.m ABSOLUTE
    btstack_memory_pool_get                  0x020053d1   Thumb Code     0  symdefs.m ABSOLUTE
    btstack_push_user_msg                    0x02005439   Thumb Code     0  symdefs.m ABSOLUTE
    btstack_push_user_runnable               0x02005445   Thumb Code     0  symdefs.m ABSOLUTE
    char_for_nibble                          0x020056e3   Thumb Code     0  symdefs.m ABSOLUTE
    eTaskConfirmSleepModeStatus              0x02005a29   Thumb Code     0  symdefs.m ABSOLUTE
    gap_add_dev_to_periodic_list             0x020060bd   Thumb Code     0  symdefs.m ABSOLUTE
    gap_add_whitelist                        0x020060d5   Thumb Code     0  symdefs.m ABSOLUTE
    gap_aes_encrypt                          0x020060e9   Thumb Code     0  symdefs.m ABSOLUTE
    gap_clear_white_lists                    0x0200612d   Thumb Code     0  symdefs.m ABSOLUTE
    gap_clr_adv_set                          0x0200613d   Thumb Code     0  symdefs.m ABSOLUTE
    gap_clr_periodic_adv_list                0x0200614d   Thumb Code     0  symdefs.m ABSOLUTE
    gap_create_connection_cancel             0x0200615d   Thumb Code     0  symdefs.m ABSOLUTE
    gap_default_periodic_adv_sync_transfer_param 0x0200616d   Thumb Code     0  symdefs.m ABSOLUTE
    gap_disconnect                           0x02006185   Thumb Code     0  symdefs.m ABSOLUTE
    gap_disconnect_all                       0x020061b1   Thumb Code     0  symdefs.m ABSOLUTE
    gap_ext_create_connection                0x020061f1   Thumb Code     0  symdefs.m ABSOLUTE
    gap_get_connection_parameter_range       0x020062e1   Thumb Code     0  symdefs.m ABSOLUTE
    gap_le_read_channel_map                  0x0200631d   Thumb Code     0  symdefs.m ABSOLUTE
    gap_periodic_adv_create_sync             0x02006391   Thumb Code     0  symdefs.m ABSOLUTE
    gap_periodic_adv_create_sync_cancel      0x020063b5   Thumb Code     0  symdefs.m ABSOLUTE
    gap_periodic_adv_set_info_transfer       0x020063c5   Thumb Code     0  symdefs.m ABSOLUTE
    gap_periodic_adv_sync_transfer           0x020063dd   Thumb Code     0  symdefs.m ABSOLUTE
    gap_periodic_adv_sync_transfer_param     0x020063f5   Thumb Code     0  symdefs.m ABSOLUTE
    gap_periodic_adv_term_sync               0x02006411   Thumb Code     0  symdefs.m ABSOLUTE
    gap_read_antenna_info                    0x020064a5   Thumb Code     0  symdefs.m ABSOLUTE
    gap_read_periodic_adv_list_size          0x020064b5   Thumb Code     0  symdefs.m ABSOLUTE
    gap_read_phy                             0x020064c5   Thumb Code     0  symdefs.m ABSOLUTE
    gap_read_remote_used_features            0x020064d9   Thumb Code     0  symdefs.m ABSOLUTE
    gap_read_remote_version                  0x020064ed   Thumb Code     0  symdefs.m ABSOLUTE
    gap_read_rssi                            0x02006501   Thumb Code     0  symdefs.m ABSOLUTE
    gap_remove_whitelist                     0x02006515   Thumb Code     0  symdefs.m ABSOLUTE
    gap_rmv_adv_set                          0x02006599   Thumb Code     0  symdefs.m ABSOLUTE
    gap_rmv_dev_from_periodic_list           0x020065ad   Thumb Code     0  symdefs.m ABSOLUTE
    gap_rx_test_v2                           0x020065c5   Thumb Code     0  symdefs.m ABSOLUTE
    gap_rx_test_v3                           0x020065dd   Thumb Code     0  symdefs.m ABSOLUTE
    gap_set_adv_set_random_addr              0x0200662d   Thumb Code     0  symdefs.m ABSOLUTE
    gap_set_connection_cte_request_enable    0x02006679   Thumb Code     0  symdefs.m ABSOLUTE
    gap_set_connection_cte_response_enable   0x02006695   Thumb Code     0  symdefs.m ABSOLUTE
    gap_set_connection_cte_rx_param          0x020066a9   Thumb Code     0  symdefs.m ABSOLUTE
    gap_set_connection_cte_tx_param          0x02006705   Thumb Code     0  symdefs.m ABSOLUTE
    gap_set_connection_parameter_range       0x02006759   Thumb Code     0  symdefs.m ABSOLUTE
    gap_set_connectionless_cte_tx_enable     0x02006771   Thumb Code     0  symdefs.m ABSOLUTE
    gap_set_connectionless_cte_tx_param      0x02006785   Thumb Code     0  symdefs.m ABSOLUTE
    gap_set_connectionless_iq_sampling_enable 0x020067e5   Thumb Code     0  symdefs.m ABSOLUTE
    gap_set_data_length                      0x02006849   Thumb Code     0  symdefs.m ABSOLUTE
    gap_set_def_phy                          0x02006865   Thumb Code     0  symdefs.m ABSOLUTE
    gap_set_ext_adv_data                     0x0200687d   Thumb Code     0  symdefs.m ABSOLUTE
    gap_set_ext_adv_enable                   0x02006895   Thumb Code     0  symdefs.m ABSOLUTE
    gap_set_ext_adv_para                     0x02006911   Thumb Code     0  symdefs.m ABSOLUTE
    gap_set_ext_scan_enable                  0x020069e9   Thumb Code     0  symdefs.m ABSOLUTE
    gap_set_ext_scan_para                    0x02006a01   Thumb Code     0  symdefs.m ABSOLUTE
    gap_set_ext_scan_response_data           0x02006aa9   Thumb Code     0  symdefs.m ABSOLUTE
    gap_set_host_channel_classification      0x02006ac1   Thumb Code     0  symdefs.m ABSOLUTE
    gap_set_periodic_adv_data                0x02006ad5   Thumb Code     0  symdefs.m ABSOLUTE
    gap_set_periodic_adv_enable              0x02006b49   Thumb Code     0  symdefs.m ABSOLUTE
    gap_set_periodic_adv_para                0x02006b5d   Thumb Code     0  symdefs.m ABSOLUTE
    gap_set_periodic_adv_rx_enable           0x02006b75   Thumb Code     0  symdefs.m ABSOLUTE
    gap_set_phy                              0x02006b89   Thumb Code     0  symdefs.m ABSOLUTE
    gap_set_random_device_address            0x02006ba5   Thumb Code     0  symdefs.m ABSOLUTE
    gap_start_ccm                            0x02006bd5   Thumb Code     0  symdefs.m ABSOLUTE
    gap_test_end                             0x02006c09   Thumb Code     0  symdefs.m ABSOLUTE
    gap_tx_test_v2                           0x02006c19   Thumb Code     0  symdefs.m ABSOLUTE
    gap_tx_test_v4                           0x02006c31   Thumb Code     0  symdefs.m ABSOLUTE
    gap_update_connection_parameters         0x02006c59   Thumb Code     0  symdefs.m ABSOLUTE
    gap_vendor_tx_continuous_wave            0x02006c9d   Thumb Code     0  symdefs.m ABSOLUTE
    gatt_client_cancel_write                 0x020071c5   Thumb Code     0  symdefs.m ABSOLUTE
    gatt_client_discover_characteristic_descriptors 0x020071eb   Thumb Code     0  symdefs.m ABSOLUTE
    gatt_client_discover_characteristics_for_handle_range_by_uuid128 0x0200722b   Thumb Code     0  symdefs.m ABSOLUTE
    gatt_client_discover_characteristics_for_handle_range_by_uuid16 0x0200727b   Thumb Code     0  symdefs.m ABSOLUTE
    gatt_client_discover_characteristics_for_service 0x020072cb   Thumb Code     0  symdefs.m ABSOLUTE
    gatt_client_discover_primary_services    0x02007301   Thumb Code     0  symdefs.m ABSOLUTE
    gatt_client_discover_primary_services_by_uuid128 0x02007333   Thumb Code     0  symdefs.m ABSOLUTE
    gatt_client_discover_primary_services_by_uuid16 0x02007377   Thumb Code     0  symdefs.m ABSOLUTE
    gatt_client_execute_write                0x020073b5   Thumb Code     0  symdefs.m ABSOLUTE
    gatt_client_find_included_services_for_service 0x020073db   Thumb Code     0  symdefs.m ABSOLUTE
    gatt_client_get_mtu                      0x02007409   Thumb Code     0  symdefs.m ABSOLUTE
    gatt_client_is_ready                     0x020074cd   Thumb Code     0  symdefs.m ABSOLUTE
    gatt_client_listen_for_characteristic_value_updates 0x020074e3   Thumb Code     0  symdefs.m ABSOLUTE
    gatt_client_prepare_write                0x02007505   Thumb Code     0  symdefs.m ABSOLUTE
    gatt_client_read_characteristic_descriptor_using_descriptor_handle 0x02007541   Thumb Code     0  symdefs.m ABSOLUTE
    gatt_client_read_long_characteristic_descriptor_using_descriptor_handle 0x0200756b   Thumb Code     0  symdefs.m ABSOLUTE
    gatt_client_read_long_characteristic_descriptor_using_descriptor_handle_with_offset 0x02007571   Thumb Code     0  symdefs.m ABSOLUTE
    gatt_client_read_long_value_of_characteristic_using_value_handle 0x0200759f   Thumb Code     0  symdefs.m ABSOLUTE
    gatt_client_read_long_value_of_characteristic_using_value_handle_with_offset 0x020075a5   Thumb Code     0  symdefs.m ABSOLUTE
    gatt_client_read_multiple_characteristic_values 0x020075d3   Thumb Code     0  symdefs.m ABSOLUTE
    gatt_client_read_value_of_characteristic_using_value_handle 0x02007603   Thumb Code     0  symdefs.m ABSOLUTE
    gatt_client_read_value_of_characteristics_by_uuid128 0x02007631   Thumb Code     0  symdefs.m ABSOLUTE
    gatt_client_read_value_of_characteristics_by_uuid16 0x0200767d   Thumb Code     0  symdefs.m ABSOLUTE
    gatt_client_register_handler             0x020076c9   Thumb Code     0  symdefs.m ABSOLUTE
    gatt_client_reliable_write_long_value_of_characteristic 0x020076d5   Thumb Code     0  symdefs.m ABSOLUTE
    gatt_client_signed_write_without_response 0x02007b09   Thumb Code     0  symdefs.m ABSOLUTE
    gatt_client_write_characteristic_descriptor_using_descriptor_handle 0x02007bcd   Thumb Code     0  symdefs.m ABSOLUTE
    gatt_client_write_client_characteristic_configuration 0x02007c07   Thumb Code     0  symdefs.m ABSOLUTE
    gatt_client_write_long_characteristic_descriptor_using_descriptor_handle 0x02007c59   Thumb Code     0  symdefs.m ABSOLUTE
    gatt_client_write_long_characteristic_descriptor_using_descriptor_handle_with_offset 0x02007c69   Thumb Code     0  symdefs.m ABSOLUTE
    gatt_client_write_long_value_of_characteristic 0x02007ca5   Thumb Code     0  symdefs.m ABSOLUTE
    gatt_client_write_long_value_of_characteristic_with_offset 0x02007cb5   Thumb Code     0  symdefs.m ABSOLUTE
    gatt_client_write_value_of_characteristic 0x02007cf1   Thumb Code     0  symdefs.m ABSOLUTE
    gatt_client_write_value_of_characteristic_without_response 0x02007d27   Thumb Code     0  symdefs.m ABSOLUTE
    hci_add_event_handler                    0x0200931d   Thumb Code     0  symdefs.m ABSOLUTE
    hci_power_control                        0x02009b1d   Thumb Code     0  symdefs.m ABSOLUTE
    hci_register_acl_packet_handler          0x02009cd1   Thumb Code     0  symdefs.m ABSOLUTE
    kv_commit                                0x0200a201   Thumb Code     0  symdefs.m ABSOLUTE
    kv_get                                   0x0200a259   Thumb Code     0  symdefs.m ABSOLUTE
    kv_init                                  0x0200a271   Thumb Code     0  symdefs.m ABSOLUTE
    kv_put                                   0x0200a2d9   Thumb Code     0  symdefs.m ABSOLUTE
    kv_remove                                0x0200a351   Thumb Code     0  symdefs.m ABSOLUTE
    kv_remove_all                            0x0200a38d   Thumb Code     0  symdefs.m ABSOLUTE
    kv_value_modified                        0x0200a3d1   Thumb Code     0  symdefs.m ABSOLUTE
    kv_visit                                 0x0200a3d5   Thumb Code     0  symdefs.m ABSOLUTE
    l2cap_add_event_handler                  0x0200a489   Thumb Code     0  symdefs.m ABSOLUTE
    l2cap_can_send_packet_now                0x0200a499   Thumb Code     0  symdefs.m ABSOLUTE
    l2cap_create_le_credit_based_connection_request 0x0200a65d   Thumb Code     0  symdefs.m ABSOLUTE
    l2cap_credit_based_send                  0x0200a7a5   Thumb Code     0  symdefs.m ABSOLUTE
    l2cap_credit_based_send_continue         0x0200a7d1   Thumb Code     0  symdefs.m ABSOLUTE
    l2cap_disconnect                         0x0200a84d   Thumb Code     0  symdefs.m ABSOLUTE
    l2cap_get_le_credit_based_connection_credits 0x0200aa39   Thumb Code     0  symdefs.m ABSOLUTE
    l2cap_get_peer_mtu_for_local_cid         0x0200aa55   Thumb Code     0  symdefs.m ABSOLUTE
    l2cap_init                               0x0200ae95   Thumb Code     0  symdefs.m ABSOLUTE
    l2cap_le_send_flow_control_credit        0x0200af8b   Thumb Code     0  symdefs.m ABSOLUTE
    l2cap_max_le_mtu                         0x0200b299   Thumb Code     0  symdefs.m ABSOLUTE
    l2cap_register_packet_handler            0x0200b3c1   Thumb Code     0  symdefs.m ABSOLUTE
    l2cap_register_service                   0x0200b3cd   Thumb Code     0  symdefs.m ABSOLUTE
    l2cap_request_can_send_now_event         0x0200b4dd   Thumb Code     0  symdefs.m ABSOLUTE
    l2cap_request_connection_parameter_update 0x0200b4f7   Thumb Code     0  symdefs.m ABSOLUTE
    l2cap_send_echo_request                  0x0200b9d9   Thumb Code     0  symdefs.m ABSOLUTE
    l2cap_unregister_service                 0x0200bab9   Thumb Code     0  symdefs.m ABSOLUTE
    le_device_db_add                         0x0200bb11   Thumb Code     0  symdefs.m ABSOLUTE
    le_device_db_find                        0x0200bbe5   Thumb Code     0  symdefs.m ABSOLUTE
    le_device_db_from_key                    0x0200bc11   Thumb Code     0  symdefs.m ABSOLUTE
    le_device_db_iter_cur                    0x0200bc19   Thumb Code     0  symdefs.m ABSOLUTE
    le_device_db_iter_cur_key                0x0200bc1d   Thumb Code     0  symdefs.m ABSOLUTE
    le_device_db_iter_init                   0x0200bc21   Thumb Code     0  symdefs.m ABSOLUTE
    le_device_db_iter_next                   0x0200bc29   Thumb Code     0  symdefs.m ABSOLUTE
    le_device_db_remove_key                  0x0200bc4f   Thumb Code     0  symdefs.m ABSOLUTE
    ll_adjust_conn_peer_tx_power             0x0200bc7d   Thumb Code     0  symdefs.m ABSOLUTE
    ll_free                                  0x0200bca9   Thumb Code     0  symdefs.m ABSOLUTE
    ll_hint_on_ce_len                        0x0200bcb5   Thumb Code     0  symdefs.m ABSOLUTE
    ll_legacy_adv_set_interval               0x0200bced   Thumb Code     0  symdefs.m ABSOLUTE
    ll_malloc                                0x0200bcfd   Thumb Code     0  symdefs.m ABSOLUTE
    ll_scan_set_fixed_channel                0x0200be6d   Thumb Code     0  symdefs.m ABSOLUTE
    ll_set_adv_access_address                0x0200bf81   Thumb Code     0  symdefs.m ABSOLUTE
    ll_set_adv_coded_scheme                  0x0200bf8d   Thumb Code     0  symdefs.m ABSOLUTE
    ll_set_conn_coded_scheme                 0x0200bfc5   Thumb Code     0  symdefs.m ABSOLUTE
    ll_set_conn_latency                      0x0200bff1   Thumb Code     0  symdefs.m ABSOLUTE
    ll_set_conn_tx_power                     0x0200c021   Thumb Code     0  symdefs.m ABSOLUTE
    ll_set_def_antenna                       0x0200c05d   Thumb Code     0  symdefs.m ABSOLUTE
    ll_set_initiating_coded_scheme           0x0200c07d   Thumb Code     0  symdefs.m ABSOLUTE
    ll_set_max_conn_number                   0x0200c089   Thumb Code     0  symdefs.m ABSOLUTE
    ll_set_tx_power_range                    0x0200c125   Thumb Code     0  symdefs.m ABSOLUTE
    nibble_for_char                          0x0201e865   Thumb Code     0  symdefs.m ABSOLUTE
    platform_32k_rc_auto_tune                0x0201e911   Thumb Code     0  symdefs.m ABSOLUTE
    platform_32k_rc_tune                     0x0201e95d   Thumb Code     0  symdefs.m ABSOLUTE
    platform_calibrate_32k                   0x0201e979   Thumb Code     0  symdefs.m ABSOLUTE
    platform_config                          0x0201e97d   Thumb Code     0  symdefs.m ABSOLUTE
    platform_get_current_task                0x0201ea4d   Thumb Code     0  symdefs.m ABSOLUTE
    platform_get_gen_os_driver               0x0201ea71   Thumb Code     0  symdefs.m ABSOLUTE
    platform_get_heap_status                 0x0201ea79   Thumb Code     0  symdefs.m ABSOLUTE
    platform_get_task_handle                 0x0201ea91   Thumb Code     0  symdefs.m ABSOLUTE
    platform_get_us_time                     0x0201eab1   Thumb Code     0  symdefs.m ABSOLUTE
    platform_get_version                     0x0201eab5   Thumb Code     0  symdefs.m ABSOLUTE
    platform_hrng                            0x0201eabd   Thumb Code     0  symdefs.m ABSOLUTE
    platform_install_isr_stack               0x0201eac5   Thumb Code     0  symdefs.m ABSOLUTE
    platform_install_task_stack              0x0201ead1   Thumb Code     0  symdefs.m ABSOLUTE
    platform_patch_rf_init_data              0x0201eb09   Thumb Code     0  symdefs.m ABSOLUTE
    platform_printf                          0x0201eb15   Thumb Code     0  symdefs.m ABSOLUTE
    platform_raise_assertion                 0x0201eb29   Thumb Code     0  symdefs.m ABSOLUTE
    platform_rand                            0x0201eb3d   Thumb Code     0  symdefs.m ABSOLUTE
    platform_read_info                       0x0201eb41   Thumb Code     0  symdefs.m ABSOLUTE
    platform_read_persistent_reg             0x0201eb71   Thumb Code     0  symdefs.m ABSOLUTE
    platform_reset                           0x0201eb7d   Thumb Code     0  symdefs.m ABSOLUTE
    platform_set_evt_callback                0x0201eb91   Thumb Code     0  symdefs.m ABSOLUTE
    platform_set_irq_callback                0x0201eba5   Thumb Code     0  symdefs.m ABSOLUTE
    platform_set_rf_clk_source               0x0201ebdd   Thumb Code     0  symdefs.m ABSOLUTE
    platform_set_rf_init_data                0x0201ebe9   Thumb Code     0  symdefs.m ABSOLUTE
    platform_set_rf_power_mapping            0x0201ebf5   Thumb Code     0  symdefs.m ABSOLUTE
    platform_set_timer                       0x0201ec01   Thumb Code     0  symdefs.m ABSOLUTE
    platform_shutdown                        0x0201ec05   Thumb Code     0  symdefs.m ABSOLUTE
    platform_switch_app                      0x0201ec09   Thumb Code     0  symdefs.m ABSOLUTE
    platform_trace_raw                       0x0201ec21   Thumb Code     0  symdefs.m ABSOLUTE
    platform_write_persistent_reg            0x0201ec39   Thumb Code     0  symdefs.m ABSOLUTE
    printf_hexdump                           0x0201edf1   Thumb Code     0  symdefs.m ABSOLUTE
    pvPortMalloc                             0x0201f8e5   Thumb Code     0  symdefs.m ABSOLUTE
    pvTaskIncrementMutexHeldCount            0x0201f9cd   Thumb Code     0  symdefs.m ABSOLUTE
    pvTimerGetTimerID                        0x0201f9e5   Thumb Code     0  symdefs.m ABSOLUTE
    pxPortInitialiseStack                    0x0201fa11   Thumb Code     0  symdefs.m ABSOLUTE
    reverse_128                              0x0201fbf9   Thumb Code     0  symdefs.m ABSOLUTE
    reverse_24                               0x0201fbff   Thumb Code     0  symdefs.m ABSOLUTE
    reverse_48                               0x0201fc05   Thumb Code     0  symdefs.m ABSOLUTE
    reverse_56                               0x0201fc0b   Thumb Code     0  symdefs.m ABSOLUTE
    reverse_64                               0x0201fc11   Thumb Code     0  symdefs.m ABSOLUTE
    reverse_bd_addr                          0x0201fc17   Thumb Code     0  symdefs.m ABSOLUTE
    reverse_bytes                            0x0201fc1d   Thumb Code     0  symdefs.m ABSOLUTE
    sm_add_event_handler                     0x0201ff39   Thumb Code     0  symdefs.m ABSOLUTE
    sm_address_resolution_lookup             0x02020091   Thumb Code     0  symdefs.m ABSOLUTE
    sm_authenticated                         0x020203e9   Thumb Code     0  symdefs.m ABSOLUTE
    sm_authorization_decline                 0x020203f7   Thumb Code     0  symdefs.m ABSOLUTE
    sm_authorization_grant                   0x02020417   Thumb Code     0  symdefs.m ABSOLUTE
    sm_authorization_state                   0x02020437   Thumb Code     0  symdefs.m ABSOLUTE
    sm_bonding_decline                       0x02020451   Thumb Code     0  symdefs.m ABSOLUTE
    sm_config                                0x02020869   Thumb Code     0  symdefs.m ABSOLUTE
    sm_config_conn                           0x02020881   Thumb Code     0  symdefs.m ABSOLUTE
    sm_encryption_key_size                   0x02020a37   Thumb Code     0  symdefs.m ABSOLUTE
    sm_just_works_confirm                    0x02020f71   Thumb Code     0  symdefs.m ABSOLUTE
    sm_le_device_key                         0x020212ad   Thumb Code     0  symdefs.m ABSOLUTE
    sm_passkey_input                         0x02021343   Thumb Code     0  symdefs.m ABSOLUTE
    sm_private_random_address_generation_get 0x020216f1   Thumb Code     0  symdefs.m ABSOLUTE
    sm_private_random_address_generation_get_mode 0x020216f9   Thumb Code     0  symdefs.m ABSOLUTE
    sm_private_random_address_generation_set_mode 0x02021705   Thumb Code     0  symdefs.m ABSOLUTE
    sm_private_random_address_generation_set_update_period 0x0202172d   Thumb Code     0  symdefs.m ABSOLUTE
    sm_register_oob_data_callback            0x02021869   Thumb Code     0  symdefs.m ABSOLUTE
    sm_request_pairing                       0x02021875   Thumb Code     0  symdefs.m ABSOLUTE
    sm_send_security_request                 0x0202229b   Thumb Code     0  symdefs.m ABSOLUTE
    sm_set_accepted_stk_generation_methods   0x020222c1   Thumb Code     0  symdefs.m ABSOLUTE
    sm_set_authentication_requirements       0x020222cd   Thumb Code     0  symdefs.m ABSOLUTE
    sm_set_encryption_key_size_range         0x020222d9   Thumb Code     0  symdefs.m ABSOLUTE
    sscanf_bd_addr                           0x02022639   Thumb Code     0  symdefs.m ABSOLUTE
    sysSetPublicDeviceAddr                   0x02022a01   Thumb Code     0  symdefs.m ABSOLUTE
    uuid128_to_str                           0x02023145   Thumb Code     0  symdefs.m ABSOLUTE
    uuid_add_bluetooth_prefix                0x0202319d   Thumb Code     0  symdefs.m ABSOLUTE
    uuid_has_bluetooth_prefix                0x020231bd   Thumb Code     0  symdefs.m ABSOLUTE
    uxListRemove                             0x020231d9   Thumb Code     0  symdefs.m ABSOLUTE
    uxQueueMessagesWaiting                   0x02023201   Thumb Code     0  symdefs.m ABSOLUTE
    uxQueueMessagesWaitingFromISR            0x02023229   Thumb Code     0  symdefs.m ABSOLUTE
    uxQueueSpacesAvailable                   0x02023245   Thumb Code     0  symdefs.m ABSOLUTE
    uxTaskGetStackHighWaterMark              0x02023271   Thumb Code     0  symdefs.m ABSOLUTE
    uxTaskPriorityGet                        0x02023291   Thumb Code     0  symdefs.m ABSOLUTE
    uxTaskPriorityGetFromISR                 0x020232ad   Thumb Code     0  symdefs.m ABSOLUTE
    vListInitialise                          0x0202334b   Thumb Code     0  symdefs.m ABSOLUTE
    vListInitialiseItem                      0x02023361   Thumb Code     0  symdefs.m ABSOLUTE
    vListInsert                              0x02023367   Thumb Code     0  symdefs.m ABSOLUTE
    vListInsertEnd                           0x02023397   Thumb Code     0  symdefs.m ABSOLUTE
    vPortEndScheduler                        0x020233b1   Thumb Code     0  symdefs.m ABSOLUTE
    vPortEnterCritical                       0x020233dd   Thumb Code     0  symdefs.m ABSOLUTE
    vPortExitCritical                        0x02023421   Thumb Code     0  symdefs.m ABSOLUTE
    vPortFree                                0x02023455   Thumb Code     0  symdefs.m ABSOLUTE
    vPortSuppressTicksAndSleep               0x020234f9   Thumb Code     0  symdefs.m ABSOLUTE
    vPortValidateInterruptPriority           0x02023601   Thumb Code     0  symdefs.m ABSOLUTE
    vQueueDelete                             0x0202365d   Thumb Code     0  symdefs.m ABSOLUTE
    vQueueWaitForMessageRestricted           0x02023689   Thumb Code     0  symdefs.m ABSOLUTE
    vTaskDelay                               0x020236cd   Thumb Code     0  symdefs.m ABSOLUTE
    vTaskInternalSetTimeOutState             0x02023719   Thumb Code     0  symdefs.m ABSOLUTE
    vTaskMissedYield                         0x02023729   Thumb Code     0  symdefs.m ABSOLUTE
    vTaskPlaceOnEventList                    0x02023735   Thumb Code     0  symdefs.m ABSOLUTE
    vTaskPlaceOnEventListRestricted          0x0202376d   Thumb Code     0  symdefs.m ABSOLUTE
    vTaskPriorityDisinheritAfterTimeout      0x020237ad   Thumb Code     0  symdefs.m ABSOLUTE
    vTaskPrioritySet                         0x02023859   Thumb Code     0  symdefs.m ABSOLUTE
    vTaskResume                              0x02023921   Thumb Code     0  symdefs.m ABSOLUTE
    vTaskStartScheduler                      0x020239a5   Thumb Code     0  symdefs.m ABSOLUTE
    vTaskStepTick                            0x02023a35   Thumb Code     0  symdefs.m ABSOLUTE
    vTaskSuspend                             0x02023a65   Thumb Code     0  symdefs.m ABSOLUTE
    vTaskSuspendAll                          0x02023b21   Thumb Code     0  symdefs.m ABSOLUTE
    vTaskSwitchContext                       0x02023b31   Thumb Code     0  symdefs.m ABSOLUTE
    xPortStartScheduler                      0x02023bd9   Thumb Code     0  symdefs.m ABSOLUTE
    xQueueAddToSet                           0x02023cd9   Thumb Code     0  symdefs.m ABSOLUTE
    xQueueCreateCountingSemaphore            0x02023cfd   Thumb Code     0  symdefs.m ABSOLUTE
    xQueueCreateCountingSemaphoreStatic      0x02023d39   Thumb Code     0  symdefs.m ABSOLUTE
    xQueueCreateMutex                        0x02023d7d   Thumb Code     0  symdefs.m ABSOLUTE
    xQueueCreateMutexStatic                  0x02023d93   Thumb Code     0  symdefs.m ABSOLUTE
    xQueueCreateSet                          0x02023dad   Thumb Code     0  symdefs.m ABSOLUTE
    xQueueGenericCreate                      0x02023db5   Thumb Code     0  symdefs.m ABSOLUTE
    xQueueGenericCreateStatic                0x02023e01   Thumb Code     0  symdefs.m ABSOLUTE
    xQueueGenericReset                       0x02023e69   Thumb Code     0  symdefs.m ABSOLUTE
    xQueueGenericSend                        0x02023ef5   Thumb Code     0  symdefs.m ABSOLUTE
    xQueueGenericSendFromISR                 0x02024061   Thumb Code     0  symdefs.m ABSOLUTE
    xQueueGiveFromISR                        0x02024121   Thumb Code     0  symdefs.m ABSOLUTE
    xQueueGiveMutexRecursive                 0x020241c5   Thumb Code     0  symdefs.m ABSOLUTE
    xQueueIsQueueEmptyFromISR                0x02024205   Thumb Code     0  symdefs.m ABSOLUTE
    xQueueIsQueueFullFromISR                 0x02024229   Thumb Code     0  symdefs.m ABSOLUTE
    xQueuePeek                               0x02024251   Thumb Code     0  symdefs.m ABSOLUTE
    xQueuePeekFromISR                        0x02024379   Thumb Code     0  symdefs.m ABSOLUTE
    xQueueReceive                            0x020243e5   Thumb Code     0  symdefs.m ABSOLUTE
    xQueueReceiveFromISR                     0x02024511   Thumb Code     0  symdefs.m ABSOLUTE
    xQueueRemoveFromSet                      0x020245a5   Thumb Code     0  symdefs.m ABSOLUTE
    xQueueSelectFromSet                      0x020245c7   Thumb Code     0  symdefs.m ABSOLUTE
    xQueueSelectFromSetFromISR               0x020245d9   Thumb Code     0  symdefs.m ABSOLUTE
    xQueueSemaphoreTake                      0x020245ed   Thumb Code     0  symdefs.m ABSOLUTE
    xQueueTakeMutexRecursive                 0x02024759   Thumb Code     0  symdefs.m ABSOLUTE
    xTaskCheckForTimeOut                     0x0202479d   Thumb Code     0  symdefs.m ABSOLUTE
    xTaskCreate                              0x0202480d   Thumb Code     0  symdefs.m ABSOLUTE
    xTaskCreateStatic                        0x02024869   Thumb Code     0  symdefs.m ABSOLUTE
    xTaskGetCurrentTaskHandle                0x020248d9   Thumb Code     0  symdefs.m ABSOLUTE
    xTaskGetSchedulerState                   0x020248e5   Thumb Code     0  symdefs.m ABSOLUTE
    xTaskGetTickCount                        0x02024901   Thumb Code     0  symdefs.m ABSOLUTE
    xTaskGetTickCountFromISR                 0x0202490d   Thumb Code     0  symdefs.m ABSOLUTE
    xTaskIncrementTick                       0x0202491d   Thumb Code     0  symdefs.m ABSOLUTE
    xTaskPriorityDisinherit                  0x020249e9   Thumb Code     0  symdefs.m ABSOLUTE
    xTaskPriorityInherit                     0x02024a7d   Thumb Code     0  symdefs.m ABSOLUTE
    xTaskRemoveFromEventList                 0x02024b11   Thumb Code     0  symdefs.m ABSOLUTE
    xTaskResumeAll                           0x02024b91   Thumb Code     0  symdefs.m ABSOLUTE
    xTaskResumeFromISR                       0x02024c59   Thumb Code     0  symdefs.m ABSOLUTE
    xTimerCreate                             0x02024ce5   Thumb Code     0  symdefs.m ABSOLUTE
    xTimerCreateStatic                       0x02024d19   Thumb Code     0  symdefs.m ABSOLUTE
    xTimerCreateTimerTask                    0x02024d51   Thumb Code     0  symdefs.m ABSOLUTE
    xTimerGenericCommand                     0x02024dbd   Thumb Code     0  symdefs.m ABSOLUTE
    xTimerGetExpiryTime                      0x02024e2d   Thumb Code     0  symdefs.m ABSOLUTE
    xTimerGetTimerDaemonTaskHandle           0x02024e4d   Thumb Code     0  symdefs.m ABSOLUTE
    __Vectors                                0x02028000   Data           4  startup_ing91600.o(RESET)
    __main                                   0x02028009   Thumb Code     0  entry.o(.ARM.Collect$$$$00000000)
    _main_stk                                0x02028009   Thumb Code     0  entry2.o(.ARM.Collect$$$$00000001)
    _main_scatterload                        0x0202800d   Thumb Code     0  entry5.o(.ARM.Collect$$$$00000004)
    __main_after_scatterload                 0x02028011   Thumb Code     0  entry5.o(.ARM.Collect$$$$00000004)
    _main_clock                              0x02028011   Thumb Code     0  entry7b.o(.ARM.Collect$$$$00000008)
    _main_cpp_init                           0x02028011   Thumb Code     0  entry8b.o(.ARM.Collect$$$$0000000A)
    _main_init                               0x02028011   Thumb Code     0  entry9a.o(.ARM.Collect$$$$0000000B)
    __rt_final_cpp                           0x02028019   Thumb Code     0  entry10a.o(.ARM.Collect$$$$0000000D)
    __rt_final_exit                          0x02028019   Thumb Code     0  entry11a.o(.ARM.Collect$$$$0000000F)
    Reset_Handler                            0x0202801d   Thumb Code    14  startup_ing91600.o(.text)
    main                                     0x0202802d   Thumb Code    14  startup_ing91600.o(.text)
    __scatterload                            0x02028045   Thumb Code    28  init.o(.text)
    __scatterload_rt2                        0x02028045   Thumb Code     0  init.o(.text)
    strlen                                   0x02028069   Thumb Code    14  strlen.o(.text)
    __aeabi_dadd                             0x02028077   Thumb Code   322  dadd.o(.text)
    __aeabi_dsub                             0x020281b9   Thumb Code     6  dadd.o(.text)
    __aeabi_drsub                            0x020281bf   Thumb Code     6  dadd.o(.text)
    __aeabi_ddiv                             0x020281c5   Thumb Code   222  ddiv.o(.text)
    __aeabi_uidiv                            0x020282a3   Thumb Code     0  uidiv.o(.text)
    __aeabi_uidivmod                         0x020282a3   Thumb Code    44  uidiv.o(.text)
    __aeabi_uldivmod                         0x020282cf   Thumb Code    98  uldiv.o(.text)
    __aeabi_llsl                             0x02028331   Thumb Code    30  llshl.o(.text)
    _ll_shift_l                              0x02028331   Thumb Code     0  llshl.o(.text)
    __aeabi_lasr                             0x0202834f   Thumb Code    36  llsshr.o(.text)
    _ll_sshift_r                             0x0202834f   Thumb Code     0  llsshr.o(.text)
    __I$use$fp                               0x02028373   Thumb Code     0  iusefp.o(.text)
    _double_round                            0x02028373   Thumb Code    30  depilogue.o(.text)
    _double_epilogue                         0x02028391   Thumb Code   156  depilogue.o(.text)
    __aeabi_dmul                             0x0202842d   Thumb Code   228  dmul.o(.text)
    __aeabi_d2ulz                            0x02028511   Thumb Code    48  dfixul.o(.text)
    __aeabi_cdrcmple                         0x02028541   Thumb Code    48  cdrcmple.o(.text)
    __aeabi_llsr                             0x02028571   Thumb Code    32  llushr.o(.text)
    _ll_ushift_r                             0x02028571   Thumb Code     0  llushr.o(.text)
    DMA_ClearChannelIntState                 0x02028591   Thumb Code   132  peripheral_dma.o(.text.DMA_ClearChannelIntState)
    DMA_EnableChannel                        0x02028615   Thumb Code   262  peripheral_dma.o(.text.DMA_EnableChannel)
    DMA_GetChannelIntState                   0x0202871d   Thumb Code    70  peripheral_dma.o(.text.DMA_GetChannelIntState)
    DMA_PrepareMem2Mem                       0x02028765   Thumb Code   132  peripheral_dma.o(.text.DMA_PrepareMem2Mem)
    DMA_Reset                                0x020287e9   Thumb Code    54  peripheral_dma.o(.text.DMA_Reset)
    DMA_Test                                 0x02028821   Thumb Code   208  main.o(.text.DMA_Test)
    SYSCTRL_ClearClkGate                     0x02028925   Thumb Code    22  peripheral_sysctrl.o(.text.SYSCTRL_ClearClkGate)
    SYSCTRL_ClearClkGateMulti                0x0202893d   Thumb Code    66  peripheral_sysctrl.o(.text.SYSCTRL_ClearClkGateMulti)
    TMR_WatchDogRestart                      0x02028cf9   Thumb Code    30  peripheral_timer.o(.text.TMR_WatchDogRestart)
    UART_SendData                            0x02028d19   Thumb Code    20  peripheral_uart.o(.text.UART_SendData)
    apUART_BaudRateSet                       0x02028d2d   Thumb Code   116  peripheral_uart.o(.text.apUART_BaudRateSet)
    apUART_Check_TXFIFO_FULL                 0x02028da1   Thumb Code    16  peripheral_uart.o(.text.apUART_Check_TXFIFO_FULL)
    apUART_Initialize                        0x02028db1   Thumb Code   152  peripheral_uart.o(.text.apUART_Initialize)
    app_main                                 0x02028e49   Thumb Code   112  main.o(.text.app_main)
    cb_putc                                  0x02028f69   Thumb Code    52  main.o(.text.cb_putc)
    config_uart                              0x02028f9d   Thumb Code    84  main.o(.text.config_uart)
    fputc                                    0x02028ff1   Thumb Code    22  main.o(.text.fputc)
    setup_peripherals                        0x0202903d   Thumb Code   120  main.o(.text.setup_peripherals)
    __0printf                                0x020290cd   Thumb Code    22  printfa.o(i.__0printf)
    __1printf                                0x020290cd   Thumb Code     0  printfa.o(i.__0printf)
    __2printf                                0x020290cd   Thumb Code     0  printfa.o(i.__0printf)
    __c89printf                              0x020290cd   Thumb Code     0  printfa.o(i.__0printf)
    printf                                   0x020290cd   Thumb Code     0  printfa.o(i.__0printf)
    __scatterload_copy                       0x020290ed   Thumb Code    14  handlers.o(i.__scatterload_copy)
    __scatterload_null                       0x020290fb   Thumb Code     2  handlers.o(i.__scatterload_null)
    __scatterload_zeroinit                   0x020290fd   Thumb Code    14  handlers.o(i.__scatterload_zeroinit)
    Region$$Table$$Base                      0x02029ac4   Number         0  anon$$obj.o(Region$$Table)
    Region$$Table$$Limit                     0x02029ae4   Number         0  anon$$obj.o(Region$$Table)
    __stdout                                 0x20005528   Data           4  stdout.o(.data)
    src                                      0x2000552c   Data          13  main.o(.data.src)
    src1                                     0x20005539   Data          16  main.o(.data.src1)
    dst                                      0x20005554   Data         100  main.o(.bss.dst)
    test                                     0x200055b8   Data          56  main.o(.bss.test)
    test_0                                   0x200055f0   Data          28  main.o(.bss.test_0)
    test_1                                   0x20005610   Data          28  main.o(.bss.test_1)
    __initial_sp                             0x20005634   Data           0  startup_ing91600.o(STACK)



==============================================================================

Memory Map of the image

  Image Entry point : 0x02028009

  Load Region LR_IROM1 (Base: 0x02028000, Size: 0x00001b10, Max: 0x00058000, ABSOLUTE)

    Execution Region ER_IROM1 (Exec base: 0x02028000, Load base: 0x02028000, Size: 0x00001ae4, Max: 0x00058000, ABSOLUTE)

    Exec Addr    Load Addr    Size         Type   Attr      Idx    E Section Name        Object

    0x02028000   0x02028000   0x00000008   Data   RO           78    RESET               startup_ing91600.o
    0x02028008   0x02028008   0x00000000   Code   RO          891  * .ARM.Collect$$$$00000000  mc_w.l(entry.o)
    0x02028008   0x02028008   0x00000004   Code   RO          934    .ARM.Collect$$$$00000001  mc_w.l(entry2.o)
    0x0202800c   0x0202800c   0x00000004   Code   RO          937    .ARM.Collect$$$$00000004  mc_w.l(entry5.o)
    0x02028010   0x02028010   0x00000000   Code   RO          939    .ARM.Collect$$$$00000008  mc_w.l(entry7b.o)
    0x02028010   0x02028010   0x00000000   Code   RO          941    .ARM.Collect$$$$0000000A  mc_w.l(entry8b.o)
    0x02028010   0x02028010   0x00000008   Code   RO          942    .ARM.Collect$$$$0000000B  mc_w.l(entry9a.o)
    0x02028018   0x02028018   0x00000000   Code   RO          944    .ARM.Collect$$$$0000000D  mc_w.l(entry10a.o)
    0x02028018   0x02028018   0x00000000   Code   RO          946    .ARM.Collect$$$$0000000F  mc_w.l(entry11a.o)
    0x02028018   0x02028018   0x00000004   Code   RO          935    .ARM.Collect$$$$00002712  mc_w.l(entry2.o)
    0x0202801c   0x0202801c   0x00000028   Code   RO           79    .text               startup_ing91600.o
    0x02028044   0x02028044   0x00000024   Code   RO          892    .text               mc_w.l(init.o)
    0x02028068   0x02028068   0x0000000e   Code   RO          896    .text               mc_w.l(strlen.o)
    0x02028076   0x02028076   0x0000014e   Code   RO          926    .text               mf_w.l(dadd.o)
    0x020281c4   0x020281c4   0x000000de   Code   RO          928    .text               mf_w.l(ddiv.o)
    0x020282a2   0x020282a2   0x0000002c   Code   RO          958    .text               mc_w.l(uidiv.o)
    0x020282ce   0x020282ce   0x00000062   Code   RO          960    .text               mc_w.l(uldiv.o)
    0x02028330   0x02028330   0x0000001e   Code   RO          962    .text               mc_w.l(llshl.o)
    0x0202834e   0x0202834e   0x00000024   Code   RO          964    .text               mc_w.l(llsshr.o)
    0x02028372   0x02028372   0x00000000   Code   RO          966    .text               mc_w.l(iusefp.o)
    0x02028372   0x02028372   0x000000ba   Code   RO          969    .text               mf_w.l(depilogue.o)
    0x0202842c   0x0202842c   0x000000e4   Code   RO          971    .text               mf_w.l(dmul.o)
    0x02028510   0x02028510   0x00000030   Code   RO          973    .text               mf_w.l(dfixul.o)
    0x02028540   0x02028540   0x00000030   Code   RO          975    .text               mf_w.l(cdrcmple.o)
    0x02028570   0x02028570   0x00000020   Code   RO          977    .text               mc_w.l(llushr.o)
    0x02028590   0x02028590   0x00000084   Code   RO          701    .text.DMA_ClearChannelIntState  peripheral_dma.o
    0x02028614   0x02028614   0x00000106   Code   RO          695    .text.DMA_EnableChannel  peripheral_dma.o
    0x0202871a   0x0202871a   0x00000002   PAD
    0x0202871c   0x0202871c   0x00000046   Code   RO          699    .text.DMA_GetChannelIntState  peripheral_dma.o
    0x02028762   0x02028762   0x00000002   PAD
    0x02028764   0x02028764   0x00000084   Code   RO          681    .text.DMA_PrepareMem2Mem  peripheral_dma.o
    0x020287e8   0x020287e8   0x00000036   Code   RO          693    .text.DMA_Reset     peripheral_dma.o
    0x0202881e   0x0202881e   0x00000002   PAD
    0x02028820   0x02028820   0x000000d0   Code   RO            8    .text.DMA_Test      main.o
    0x020288f0   0x020288f0   0x00000034   Code   RO           10    .text.DMA_cb_isr    main.o
    0x02028924   0x02028924   0x00000016   Code   RO          480    .text.SYSCTRL_ClearClkGate  peripheral_sysctrl.o
    0x0202893a   0x0202893a   0x00000002   PAD
    0x0202893c   0x0202893c   0x00000042   Code   RO          484    .text.SYSCTRL_ClearClkGateMulti  peripheral_sysctrl.o
    0x0202897e   0x0202897e   0x00000002   PAD
    0x02028980   0x02028980   0x00000376   Code   RO          478    .text.SYSCTRL_ClkGateCtrl  peripheral_sysctrl.o
    0x02028cf6   0x02028cf6   0x00000002   PAD
    0x02028cf8   0x02028cf8   0x0000001e   Code   RO          611    .text.TMR_WatchDogRestart  peripheral_timer.o
    0x02028d16   0x02028d16   0x00000002   PAD
    0x02028d18   0x02028d18   0x00000014   Code   RO          668    .text.UART_SendData  peripheral_uart.o
    0x02028d2c   0x02028d2c   0x00000074   Code   RO          622    .text.apUART_BaudRateSet  peripheral_uart.o
    0x02028da0   0x02028da0   0x00000010   Code   RO          634    .text.apUART_Check_TXFIFO_FULL  peripheral_uart.o
    0x02028db0   0x02028db0   0x00000098   Code   RO          666    .text.apUART_Initialize  peripheral_uart.o
    0x02028e48   0x02028e48   0x00000070   Code   RO           16    .text.app_main      main.o
    0x02028eb8   0x02028eb8   0x0000001a   Code   RO           14    .text.app_timer_callback  main.o
    0x02028ed2   0x02028ed2   0x00000002   PAD
    0x02028ed4   0x02028ed4   0x0000001e   Code   RO           20    .text.cb_assertion  main.o
    0x02028ef2   0x02028ef2   0x00000002   PAD
    0x02028ef4   0x02028ef4   0x00000056   Code   RO           18    .text.cb_hard_fault  main.o
    0x02028f4a   0x02028f4a   0x00000002   PAD
    0x02028f4c   0x02028f4c   0x0000001a   Code   RO           22    .text.cb_heap_out_of_mem  main.o
    0x02028f66   0x02028f66   0x00000002   PAD
    0x02028f68   0x02028f68   0x00000034   Code   RO            2    .text.cb_putc       main.o
    0x02028f9c   0x02028f9c   0x00000054   Code   RO            6    .text.config_uart   main.o
    0x02028ff0   0x02028ff0   0x00000016   Code   RO            4    .text.fputc         main.o
    0x02029006   0x02029006   0x00000002   PAD
    0x02029008   0x02029008   0x00000032   Code   RO          494    .text.set_reg_bit   peripheral_sysctrl.o
    0x0202903a   0x0202903a   0x00000002   PAD
    0x0202903c   0x0202903c   0x00000078   Code   RO           12    .text.setup_peripherals  main.o
    0x020290b4   0x020290b4   0x00000016   Code   RO           24    .text.watchdog_task  main.o
    0x020290ca   0x020290ca   0x00000002   PAD
    0x020290cc   0x020290cc   0x00000020   Code   RO          899    i.__0printf         mc_w.l(printfa.o)
    0x020290ec   0x020290ec   0x0000000e   Code   RO          981    i.__scatterload_copy  mc_w.l(handlers.o)
    0x020290fa   0x020290fa   0x00000002   Code   RO          982    i.__scatterload_null  mc_w.l(handlers.o)
    0x020290fc   0x020290fc   0x0000000e   Code   RO          983    i.__scatterload_zeroinit  mc_w.l(handlers.o)
    0x0202910a   0x0202910a   0x00000002   PAD
    0x0202910c   0x0202910c   0x00000184   Code   RO          906    i._fp_digits        mc_w.l(printfa.o)
    0x02029290   0x02029290   0x000006dc   Code   RO          907    i._printf_core      mc_w.l(printfa.o)
    0x0202996c   0x0202996c   0x00000024   Code   RO          908    i._printf_post_padding  mc_w.l(printfa.o)
    0x02029990   0x02029990   0x0000002e   Code   RO          909    i._printf_pre_padding  mc_w.l(printfa.o)
    0x020299be   0x020299be   0x000000c8   Data   RO           31    .rodata.str1.1      main.o
    0x02029a86   0x02029a86   0x0000003b   Data   RO          707    .rodata.str1.1      peripheral_dma.o
    0x02029ac1   0x02029ac1   0x00000003   PAD
    0x02029ac4   0x02029ac4   0x00000020   Data   RO          980    Region$$Table       anon$$obj.o


    Execution Region RW_IRAM1 (Exec base: 0x20005528, Load base: 0x02029ae8, Size: 0x0000010c, Max: 0x00002ad8, ABSOLUTE)

    Exec Addr    Load Addr    Size         Type   Attr      Idx    E Section Name        Object

    0x20005528   0x02029ae8   0x00000004   Data   RW          948    .data               mc_w.l(stdout.o)
    0x2000552c   0x02029aec   0x0000000d   Data   RW           26    .data.src           main.o
    0x20005539   0x02029af9   0x00000010   Data   RW           27    .data.src1          main.o
    0x20005549   0x02029b09   0x00000007   PAD
    0x20005550        -       0x00000004   Zero   RW           33    .bss.app_timer      main.o
    0x20005554        -       0x00000064   Zero   RW           30    .bss.dst            main.o
    0x200055b8        -       0x00000038   Zero   RW           32    .bss.test           main.o
    0x200055f0        -       0x0000001c   Zero   RW           29    .bss.test_0         main.o
    0x2000560c   0x02029b09   0x00000004   PAD
    0x20005610        -       0x0000001c   Zero   RW           28    .bss.test_1         main.o
    0x2000562c   0x02029b09   0x00000004   PAD
    0x20005630        -       0x00000004   Zero   RW           76    STACK               startup_ing91600.o


==============================================================================

Image component sizes


      Code (inc. data)   RO Data    RW Data    ZI Data      Debug   Object Name

       840          0        200         29        216       7583   main.o
       650          0         59          0          0       8682   peripheral_dma.o
      1024         50          0          0          0      14214   peripheral_sysctrl.o
        30          0          0          0          0       4142   peripheral_timer.o
       304          0          0          0          0       5786   peripheral_uart.o
        40         12          8          0          4        424   startup_ing91600.o

    ----------------------------------------------------------------------
      2916         62        302         32        232      40831   Object Totals
         0          0         32          0          0          0   (incl. Generated)
        28          0          3          3         12          0   (incl. Padding)

    ----------------------------------------------------------------------

      Code (inc. data)   RO Data    RW Data    ZI Data      Debug   Library Member Name

         0          0          0          0          0          0   entry.o
         0          0          0          0          0          0   entry10a.o
         0          0          0          0          0          0   entry11a.o
         8          4          0          0          0          0   entry2.o
         4          0          0          0          0          0   entry5.o
         0          0          0          0          0          0   entry7b.o
         0          0          0          0          0          0   entry8b.o
         8          4          0          0          0          0   entry9a.o
        30          0          0          0          0          0   handlers.o
        36          8          0          0          0         68   init.o
         0          0          0          0          0          0   iusefp.o
        30          0          0          0          0         68   llshl.o
        36          0          0          0          0         68   llsshr.o
        32          0          0          0          0         68   llushr.o
      2258         90          0          0          0        452   printfa.o
         0          0          0          4          0          0   stdout.o
        14          0          0          0          0         68   strlen.o
        44          0          0          0          0         80   uidiv.o
        98          0          0          0          0         92   uldiv.o
        48          0          0          0          0         68   cdrcmple.o
       334          0          0          0          0        148   dadd.o
       222          0          0          0          0        100   ddiv.o
       186          0          0          0          0        176   depilogue.o
        48          0          0          0          0         68   dfixul.o
       228          0          0          0          0         96   dmul.o

    ----------------------------------------------------------------------
      3666        106          0          4          0       1620   Library Totals
         2          0          0          0          0          0   (incl. Padding)

    ----------------------------------------------------------------------

      Code (inc. data)   RO Data    RW Data    ZI Data      Debug   Library Name

      2598        106          0          4          0        964   mc_w.l
      1066          0          0          0          0        656   mf_w.l

    ----------------------------------------------------------------------
      3666        106          0          4          0       1620   Library Totals

    ----------------------------------------------------------------------

==============================================================================


      Code (inc. data)   RO Data    RW Data    ZI Data      Debug   

      6582        168        302         36        232      41795   Grand Totals
      6582        168        302         36        232      41795   ELF Image Totals
      6582        168        302         36          0          0   ROM Totals

==============================================================================

    Total RO  Size (Code + RO Data)                 6884 (   6.72kB)
    Total RW  Size (RW Data + ZI Data)               268 (   0.26kB)
    Total ROM Size (Code + RO Data + RW Data)       6920 (   6.76kB)

==============================================================================

