Component: ARM Compiler 6.16 Tool: armlink [5dfeaa00]

==============================================================================

Section Cross References

    main.o(.text.cb_putc) refers to peripheral_uart.o(.text.apUART_Check_TXFIFO_FULL) for apUART_Check_TXFIFO_FULL
    main.o(.text.cb_putc) refers to peripheral_uart.o(.text.UART_SendData) for UART_SendData
    main.o(.ARM.exidx.text.cb_putc) refers to main.o(.text.cb_putc) for [Anonymous Symbol]
    main.o(.text.fputc) refers to main.o(.text.cb_putc) for cb_putc
    main.o(.ARM.exidx.text.fputc) refers to main.o(.text.fputc) for [Anonymous Symbol]
    main.o(.text.config_uart) refers to peripheral_uart.o(.text.apUART_Initialize) for apUART_Initialize
    main.o(.ARM.exidx.text.config_uart) refers to main.o(.text.config_uart) for [Anonymous Symbol]
    main.o(.text.setup_peripherals) refers to main.o(.text.config_uart) for config_uart
    main.o(.text.setup_peripherals) refers to qspi_flash.o(.text.setup_peripherals_spi) for setup_peripherals_spi
    main.o(.text.setup_peripherals) refers to main.o(.text.app_timer_callback) for app_timer_callback
    main.o(.text.setup_peripherals) refers to main.o(.rodata.str1.1) for .L.str
    main.o(.text.setup_peripherals) refers to main.o(.bss.app_timer) for app_timer
    main.o(.ARM.exidx.text.setup_peripherals) refers to main.o(.text.setup_peripherals) for [Anonymous Symbol]
    main.o(.text.app_timer_callback) refers to qspi_flash.o(.text.peripherals_spi_send_data) for peripherals_spi_send_data
    main.o(.ARM.exidx.text.app_timer_callback) refers to main.o(.text.app_timer_callback) for [Anonymous Symbol]
    main.o(.text.app_main) refers to main.o(.rodata.evt_cb_table) for evt_cb_table
    main.o(.text.app_main) refers to main.o(.text.setup_peripherals) for setup_peripherals
    main.o(.text.app_main) refers to peripheral_sysctrl.o(.text.SYSCTRL_Init) for SYSCTRL_Init
    main.o(.ARM.exidx.text.app_main) refers to main.o(.text.app_main) for [Anonymous Symbol]
    main.o(.text.cb_hard_fault) refers to main.o(.rodata.str1.1) for .L.str.1
    main.o(.ARM.exidx.text.cb_hard_fault) refers to main.o(.text.cb_hard_fault) for [Anonymous Symbol]
    main.o(.text.cb_assertion) refers to main.o(.rodata.str1.1) for .L.str.2
    main.o(.ARM.exidx.text.cb_assertion) refers to main.o(.text.cb_assertion) for [Anonymous Symbol]
    main.o(.text.cb_heap_out_of_mem) refers to main.o(.rodata.str1.1) for .L.str.3
    main.o(.ARM.exidx.text.cb_heap_out_of_mem) refers to main.o(.text.cb_heap_out_of_mem) for [Anonymous Symbol]
    main.o(.rodata.evt_cb_table) refers to main.o(.text.cb_putc) for cb_putc
    main.o(.rodata.evt_cb_table) refers to main.o(.text.cb_hard_fault) for cb_hard_fault
    main.o(.rodata.evt_cb_table) refers to main.o(.text.cb_assertion) for cb_assertion
    main.o(.rodata.evt_cb_table) refers to main.o(.text.cb_heap_out_of_mem) for cb_heap_out_of_mem
    profile.o(.text.setup_profile) refers to profile.o(.rodata.str1.1) for .L.str
    profile.o(.text.setup_profile) refers to profile.o(.text.att_read_callback) for att_read_callback
    profile.o(.text.setup_profile) refers to profile.o(.text.att_write_callback) for att_write_callback
    profile.o(.text.setup_profile) refers to profile.o(.bss.hci_event_callback_registration) for hci_event_callback_registration
    profile.o(.text.setup_profile) refers to profile.o(.text.user_packet_handler) for user_packet_handler
    profile.o(.ARM.exidx.text.setup_profile) refers to profile.o(.text.setup_profile) for [Anonymous Symbol]
    profile.o(.ARM.exidx.text.att_read_callback) refers to profile.o(.text.att_read_callback) for [Anonymous Symbol]
    profile.o(.ARM.exidx.text.att_write_callback) refers to profile.o(.text.att_write_callback) for [Anonymous Symbol]
    profile.o(.text.user_packet_handler) refers to profile.o(.text.hci_event_packet_get_type) for hci_event_packet_get_type
    profile.o(.text.user_packet_handler) refers to profile.o(.text.btstack_event_state_get_state) for btstack_event_state_get_state
    profile.o(.text.user_packet_handler) refers to profile.o(.rodata.user_packet_handler.rand_addr) for user_packet_handler.rand_addr
    profile.o(.text.user_packet_handler) refers to profile.o(.text.setup_adv) for setup_adv
    profile.o(.text.user_packet_handler) refers to profile.o(.text.hci_event_command_complete_get_command_opcode) for hci_event_command_complete_get_command_opcode
    profile.o(.text.user_packet_handler) refers to profile.o(.text.hci_event_le_meta_get_subevent_code) for hci_event_le_meta_get_subevent_code
    profile.o(.text.user_packet_handler) refers to profile.o(.rodata.profile_data) for profile_data
    profile.o(.text.user_packet_handler) refers to profile.o(.rodata.adv_sets_en) for adv_sets_en
    profile.o(.text.user_packet_handler) refers to profile.o(.text.hci_event_packet_get_user_msg) for hci_event_packet_get_user_msg
    profile.o(.text.user_packet_handler) refers to profile.o(.text.user_msg_handler) for user_msg_handler
[...]
    Removing peripheral_uart.o(.text.apUART_Check_Rece_ERROR), (112 bytes).
    Removing peripheral_uart.o(.ARM.exidx.text.apUART_Check_Rece_ERROR), (8 bytes).
    Removing peripheral_uart.o(.text.apUART_Check_RXFIFO_EMPTY), (16 bytes).
    Removing peripheral_uart.o(.ARM.exidx.text.apUART_Check_RXFIFO_EMPTY), (8 bytes).
    Removing peripheral_uart.o(.text.apUART_Check_RXFIFO_FULL), (16 bytes).
    Removing peripheral_uart.o(.ARM.exidx.text.apUART_Check_RXFIFO_FULL), (8 bytes).
    Removing peripheral_uart.o(.text.apUART_Check_TXFIFO_EMPTY), (16 bytes).
    Removing peripheral_uart.o(.ARM.exidx.text.apUART_Check_TXFIFO_EMPTY), (8 bytes).
    Removing peripheral_uart.o(.ARM.exidx.text.apUART_Check_TXFIFO_FULL), (8 bytes).
    Removing peripheral_uart.o(.text.apUART_Check_BUSY), (16 bytes).
    Removing peripheral_uart.o(.ARM.exidx.text.apUART_Check_BUSY), (8 bytes).
    Removing peripheral_uart.o(.text.apUART_Get_ITStatus), (32 bytes).
    Removing peripheral_uart.o(.ARM.exidx.text.apUART_Get_ITStatus), (8 bytes).
    Removing peripheral_uart.o(.text.apUART_Enable_TRANSMIT_INT), (18 bytes).
    Removing peripheral_uart.o(.ARM.exidx.text.apUART_Enable_TRANSMIT_INT), (8 bytes).
    Removing peripheral_uart.o(.text.apUART_Disable_TRANSMIT_INT), (18 bytes).
    Removing peripheral_uart.o(.ARM.exidx.text.apUART_Disable_TRANSMIT_INT), (8 bytes).
    Removing peripheral_uart.o(.text.apUART_Enable_RECEIVE_INT), (18 bytes).
    Removing peripheral_uart.o(.ARM.exidx.text.apUART_Enable_RECEIVE_INT), (8 bytes).
    Removing peripheral_uart.o(.text.apUART_Disable_RECEIVE_INT), (18 bytes).
    Removing peripheral_uart.o(.ARM.exidx.text.apUART_Disable_RECEIVE_INT), (8 bytes).
    Removing peripheral_uart.o(.text.apUART_Clr_RECEIVE_INT), (18 bytes).
    Removing peripheral_uart.o(.ARM.exidx.text.apUART_Clr_RECEIVE_INT), (8 bytes).
    Removing peripheral_uart.o(.text.apUART_Clr_TX_INT), (18 bytes).
    Removing peripheral_uart.o(.ARM.exidx.text.apUART_Clr_TX_INT), (8 bytes).
    Removing peripheral_uart.o(.text.apUART_Get_all_raw_int_stat), (12 bytes).
    Removing peripheral_uart.o(.ARM.exidx.text.apUART_Get_all_raw_int_stat), (8 bytes).
    Removing peripheral_uart.o(.text.apUART_Clr_NonRx_INT), (18 bytes).
    Removing peripheral_uart.o(.ARM.exidx.text.apUART_Clr_NonRx_INT), (8 bytes).
    Removing peripheral_uart.o(.text.uart_reset), (70 bytes).
    Removing peripheral_uart.o(.ARM.exidx.text.uart_reset), (8 bytes).
    Removing peripheral_uart.o(.text.uart_disable), (18 bytes).
    Removing peripheral_uart.o(.ARM.exidx.text.uart_disable), (8 bytes).
    Removing peripheral_uart.o(.text.uart_empty_fifo), (18 bytes).
    Removing peripheral_uart.o(.ARM.exidx.text.uart_empty_fifo), (8 bytes).
    Removing peripheral_uart.o(.text.uart_enable_fifo), (18 bytes).
    Removing peripheral_uart.o(.ARM.exidx.text.uart_enable_fifo), (8 bytes).
    Removing peripheral_uart.o(.text.uart_enable), (18 bytes).
    Removing peripheral_uart.o(.ARM.exidx.text.uart_enable), (8 bytes).
    Removing peripheral_uart.o(.ARM.exidx.text.apUART_Initialize), (8 bytes).
    Removing peripheral_uart.o(.ARM.exidx.text.UART_SendData), (8 bytes).
    Removing peripheral_uart.o(.text.UART_ReceData), (14 bytes).
    Removing peripheral_uart.o(.ARM.exidx.text.UART_ReceData), (8 bytes).
    Removing peripheral_uart.o(.text.UART_DmaEnable), (44 bytes).
    Removing peripheral_uart.o(.ARM.exidx.text.UART_DmaEnable), (8 bytes).
    Removing peripheral_dma.o(.text), (0 bytes).
    Removing peripheral_dma.o(.text.DMA_PrepareMem2Mem), (132 bytes).
    Removing peripheral_dma.o(.ARM.exidx.text.DMA_PrepareMem2Mem), (8 bytes).
    Removing peripheral_dma.o(.text.DMA_PreparePeripheral2Mem), (266 bytes).
    Removing peripheral_dma.o(.ARM.exidx.text.DMA_PreparePeripheral2Mem), (8 bytes).
    Removing peripheral_dma.o(.text.DMA_GetPeripheralWidth), (120 bytes).
    Removing peripheral_dma.o(.ARM.exidx.text.DMA_GetPeripheralWidth), (8 bytes).
    Removing peripheral_dma.o(.text.DMA_GetPeripheralDataAddr), (292 bytes).
    Removing peripheral_dma.o(.ARM.exidx.text.DMA_GetPeripheralDataAddr), (8 bytes).
    Removing peripheral_dma.o(.text.DMA_GetCtrlConfigSrc), (206 bytes).
    Removing peripheral_dma.o(.ARM.exidx.text.DMA_GetCtrlConfigSrc), (8 bytes).
    Removing peripheral_dma.o(.text.DMA_PrepareMem2Peripheral), (268 bytes).
    Removing peripheral_dma.o(.ARM.exidx.text.DMA_PrepareMem2Peripheral), (8 bytes).
    Removing peripheral_dma.o(.text.DMA_GetCtrlConfigDst), (314 bytes).
    Removing peripheral_dma.o(.ARM.exidx.text.DMA_GetCtrlConfigDst), (8 bytes).
    Removing peripheral_dma.o(.text.DMA_PreparePeripheral2Peripheral), (276 bytes).
    Removing peripheral_dma.o(.ARM.exidx.text.DMA_PreparePeripheral2Peripheral), (8 bytes).
    Removing peripheral_dma.o(.text.DMA_GetCtrlConfigSrcDst), (216 bytes).
    Removing peripheral_dma.o(.ARM.exidx.text.DMA_GetCtrlConfigSrcDst), (8 bytes).
    Removing peripheral_dma.o(.text.DMA_Reset), (54 bytes).
    Removing peripheral_dma.o(.ARM.exidx.text.DMA_Reset), (8 bytes).
    Removing peripheral_dma.o(.text.DMA_EnableChannel), (100 bytes).
    Removing peripheral_dma.o(.ARM.exidx.text.DMA_EnableChannel), (8 bytes).
    Removing peripheral_dma.o(.text.DMA_AbortChannel), (30 bytes).
    Removing peripheral_dma.o(.ARM.exidx.text.DMA_AbortChannel), (8 bytes).
    Removing peripheral_dma.o(.text.DMA_GetChannelIntState), (70 bytes).
    Removing peripheral_dma.o(.ARM.exidx.text.DMA_GetChannelIntState), (8 bytes).
    Removing peripheral_dma.o(.text.DMA_ClearChannelIntState), (132 bytes).
    Removing peripheral_dma.o(.ARM.exidx.text.DMA_ClearChannelIntState), (8 bytes).
    Removing peripheral_dma.o(.text.DMA_MemCopy), (94 bytes).
    Removing peripheral_dma.o(.ARM.exidx.text.DMA_MemCopy), (8 bytes).
    Removing peripheral_dma.o(.text.DMG_GetSPIDMAWidth), (62 bytes).
    Removing peripheral_dma.o(.ARM.exidx.text.DMG_GetSPIDMAWidth), (8 bytes).
    Removing peripheral_dma.o(.rodata.str1.1), (94 bytes).
    Removing peripheral_ssp.o(.text), (0 bytes).
    Removing peripheral_ssp.o(.ARM.exidx.text.apSSP_Initialize), (8 bytes).
    Removing peripheral_ssp.o(.ARM.exidx.text.apSSP_ResetTxFifo), (8 bytes).
    Removing peripheral_ssp.o(.ARM.exidx.text.apSSP_ResetRxFifo), (8 bytes).
    Removing peripheral_ssp.o(.ARM.exidx.text.apSSP_DeviceParametersSet), (8 bytes).
    Removing peripheral_ssp.o(.ARM.exidx.text.apSSP_SetTxThres), (8 bytes).
    Removing peripheral_ssp.o(.ARM.exidx.text.apSSP_SetRxThres), (8 bytes).
    Removing peripheral_ssp.o(.ARM.exidx.text.apSSP_SetTimingSclkDiv), (8 bytes).
    Removing peripheral_ssp.o(.ARM.exidx.text.apSSP_IntEnable), (8 bytes).
    Removing peripheral_ssp.o(.ARM.exidx.text.apSSP_WriteFIFO), (8 bytes).
    Removing peripheral_ssp.o(.ARM.exidx.text.apSSP_WriteCmd), (8 bytes).
    Removing peripheral_ssp.o(.ARM.exidx.text.apSSP_ReadFIFO), (8 bytes).
    Removing peripheral_ssp.o(.text.apSSP_ReadCommand), (12 bytes).
    Removing peripheral_ssp.o(.ARM.exidx.text.apSSP_ReadCommand), (8 bytes).
    Removing peripheral_ssp.o(.text.apSSP_SetTransferFormat), (52 bytes).
    Removing peripheral_ssp.o(.ARM.exidx.text.apSSP_SetTransferFormat), (8 bytes).
    Removing peripheral_ssp.o(.text.apSSP_SetTransferControl), (52 bytes).
    Removing peripheral_ssp.o(.ARM.exidx.text.apSSP_SetTransferControl), (8 bytes).
    Removing peripheral_ssp.o(.text.apSSP_SetTransferControlAddrFmt), (36 bytes).
    Removing peripheral_ssp.o(.ARM.exidx.text.apSSP_SetTransferControlAddrFmt), (8 bytes).
    Removing peripheral_ssp.o(.text.apSSP_SetTransferControlWrTranCnt), (42 bytes).
    Removing peripheral_ssp.o(.ARM.exidx.text.apSSP_SetTransferControlWrTranCnt), (8 bytes).
    Removing peripheral_ssp.o(.text.apSSP_SetTransferControlRdTranCnt), (34 bytes).
    Removing peripheral_ssp.o(.ARM.exidx.text.apSSP_SetTransferControlRdTranCnt), (8 bytes).
    Removing peripheral_ssp.o(.text.apSSP_SetTransferControlDummyCnt), (42 bytes).
    Removing peripheral_ssp.o(.ARM.exidx.text.apSSP_SetTransferControlDummyCnt), (8 bytes).
    Removing peripheral_ssp.o(.ARM.exidx.text.apSSP_GetSPIActiveStatus), (8 bytes).
    Removing peripheral_ssp.o(.ARM.exidx.text.apSSP_GetIntRawStatus), (8 bytes).
    Removing peripheral_ssp.o(.ARM.exidx.text.apSSP_ClearIntStatus), (8 bytes).
    Removing peripheral_ssp.o(.text.apSSP_IntDisable), (20 bytes).
    Removing peripheral_ssp.o(.ARM.exidx.text.apSSP_IntDisable), (8 bytes).
    Removing peripheral_ssp.o(.text.apSSP_SetTxDmaEn), (36 bytes).
    Removing peripheral_ssp.o(.ARM.exidx.text.apSSP_SetTxDmaEn), (8 bytes).
    Removing peripheral_ssp.o(.text.apSSP_SetRxDmaEn), (36 bytes).
    Removing peripheral_ssp.o(.ARM.exidx.text.apSSP_SetRxDmaEn), (8 bytes).
    Removing peripheral_ssp.o(.text.apSSP_GetSpiStatus), (12 bytes).
    Removing peripheral_ssp.o(.ARM.exidx.text.apSSP_GetSpiStatus), (8 bytes).
    Removing peripheral_ssp.o(.text.apSSP_RxFifoFull), (16 bytes).
    Removing peripheral_ssp.o(.ARM.exidx.text.apSSP_RxFifoFull), (8 bytes).
    Removing peripheral_ssp.o(.text.apSSP_RxFifoEmpty), (16 bytes).
    Removing peripheral_ssp.o(.ARM.exidx.text.apSSP_RxFifoEmpty), (8 bytes).
    Removing peripheral_ssp.o(.text.apSSP_TxFifoFull), (16 bytes).
    Removing peripheral_ssp.o(.ARM.exidx.text.apSSP_TxFifoFull), (8 bytes).
    Removing peripheral_ssp.o(.text.apSSP_TxFifoEmpty), (16 bytes).
    Removing peripheral_ssp.o(.ARM.exidx.text.apSSP_TxFifoEmpty), (8 bytes).
    Removing peripheral_ssp.o(.text.apSSP_GetDataNumInTxFifo), (28 bytes).
    Removing peripheral_ssp.o(.ARM.exidx.text.apSSP_GetDataNumInTxFifo), (8 bytes).
    Removing peripheral_ssp.o(.text.apSSP_GetDataNumInRxFifo), (28 bytes).
    Removing peripheral_ssp.o(.ARM.exidx.text.apSSP_GetDataNumInRxFifo), (8 bytes).
    Removing peripheral_ssp.o(.text.apSSP_SetTimingCs2Sclk), (36 bytes).
    Removing peripheral_ssp.o(.ARM.exidx.text.apSSP_SetTimingCs2Sclk), (8 bytes).
    Removing peripheral_ssp.o(.text.apSSP_GetTxFifoDepthWords), (10 bytes).
    Removing peripheral_ssp.o(.ARM.exidx.text.apSSP_GetTxFifoDepthWords), (8 bytes).
    Removing peripheral_ssp.o(.text.apSSP_GetRxFifoDepthWords), (10 bytes).
    Removing peripheral_ssp.o(.ARM.exidx.text.apSSP_GetRxFifoDepthWords), (8 bytes).
    Removing peripheral_ssp.o(.text.apSSP_GetSlaveTxDataCnt), (16 bytes).
    Removing peripheral_ssp.o(.ARM.exidx.text.apSSP_GetSlaveTxDataCnt), (8 bytes).
    Removing peripheral_ssp.o(.text.apSSP_GetSlaveRxDataCnt), (16 bytes).
    Removing peripheral_ssp.o(.ARM.exidx.text.apSSP_GetSlaveRxDataCnt), (8 bytes).
    Removing peripheral_ssp.o(.ARM.exidx.text.apSSP_SetMemAccessCmd), (8 bytes).
    Removing dfltui.o(.text), (26 bytes).
    Removing d2f.o(.text), (56 bytes).
    Removing fepilogue.o(.text), (110 bytes).

469 unused section(s) (total 18259 bytes) removed from the image.

==============================================================================

Image Symbol Table

    Local Symbols

    Symbol Name                              Value     Ov Type        Size  Object(Section)

    ../clib/division.s                       0x00000000   Number         0  aeabi_sdiv.o ABSOLUTE
    ../clib/microlib/division.c              0x00000000   Number         0  uidiv.o ABSOLUTE
    ../clib/microlib/division.c              0x00000000   Number         0  uldiv.o ABSOLUTE
    ../clib/microlib/init/entry.s            0x00000000   Number         0  entry.o ABSOLUTE
    ../clib/microlib/init/entry.s            0x00000000   Number         0  entry2.o ABSOLUTE
    ../clib/microlib/init/entry.s            0x00000000   Number         0  entry5.o ABSOLUTE
    ../clib/microlib/init/entry.s            0x00000000   Number         0  entry7a.o ABSOLUTE
    ../clib/microlib/init/entry.s            0x00000000   Number         0  entry7b.o ABSOLUTE
    ../clib/microlib/init/entry.s            0x00000000   Number         0  entry8a.o ABSOLUTE
    ../clib/microlib/init/entry.s            0x00000000   Number         0  entry8b.o ABSOLUTE
    ../clib/microlib/init/entry.s            0x00000000   Number         0  entry9a.o ABSOLUTE
    ../clib/microlib/init/entry.s            0x00000000   Number         0  entry9b.o ABSOLUTE
    ../clib/microlib/init/entry.s            0x00000000   Number         0  entry10a.o ABSOLUTE
    ../clib/microlib/init/entry.s            0x00000000   Number         0  entry10b.o ABSOLUTE
    ../clib/microlib/init/entry.s            0x00000000   Number         0  entry11a.o ABSOLUTE
    ../clib/microlib/init/entry.s            0x00000000   Number         0  entry11b.o ABSOLUTE
    ../clib/microlib/longlong.c              0x00000000   Number         0  llshl.o ABSOLUTE
    ../clib/microlib/longlong.c              0x00000000   Number         0  llsshr.o ABSOLUTE
    ../clib/microlib/longlong.c              0x00000000   Number         0  llushr.o ABSOLUTE
    ../clib/microlib/printf/printf.c         0x00000000   Number         0  printfa.o ABSOLUTE
    ../clib/microlib/stdio/streams.c         0x00000000   Number         0  stdout.o ABSOLUTE
    ../clib/microlib/string/memcpy.c         0x00000000   Number         0  memcpya.o ABSOLUTE
    ../clib/microlib/string/memcpy.c         0x00000000   Number         0  memcpyb.o ABSOLUTE
    ../clib/microlib/string/memset.c         0x00000000   Number         0  memseta.o ABSOLUTE
    ../clib/microlib/stubs.s                 0x00000000   Number         0  iusefp.o ABSOLUTE
    ../fplib/microlib/d2f.c                  0x00000000   Number         0  d2f.o ABSOLUTE
    ../fplib/microlib/fpadd.c                0x00000000   Number         0  dadd.o ABSOLUTE
    ../fplib/microlib/fpdiv.c                0x00000000   Number         0  ddiv.o ABSOLUTE
    ../fplib/microlib/fpepilogue.c           0x00000000   Number         0  fepilogue.o ABSOLUTE
    ../fplib/microlib/fpepilogue.c           0x00000000   Number         0  depilogue.o ABSOLUTE
    ../fplib/microlib/fpfix.c                0x00000000   Number         0  dfixul.o ABSOLUTE
    ../fplib/microlib/fpflt.c                0x00000000   Number         0  dfltui.o ABSOLUTE
    ../fplib/microlib/fpmul.c                0x00000000   Number         0  dmul.o ABSOLUTE
    cdrcmple.s                               0x00000000   Number         0  cdrcmple.o ABSOLUTE
    dc.s                                     0x00000000   Number         0  dc.o ABSOLUTE
    eflash.c                                 0x00000000   Number         0  eflash.o ABSOLUTE
    handlers.s                               0x00000000   Number         0  handlers.o ABSOLUTE
    init.s                                   0x00000000   Number         0  init.o ABSOLUTE
    main.c                                   0x00000000   Number         0  main.o ABSOLUTE
    peripheral_dma.c                         0x00000000   Number         0  peripheral_dma.o ABSOLUTE
    peripheral_gpio.c                        0x00000000   Number         0  peripheral_gpio.o ABSOLUTE
    peripheral_pinctrl.c                     0x00000000   Number         0  peripheral_pinctrl.o ABSOLUTE
    peripheral_ssp.c                         0x00000000   Number         0  peripheral_ssp.o ABSOLUTE
    peripheral_sysctrl.c                     0x00000000   Number         0  peripheral_sysctrl.o ABSOLUTE
    peripheral_timer.c                       0x00000000   Number         0  peripheral_timer.o ABSOLUTE
    peripheral_uart.c                        0x00000000   Number         0  peripheral_uart.o ABSOLUTE
    profile.c                                0x00000000   Number         0  profile.o ABSOLUTE
    qspi_flash.c                             0x00000000   Number         0  qspi_flash.o ABSOLUTE
    src\startup_ing91600.s                   0x00000000   Number         0  startup_ing91600.o ABSOLUTE
    RESET                                    0x02028000   Section        8  startup_ing91600.o(RESET)
    .ARM.Collect$$$$00000000                 0x02028008   Section        0  entry.o(.ARM.Collect$$$$00000000)
    .ARM.Collect$$$$00000001                 0x02028008   Section        4  entry2.o(.ARM.Collect$$$$00000001)
    .ARM.Collect$$$$00000004                 0x0202800c   Section        4  entry5.o(.ARM.Collect$$$$00000004)
    .ARM.Collect$$$$00000008                 0x02028010   Section        0  entry7b.o(.ARM.Collect$$$$00000008)
    .ARM.Collect$$$$0000000A                 0x02028010   Section        0  entry8b.o(.ARM.Collect$$$$0000000A)
    .ARM.Collect$$$$0000000B                 0x02028010   Section        8  entry9a.o(.ARM.Collect$$$$0000000B)
    __lit__00000000                          0x02028018   Data           4  entry2.o(.ARM.Collect$$$$00002712)
    .ARM.Collect$$$$0000000D                 0x02028018   Section        0  entry10a.o(.ARM.Collect$$$$0000000D)
    .ARM.Collect$$$$0000000F                 0x02028018   Section        0  entry11a.o(.ARM.Collect$$$$0000000F)
    .ARM.Collect$$$$00002712                 0x02028018   Section        4  entry2.o(.ARM.Collect$$$$00002712)
    $v0                                      0x0202801c   Number         0  startup_ing91600.o(.text)
    .text                                    0x0202801c   Section       40  startup_ing91600.o(.text)
    .text                                    0x02028044   Section       36  init.o(.text)
    .text                                    0x02028068   Section        0  memcpya.o(.text)
    .text                                    0x0202808c   Section        0  memseta.o(.text)
    .text                                    0x020280b0   Section        0  dadd.o(.text)
    .text                                    0x020281fe   Section        0  ddiv.o(.text)
    .text                                    0x020282dc   Section        0  uidiv.o(.text)
    .text                                    0x02028308   Section        0  uldiv.o(.text)
    .text                                    0x0202836a   Section        0  llshl.o(.text)
    .text                                    0x02028388   Section        0  llsshr.o(.text)
    .text                                    0x020283ac   Section        0  iusefp.o(.text)
    .text                                    0x020283ac   Section        0  depilogue.o(.text)
    .text                                    0x02028466   Section        0  dmul.o(.text)
    .text                                    0x0202854a   Section        0  dfixul.o(.text)
    .text                                    0x0202857c   Section       48  cdrcmple.o(.text)
    .text                                    0x020285ac   Section        0  llushr.o(.text)
    PINCTRL_SelInput                         0x020285cd   Thumb Code   144  peripheral_pinctrl.o(.text.PINCTRL_SelInput)
    [Anonymous Symbol]                       0x020285cc   Section        0  peripheral_pinctrl.o(.text.PINCTRL_SelInput)
    [Anonymous Symbol]                       0x0202865c   Section        0  peripheral_pinctrl.o(.text.PINCTRL_SelSpiIn)
    [Anonymous Symbol]                       0x02028864   Section        0  peripheral_pinctrl.o(.text.PINCTRL_SetPadMux)
    [Anonymous Symbol]                       0x02028a0c   Section        0  peripheral_sysctrl.o(.text.SYSCTRL_ClearClkGate)
    [Anonymous Symbol]                       0x02028a24   Section        0  peripheral_sysctrl.o(.text.SYSCTRL_ClearClkGateMulti)
    SYSCTRL_ClkGateCtrl                      0x02028a69   Thumb Code   902  peripheral_sysctrl.o(.text.SYSCTRL_ClkGateCtrl)
    [Anonymous Symbol]                       0x02028a68   Section        0  peripheral_sysctrl.o(.text.SYSCTRL_ClkGateCtrl)
    [Anonymous Symbol]                       0x02028df0   Section        0  peripheral_sysctrl.o(.text.SYSCTRL_GetPLLClk)
    [Anonymous Symbol]                       0x02028e44   Section        0  peripheral_sysctrl.o(.text.SYSCTRL_GetSlowClk)
    [Anonymous Symbol]                       0x02028ee8   Section        0  peripheral_sysctrl.o(.text.SYSCTRL_Init)
    [Anonymous Symbol]                       0x02028fb4   Section        0  peripheral_sysctrl.o(.text.SYSCTRL_SetLDOOutput)
    [Anonymous Symbol]                       0x02028fd8   Section        0  peripheral_uart.o(.text.UART_SendData)
    W25QXX_page_program_quad_mode            0x02028fed   Thumb Code   146  qspi_flash.o(.text.W25QXX_page_program_quad_mode)
    [Anonymous Symbol]                       0x02028fec   Section        0  qspi_flash.o(.text.W25QXX_page_program_quad_mode)
    W25QXX_read_manufacturer                 0x02029081   Thumb Code   106  qspi_flash.o(.text.W25QXX_read_manufacturer)
    [Anonymous Symbol]                       0x02029080   Section        0  qspi_flash.o(.text.W25QXX_read_manufacturer)
    W25QXX_read_status                       0x020290ed   Thumb Code    94  qspi_flash.o(.text.W25QXX_read_status)
    [Anonymous Symbol]                       0x020290ec   Section        0  qspi_flash.o(.text.W25QXX_read_status)
    W25QXX_sector_erase_flash                0x0202914d   Thumb Code   100  qspi_flash.o(.text.W25QXX_sector_erase_flash)
    [Anonymous Symbol]                       0x0202914c   Section        0  qspi_flash.o(.text.W25QXX_sector_erase_flash)
    W25QXX_write_enable                      0x020291b1   Thumb Code    72  qspi_flash.o(.text.W25QXX_write_enable)
    [Anonymous Symbol]                       0x020291b0   Section        0  qspi_flash.o(.text.W25QXX_write_enable)
    [Anonymous Symbol]                       0x020291f8   Section        0  peripheral_ssp.o(.text.apSSP_ClearIntStatus)
    [Anonymous Symbol]                       0x0202920c   Section        0  peripheral_ssp.o(.text.apSSP_DeviceParametersSet)
    [Anonymous Symbol]                       0x020292b4   Section        0  peripheral_ssp.o(.text.apSSP_GetIntRawStatus)
    [Anonymous Symbol]                       0x020292c0   Section        0  peripheral_ssp.o(.text.apSSP_GetSPIActiveStatus)
    [Anonymous Symbol]                       0x020292d0   Section        0  peripheral_ssp.o(.text.apSSP_Initialize)
    [Anonymous Symbol]                       0x02029300   Section        0  peripheral_ssp.o(.text.apSSP_IntEnable)
    [Anonymous Symbol]                       0x02029314   Section        0  peripheral_ssp.o(.text.apSSP_ReadFIFO)
    [Anonymous Symbol]                       0x02029328   Section        0  peripheral_ssp.o(.text.apSSP_ResetRxFifo)
    [Anonymous Symbol]                       0x0202934c   Section        0  peripheral_ssp.o(.text.apSSP_ResetTxFifo)
    [Anonymous Symbol]                       0x02029370   Section        0  peripheral_ssp.o(.text.apSSP_SetMemAccessCmd)
    [Anonymous Symbol]                       0x02029394   Section        0  peripheral_ssp.o(.text.apSSP_SetRxThres)
    [Anonymous Symbol]                       0x020293b8   Section        0  peripheral_ssp.o(.text.apSSP_SetTimingSclkDiv)
    [Anonymous Symbol]                       0x020293dc   Section        0  peripheral_ssp.o(.text.apSSP_SetTxThres)
    [Anonymous Symbol]                       0x02029400   Section        0  peripheral_ssp.o(.text.apSSP_WriteCmd)
    [Anonymous Symbol]                       0x02029418   Section        0  peripheral_ssp.o(.text.apSSP_WriteFIFO)
    [Anonymous Symbol]                       0x02029428   Section        0  peripheral_uart.o(.text.apUART_BaudRateSet)
    [Anonymous Symbol]                       0x0202949c   Section        0  peripheral_uart.o(.text.apUART_Check_TXFIFO_FULL)
    [Anonymous Symbol]                       0x020294ac   Section        0  peripheral_uart.o(.text.apUART_Initialize)
    [Anonymous Symbol]                       0x02029544   Section        0  main.o(.text.app_main)
    app_timer_callback                       0x02029561   Thumb Code    14  main.o(.text.app_timer_callback)
    [Anonymous Symbol]                       0x02029560   Section        0  main.o(.text.app_timer_callback)
    cb_assertion                             0x02029571   Thumb Code    30  main.o(.text.cb_assertion)
    [Anonymous Symbol]                       0x02029570   Section        0  main.o(.text.cb_assertion)
    cb_hard_fault                            0x02029591   Thumb Code    86  main.o(.text.cb_hard_fault)
    [Anonymous Symbol]                       0x02029590   Section        0  main.o(.text.cb_hard_fault)
    cb_heap_out_of_mem                       0x020295e9   Thumb Code    26  main.o(.text.cb_heap_out_of_mem)
    [Anonymous Symbol]                       0x020295e8   Section        0  main.o(.text.cb_heap_out_of_mem)
    [Anonymous Symbol]                       0x02029604   Section        0  main.o(.text.cb_putc)
    [Anonymous Symbol]                       0x02029638   Section        0  main.o(.text.config_uart)
    copy_security_data                       0x0202968d   Thumb Code   122  eflash.o(.text.copy_security_data)
    [Anonymous Symbol]                       0x0202968c   Section        0  eflash.o(.text.copy_security_data)
    [Anonymous Symbol]                       0x02029708   Section        0  eflash.o(.text.erase_flash_sector)
    [Anonymous Symbol]                       0x02029724   Section        0  eflash.o(.text.flash_get_factory_calib_data)
    [Anonymous Symbol]                       0x02029748   Section        0  eflash.o(.text.flash_prepare_factory_data)
    [Anonymous Symbol]                       0x020297e4   Section        0  main.o(.text.fputc)
    is_data_ready                            0x020297fd   Thumb Code    66  eflash.o(.text.is_data_ready)
    [Anonymous Symbol]                       0x020297fc   Section        0  eflash.o(.text.is_data_ready)
    peripherals_spi_isr                      0x02029841   Thumb Code    50  qspi_flash.o(.text.peripherals_spi_isr)
    [Anonymous Symbol]                       0x02029840   Section        0  qspi_flash.o(.text.peripherals_spi_isr)
    [Anonymous Symbol]                       0x02029874   Section        0  qspi_flash.o(.text.peripherals_spi_send_data)
    pin_id_for_input_source                  0x02029931   Thumb Code   158  peripheral_pinctrl.o(.text.pin_id_for_input_source)
    [Anonymous Symbol]                       0x02029930   Section        0  peripheral_pinctrl.o(.text.pin_id_for_input_source)
    [Anonymous Symbol]                       0x020299d0   Section        0  eflash.o(.text.program_flash)
    [Anonymous Symbol]                       0x020299ec   Section        0  eflash.o(.text.read_flash_security)
    security_page_read                       0x02029a21   Thumb Code     6  eflash.o(.text.security_page_read)
    [Anonymous Symbol]                       0x02029a20   Section        0  eflash.o(.text.security_page_read)
    set_reg_bit                              0x02029a29   Thumb Code    50  peripheral_sysctrl.o(.text.set_reg_bit)
    [Anonymous Symbol]                       0x02029a28   Section        0  peripheral_sysctrl.o(.text.set_reg_bit)
    set_reg_bits                             0x02029a5d   Thumb Code    68  peripheral_pinctrl.o(.text.set_reg_bits)
    [Anonymous Symbol]                       0x02029a5c   Section        0  peripheral_pinctrl.o(.text.set_reg_bits)
    set_reg_bits                             0x02029aa1   Thumb Code    58  peripheral_sysctrl.o(.text.set_reg_bits)
    [Anonymous Symbol]                       0x02029aa0   Section        0  peripheral_sysctrl.o(.text.set_reg_bits)
    [Anonymous Symbol]                       0x02029adc   Section        0  main.o(.text.setup_peripherals)
    [Anonymous Symbol]                       0x02029b44   Section        0  qspi_flash.o(.text.setup_peripherals_spi)
    setup_peripherals_spi_module             0x02029b65   Thumb Code     2  qspi_flash.o(.text.setup_peripherals_spi_module)
    [Anonymous Symbol]                       0x02029b64   Section        0  qspi_flash.o(.text.setup_peripherals_spi_module)
    setup_peripherals_spi_pin                0x02029b69   Thumb Code   124  qspi_flash.o(.text.setup_peripherals_spi_pin)
    [Anonymous Symbol]                       0x02029b68   Section        0  qspi_flash.o(.text.setup_peripherals_spi_pin)
    source_id_on_pin                         0x02029be5   Thumb Code   160  peripheral_pinctrl.o(.text.source_id_on_pin)
    [Anonymous Symbol]                       0x02029be4   Section        0  peripheral_pinctrl.o(.text.source_id_on_pin)
    [Anonymous Symbol]                       0x02029c84   Section        0  eflash.o(.text.write_flash)
    i.__0printf                              0x02029d04   Section        0  printfa.o(i.__0printf)
    i.__scatterload_copy                     0x02029d24   Section       14  handlers.o(i.__scatterload_copy)
    i.__scatterload_null                     0x02029d32   Section        2  handlers.o(i.__scatterload_null)
    i.__scatterload_zeroinit                 0x02029d34   Section       14  handlers.o(i.__scatterload_zeroinit)
    _fp_digits                               0x02029d45   Thumb Code   366  printfa.o(i._fp_digits)
    i._fp_digits                             0x02029d44   Section        0  printfa.o(i._fp_digits)
    _printf_core                             0x02029ec9   Thumb Code  1744  printfa.o(i._printf_core)
    i._printf_core                           0x02029ec8   Section        0  printfa.o(i._printf_core)
    _printf_post_padding                     0x0202a5a5   Thumb Code    36  printfa.o(i._printf_post_padding)
    i._printf_post_padding                   0x0202a5a4   Section        0  printfa.o(i._printf_post_padding)
    _printf_pre_padding                      0x0202a5c9   Thumb Code    46  printfa.o(i._printf_pre_padding)
    i._printf_pre_padding                    0x0202a5c8   Section        0  printfa.o(i._printf_pre_padding)
    PINCTRL_SelSpiIn.bit_offset_tab          0x0202a5f6   Data          12  peripheral_pinctrl.o(.rodata.PINCTRL_SelSpiIn.bit_offset_tab)
    [Anonymous Symbol]                       0x0202a5f6   Section        0  peripheral_pinctrl.o(.rodata.PINCTRL_SelSpiIn.bit_offset_tab)
    PINCTRL_SelSpiIn.reg_tab                 0x0202a602   Data          12  peripheral_pinctrl.o(.rodata.PINCTRL_SelSpiIn.reg_tab)
    [Anonymous Symbol]                       0x0202a602   Section        0  peripheral_pinctrl.o(.rodata.PINCTRL_SelSpiIn.reg_tab)
    PINCTRL_SelSpiIn.source_tab              0x0202a60e   Data          12  peripheral_pinctrl.o(.rodata.PINCTRL_SelSpiIn.source_tab)
    [Anonymous Symbol]                       0x0202a60e   Section        0  peripheral_pinctrl.o(.rodata.PINCTRL_SelSpiIn.source_tab)
    evt_cb_table                             0x0202a61c   Data          88  main.o(.rodata.evt_cb_table)
    [Anonymous Symbol]                       0x0202a61c   Section        0  main.o(.rodata.evt_cb_table)
    prog_security_page_read                  0x0202a992   Data          72  eflash.o(.rodata.prog_security_page_read)
    [Anonymous Symbol]                       0x0202a992   Section        0  eflash.o(.rodata.prog_security_page_read)
    .L.str.1                                 0x0202a9da   Data         108  main.o(.rodata.str1.1)
    [Anonymous Symbol]                       0x0202a9da   Section        0  main.o(.rodata.str1.1)
    .L.str.3                                 0x0202aa46   Data          12  main.o(.rodata.str1.1)
    .L.str.2                                 0x0202aa52   Data          21  main.o(.rodata.str1.1)
    .L.str                                   0x0202aa67   Data           2  main.o(.rodata.str1.1)
    .L.str.5                                 0x0202aa69   Data          16  qspi_flash.o(.rodata.str1.1)
    [Anonymous Symbol]                       0x0202aa69   Section        0  qspi_flash.o(.rodata.str1.1)
    .L.str                                   0x0202aa79   Data          20  qspi_flash.o(.rodata.str1.1)
    .L.str.1                                 0x0202aa8d   Data          23  qspi_flash.o(.rodata.str1.1)
    .L.str.4                                 0x0202aaa2   Data           2  qspi_flash.o(.rodata.str1.1)
    .L.str.3                                 0x0202aaa4   Data           5  qspi_flash.o(.rodata.str1.1)
    .L.str.2                                 0x0202aaa9   Data          12  qspi_flash.o(.rodata.str1.1)
    .data                                    0x200053f0   Section        4  stdout.o(.data)
    app_timer                                0x20005408   Data           4  main.o(.bss.app_timer)
    [Anonymous Symbol]                       0x20005408   Section        0  main.o(.bss.app_timer)
    STACK                                    0x20005410   Section        4  startup_ing91600.o(STACK)

    Global Symbols

    Symbol Name                              Value     Ov Type        Size  Object(Section)

    BuildAttributes$$THM_ISAv4$E$P$D$K$B$S$7EM$VFPi3$EXTD16$VFPS$VFMA$PE$A:L22UL41UL21$X:L11$S22US41US21$IEEE1$IW$~IW$USESV6$~STKCKD$USESV7$~SHL$OTIME$ROPI$EBA8$MICROLIB$REQ8$PRES8$EABIv2 0x00000000   Number         0  anon$$obj.o ABSOLUTE
    __cpp_initialize__aeabi_                  - Undefined Weak Reference
    __cxa_finalize                            - Undefined Weak Reference
    __decompress                              - Undefined Weak Reference
    _clock_init                               - Undefined Weak Reference
    _microlib_exit                            - Undefined Weak Reference
    att_dispatch_client_can_send_now         0x02004449   Thumb Code     0  symdefs.m ABSOLUTE
    att_dispatch_client_request_can_send_now_event 0x0200444f   Thumb Code     0  symdefs.m ABSOLUTE
    att_dispatch_register_client             0x02004455   Thumb Code     0  symdefs.m ABSOLUTE
    att_dispatch_register_server             0x02004469   Thumb Code     0  symdefs.m ABSOLUTE
    att_dispatch_server_can_send_now         0x0200447d   Thumb Code     0  symdefs.m ABSOLUTE
    att_dispatch_server_request_can_send_now_event 0x02004483   Thumb Code     0  symdefs.m ABSOLUTE
    att_emit_general_event                   0x02004535   Thumb Code     0  symdefs.m ABSOLUTE
    att_server_can_send_packet_now           0x02004c51   Thumb Code     0  symdefs.m ABSOLUTE
    att_server_deferred_read_response        0x02004c55   Thumb Code     0  symdefs.m ABSOLUTE
    att_server_get_mtu                       0x02004c6d   Thumb Code     0  symdefs.m ABSOLUTE
    att_server_indicate                      0x02004ce5   Thumb Code     0  symdefs.m ABSOLUTE
    att_server_init                          0x02004d69   Thumb Code     0  symdefs.m ABSOLUTE
    att_server_notify                        0x02004da5   Thumb Code     0  symdefs.m ABSOLUTE
    att_server_register_packet_handler       0x02004ebd   Thumb Code     0  symdefs.m ABSOLUTE
    att_server_request_can_send_now_event    0x02004ec9   Thumb Code     0  symdefs.m ABSOLUTE
    att_set_db                               0x02004ee5   Thumb Code     0  symdefs.m ABSOLUTE
    att_set_read_callback                    0x02004ef9   Thumb Code     0  symdefs.m ABSOLUTE
    att_set_write_callback                   0x02004f05   Thumb Code     0  symdefs.m ABSOLUTE
    bd_addr_cmp                              0x020050d9   Thumb Code     0  symdefs.m ABSOLUTE
    bd_addr_copy                             0x020050df   Thumb Code     0  symdefs.m ABSOLUTE
    bd_addr_to_str                           0x020050e9   Thumb Code     0  symdefs.m ABSOLUTE
    big_endian_read_16                       0x02005121   Thumb Code     0  symdefs.m ABSOLUTE
    big_endian_read_32                       0x02005129   Thumb Code     0  symdefs.m ABSOLUTE
    big_endian_store_16                      0x0200513d   Thumb Code     0  symdefs.m ABSOLUTE
    big_endian_store_32                      0x02005149   Thumb Code     0  symdefs.m ABSOLUTE
    btstack_config                           0x020052a9   Thumb Code     0  symdefs.m ABSOLUTE
    btstack_memory_pool_create               0x020053e7   Thumb Code     0  symdefs.m ABSOLUTE
    btstack_memory_pool_free                 0x02005411   Thumb Code     0  symdefs.m ABSOLUTE
    btstack_memory_pool_get                  0x02005471   Thumb Code     0  symdefs.m ABSOLUTE
    btstack_push_user_msg                    0x020054d9   Thumb Code     0  symdefs.m ABSOLUTE
    btstack_push_user_runnable               0x020054e5   Thumb Code     0  symdefs.m ABSOLUTE
    char_for_nibble                          0x02005783   Thumb Code     0  symdefs.m ABSOLUTE
    eTaskConfirmSleepModeStatus              0x02005ad9   Thumb Code     0  symdefs.m ABSOLUTE
    gap_add_dev_to_periodic_list             0x0200617d   Thumb Code     0  symdefs.m ABSOLUTE
    gap_add_whitelist                        0x0200618d   Thumb Code     0  symdefs.m ABSOLUTE
    gap_aes_encrypt                          0x02006199   Thumb Code     0  symdefs.m ABSOLUTE
    gap_clear_white_lists                    0x020061dd   Thumb Code     0  symdefs.m ABSOLUTE
    gap_clr_adv_set                          0x020061e9   Thumb Code     0  symdefs.m ABSOLUTE
    gap_clr_periodic_adv_list                0x020061f5   Thumb Code     0  symdefs.m ABSOLUTE
    gap_create_connection_cancel             0x02006201   Thumb Code     0  symdefs.m ABSOLUTE
    gap_default_periodic_adv_sync_transfer_param 0x0200620d   Thumb Code     0  symdefs.m ABSOLUTE
    gap_disconnect                           0x02006225   Thumb Code     0  symdefs.m ABSOLUTE
    gap_disconnect_all                       0x02006251   Thumb Code     0  symdefs.m ABSOLUTE
    gap_ext_create_connection                0x02006291   Thumb Code     0  symdefs.m ABSOLUTE
    gap_get_connection_parameter_range       0x02006381   Thumb Code     0  symdefs.m ABSOLUTE
    gap_le_read_channel_map                  0x020063bd   Thumb Code     0  symdefs.m ABSOLUTE
    gap_periodic_adv_create_sync             0x02006429   Thumb Code     0  symdefs.m ABSOLUTE
    gap_periodic_adv_create_sync_cancel      0x0200644d   Thumb Code     0  symdefs.m ABSOLUTE
    gap_periodic_adv_set_info_transfer       0x02006459   Thumb Code     0  symdefs.m ABSOLUTE
    gap_periodic_adv_sync_transfer           0x02006469   Thumb Code     0  symdefs.m ABSOLUTE
    gap_periodic_adv_sync_transfer_param     0x02006479   Thumb Code     0  symdefs.m ABSOLUTE
    gap_periodic_adv_term_sync               0x02006495   Thumb Code     0  symdefs.m ABSOLUTE
    gap_read_antenna_info                    0x0200651d   Thumb Code     0  symdefs.m ABSOLUTE
    gap_read_periodic_adv_list_size          0x02006529   Thumb Code     0  symdefs.m ABSOLUTE
    gap_read_phy                             0x02006535   Thumb Code     0  symdefs.m ABSOLUTE
    gap_read_remote_used_features            0x02006541   Thumb Code     0  symdefs.m ABSOLUTE
    gap_read_remote_version                  0x0200654d   Thumb Code     0  symdefs.m ABSOLUTE
    gap_read_rssi                            0x02006559   Thumb Code     0  symdefs.m ABSOLUTE
    gap_remove_whitelist                     0x02006565   Thumb Code     0  symdefs.m ABSOLUTE
    gap_rmv_adv_set                          0x020065e1   Thumb Code     0  symdefs.m ABSOLUTE
    gap_rmv_dev_from_periodic_list           0x020065ed   Thumb Code     0  symdefs.m ABSOLUTE
    gap_rx_test_v2                           0x020065fd   Thumb Code     0  symdefs.m ABSOLUTE
    gap_rx_test_v3                           0x0200660d   Thumb Code     0  symdefs.m ABSOLUTE
    gap_set_adv_set_random_addr              0x02006659   Thumb Code     0  symdefs.m ABSOLUTE
    gap_set_connection_cte_request_enable    0x020066a1   Thumb Code     0  symdefs.m ABSOLUTE
    gap_set_connection_cte_response_enable   0x020066bd   Thumb Code     0  symdefs.m ABSOLUTE
    gap_set_connection_cte_rx_param          0x020066cd   Thumb Code     0  symdefs.m ABSOLUTE
    gap_set_connection_cte_tx_param          0x02006729   Thumb Code     0  symdefs.m ABSOLUTE
    gap_set_connection_parameter_range       0x0200677d   Thumb Code     0  symdefs.m ABSOLUTE
    gap_set_connectionless_cte_tx_enable     0x02006795   Thumb Code     0  symdefs.m ABSOLUTE
    gap_set_connectionless_cte_tx_param      0x020067a5   Thumb Code     0  symdefs.m ABSOLUTE
    gap_set_connectionless_iq_sampling_enable 0x02006805   Thumb Code     0  symdefs.m ABSOLUTE
    gap_set_data_length                      0x02006869   Thumb Code     0  symdefs.m ABSOLUTE
    gap_set_def_phy                          0x02006881   Thumb Code     0  symdefs.m ABSOLUTE
    gap_set_ext_adv_data                     0x02006891   Thumb Code     0  symdefs.m ABSOLUTE
    gap_set_ext_adv_enable                   0x020068a9   Thumb Code     0  symdefs.m ABSOLUTE
    gap_set_ext_adv_para                     0x02006925   Thumb Code     0  symdefs.m ABSOLUTE
    gap_set_ext_scan_enable                  0x020069f5   Thumb Code     0  symdefs.m ABSOLUTE
    gap_set_ext_scan_para                    0x02006a0d   Thumb Code     0  symdefs.m ABSOLUTE
    gap_set_ext_scan_response_data           0x02006ab5   Thumb Code     0  symdefs.m ABSOLUTE
    gap_set_host_channel_classification      0x02006acd   Thumb Code     0  symdefs.m ABSOLUTE
    gap_set_periodic_adv_data                0x02006add   Thumb Code     0  symdefs.m ABSOLUTE
    gap_set_periodic_adv_enable              0x02006b4d   Thumb Code     0  symdefs.m ABSOLUTE
    gap_set_periodic_adv_para                0x02006b5d   Thumb Code     0  symdefs.m ABSOLUTE
    gap_set_periodic_adv_rx_enable           0x02006b75   Thumb Code     0  symdefs.m ABSOLUTE
    gap_set_phy                              0x02006b85   Thumb Code     0  symdefs.m ABSOLUTE
    gap_set_random_device_address            0x02006ba1   Thumb Code     0  symdefs.m ABSOLUTE
    gap_start_ccm                            0x02006bd1   Thumb Code     0  symdefs.m ABSOLUTE
    gap_test_end                             0x02006c25   Thumb Code     0  symdefs.m ABSOLUTE
    gap_tx_test_v2                           0x02006c31   Thumb Code     0  symdefs.m ABSOLUTE
    gap_tx_test_v4                           0x02006c49   Thumb Code     0  symdefs.m ABSOLUTE
    gap_update_connection_parameters         0x02006c6d   Thumb Code     0  symdefs.m ABSOLUTE
    gap_vendor_tx_continuous_wave            0x02006cb1   Thumb Code     0  symdefs.m ABSOLUTE
    gatt_client_cancel_write                 0x020071d9   Thumb Code     0  symdefs.m ABSOLUTE
    gatt_client_discover_characteristic_descriptors 0x020071ff   Thumb Code     0  symdefs.m ABSOLUTE
    gatt_client_discover_characteristics_for_handle_range_by_uuid128 0x0200723f   Thumb Code     0  symdefs.m ABSOLUTE
    gatt_client_discover_characteristics_for_handle_range_by_uuid16 0x0200728f   Thumb Code     0  symdefs.m ABSOLUTE
    gatt_client_discover_characteristics_for_service 0x020072df   Thumb Code     0  symdefs.m ABSOLUTE
    gatt_client_discover_primary_services    0x02007315   Thumb Code     0  symdefs.m ABSOLUTE
    gatt_client_discover_primary_services_by_uuid128 0x02007347   Thumb Code     0  symdefs.m ABSOLUTE
    gatt_client_discover_primary_services_by_uuid16 0x0200738b   Thumb Code     0  symdefs.m ABSOLUTE
    gatt_client_execute_write                0x020073c9   Thumb Code     0  symdefs.m ABSOLUTE
    gatt_client_find_included_services_for_service 0x020073ef   Thumb Code     0  symdefs.m ABSOLUTE
    gatt_client_get_mtu                      0x0200741d   Thumb Code     0  symdefs.m ABSOLUTE
    gatt_client_is_ready                     0x020074e1   Thumb Code     0  symdefs.m ABSOLUTE
    gatt_client_listen_for_characteristic_value_updates 0x020074f7   Thumb Code     0  symdefs.m ABSOLUTE
    gatt_client_prepare_write                0x02007519   Thumb Code     0  symdefs.m ABSOLUTE
    gatt_client_read_characteristic_descriptor_using_descriptor_handle 0x02007555   Thumb Code     0  symdefs.m ABSOLUTE
    gatt_client_read_long_characteristic_descriptor_using_descriptor_handle 0x0200757f   Thumb Code     0  symdefs.m ABSOLUTE
    gatt_client_read_long_characteristic_descriptor_using_descriptor_handle_with_offset 0x02007585   Thumb Code     0  symdefs.m ABSOLUTE
    gatt_client_read_long_value_of_characteristic_using_value_handle 0x020075b3   Thumb Code     0  symdefs.m ABSOLUTE
    gatt_client_read_long_value_of_characteristic_using_value_handle_with_offset 0x020075b9   Thumb Code     0  symdefs.m ABSOLUTE
    gatt_client_read_multiple_characteristic_values 0x020075e7   Thumb Code     0  symdefs.m ABSOLUTE
    gatt_client_read_value_of_characteristic_using_value_handle 0x02007617   Thumb Code     0  symdefs.m ABSOLUTE
    gatt_client_read_value_of_characteristics_by_uuid128 0x02007645   Thumb Code     0  symdefs.m ABSOLUTE
    gatt_client_read_value_of_characteristics_by_uuid16 0x02007691   Thumb Code     0  symdefs.m ABSOLUTE
    gatt_client_register_handler             0x020076dd   Thumb Code     0  symdefs.m ABSOLUTE
    gatt_client_reliable_write_long_value_of_characteristic 0x020076e9   Thumb Code     0  symdefs.m ABSOLUTE
    gatt_client_signed_write_without_response 0x02007b1d   Thumb Code     0  symdefs.m ABSOLUTE
    gatt_client_write_characteristic_descriptor_using_descriptor_handle 0x02007be1   Thumb Code     0  symdefs.m ABSOLUTE
    gatt_client_write_client_characteristic_configuration 0x02007c1b   Thumb Code     0  symdefs.m ABSOLUTE
    gatt_client_write_long_characteristic_descriptor_using_descriptor_handle 0x02007c6d   Thumb Code     0  symdefs.m ABSOLUTE
    gatt_client_write_long_characteristic_descriptor_using_descriptor_handle_with_offset 0x02007c7d   Thumb Code     0  symdefs.m ABSOLUTE
    gatt_client_write_long_value_of_characteristic 0x02007cb9   Thumb Code     0  symdefs.m ABSOLUTE
    gatt_client_write_long_value_of_characteristic_with_offset 0x02007cc9   Thumb Code     0  symdefs.m ABSOLUTE
    gatt_client_write_value_of_characteristic 0x02007d05   Thumb Code     0  symdefs.m ABSOLUTE
    gatt_client_write_value_of_characteristic_without_response 0x02007d3b   Thumb Code     0  symdefs.m ABSOLUTE
    hci_add_event_handler                    0x02009331   Thumb Code     0  symdefs.m ABSOLUTE
    hci_power_control                        0x02009b31   Thumb Code     0  symdefs.m ABSOLUTE
    hci_register_acl_packet_handler          0x02009ce5   Thumb Code     0  symdefs.m ABSOLUTE
    kv_commit                                0x0200a219   Thumb Code     0  symdefs.m ABSOLUTE
    kv_get                                   0x0200a271   Thumb Code     0  symdefs.m ABSOLUTE
    kv_init                                  0x0200a289   Thumb Code     0  symdefs.m ABSOLUTE
    kv_put                                   0x0200a2f1   Thumb Code     0  symdefs.m ABSOLUTE
    kv_remove                                0x0200a369   Thumb Code     0  symdefs.m ABSOLUTE
    kv_remove_all                            0x0200a3a5   Thumb Code     0  symdefs.m ABSOLUTE
    kv_value_modified                        0x0200a3e9   Thumb Code     0  symdefs.m ABSOLUTE
    kv_visit                                 0x0200a3ed   Thumb Code     0  symdefs.m ABSOLUTE
    l2cap_add_event_handler                  0x0200a4a1   Thumb Code     0  symdefs.m ABSOLUTE
    l2cap_can_send_packet_now                0x0200a4b1   Thumb Code     0  symdefs.m ABSOLUTE
    l2cap_create_le_credit_based_connection_request 0x0200a675   Thumb Code     0  symdefs.m ABSOLUTE
    l2cap_credit_based_send                  0x0200a7bd   Thumb Code     0  symdefs.m ABSOLUTE
    l2cap_credit_based_send_continue         0x0200a7e9   Thumb Code     0  symdefs.m ABSOLUTE
    l2cap_disconnect                         0x0200a865   Thumb Code     0  symdefs.m ABSOLUTE
    l2cap_get_le_credit_based_connection_credits 0x0200aa51   Thumb Code     0  symdefs.m ABSOLUTE
    l2cap_get_peer_mtu_for_local_cid         0x0200aa6d   Thumb Code     0  symdefs.m ABSOLUTE
    l2cap_init                               0x0200aead   Thumb Code     0  symdefs.m ABSOLUTE
    l2cap_le_send_flow_control_credit        0x0200afa3   Thumb Code     0  symdefs.m ABSOLUTE
    l2cap_max_le_mtu                         0x0200b2b1   Thumb Code     0  symdefs.m ABSOLUTE
    l2cap_register_packet_handler            0x0200b3d9   Thumb Code     0  symdefs.m ABSOLUTE
    l2cap_register_service                   0x0200b3e5   Thumb Code     0  symdefs.m ABSOLUTE
    l2cap_request_can_send_now_event         0x0200b4f5   Thumb Code     0  symdefs.m ABSOLUTE
    l2cap_request_connection_parameter_update 0x0200b50f   Thumb Code     0  symdefs.m ABSOLUTE
    l2cap_send_echo_request                  0x0200b9f1   Thumb Code     0  symdefs.m ABSOLUTE
    l2cap_unregister_service                 0x0200bad1   Thumb Code     0  symdefs.m ABSOLUTE
    le_device_db_add                         0x0200bb29   Thumb Code     0  symdefs.m ABSOLUTE
    le_device_db_find                        0x0200bbfd   Thumb Code     0  symdefs.m ABSOLUTE
    le_device_db_from_key                    0x0200bc29   Thumb Code     0  symdefs.m ABSOLUTE
    le_device_db_iter_cur                    0x0200bc31   Thumb Code     0  symdefs.m ABSOLUTE
    le_device_db_iter_cur_key                0x0200bc35   Thumb Code     0  symdefs.m ABSOLUTE
    le_device_db_iter_init                   0x0200bc39   Thumb Code     0  symdefs.m ABSOLUTE
    le_device_db_iter_next                   0x0200bc41   Thumb Code     0  symdefs.m ABSOLUTE
    le_device_db_remove_key                  0x0200bc67   Thumb Code     0  symdefs.m ABSOLUTE
    ll_adjust_conn_peer_tx_power             0x0200bc95   Thumb Code     0  symdefs.m ABSOLUTE
    ll_aes_encrypt                           0x0200bcc1   Thumb Code     0  symdefs.m ABSOLUTE
    ll_config                                0x0200bd35   Thumb Code     0  symdefs.m ABSOLUTE
    ll_free                                  0x0200bd45   Thumb Code     0  symdefs.m ABSOLUTE
    ll_get_heap_free_size                    0x0200bd51   Thumb Code     0  symdefs.m ABSOLUTE
    ll_hint_on_ce_len                        0x0200bd61   Thumb Code     0  symdefs.m ABSOLUTE
    ll_legacy_adv_set_interval               0x0200bd99   Thumb Code     0  symdefs.m ABSOLUTE
    ll_malloc                                0x0200bda9   Thumb Code     0  symdefs.m ABSOLUTE
    ll_scan_set_fixed_channel                0x0200bf19   Thumb Code     0  symdefs.m ABSOLUTE
    ll_set_adv_access_address                0x0200c111   Thumb Code     0  symdefs.m ABSOLUTE
    ll_set_adv_coded_scheme                  0x0200c11d   Thumb Code     0  symdefs.m ABSOLUTE
    ll_set_conn_coded_scheme                 0x0200c155   Thumb Code     0  symdefs.m ABSOLUTE
    ll_set_conn_latency                      0x0200c181   Thumb Code     0  symdefs.m ABSOLUTE
    ll_set_conn_tx_power                     0x0200c1b1   Thumb Code     0  symdefs.m ABSOLUTE
    ll_set_def_antenna                       0x0200c1ed   Thumb Code     0  symdefs.m ABSOLUTE
    ll_set_initiating_coded_scheme           0x0200c20d   Thumb Code     0  symdefs.m ABSOLUTE
    ll_set_max_conn_number                   0x0200c219   Thumb Code     0  symdefs.m ABSOLUTE
    ll_set_tx_power_range                    0x0200c2b5   Thumb Code     0  symdefs.m ABSOLUTE
    nibble_for_char                          0x0201eb31   Thumb Code     0  symdefs.m ABSOLUTE
    platform_32k_rc_auto_tune                0x0201ebdd   Thumb Code     0  symdefs.m ABSOLUTE
    platform_32k_rc_tune                     0x0201ec29   Thumb Code     0  symdefs.m ABSOLUTE
    platform_calibrate_32k                   0x0201ec45   Thumb Code     0  symdefs.m ABSOLUTE
    platform_config                          0x0201ec49   Thumb Code     0  symdefs.m ABSOLUTE
    platform_enable_irq                      0x0201ed75   Thumb Code     0  symdefs.m ABSOLUTE
    platform_get_current_task                0x0201eda9   Thumb Code     0  symdefs.m ABSOLUTE
    platform_get_gen_os_driver               0x0201edcd   Thumb Code     0  symdefs.m ABSOLUTE
    platform_get_heap_status                 0x0201edd5   Thumb Code     0  symdefs.m ABSOLUTE
    platform_get_task_handle                 0x0201eded   Thumb Code     0  symdefs.m ABSOLUTE
    platform_get_us_time                     0x0201ee0d   Thumb Code     0  symdefs.m ABSOLUTE
    platform_get_version                     0x0201ee11   Thumb Code     0  symdefs.m ABSOLUTE
    platform_hrng                            0x0201ee19   Thumb Code     0  symdefs.m ABSOLUTE
    platform_install_isr_stack               0x0201ee21   Thumb Code     0  symdefs.m ABSOLUTE
    platform_install_task_stack              0x0201ee2d   Thumb Code     0  symdefs.m ABSOLUTE
    platform_patch_rf_init_data              0x0201ee65   Thumb Code     0  symdefs.m ABSOLUTE
    platform_printf                          0x0201ee71   Thumb Code     0  symdefs.m ABSOLUTE
    platform_raise_assertion                 0x0201ee85   Thumb Code     0  symdefs.m ABSOLUTE
    platform_rand                            0x0201ee99   Thumb Code     0  symdefs.m ABSOLUTE
    platform_read_info                       0x0201ee9d   Thumb Code     0  symdefs.m ABSOLUTE
    platform_read_persistent_reg             0x0201eecd   Thumb Code     0  symdefs.m ABSOLUTE
    platform_reset                           0x0201eed9   Thumb Code     0  symdefs.m ABSOLUTE
    platform_set_evt_callback                0x0201eeed   Thumb Code     0  symdefs.m ABSOLUTE
    platform_set_evt_callback_table          0x0201ef01   Thumb Code     0  symdefs.m ABSOLUTE
    platform_set_irq_callback                0x0201ef0d   Thumb Code     0  symdefs.m ABSOLUTE
    platform_set_irq_callback_table          0x0201ef29   Thumb Code     0  symdefs.m ABSOLUTE
    platform_set_rf_clk_source               0x0201ef35   Thumb Code     0  symdefs.m ABSOLUTE
    platform_set_rf_init_data                0x0201ef41   Thumb Code     0  symdefs.m ABSOLUTE
    platform_set_rf_power_mapping            0x0201ef4d   Thumb Code     0  symdefs.m ABSOLUTE
    platform_set_timer                       0x0201ef59   Thumb Code     0  symdefs.m ABSOLUTE
    platform_shutdown                        0x0201ef5d   Thumb Code     0  symdefs.m ABSOLUTE
    platform_switch_app                      0x0201ef61   Thumb Code     0  symdefs.m ABSOLUTE
    platform_trace_raw                       0x0201ef79   Thumb Code     0  symdefs.m ABSOLUTE
    platform_write_persistent_reg            0x0201ef91   Thumb Code     0  symdefs.m ABSOLUTE
    printf_hexdump                           0x0201f149   Thumb Code     0  symdefs.m ABSOLUTE
    pvPortMalloc                             0x0201fc1d   Thumb Code     0  symdefs.m ABSOLUTE
    pvTaskIncrementMutexHeldCount            0x0201fd05   Thumb Code     0  symdefs.m ABSOLUTE
    pvTimerGetTimerID                        0x0201fd1d   Thumb Code     0  symdefs.m ABSOLUTE
    pxPortInitialiseStack                    0x0201fd49   Thumb Code     0  symdefs.m ABSOLUTE
    reverse_128                              0x0201ff31   Thumb Code     0  symdefs.m ABSOLUTE
    reverse_24                               0x0201ff37   Thumb Code     0  symdefs.m ABSOLUTE
    reverse_48                               0x0201ff3d   Thumb Code     0  symdefs.m ABSOLUTE
    reverse_56                               0x0201ff43   Thumb Code     0  symdefs.m ABSOLUTE
    reverse_64                               0x0201ff49   Thumb Code     0  symdefs.m ABSOLUTE
    reverse_bd_addr                          0x0201ff4f   Thumb Code     0  symdefs.m ABSOLUTE
    reverse_bytes                            0x0201ff55   Thumb Code     0  symdefs.m ABSOLUTE
    sm_add_event_handler                     0x02020271   Thumb Code     0  symdefs.m ABSOLUTE
    sm_address_resolution_lookup             0x020203c9   Thumb Code     0  symdefs.m ABSOLUTE
    sm_authenticated                         0x02020729   Thumb Code     0  symdefs.m ABSOLUTE
    sm_authorization_decline                 0x02020737   Thumb Code     0  symdefs.m ABSOLUTE
    sm_authorization_grant                   0x02020757   Thumb Code     0  symdefs.m ABSOLUTE
    sm_authorization_state                   0x02020777   Thumb Code     0  symdefs.m ABSOLUTE
    sm_bonding_decline                       0x02020791   Thumb Code     0  symdefs.m ABSOLUTE
    sm_config                                0x02020ba9   Thumb Code     0  symdefs.m ABSOLUTE
    sm_config_conn                           0x02020bc1   Thumb Code     0  symdefs.m ABSOLUTE
    sm_encryption_key_size                   0x02020d77   Thumb Code     0  symdefs.m ABSOLUTE
    sm_just_works_confirm                    0x020212b1   Thumb Code     0  symdefs.m ABSOLUTE
    sm_le_device_key                         0x020215ed   Thumb Code     0  symdefs.m ABSOLUTE
    sm_passkey_input                         0x02021683   Thumb Code     0  symdefs.m ABSOLUTE
    sm_private_random_address_generation_get 0x02021a31   Thumb Code     0  symdefs.m ABSOLUTE
    sm_private_random_address_generation_get_mode 0x02021a39   Thumb Code     0  symdefs.m ABSOLUTE
    sm_private_random_address_generation_set_mode 0x02021a45   Thumb Code     0  symdefs.m ABSOLUTE
    sm_private_random_address_generation_set_update_period 0x02021a6d   Thumb Code     0  symdefs.m ABSOLUTE
    sm_register_oob_data_callback            0x02021ba9   Thumb Code     0  symdefs.m ABSOLUTE
    sm_request_pairing                       0x02021bb5   Thumb Code     0  symdefs.m ABSOLUTE
    sm_send_security_request                 0x020225f3   Thumb Code     0  symdefs.m ABSOLUTE
    sm_set_accepted_stk_generation_methods   0x02022619   Thumb Code     0  symdefs.m ABSOLUTE
    sm_set_authentication_requirements       0x02022625   Thumb Code     0  symdefs.m ABSOLUTE
    sm_set_encryption_key_size_range         0x02022631   Thumb Code     0  symdefs.m ABSOLUTE
    sscanf_bd_addr                           0x02022991   Thumb Code     0  symdefs.m ABSOLUTE
    sysSetPublicDeviceAddr                   0x02022df5   Thumb Code     0  symdefs.m ABSOLUTE
    uuid128_to_str                           0x02023615   Thumb Code     0  symdefs.m ABSOLUTE
    uuid_add_bluetooth_prefix                0x0202366d   Thumb Code     0  symdefs.m ABSOLUTE
    uuid_has_bluetooth_prefix                0x0202368d   Thumb Code     0  symdefs.m ABSOLUTE
    uxListRemove                             0x020236a9   Thumb Code     0  symdefs.m ABSOLUTE
    uxQueueMessagesWaiting                   0x020236d1   Thumb Code     0  symdefs.m ABSOLUTE
    uxQueueMessagesWaitingFromISR            0x020236f9   Thumb Code     0  symdefs.m ABSOLUTE
    uxQueueSpacesAvailable                   0x02023715   Thumb Code     0  symdefs.m ABSOLUTE
    uxTaskGetStackHighWaterMark              0x02023741   Thumb Code     0  symdefs.m ABSOLUTE
    uxTaskPriorityGet                        0x02023761   Thumb Code     0  symdefs.m ABSOLUTE
    uxTaskPriorityGetFromISR                 0x0202377d   Thumb Code     0  symdefs.m ABSOLUTE
    vListInitialise                          0x0202383b   Thumb Code     0  symdefs.m ABSOLUTE
    vListInitialiseItem                      0x02023851   Thumb Code     0  symdefs.m ABSOLUTE
    vListInsert                              0x02023857   Thumb Code     0  symdefs.m ABSOLUTE
    vListInsertEnd                           0x02023887   Thumb Code     0  symdefs.m ABSOLUTE
    vPortEndScheduler                        0x020238a1   Thumb Code     0  symdefs.m ABSOLUTE
    vPortEnterCritical                       0x020238cd   Thumb Code     0  symdefs.m ABSOLUTE
    vPortExitCritical                        0x02023911   Thumb Code     0  symdefs.m ABSOLUTE
    vPortFree                                0x02023945   Thumb Code     0  symdefs.m ABSOLUTE
    vPortSuppressTicksAndSleep               0x020239e9   Thumb Code     0  symdefs.m ABSOLUTE
    vPortValidateInterruptPriority           0x02023b11   Thumb Code     0  symdefs.m ABSOLUTE
    vQueueDelete                             0x02023b6d   Thumb Code     0  symdefs.m ABSOLUTE
    vQueueWaitForMessageRestricted           0x02023b99   Thumb Code     0  symdefs.m ABSOLUTE
    vTaskDelay                               0x02023bdd   Thumb Code     0  symdefs.m ABSOLUTE
    vTaskInternalSetTimeOutState             0x02023c29   Thumb Code     0  symdefs.m ABSOLUTE
    vTaskMissedYield                         0x02023c39   Thumb Code     0  symdefs.m ABSOLUTE
    vTaskPlaceOnEventList                    0x02023c45   Thumb Code     0  symdefs.m ABSOLUTE
    vTaskPlaceOnEventListRestricted          0x02023c7d   Thumb Code     0  symdefs.m ABSOLUTE
    vTaskPriorityDisinheritAfterTimeout      0x02023cbd   Thumb Code     0  symdefs.m ABSOLUTE
    vTaskPrioritySet                         0x02023d69   Thumb Code     0  symdefs.m ABSOLUTE
    vTaskResume                              0x02023e31   Thumb Code     0  symdefs.m ABSOLUTE
    vTaskStartScheduler                      0x02023eb5   Thumb Code     0  symdefs.m ABSOLUTE
    vTaskStepTick                            0x02023f45   Thumb Code     0  symdefs.m ABSOLUTE
    vTaskSuspend                             0x02023f75   Thumb Code     0  symdefs.m ABSOLUTE
    vTaskSuspendAll                          0x02024031   Thumb Code     0  symdefs.m ABSOLUTE
    vTaskSwitchContext                       0x02024041   Thumb Code     0  symdefs.m ABSOLUTE
    xPortStartScheduler                      0x020240e9   Thumb Code     0  symdefs.m ABSOLUTE
    xQueueAddToSet                           0x020241ed   Thumb Code     0  symdefs.m ABSOLUTE
    xQueueCreateCountingSemaphore            0x02024211   Thumb Code     0  symdefs.m ABSOLUTE
    xQueueCreateCountingSemaphoreStatic      0x0202424d   Thumb Code     0  symdefs.m ABSOLUTE
    xQueueCreateMutex                        0x02024291   Thumb Code     0  symdefs.m ABSOLUTE
    xQueueCreateMutexStatic                  0x020242a7   Thumb Code     0  symdefs.m ABSOLUTE
    xQueueCreateSet                          0x020242c1   Thumb Code     0  symdefs.m ABSOLUTE
    xQueueGenericCreate                      0x020242c9   Thumb Code     0  symdefs.m ABSOLUTE
    xQueueGenericCreateStatic                0x02024315   Thumb Code     0  symdefs.m ABSOLUTE
    xQueueGenericReset                       0x0202437d   Thumb Code     0  symdefs.m ABSOLUTE
    xQueueGenericSend                        0x02024409   Thumb Code     0  symdefs.m ABSOLUTE
    xQueueGenericSendFromISR                 0x02024575   Thumb Code     0  symdefs.m ABSOLUTE
    xQueueGiveFromISR                        0x02024635   Thumb Code     0  symdefs.m ABSOLUTE
    xQueueGiveMutexRecursive                 0x020246d9   Thumb Code     0  symdefs.m ABSOLUTE
    xQueueIsQueueEmptyFromISR                0x02024719   Thumb Code     0  symdefs.m ABSOLUTE
    xQueueIsQueueFullFromISR                 0x0202473d   Thumb Code     0  symdefs.m ABSOLUTE
    xQueuePeek                               0x02024765   Thumb Code     0  symdefs.m ABSOLUTE
    xQueuePeekFromISR                        0x0202488d   Thumb Code     0  symdefs.m ABSOLUTE
    xQueueReceive                            0x020248f9   Thumb Code     0  symdefs.m ABSOLUTE
    xQueueReceiveFromISR                     0x02024a25   Thumb Code     0  symdefs.m ABSOLUTE
    xQueueRemoveFromSet                      0x02024ab9   Thumb Code     0  symdefs.m ABSOLUTE
    xQueueSelectFromSet                      0x02024adb   Thumb Code     0  symdefs.m ABSOLUTE
    xQueueSelectFromSetFromISR               0x02024aed   Thumb Code     0  symdefs.m ABSOLUTE
    xQueueSemaphoreTake                      0x02024b01   Thumb Code     0  symdefs.m ABSOLUTE
    xQueueTakeMutexRecursive                 0x02024c6d   Thumb Code     0  symdefs.m ABSOLUTE
    xTaskCheckForTimeOut                     0x02024cb1   Thumb Code     0  symdefs.m ABSOLUTE
    xTaskCreate                              0x02024d21   Thumb Code     0  symdefs.m ABSOLUTE
    xTaskCreateStatic                        0x02024d7d   Thumb Code     0  symdefs.m ABSOLUTE
    xTaskGetCurrentTaskHandle                0x02024ded   Thumb Code     0  symdefs.m ABSOLUTE
    xTaskGetSchedulerState                   0x02024df9   Thumb Code     0  symdefs.m ABSOLUTE
    xTaskGetTickCount                        0x02024e15   Thumb Code     0  symdefs.m ABSOLUTE
    xTaskGetTickCountFromISR                 0x02024e21   Thumb Code     0  symdefs.m ABSOLUTE
    xTaskIncrementTick                       0x02024e31   Thumb Code     0  symdefs.m ABSOLUTE
    xTaskPriorityDisinherit                  0x02024efd   Thumb Code     0  symdefs.m ABSOLUTE
    xTaskPriorityInherit                     0x02024f91   Thumb Code     0  symdefs.m ABSOLUTE
    xTaskRemoveFromEventList                 0x02025025   Thumb Code     0  symdefs.m ABSOLUTE
    xTaskResumeAll                           0x020250a5   Thumb Code     0  symdefs.m ABSOLUTE
    xTaskResumeFromISR                       0x0202516d   Thumb Code     0  symdefs.m ABSOLUTE
    xTimerCreate                             0x020251f9   Thumb Code     0  symdefs.m ABSOLUTE
    xTimerCreateStatic                       0x0202522d   Thumb Code     0  symdefs.m ABSOLUTE
    xTimerCreateTimerTask                    0x02025265   Thumb Code     0  symdefs.m ABSOLUTE
    xTimerGenericCommand                     0x020252d1   Thumb Code     0  symdefs.m ABSOLUTE
    xTimerGetExpiryTime                      0x02025341   Thumb Code     0  symdefs.m ABSOLUTE
    xTimerGetTimerDaemonTaskHandle           0x02025361   Thumb Code     0  symdefs.m ABSOLUTE
    __Vectors                                0x02028000   Data           4  startup_ing91600.o(RESET)
    __main                                   0x02028009   Thumb Code     0  entry.o(.ARM.Collect$$$$00000000)
    _main_stk                                0x02028009   Thumb Code     0  entry2.o(.ARM.Collect$$$$00000001)
    _main_scatterload                        0x0202800d   Thumb Code     0  entry5.o(.ARM.Collect$$$$00000004)
    __main_after_scatterload                 0x02028011   Thumb Code     0  entry5.o(.ARM.Collect$$$$00000004)
    _main_clock                              0x02028011   Thumb Code     0  entry7b.o(.ARM.Collect$$$$00000008)
    _main_cpp_init                           0x02028011   Thumb Code     0  entry8b.o(.ARM.Collect$$$$0000000A)
    _main_init                               0x02028011   Thumb Code     0  entry9a.o(.ARM.Collect$$$$0000000B)
    __rt_final_cpp                           0x02028019   Thumb Code     0  entry10a.o(.ARM.Collect$$$$0000000D)
    __rt_final_exit                          0x02028019   Thumb Code     0  entry11a.o(.ARM.Collect$$$$0000000F)
    Reset_Handler                            0x0202801d   Thumb Code    14  startup_ing91600.o(.text)
    main                                     0x0202802d   Thumb Code    14  startup_ing91600.o(.text)
    __scatterload                            0x02028045   Thumb Code    28  init.o(.text)
    __scatterload_rt2                        0x02028045   Thumb Code     0  init.o(.text)
    __aeabi_memcpy                           0x02028069   Thumb Code    36  memcpya.o(.text)
    __aeabi_memcpy4                          0x02028069   Thumb Code     0  memcpya.o(.text)
    __aeabi_memcpy8                          0x02028069   Thumb Code     0  memcpya.o(.text)
    __aeabi_memset                           0x0202808d   Thumb Code    14  memseta.o(.text)
    __aeabi_memset4                          0x0202808d   Thumb Code     0  memseta.o(.text)
    __aeabi_memset8                          0x0202808d   Thumb Code     0  memseta.o(.text)
    __aeabi_memclr                           0x0202809b   Thumb Code     4  memseta.o(.text)
    __aeabi_memclr4                          0x0202809b   Thumb Code     0  memseta.o(.text)
    __aeabi_memclr8                          0x0202809b   Thumb Code     0  memseta.o(.text)
    _memset$wrapper                          0x0202809f   Thumb Code    18  memseta.o(.text)
    __aeabi_dadd                             0x020280b1   Thumb Code   322  dadd.o(.text)
    __aeabi_dsub                             0x020281f3   Thumb Code     6  dadd.o(.text)
    __aeabi_drsub                            0x020281f9   Thumb Code     6  dadd.o(.text)
    __aeabi_ddiv                             0x020281ff   Thumb Code   222  ddiv.o(.text)
    __aeabi_uidiv                            0x020282dd   Thumb Code     0  uidiv.o(.text)
    __aeabi_uidivmod                         0x020282dd   Thumb Code    44  uidiv.o(.text)
    __aeabi_uldivmod                         0x02028309   Thumb Code    98  uldiv.o(.text)
    __aeabi_llsl                             0x0202836b   Thumb Code    30  llshl.o(.text)
    _ll_shift_l                              0x0202836b   Thumb Code     0  llshl.o(.text)
    __aeabi_lasr                             0x02028389   Thumb Code    36  llsshr.o(.text)
    _ll_sshift_r                             0x02028389   Thumb Code     0  llsshr.o(.text)
    __I$use$fp                               0x020283ad   Thumb Code     0  iusefp.o(.text)
    _double_round                            0x020283ad   Thumb Code    30  depilogue.o(.text)
    _double_epilogue                         0x020283cb   Thumb Code   156  depilogue.o(.text)
    __aeabi_dmul                             0x02028467   Thumb Code   228  dmul.o(.text)
    __aeabi_d2ulz                            0x0202854b   Thumb Code    48  dfixul.o(.text)
    __aeabi_cdrcmple                         0x0202857d   Thumb Code    48  cdrcmple.o(.text)
    __aeabi_llsr                             0x020285ad   Thumb Code    32  llushr.o(.text)
    _ll_ushift_r                             0x020285ad   Thumb Code     0  llushr.o(.text)
    PINCTRL_SelSpiIn                         0x0202865d   Thumb Code   518  peripheral_pinctrl.o(.text.PINCTRL_SelSpiIn)
    PINCTRL_SetPadMux                        0x02028865   Thumb Code   422  peripheral_pinctrl.o(.text.PINCTRL_SetPadMux)
    SYSCTRL_ClearClkGate                     0x02028a0d   Thumb Code    22  peripheral_sysctrl.o(.text.SYSCTRL_ClearClkGate)
    SYSCTRL_ClearClkGateMulti                0x02028a25   Thumb Code    66  peripheral_sysctrl.o(.text.SYSCTRL_ClearClkGateMulti)
    SYSCTRL_GetPLLClk                        0x02028df1   Thumb Code    82  peripheral_sysctrl.o(.text.SYSCTRL_GetPLLClk)
    SYSCTRL_GetSlowClk                       0x02028e45   Thumb Code   162  peripheral_sysctrl.o(.text.SYSCTRL_GetSlowClk)
    SYSCTRL_Init                             0x02028ee9   Thumb Code   202  peripheral_sysctrl.o(.text.SYSCTRL_Init)
    SYSCTRL_SetLDOOutput                     0x02028fb5   Thumb Code    36  peripheral_sysctrl.o(.text.SYSCTRL_SetLDOOutput)
    UART_SendData                            0x02028fd9   Thumb Code    20  peripheral_uart.o(.text.UART_SendData)
    apSSP_ClearIntStatus                     0x020291f9   Thumb Code    20  peripheral_ssp.o(.text.apSSP_ClearIntStatus)
    apSSP_DeviceParametersSet                0x0202920d   Thumb Code   166  peripheral_ssp.o(.text.apSSP_DeviceParametersSet)
    apSSP_GetIntRawStatus                    0x020292b5   Thumb Code    12  peripheral_ssp.o(.text.apSSP_GetIntRawStatus)
    apSSP_GetSPIActiveStatus                 0x020292c1   Thumb Code    16  peripheral_ssp.o(.text.apSSP_GetSPIActiveStatus)
    apSSP_Initialize                         0x020292d1   Thumb Code    46  peripheral_ssp.o(.text.apSSP_Initialize)
    apSSP_IntEnable                          0x02029301   Thumb Code    20  peripheral_ssp.o(.text.apSSP_IntEnable)
    apSSP_ReadFIFO                           0x02029315   Thumb Code    18  peripheral_ssp.o(.text.apSSP_ReadFIFO)
    apSSP_ResetRxFifo                        0x02029329   Thumb Code    34  peripheral_ssp.o(.text.apSSP_ResetRxFifo)
    apSSP_ResetTxFifo                        0x0202934d   Thumb Code    34  peripheral_ssp.o(.text.apSSP_ResetTxFifo)
    apSSP_SetMemAccessCmd                    0x02029371   Thumb Code    34  peripheral_ssp.o(.text.apSSP_SetMemAccessCmd)
    apSSP_SetRxThres                         0x02029395   Thumb Code    36  peripheral_ssp.o(.text.apSSP_SetRxThres)
    apSSP_SetTimingSclkDiv                   0x020293b9   Thumb Code    34  peripheral_ssp.o(.text.apSSP_SetTimingSclkDiv)
    apSSP_SetTxThres                         0x020293dd   Thumb Code    36  peripheral_ssp.o(.text.apSSP_SetTxThres)
    apSSP_WriteCmd                           0x02029401   Thumb Code    24  peripheral_ssp.o(.text.apSSP_WriteCmd)
    apSSP_WriteFIFO                          0x02029419   Thumb Code    16  peripheral_ssp.o(.text.apSSP_WriteFIFO)
    apUART_BaudRateSet                       0x02029429   Thumb Code   116  peripheral_uart.o(.text.apUART_BaudRateSet)
    apUART_Check_TXFIFO_FULL                 0x0202949d   Thumb Code    16  peripheral_uart.o(.text.apUART_Check_TXFIFO_FULL)
    apUART_Initialize                        0x020294ad   Thumb Code   152  peripheral_uart.o(.text.apUART_Initialize)
    app_main                                 0x02029545   Thumb Code    26  main.o(.text.app_main)
    cb_putc                                  0x02029605   Thumb Code    52  main.o(.text.cb_putc)
    config_uart                              0x02029639   Thumb Code    84  main.o(.text.config_uart)
    erase_flash_sector                       0x02029709   Thumb Code    26  eflash.o(.text.erase_flash_sector)
    flash_get_factory_calib_data             0x02029725   Thumb Code    36  eflash.o(.text.flash_get_factory_calib_data)
    flash_prepare_factory_data               0x02029749   Thumb Code   156  eflash.o(.text.flash_prepare_factory_data)
    fputc                                    0x020297e5   Thumb Code    22  main.o(.text.fputc)
    peripherals_spi_send_data                0x02029875   Thumb Code   186  qspi_flash.o(.text.peripherals_spi_send_data)
    program_flash                            0x020299d1   Thumb Code    26  eflash.o(.text.program_flash)
    read_flash_security                      0x020299ed   Thumb Code    52  eflash.o(.text.read_flash_security)
    setup_peripherals                        0x02029add   Thumb Code   104  main.o(.text.setup_peripherals)
    setup_peripherals_spi                    0x02029b45   Thumb Code    30  qspi_flash.o(.text.setup_peripherals_spi)
    write_flash                              0x02029c85   Thumb Code   126  eflash.o(.text.write_flash)
    __0printf                                0x02029d05   Thumb Code    22  printfa.o(i.__0printf)
    __1printf                                0x02029d05   Thumb Code     0  printfa.o(i.__0printf)
    __2printf                                0x02029d05   Thumb Code     0  printfa.o(i.__0printf)
    __c89printf                              0x02029d05   Thumb Code     0  printfa.o(i.__0printf)
    printf                                   0x02029d05   Thumb Code     0  printfa.o(i.__0printf)
    __scatterload_copy                       0x02029d25   Thumb Code    14  handlers.o(i.__scatterload_copy)
    __scatterload_null                       0x02029d33   Thumb Code     2  handlers.o(i.__scatterload_null)
    __scatterload_zeroinit                   0x02029d35   Thumb Code    14  handlers.o(i.__scatterload_zeroinit)
    io_output_source_map                     0x0202a674   Data         798  peripheral_pinctrl.o(.rodata.io_output_source_map)
    Region$$Table$$Base                      0x0202aab8   Number         0  anon$$obj.o(Region$$Table)
    Region$$Table$$Limit                     0x0202aad8   Number         0  anon$$obj.o(Region$$Table)
    __stdout                                 0x200053f0   Data           4  stdout.o(.data)
    pParam                                   0x200053f4   Data          20  qspi_flash.o(.data.pParam)
    __initial_sp                             0x20005414   Data           0  startup_ing91600.o(STACK)



==============================================================================

Memory Map of the image

  Image Entry point : 0x02028009

  Load Region LR_IROM1 (Base: 0x02028000, Size: 0x00002af0, Max: 0x00058000, ABSOLUTE)

    Execution Region ER_IROM1 (Exec base: 0x02028000, Load base: 0x02028000, Size: 0x00002ad8, Max: 0x00058000, ABSOLUTE)

    Exec Addr    Load Addr    Size         Type   Attr      Idx    E Section Name        Object

    0x02028000   0x02028000   0x00000008   Data   RO           98    RESET               startup_ing91600.o
    0x02028008   0x02028008   0x00000000   Code   RO          613  * .ARM.Collect$$$$00000000  mc_w.l(entry.o)
    0x02028008   0x02028008   0x00000004   Code   RO          660    .ARM.Collect$$$$00000001  mc_w.l(entry2.o)
    0x0202800c   0x0202800c   0x00000004   Code   RO          663    .ARM.Collect$$$$00000004  mc_w.l(entry5.o)
    0x02028010   0x02028010   0x00000000   Code   RO          665    .ARM.Collect$$$$00000008  mc_w.l(entry7b.o)
    0x02028010   0x02028010   0x00000000   Code   RO          667    .ARM.Collect$$$$0000000A  mc_w.l(entry8b.o)
    0x02028010   0x02028010   0x00000008   Code   RO          668    .ARM.Collect$$$$0000000B  mc_w.l(entry9a.o)
    0x02028018   0x02028018   0x00000000   Code   RO          670    .ARM.Collect$$$$0000000D  mc_w.l(entry10a.o)
    0x02028018   0x02028018   0x00000000   Code   RO          672    .ARM.Collect$$$$0000000F  mc_w.l(entry11a.o)
    0x02028018   0x02028018   0x00000004   Code   RO          661    .ARM.Collect$$$$00002712  mc_w.l(entry2.o)
    0x0202801c   0x0202801c   0x00000028   Code   RO           99    .text               startup_ing91600.o
    0x02028044   0x02028044   0x00000024   Code   RO          614    .text               mc_w.l(init.o)
    0x02028068   0x02028068   0x00000024   Code   RO          618    .text               mc_w.l(memcpya.o)
    0x0202808c   0x0202808c   0x00000024   Code   RO          620    .text               mc_w.l(memseta.o)
    0x020280b0   0x020280b0   0x0000014e   Code   RO          652    .text               mf_w.l(dadd.o)
    0x020281fe   0x020281fe   0x000000de   Code   RO          654    .text               mf_w.l(ddiv.o)
    0x020282dc   0x020282dc   0x0000002c   Code   RO          684    .text               mc_w.l(uidiv.o)
    0x02028308   0x02028308   0x00000062   Code   RO          686    .text               mc_w.l(uldiv.o)
    0x0202836a   0x0202836a   0x0000001e   Code   RO          688    .text               mc_w.l(llshl.o)
    0x02028388   0x02028388   0x00000024   Code   RO          690    .text               mc_w.l(llsshr.o)
    0x020283ac   0x020283ac   0x00000000   Code   RO          692    .text               mc_w.l(iusefp.o)
    0x020283ac   0x020283ac   0x000000ba   Code   RO          695    .text               mf_w.l(depilogue.o)
    0x02028466   0x02028466   0x000000e4   Code   RO          697    .text               mf_w.l(dmul.o)
    0x0202854a   0x0202854a   0x00000030   Code   RO          699    .text               mf_w.l(dfixul.o)
    0x0202857a   0x0202857a   0x00000002   PAD
    0x0202857c   0x0202857c   0x00000030   Code   RO          701    .text               mf_w.l(cdrcmple.o)
    0x020285ac   0x020285ac   0x00000020   Code   RO          703    .text               mc_w.l(llushr.o)
    0x020285cc   0x020285cc   0x00000090   Code   RO          195    .text.PINCTRL_SelInput  peripheral_pinctrl.o
    0x0202865c   0x0202865c   0x00000206   Code   RO          199    .text.PINCTRL_SelSpiIn  peripheral_pinctrl.o
    0x02028862   0x02028862   0x00000002   PAD
    0x02028864   0x02028864   0x000001a6   Code   RO          197    .text.PINCTRL_SetPadMux  peripheral_pinctrl.o
    0x02028a0a   0x02028a0a   0x00000002   PAD
    0x02028a0c   0x02028a0c   0x00000016   Code   RO          256    .text.SYSCTRL_ClearClkGate  peripheral_sysctrl.o
    0x02028a22   0x02028a22   0x00000002   PAD
    0x02028a24   0x02028a24   0x00000042   Code   RO          260    .text.SYSCTRL_ClearClkGateMulti  peripheral_sysctrl.o
    0x02028a66   0x02028a66   0x00000002   PAD
    0x02028a68   0x02028a68   0x00000386   Code   RO          254    .text.SYSCTRL_ClkGateCtrl  peripheral_sysctrl.o
    0x02028dee   0x02028dee   0x00000002   PAD
    0x02028df0   0x02028df0   0x00000052   Code   RO          314    .text.SYSCTRL_GetPLLClk  peripheral_sysctrl.o
    0x02028e42   0x02028e42   0x00000002   PAD
    0x02028e44   0x02028e44   0x000000a2   Code   RO          300    .text.SYSCTRL_GetSlowClk  peripheral_sysctrl.o
    0x02028ee6   0x02028ee6   0x00000002   PAD
    0x02028ee8   0x02028ee8   0x000000ca   Code   RO          390    .text.SYSCTRL_Init  peripheral_sysctrl.o
    0x02028fb2   0x02028fb2   0x00000002   PAD
    0x02028fb4   0x02028fb4   0x00000024   Code   RO          362    .text.SYSCTRL_SetLDOOutput  peripheral_sysctrl.o
    0x02028fd8   0x02028fd8   0x00000014   Code   RO          480    .text.UART_SendData  peripheral_uart.o
    0x02028fec   0x02028fec   0x00000092   Code   RO           74    .text.W25QXX_page_program_quad_mode  qspi_flash.o
    0x0202907e   0x0202907e   0x00000002   PAD
    0x02029080   0x02029080   0x0000006a   Code   RO           68    .text.W25QXX_read_manufacturer  qspi_flash.o
    0x020290ea   0x020290ea   0x00000002   PAD
    0x020290ec   0x020290ec   0x0000005e   Code   RO           70    .text.W25QXX_read_status  qspi_flash.o
    0x0202914a   0x0202914a   0x00000002   PAD
    0x0202914c   0x0202914c   0x00000064   Code   RO           72    .text.W25QXX_sector_erase_flash  qspi_flash.o
    0x020291b0   0x020291b0   0x00000048   Code   RO           84    .text.W25QXX_write_enable  qspi_flash.o
    0x020291f8   0x020291f8   0x00000014   Code   RO          573    .text.apSSP_ClearIntStatus  peripheral_ssp.o
    0x0202920c   0x0202920c   0x000000a6   Code   RO          539    .text.apSSP_DeviceParametersSet  peripheral_ssp.o
    0x020292b2   0x020292b2   0x00000002   PAD
    0x020292b4   0x020292b4   0x0000000c   Code   RO          571    .text.apSSP_GetIntRawStatus  peripheral_ssp.o
    0x020292c0   0x020292c0   0x00000010   Code   RO          569    .text.apSSP_GetSPIActiveStatus  peripheral_ssp.o
    0x020292d0   0x020292d0   0x0000002e   Code   RO          533    .text.apSSP_Initialize  peripheral_ssp.o
    0x020292fe   0x020292fe   0x00000002   PAD
    0x02029300   0x02029300   0x00000014   Code   RO          547    .text.apSSP_IntEnable  peripheral_ssp.o
    0x02029314   0x02029314   0x00000012   Code   RO          553    .text.apSSP_ReadFIFO  peripheral_ssp.o
    0x02029326   0x02029326   0x00000002   PAD
    0x02029328   0x02029328   0x00000022   Code   RO          537    .text.apSSP_ResetRxFifo  peripheral_ssp.o
    0x0202934a   0x0202934a   0x00000002   PAD
    0x0202934c   0x0202934c   0x00000022   Code   RO          535    .text.apSSP_ResetTxFifo  peripheral_ssp.o
    0x0202936e   0x0202936e   0x00000002   PAD
    0x02029370   0x02029370   0x00000022   Code   RO          605    .text.apSSP_SetMemAccessCmd  peripheral_ssp.o
    0x02029392   0x02029392   0x00000002   PAD
    0x02029394   0x02029394   0x00000024   Code   RO          543    .text.apSSP_SetRxThres  peripheral_ssp.o
    0x020293b8   0x020293b8   0x00000022   Code   RO          545    .text.apSSP_SetTimingSclkDiv  peripheral_ssp.o
    0x020293da   0x020293da   0x00000002   PAD
    0x020293dc   0x020293dc   0x00000024   Code   RO          541    .text.apSSP_SetTxThres  peripheral_ssp.o
    0x02029400   0x02029400   0x00000018   Code   RO          551    .text.apSSP_WriteCmd  peripheral_ssp.o
    0x02029418   0x02029418   0x00000010   Code   RO          549    .text.apSSP_WriteFIFO  peripheral_ssp.o
    0x02029428   0x02029428   0x00000074   Code   RO          434    .text.apUART_BaudRateSet  peripheral_uart.o
    0x0202949c   0x0202949c   0x00000010   Code   RO          446    .text.apUART_Check_TXFIFO_FULL  peripheral_uart.o
    0x020294ac   0x020294ac   0x00000098   Code   RO          478    .text.apUART_Initialize  peripheral_uart.o
    0x02029544   0x02029544   0x0000001a   Code   RO           12    .text.app_main      main.o
    0x0202955e   0x0202955e   0x00000002   PAD
    0x02029560   0x02029560   0x0000000e   Code   RO           10    .text.app_timer_callback  main.o
    0x0202956e   0x0202956e   0x00000002   PAD
    0x02029570   0x02029570   0x0000001e   Code   RO           16    .text.cb_assertion  main.o
    0x0202958e   0x0202958e   0x00000002   PAD
    0x02029590   0x02029590   0x00000056   Code   RO           14    .text.cb_hard_fault  main.o
    0x020295e6   0x020295e6   0x00000002   PAD
    0x020295e8   0x020295e8   0x0000001a   Code   RO           18    .text.cb_heap_out_of_mem  main.o
    0x02029602   0x02029602   0x00000002   PAD
    0x02029604   0x02029604   0x00000034   Code   RO            2    .text.cb_putc       main.o
    0x02029638   0x02029638   0x00000054   Code   RO            6    .text.config_uart   main.o
    0x0202968c   0x0202968c   0x0000007a   Code   RO          122    .text.copy_security_data  eflash.o
    0x02029706   0x02029706   0x00000002   PAD
    0x02029708   0x02029708   0x0000001a   Code   RO          106    .text.erase_flash_sector  eflash.o
    0x02029722   0x02029722   0x00000002   PAD
    0x02029724   0x02029724   0x00000024   Code   RO          126    .text.flash_get_factory_calib_data  eflash.o
    0x02029748   0x02029748   0x0000009c   Code   RO          118    .text.flash_prepare_factory_data  eflash.o
    0x020297e4   0x020297e4   0x00000016   Code   RO            4    .text.fputc         main.o
    0x020297fa   0x020297fa   0x00000002   PAD
    0x020297fc   0x020297fc   0x00000042   Code   RO          120    .text.is_data_ready  eflash.o
    0x0202983e   0x0202983e   0x00000002   PAD
    0x02029840   0x02029840   0x00000032   Code   RO           86    .text.peripherals_spi_isr  qspi_flash.o
    0x02029872   0x02029872   0x00000002   PAD
    0x02029874   0x02029874   0x000000ba   Code   RO           66    .text.peripherals_spi_send_data  qspi_flash.o
    0x0202992e   0x0202992e   0x00000002   PAD
    0x02029930   0x02029930   0x0000009e   Code   RO          239    .text.pin_id_for_input_source  peripheral_pinctrl.o
    0x020299ce   0x020299ce   0x00000002   PAD
    0x020299d0   0x020299d0   0x0000001a   Code   RO          108    .text.program_flash  eflash.o
    0x020299ea   0x020299ea   0x00000002   PAD
    0x020299ec   0x020299ec   0x00000034   Code   RO          114    .text.read_flash_security  eflash.o
    0x02029a20   0x02029a20   0x00000006   Code   RO          116    .text.security_page_read  eflash.o
    0x02029a26   0x02029a26   0x00000002   PAD
    0x02029a28   0x02029a28   0x00000032   Code   RO          270    .text.set_reg_bit   peripheral_sysctrl.o
    0x02029a5a   0x02029a5a   0x00000002   PAD
    0x02029a5c   0x02029a5c   0x00000044   Code   RO          227    .text.set_reg_bits  peripheral_pinctrl.o
    0x02029aa0   0x02029aa0   0x0000003a   Code   RO          272    .text.set_reg_bits  peripheral_sysctrl.o
    0x02029ada   0x02029ada   0x00000002   PAD
    0x02029adc   0x02029adc   0x00000068   Code   RO            8    .text.setup_peripherals  main.o
    0x02029b44   0x02029b44   0x0000001e   Code   RO           78    .text.setup_peripherals_spi  qspi_flash.o
    0x02029b62   0x02029b62   0x00000002   PAD
    0x02029b64   0x02029b64   0x00000002   Code   RO           82    .text.setup_peripherals_spi_module  qspi_flash.o
    0x02029b66   0x02029b66   0x00000002   PAD
    0x02029b68   0x02029b68   0x0000007c   Code   RO           80    .text.setup_peripherals_spi_pin  qspi_flash.o
    0x02029be4   0x02029be4   0x000000a0   Code   RO          225    .text.source_id_on_pin  peripheral_pinctrl.o
    0x02029c84   0x02029c84   0x0000007e   Code   RO          110    .text.write_flash   eflash.o
    0x02029d02   0x02029d02   0x00000002   PAD
    0x02029d04   0x02029d04   0x00000020   Code   RO          625    i.__0printf         mc_w.l(printfa.o)
    0x02029d24   0x02029d24   0x0000000e   Code   RO          707    i.__scatterload_copy  mc_w.l(handlers.o)
    0x02029d32   0x02029d32   0x00000002   Code   RO          708    i.__scatterload_null  mc_w.l(handlers.o)
    0x02029d34   0x02029d34   0x0000000e   Code   RO          709    i.__scatterload_zeroinit  mc_w.l(handlers.o)
    0x02029d42   0x02029d42   0x00000002   PAD
    0x02029d44   0x02029d44   0x00000184   Code   RO          632    i._fp_digits        mc_w.l(printfa.o)
    0x02029ec8   0x02029ec8   0x000006dc   Code   RO          633    i._printf_core      mc_w.l(printfa.o)
    0x0202a5a4   0x0202a5a4   0x00000024   Code   RO          634    i._printf_post_padding  mc_w.l(printfa.o)
    0x0202a5c8   0x0202a5c8   0x0000002e   Code   RO          635    i._printf_pre_padding  mc_w.l(printfa.o)
    0x0202a5f6   0x0202a5f6   0x0000000c   Data   RO          244    .rodata.PINCTRL_SelSpiIn.bit_offset_tab  peripheral_pinctrl.o
    0x0202a602   0x0202a602   0x0000000c   Data   RO          243    .rodata.PINCTRL_SelSpiIn.reg_tab  peripheral_pinctrl.o
    0x0202a60e   0x0202a60e   0x0000000c   Data   RO          242    .rodata.PINCTRL_SelSpiIn.source_tab  peripheral_pinctrl.o
    0x0202a61a   0x0202a61a   0x00000002   PAD
    0x0202a61c   0x0202a61c   0x00000058   Data   RO           22    .rodata.evt_cb_table  main.o
    0x0202a674   0x0202a674   0x0000031e   Data   RO          241    .rodata.io_output_source_map  peripheral_pinctrl.o
    0x0202a992   0x0202a992   0x00000048   Data   RO          130    .rodata.prog_security_page_read  eflash.o
    0x0202a9da   0x0202a9da   0x0000008f   Data   RO           20    .rodata.str1.1      main.o
    0x0202aa69   0x0202aa69   0x0000004c   Data   RO           89    .rodata.str1.1      qspi_flash.o
    0x0202aab5   0x0202aab5   0x00000003   PAD
    0x0202aab8   0x0202aab8   0x00000020   Data   RO          706    Region$$Table       anon$$obj.o


    Execution Region RW_IRAM1 (Exec base: 0x200053f0, Load base: 0x0202aad8, Size: 0x00000024, Max: 0x00002c10, ABSOLUTE)

    Exec Addr    Load Addr    Size         Type   Attr      Idx    E Section Name        Object

    0x200053f0   0x0202aad8   0x00000004   Data   RW          674    .data               mc_w.l(stdout.o)
    0x200053f4   0x0202aadc   0x00000014   Data   RW           88    .data.pParam        qspi_flash.o
    0x20005408        -       0x00000004   Zero   RW           21    .bss.app_timer      main.o
    0x2000540c   0x0202aaf0   0x00000004   PAD
    0x20005410        -       0x00000004   Zero   RW           96    STACK               startup_ing91600.o


==============================================================================

Image component sizes


      Code (inc. data)   RO Data    RW Data    ZI Data      Debug   Object Name

       616          0         72          0          0       4133   eflash.o
       444          0        231          0          4       4304   main.o
      1470          0        834          0          0      13531   peripheral_pinctrl.o
       546          0          0          0          0       9135   peripheral_ssp.o
      1580         66          0          0          0      22568   peripheral_sysctrl.o
       304          0          0          0          0       5793   peripheral_uart.o
       910          0         76         20          0      13997   qspi_flash.o
        40         12          8          0          4        432   startup_ing91600.o

    ----------------------------------------------------------------------
      5984         78       1258         20         12      73893   Object Totals
         0          0         32          0          0          0   (incl. Generated)
        74          0          5          0          4          0   (incl. Padding)

    ----------------------------------------------------------------------

      Code (inc. data)   RO Data    RW Data    ZI Data      Debug   Library Member Name

         0          0          0          0          0          0   entry.o
         0          0          0          0          0          0   entry10a.o
         0          0          0          0          0          0   entry11a.o
         8          4          0          0          0          0   entry2.o
         4          0          0          0          0          0   entry5.o
         0          0          0          0          0          0   entry7b.o
         0          0          0          0          0          0   entry8b.o
         8          4          0          0          0          0   entry9a.o
        30          0          0          0          0          0   handlers.o
        36          8          0          0          0         68   init.o
         0          0          0          0          0          0   iusefp.o
        30          0          0          0          0         68   llshl.o
        36          0          0          0          0         68   llsshr.o
        32          0          0          0          0         68   llushr.o
        36          0          0          0          0         68   memcpya.o
        36          0          0          0          0        108   memseta.o
      2258         90          0          0          0        452   printfa.o
         0          0          0          4          0          0   stdout.o
        44          0          0          0          0         80   uidiv.o
        98          0          0          0          0         92   uldiv.o
        48          0          0          0          0         68   cdrcmple.o
       334          0          0          0          0        148   dadd.o
       222          0          0          0          0        100   ddiv.o
       186          0          0          0          0        176   depilogue.o
        48          0          0          0          0         68   dfixul.o
       228          0          0          0          0         96   dmul.o

    ----------------------------------------------------------------------
      3726        106          0          4          0       1728   Library Totals
         4          0          0          0          0          0   (incl. Padding)

    ----------------------------------------------------------------------

      Code (inc. data)   RO Data    RW Data    ZI Data      Debug   Library Name

      2656        106          0          4          0       1072   mc_w.l
      1066          0          0          0          0        656   mf_w.l

    ----------------------------------------------------------------------
      3726        106          0          4          0       1728   Library Totals

    ----------------------------------------------------------------------

==============================================================================


      Code (inc. data)   RO Data    RW Data    ZI Data      Debug   

      9710        184       1258         24         12      74821   Grand Totals
      9710        184       1258         24         12      74821   ELF Image Totals
      9710        184       1258         24          0          0   ROM Totals

==============================================================================

    Total RO  Size (Code + RO Data)                10968 (  10.71kB)
    Total RW  Size (RW Data + ZI Data)                36 (   0.04kB)
    Total ROM Size (Code + RO Data + RW Data)      10992 (  10.73kB)

==============================================================================

