Component: ARM Compiler 6.16 Tool: armlink [5dfeaa00]

==============================================================================

Section Cross References

    main.o(.text.cb_putc) refers to peripheral_uart.o(.text.apUART_Check_TXFIFO_FULL) for apUART_Check_TXFIFO_FULL
    main.o(.text.cb_putc) refers to peripheral_uart.o(.text.UART_SendData) for UART_SendData
    main.o(.ARM.exidx.text.cb_putc) refers to main.o(.text.cb_putc) for [Anonymous Symbol]
    main.o(.text.fputc) refers to main.o(.text.cb_putc) for cb_putc
    main.o(.ARM.exidx.text.fputc) refers to main.o(.text.fputc) for [Anonymous Symbol]
    main.o(.text.config_uart) refers to peripheral_uart.o(.text.apUART_Initialize) for apUART_Initialize
    main.o(.ARM.exidx.text.config_uart) refers to main.o(.text.config_uart) for [Anonymous Symbol]
    main.o(.text.setup_peripherals) refers to main.o(.text.config_uart) for config_uart
    main.o(.text.setup_peripherals) refers to bsp_usb_msc.o(.text.bsp_usb_init) for bsp_usb_init
    main.o(.ARM.exidx.text.setup_peripherals) refers to main.o(.text.setup_peripherals) for [Anonymous Symbol]
    main.o(.text.on_deep_sleep_wakeup) refers to main.o(.text.setup_peripherals) for setup_peripherals
    main.o(.ARM.exidx.text.on_deep_sleep_wakeup) refers to main.o(.text.on_deep_sleep_wakeup) for [Anonymous Symbol]
    main.o(.ARM.exidx.text.query_deep_sleep_allowed) refers to main.o(.text.query_deep_sleep_allowed) for [Anonymous Symbol]
    main.o(.text.app_main) refers to main.o(.text.cb_hard_fault) for cb_hard_fault
    main.o(.text.app_main) refers to main.o(.text.cb_assertion) for cb_assertion
    main.o(.text.app_main) refers to main.o(.text.cb_heap_out_of_mem) for cb_heap_out_of_mem
    main.o(.text.app_main) refers to main.o(.text.on_deep_sleep_wakeup) for on_deep_sleep_wakeup
    main.o(.text.app_main) refers to main.o(.text.query_deep_sleep_allowed) for query_deep_sleep_allowed
    main.o(.text.app_main) refers to main.o(.text.cb_putc) for cb_putc
    main.o(.text.app_main) refers to main.o(.text.setup_peripherals) for setup_peripherals
    main.o(.text.app_main) refers to main.o(.text.watchdog_task) for watchdog_task
    main.o(.ARM.exidx.text.app_main) refers to main.o(.text.app_main) for [Anonymous Symbol]
    main.o(.text.cb_hard_fault) refers to main.o(.rodata.str1.1) for .L.str.1
    main.o(.ARM.exidx.text.cb_hard_fault) refers to main.o(.text.cb_hard_fault) for [Anonymous Symbol]
    main.o(.ARM.exidx.text.cb_assertion) refers to main.o(.text.cb_assertion) for [Anonymous Symbol]
    main.o(.ARM.exidx.text.cb_heap_out_of_mem) refers to main.o(.text.cb_heap_out_of_mem) for [Anonymous Symbol]
    main.o(.text.watchdog_task) refers to peripheral_timer.o(.text.TMR_WatchDogRestart) for TMR_WatchDogRestart
    main.o(.ARM.exidx.text.watchdog_task) refers to main.o(.text.watchdog_task) for [Anonymous Symbol]
    profile.o(.text.setup_profile) refers to profile.o(.text.att_read_callback) for att_read_callback
    profile.o(.text.setup_profile) refers to profile.o(.text.att_write_callback) for att_write_callback
    profile.o(.text.setup_profile) refers to profile.o(.bss.hci_event_callback_registration) for hci_event_callback_registration
    profile.o(.text.setup_profile) refers to profile.o(.text.user_packet_handler) for user_packet_handler
    profile.o(.ARM.exidx.text.setup_profile) refers to profile.o(.text.setup_profile) for [Anonymous Symbol]
    profile.o(.ARM.exidx.text.att_read_callback) refers to profile.o(.text.att_read_callback) for [Anonymous Symbol]
    profile.o(.ARM.exidx.text.att_write_callback) refers to profile.o(.text.att_write_callback) for [Anonymous Symbol]
    profile.o(.text.user_packet_handler) refers to profile.o(.text.hci_event_packet_get_type) for hci_event_packet_get_type
    profile.o(.text.user_packet_handler) refers to profile.o(.text.btstack_event_state_get_state) for btstack_event_state_get_state
    profile.o(.text.user_packet_handler) refers to profile.o(.rodata.user_packet_handler.rand_addr) for user_packet_handler.rand_addr
    profile.o(.text.user_packet_handler) refers to profile.o(.text.setup_adv) for setup_adv
    profile.o(.text.user_packet_handler) refers to profile.o(.rodata.adv_sets_en) for adv_sets_en
    profile.o(.text.user_packet_handler) refers to profile.o(.text.hci_event_le_meta_get_subevent_code) for hci_event_le_meta_get_subevent_code
    profile.o(.text.user_packet_handler) refers to profile.o(.rodata.profile_data) for profile_data
    profile.o(.ARM.exidx.text.user_packet_handler) refers to profile.o(.text.user_packet_handler) for [Anonymous Symbol]
    profile.o(.ARM.exidx.text.hci_event_packet_get_type) refers to profile.o(.text.hci_event_packet_get_type) for [Anonymous Symbol]
    profile.o(.ARM.exidx.text.btstack_event_state_get_state) refers to profile.o(.text.btstack_event_state_get_state) for [Anonymous Symbol]
    profile.o(.text.setup_adv) refers to profile.o(.rodata.adv_data) for adv_data
[...]
    Removing peripheral_sysctrl.o(.text.SYSCTRL_SetBuckDCDCOutput), (24 bytes).
    Removing peripheral_sysctrl.o(.ARM.exidx.text.SYSCTRL_SetBuckDCDCOutput), (8 bytes).
    Removing peripheral_sysctrl.o(.text.SYSCTRL_EnableBuckDCDC), (20 bytes).
    Removing peripheral_sysctrl.o(.ARM.exidx.text.SYSCTRL_EnableBuckDCDC), (8 bytes).
    Removing peripheral_sysctrl.o(.text.SYSCTRL_SetLDOOutputRF), (24 bytes).
    Removing peripheral_sysctrl.o(.ARM.exidx.text.SYSCTRL_SetLDOOutputRF), (8 bytes).
    Removing peripheral_sysctrl.o(.text.SYSCTRL_SetAdcVrefOutput), (24 bytes).
    Removing peripheral_sysctrl.o(.ARM.exidx.text.SYSCTRL_SetAdcVrefOutput), (8 bytes).
    Removing peripheral_sysctrl.o(.text.SYSCTRL_WaitForLDO), (2 bytes).
    Removing peripheral_sysctrl.o(.ARM.exidx.text.SYSCTRL_WaitForLDO), (8 bytes).
    Removing peripheral_sysctrl.o(.ARM.exidx.text.SYSCTRL_USBPhyConfig), (8 bytes).
    Removing peripheral_sysctrl.o(.text.SYSCTRL_ResetAllBlocks), (16 bytes).
    Removing peripheral_sysctrl.o(.ARM.exidx.text.SYSCTRL_ResetAllBlocks), (8 bytes).
    Removing peripheral_sysctrl.o(.text.SYSCTRL_EnableWakeupSourceDetection), (20 bytes).
    Removing peripheral_sysctrl.o(.ARM.exidx.text.SYSCTRL_EnableWakeupSourceDetection), (8 bytes).
    Removing peripheral_sysctrl.o(.text.SYSCTRL_GetLastWakeupSource), (150 bytes).
    Removing peripheral_sysctrl.o(.ARM.exidx.text.SYSCTRL_GetLastWakeupSource), (8 bytes).
    Removing peripheral_sysctrl.o(.text.SYSCTRL_EnablePcapMode), (20 bytes).
    Removing peripheral_sysctrl.o(.ARM.exidx.text.SYSCTRL_EnablePcapMode), (8 bytes).
    Removing peripheral_sysctrl.o(.text.SYSCTRL_SelectMemoryBlocks), (40 bytes).
    Removing peripheral_sysctrl.o(.ARM.exidx.text.SYSCTRL_SelectMemoryBlocks), (8 bytes).
    Removing peripheral_sysctrl.o(.text.SYSCTRL_CacheControl), (122 bytes).
    Removing peripheral_sysctrl.o(.ARM.exidx.text.SYSCTRL_CacheControl), (8 bytes).
    Removing peripheral_usb.o(.text), (0 bytes).
    Removing peripheral_usb.o(.ARM.exidx.text.USB_CoreReset), (8 bytes).
    Removing peripheral_usb.o(.ARM.exidx.text.nop), (8 bytes).
    Removing peripheral_usb.o(.ARM.exidx.text.USB_SetupDataFifo), (8 bytes).
    Removing peripheral_usb.o(.ARM.exidx.text.USB_FlushTXFifo), (8 bytes).
    Removing peripheral_usb.o(.ARM.exidx.text.USB_FlushRXFifo), (8 bytes).
    Removing peripheral_usb.o(.ARM.exidx.text.USB_DeviceInitialization), (8 bytes).
    Removing peripheral_usb.o(.ARM.exidx.text.USB_DeviceSetThreshold), (8 bytes).
    Removing peripheral_usb.o(.ARM.exidx.text.USB_ResetAndConfig), (8 bytes).
    Removing peripheral_usb.o(.ARM.exidx.text.USB_ResetTransfert), (8 bytes).
    Removing peripheral_usb.o(.ARM.exidx.text.USB_ReInit), (8 bytes).
    Removing peripheral_usb.o(.ARM.exidx.text.USB_ClrConfig), (8 bytes).
    Removing peripheral_usb.o(.ARM.exidx.text.USB_InitConfig), (8 bytes).
    Removing peripheral_usb.o(.ARM.exidx.text.USB_CancelTransfert), (8 bytes).
    Removing peripheral_usb.o(.ARM.exidx.text.USB_CheckTransferCondition), (8 bytes).
    Removing peripheral_usb.o(.ARM.exidx.text.USB_GetTransferedSize), (8 bytes).
    Removing peripheral_usb.o(.ARM.exidx.text.USB_DisableEp), (8 bytes).
    Removing peripheral_usb.o(.ARM.exidx.text.USB_SetStallEp), (8 bytes).
    Removing peripheral_usb.o(.ARM.exidx.text.USB_GetSetupPacket), (8 bytes).
    Removing peripheral_usb.o(.ARM.exidx.text.USB_GetMaxTransferSize), (8 bytes).
    Removing peripheral_usb.o(.ARM.exidx.text.USB_GetMaxPacketSize), (8 bytes).
    Removing peripheral_usb.o(.ARM.exidx.text.USB_GetTransferSize), (8 bytes).
    Removing peripheral_usb.o(.ARM.exidx.text.USB_NewTransfer), (8 bytes).
    Removing peripheral_usb.o(.ARM.exidx.text.USB_StartTransfer), (8 bytes).
    Removing peripheral_usb.o(.ARM.exidx.text.USB_ContinueTransfer), (8 bytes).
    Removing peripheral_usb.o(.ARM.exidx.text.USB_EnableEp), (8 bytes).
    Removing peripheral_usb.o(.ARM.exidx.text.USB_ConfigureEp), (8 bytes).
    Removing peripheral_usb.o(.ARM.exidx.text.USB_PCStopPhyClcok), (8 bytes).
    Removing peripheral_usb.o(.ARM.exidx.text.USB_SendData), (8 bytes).
    Removing peripheral_usb.o(.ARM.exidx.text.USB_RecvData), (8 bytes).
    Removing peripheral_usb.o(.ARM.exidx.text.USB_EP0StatusIn), (8 bytes).
    Removing peripheral_usb.o(.ARM.exidx.text.USB_EP0StatusOut), (8 bytes).
    Removing peripheral_usb.o(.ARM.exidx.text.USB_GetEp0SetupData), (8 bytes).
    Removing peripheral_usb.o(.ARM.exidx.text.USB_SetEp0Stall), (8 bytes).
    Removing peripheral_usb.o(.ARM.exidx.text.USB_HandleEp0), (8 bytes).
    Removing peripheral_usb.o(.ARM.exidx.text.USB_IrqHandler), (8 bytes).
    Removing peripheral_usb.o(.text.USB_DeviceSetRemoteWakeupBit), (56 bytes).
    Removing peripheral_usb.o(.ARM.exidx.text.USB_DeviceSetRemoteWakeupBit), (8 bytes).
    Removing peripheral_usb.o(.text.USB_AsciiToUtf8), (32 bytes).
    Removing peripheral_usb.o(.ARM.exidx.text.USB_AsciiToUtf8), (8 bytes).
    Removing peripheral_usb.o(.text.USB_GetDeviceState), (12 bytes).
    Removing peripheral_usb.o(.ARM.exidx.text.USB_GetDeviceState), (8 bytes).
    Removing peripheral_usb.o(.text.USB_Close), (48 bytes).
    Removing peripheral_usb.o(.ARM.exidx.text.USB_Close), (8 bytes).
    Removing peripheral_usb.o(.text.USB_SetGlobalOutNak), (44 bytes).
    Removing peripheral_usb.o(.ARM.exidx.text.USB_SetGlobalOutNak), (8 bytes).
    Removing peripheral_usb.o(.text.USB_SetInEndpointNak), (74 bytes).
    Removing peripheral_usb.o(.ARM.exidx.text.USB_SetInEndpointNak), (8 bytes).
    Removing dadd.o(.text), (334 bytes).
    Removing dmul.o(.text), (228 bytes).
    Removing dfltui.o(.text), (26 bytes).
    Removing d2f.o(.text), (56 bytes).
    Removing fepilogue.o(.text), (110 bytes).
    Removing depilogue.o(.text), (186 bytes).

459 unused section(s) (total 11811 bytes) removed from the image.

==============================================================================

Image Symbol Table

    Local Symbols

    Symbol Name                              Value     Ov Type        Size  Object(Section)

    ../clib/microlib/init/entry.s            0x00000000   Number         0  entry.o ABSOLUTE
    ../clib/microlib/init/entry.s            0x00000000   Number         0  entry2.o ABSOLUTE
    ../clib/microlib/init/entry.s            0x00000000   Number         0  entry5.o ABSOLUTE
    ../clib/microlib/init/entry.s            0x00000000   Number         0  entry7a.o ABSOLUTE
    ../clib/microlib/init/entry.s            0x00000000   Number         0  entry7b.o ABSOLUTE
    ../clib/microlib/init/entry.s            0x00000000   Number         0  entry8a.o ABSOLUTE
    ../clib/microlib/init/entry.s            0x00000000   Number         0  entry8b.o ABSOLUTE
    ../clib/microlib/init/entry.s            0x00000000   Number         0  entry9a.o ABSOLUTE
    ../clib/microlib/init/entry.s            0x00000000   Number         0  entry9b.o ABSOLUTE
    ../clib/microlib/init/entry.s            0x00000000   Number         0  entry10a.o ABSOLUTE
    ../clib/microlib/init/entry.s            0x00000000   Number         0  entry10b.o ABSOLUTE
    ../clib/microlib/init/entry.s            0x00000000   Number         0  entry11a.o ABSOLUTE
    ../clib/microlib/init/entry.s            0x00000000   Number         0  entry11b.o ABSOLUTE
    ../clib/microlib/longlong.c              0x00000000   Number         0  llshl.o ABSOLUTE
    ../clib/microlib/longlong.c              0x00000000   Number         0  llsshr.o ABSOLUTE
    ../clib/microlib/longlong.c              0x00000000   Number         0  llushr.o ABSOLUTE
    ../clib/microlib/string/memcpy.c         0x00000000   Number         0  memcpya.o ABSOLUTE
    ../clib/microlib/string/memcpy.c         0x00000000   Number         0  memcpyb.o ABSOLUTE
    ../clib/microlib/string/memset.c         0x00000000   Number         0  memseta.o ABSOLUTE
    ../clib/microlib/stubs.s                 0x00000000   Number         0  iusefp.o ABSOLUTE
    ../fplib/microlib/d2f.c                  0x00000000   Number         0  d2f.o ABSOLUTE
    ../fplib/microlib/fpadd.c                0x00000000   Number         0  dadd.o ABSOLUTE
    ../fplib/microlib/fpepilogue.c           0x00000000   Number         0  fepilogue.o ABSOLUTE
    ../fplib/microlib/fpepilogue.c           0x00000000   Number         0  depilogue.o ABSOLUTE
    ../fplib/microlib/fpflt.c                0x00000000   Number         0  dfltui.o ABSOLUTE
    ../fplib/microlib/fpmul.c                0x00000000   Number         0  dmul.o ABSOLUTE
    bsp_usb_msc.c                            0x00000000   Number         0  bsp_usb_msc.o ABSOLUTE
    dc.s                                     0x00000000   Number         0  dc.o ABSOLUTE
    eflash.c                                 0x00000000   Number         0  eflash_1.o ABSOLUTE
    handlers.s                               0x00000000   Number         0  handlers.o ABSOLUTE
    init.s                                   0x00000000   Number         0  init.o ABSOLUTE
    main.c                                   0x00000000   Number         0  main.o ABSOLUTE
    peripheral_gpio.c                        0x00000000   Number         0  peripheral_gpio.o ABSOLUTE
    peripheral_pinctrl.c                     0x00000000   Number         0  peripheral_pinctrl.o ABSOLUTE
    peripheral_sysctrl.c                     0x00000000   Number         0  peripheral_sysctrl.o ABSOLUTE
    peripheral_timer.c                       0x00000000   Number         0  peripheral_timer.o ABSOLUTE
    peripheral_uart.c                        0x00000000   Number         0  peripheral_uart.o ABSOLUTE
    peripheral_usb.c                         0x00000000   Number         0  peripheral_usb.o ABSOLUTE
    profile.c                                0x00000000   Number         0  profile.o ABSOLUTE
    src\startup_ing91600.s                   0x00000000   Number         0  startup_ing91600.o ABSOLUTE
    RESET                                    0x02028000   Section        8  startup_ing91600.o(RESET)
    .ARM.Collect$$$$00000000                 0x02028008   Section        0  entry.o(.ARM.Collect$$$$00000000)
    .ARM.Collect$$$$00000001                 0x02028008   Section        4  entry2.o(.ARM.Collect$$$$00000001)
    .ARM.Collect$$$$00000004                 0x0202800c   Section        4  entry5.o(.ARM.Collect$$$$00000004)
    .ARM.Collect$$$$00000008                 0x02028010   Section        0  entry7b.o(.ARM.Collect$$$$00000008)
    .ARM.Collect$$$$0000000A                 0x02028010   Section        0  entry8b.o(.ARM.Collect$$$$0000000A)
    .ARM.Collect$$$$0000000B                 0x02028010   Section        8  entry9a.o(.ARM.Collect$$$$0000000B)
    __lit__00000000                          0x02028018   Data           4  entry2.o(.ARM.Collect$$$$00002712)
    .ARM.Collect$$$$0000000D                 0x02028018   Section        0  entry10a.o(.ARM.Collect$$$$0000000D)
    .ARM.Collect$$$$0000000F                 0x02028018   Section        0  entry11a.o(.ARM.Collect$$$$0000000F)
    .ARM.Collect$$$$00002712                 0x02028018   Section        4  entry2.o(.ARM.Collect$$$$00002712)
    $v0                                      0x0202801c   Number         0  startup_ing91600.o(.text)
    .text                                    0x0202801c   Section       40  startup_ing91600.o(.text)
    .text                                    0x02028044   Section       36  init.o(.text)
    .text                                    0x02028068   Section        0  memcpya.o(.text)
    .text                                    0x0202808c   Section        0  memseta.o(.text)
    [Anonymous Symbol]                       0x020280b0   Section        0  peripheral_pinctrl.o(.text.PINCTRL_EnableAnalog)
    [Anonymous Symbol]                       0x02028104   Section        0  peripheral_pinctrl.o(.text.PINCTRL_Pull)
    [Anonymous Symbol]                       0x02028154   Section        0  peripheral_pinctrl.o(.text.PINCTRL_SelUSB)
    [Anonymous Symbol]                       0x02028198   Section        0  peripheral_pinctrl.o(.text.PINCTRL_SetPadMux)
    [Anonymous Symbol]                       0x02028298   Section        0  peripheral_sysctrl.o(.text.SYSCTRL_ClearClkGate)
    [Anonymous Symbol]                       0x020282a4   Section        0  peripheral_sysctrl.o(.text.SYSCTRL_ClearClkGateMulti)
    SYSCTRL_ClkGateCtrl                      0x020282c5   Thumb Code   710  peripheral_sysctrl.o(.text.SYSCTRL_ClkGateCtrl)
    [Anonymous Symbol]                       0x020282c4   Section        0  peripheral_sysctrl.o(.text.SYSCTRL_ClkGateCtrl)
    [Anonymous Symbol]                       0x0202858c   Section        0  peripheral_sysctrl.o(.text.SYSCTRL_GetPLLClk)
    [Anonymous Symbol]                       0x020285c8   Section        0  peripheral_sysctrl.o(.text.SYSCTRL_GetSlowClk)
    [Anonymous Symbol]                       0x0202863c   Section        0  peripheral_sysctrl.o(.text.SYSCTRL_SelectUSBClk)
    [Anonymous Symbol]                       0x0202865c   Section        0  peripheral_sysctrl.o(.text.SYSCTRL_USBPhyConfig)
    [Anonymous Symbol]                       0x02028678   Section        0  peripheral_timer.o(.text.TMR_WatchDogRestart)
    [Anonymous Symbol]                       0x02028690   Section        0  peripheral_uart.o(.text.UART_SendData)
    [Anonymous Symbol]                       0x02028694   Section        0  peripheral_usb.o(.text.USB_CancelTransfert)
    [Anonymous Symbol]                       0x020286cc   Section        0  peripheral_usb.o(.text.USB_CheckTransferCondition)
    [Anonymous Symbol]                       0x0202874c   Section        0  peripheral_usb.o(.text.USB_ClrConfig)
    [Anonymous Symbol]                       0x020287a8   Section        0  peripheral_usb.o(.text.USB_ConfigureEp)
    [Anonymous Symbol]                       0x020287fc   Section        0  peripheral_usb.o(.text.USB_ContinueTransfer)
    [Anonymous Symbol]                       0x0202889c   Section        0  peripheral_usb.o(.text.USB_CoreReset)
    [Anonymous Symbol]                       0x020288c4   Section        0  peripheral_usb.o(.text.USB_DeviceInitialization)
    [Anonymous Symbol]                       0x0202892c   Section        0  peripheral_usb.o(.text.USB_DeviceSetThreshold)
    [Anonymous Symbol]                       0x02028990   Section        0  peripheral_usb.o(.text.USB_DisableEp)
    [Anonymous Symbol]                       0x02028aa0   Section        0  peripheral_usb.o(.text.USB_EP0StatusIn)
    [Anonymous Symbol]                       0x02028ac8   Section        0  peripheral_usb.o(.text.USB_EP0StatusOut)
    [Anonymous Symbol]                       0x02028aec   Section        0  peripheral_usb.o(.text.USB_EnableEp)
    [Anonymous Symbol]                       0x02028bf4   Section        0  peripheral_usb.o(.text.USB_FlushRXFifo)
    [Anonymous Symbol]                       0x02028c28   Section        0  peripheral_usb.o(.text.USB_FlushTXFifo)
    [Anonymous Symbol]                       0x02028c74   Section        0  peripheral_usb.o(.text.USB_GetEp0SetupData)
    [Anonymous Symbol]                       0x02028c80   Section        0  peripheral_usb.o(.text.USB_GetMaxPacketSize)
    [Anonymous Symbol]                       0x02028c98   Section        0  peripheral_usb.o(.text.USB_GetMaxTransferSize)
    [Anonymous Symbol]                       0x02028cb0   Section        0  peripheral_usb.o(.text.USB_GetSetupPacket)
    [Anonymous Symbol]                       0x02028cd4   Section        0  peripheral_usb.o(.text.USB_GetTransferSize)
    [Anonymous Symbol]                       0x02028d8c   Section        0  peripheral_usb.o(.text.USB_GetTransferedSize)
    [Anonymous Symbol]                       0x02028db0   Section        0  peripheral_usb.o(.text.USB_HandleEp0)
    [Anonymous Symbol]                       0x02028ed4   Section        0  peripheral_usb.o(.text.USB_InitConfig)
    [Anonymous Symbol]                       0x02028f04   Section        0  peripheral_usb.o(.text.USB_IrqHandler)
    [Anonymous Symbol]                       0x020291fc   Section        0  peripheral_usb.o(.text.USB_NewTransfer)
    [Anonymous Symbol]                       0x0202929c   Section        0  peripheral_usb.o(.text.USB_PCStopPhyClcok)
    [Anonymous Symbol]                       0x020292cc   Section        0  peripheral_usb.o(.text.USB_ReInit)
    [Anonymous Symbol]                       0x020292e4   Section        0  peripheral_usb.o(.text.USB_RecvData)
    [Anonymous Symbol]                       0x02029330   Section        0  peripheral_usb.o(.text.USB_ResetAndConfig)
    [Anonymous Symbol]                       0x020293a0   Section        0  peripheral_usb.o(.text.USB_ResetTransfert)
    [Anonymous Symbol]                       0x020293e0   Section        0  peripheral_usb.o(.text.USB_SendData)
    [Anonymous Symbol]                       0x02029430   Section        0  peripheral_usb.o(.text.USB_SetEp0Stall)
    [Anonymous Symbol]                       0x0202944c   Section        0  peripheral_usb.o(.text.USB_SetStallEp)
    [Anonymous Symbol]                       0x020294cc   Section        0  peripheral_usb.o(.text.USB_SetupDataFifo)
    [Anonymous Symbol]                       0x020294f8   Section        0  peripheral_usb.o(.text.USB_StartTransfer)
    [Anonymous Symbol]                       0x0202956c   Section        0  peripheral_uart.o(.text.apUART_BaudRateSet)
    [Anonymous Symbol]                       0x020295a0   Section        0  peripheral_uart.o(.text.apUART_Check_TXFIFO_FULL)
    [Anonymous Symbol]                       0x020295a8   Section        0  peripheral_uart.o(.text.apUART_Initialize)
    [Anonymous Symbol]                       0x02029620   Section        0  main.o(.text.app_main)
    [Anonymous Symbol]                       0x020296ac   Section        0  bsp_usb_msc.o(.text.bsp_msc_ata_pass_through)
    [Anonymous Symbol]                       0x02029700   Section        0  bsp_usb_msc.o(.text.bsp_msc_bulk_in)
    [Anonymous Symbol]                       0x02029748   Section        0  bsp_usb_msc.o(.text.bsp_msc_bulk_out)
    [Anonymous Symbol]                       0x020297b4   Section        0  bsp_usb_msc.o(.text.bsp_msc_check_media)
    [Anonymous Symbol]                       0x02029800   Section        0  bsp_usb_msc.o(.text.bsp_msc_clr_stall_ep_)
    [Anonymous Symbol]                       0x0202980c   Section        0  bsp_usb_msc.o(.text.bsp_msc_data_in_format)
    [Anonymous Symbol]                       0x0202983c   Section        0  bsp_usb_msc.o(.text.bsp_msc_data_in_transfer)
    [Anonymous Symbol]                       0x02029878   Section        0  bsp_usb_msc.o(.text.bsp_msc_get_cbw)
    [Anonymous Symbol]                       0x02029b1c   Section        0  bsp_usb_msc.o(.text.bsp_msc_init)
    [Anonymous Symbol]                       0x02029b68   Section        0  bsp_usb_msc.o(.text.bsp_msc_inquiry)
    [Anonymous Symbol]                       0x02029bc0   Section        0  bsp_usb_msc.o(.text.bsp_msc_media_removal)
    [Anonymous Symbol]                       0x02029bdc   Section        0  bsp_usb_msc.o(.text.bsp_msc_memory_read)
    [Anonymous Symbol]                       0x02029ca4   Section        0  bsp_usb_msc.o(.text.bsp_msc_memory_verify)
    [Anonymous Symbol]                       0x02029d9c   Section        0  bsp_usb_msc.o(.text.bsp_msc_memory_write)
    [Anonymous Symbol]                       0x02029e9c   Section        0  bsp_usb_msc.o(.text.bsp_msc_mode_sense10)
    [Anonymous Symbol]                       0x02029ee8   Section        0  bsp_usb_msc.o(.text.bsp_msc_mode_sense6)
    [Anonymous Symbol]                       0x02029f30   Section        0  bsp_usb_msc.o(.text.bsp_msc_read_capacity)
    [Anonymous Symbol]                       0x02029f8c   Section        0  bsp_usb_msc.o(.text.bsp_msc_read_ep)
    [Anonymous Symbol]                       0x02029fe8   Section        0  bsp_usb_msc.o(.text.bsp_msc_read_format_capacity)
    [Anonymous Symbol]                       0x0202a058   Section        0  bsp_usb_msc.o(.text.bsp_msc_read_sect)
    [Anonymous Symbol]                       0x0202a070   Section        0  bsp_usb_msc.o(.text.bsp_msc_request_sense)
    [Anonymous Symbol]                       0x0202a0e8   Section        0  bsp_usb_msc.o(.text.bsp_msc_reset)
    [Anonymous Symbol]                       0x0202a104   Section        0  bsp_usb_msc.o(.text.bsp_msc_rw_setup)
    [Anonymous Symbol]                       0x0202a198   Section        0  bsp_usb_msc.o(.text.bsp_msc_service_action_in16)
    [Anonymous Symbol]                       0x0202a1e0   Section        0  bsp_usb_msc.o(.text.bsp_msc_set_csw)
    [Anonymous Symbol]                       0x0202a208   Section        0  bsp_usb_msc.o(.text.bsp_msc_set_stall_ep)
    [Anonymous Symbol]                       0x0202a238   Section        0  bsp_usb_msc.o(.text.bsp_msc_set_stall_ep_)
    [Anonymous Symbol]                       0x0202a254   Section        0  bsp_usb_msc.o(.text.bsp_msc_start_stop_unit)
    [Anonymous Symbol]                       0x0202a27c   Section        0  bsp_usb_msc.o(.text.bsp_msc_synchronize_cache)
    [Anonymous Symbol]                       0x0202a294   Section        0  bsp_usb_msc.o(.text.bsp_msc_test_unit_ready)
    [Anonymous Symbol]                       0x0202a2d0   Section        0  bsp_usb_msc.o(.text.bsp_msc_write_ep)
    [Anonymous Symbol]                       0x0202a2fc   Section        0  bsp_usb_msc.o(.text.bsp_msc_write_sect)
    bsp_usb_event_handler                    0x0202a311   Thumb Code   580  bsp_usb_msc.o(.text.bsp_usb_event_handler)
    [Anonymous Symbol]                       0x0202a310   Section        0  bsp_usb_msc.o(.text.bsp_usb_event_handler)
    [Anonymous Symbol]                       0x0202a57c   Section        0  bsp_usb_msc.o(.text.bsp_usb_init)
    cb_assertion                             0x0202a5e9   Thumb Code    16  main.o(.text.cb_assertion)
    [Anonymous Symbol]                       0x0202a5e8   Section        0  main.o(.text.cb_assertion)
    cb_hard_fault                            0x0202a611   Thumb Code    42  main.o(.text.cb_hard_fault)
    [Anonymous Symbol]                       0x0202a610   Section        0  main.o(.text.cb_hard_fault)
    cb_heap_out_of_mem                       0x0202a63d   Thumb Code    12  main.o(.text.cb_heap_out_of_mem)
    [Anonymous Symbol]                       0x0202a63c   Section        0  main.o(.text.cb_heap_out_of_mem)
    [Anonymous Symbol]                       0x0202a654   Section        0  main.o(.text.cb_putc)
    [Anonymous Symbol]                       0x0202a678   Section        0  main.o(.text.config_uart)
    nop                                      0x0202a6b5   Thumb Code    16  peripheral_usb.o(.text.nop)
    [Anonymous Symbol]                       0x0202a6b4   Section        0  peripheral_usb.o(.text.nop)
    [Anonymous Symbol]                       0x0202a6c4   Section        0  main.o(.text.on_deep_sleep_wakeup)
    [Anonymous Symbol]                       0x0202a6d0   Section        0  eflash_1.o(.text.program_flash)
    [Anonymous Symbol]                       0x0202a6dc   Section        0  main.o(.text.query_deep_sleep_allowed)
    set_reg_bit                              0x0202a6e1   Thumb Code    26  peripheral_sysctrl.o(.text.set_reg_bit)
    [Anonymous Symbol]                       0x0202a6e0   Section        0  peripheral_sysctrl.o(.text.set_reg_bit)
    set_reg_bits                             0x0202a6fd   Thumb Code    36  peripheral_pinctrl.o(.text.set_reg_bits)
    [Anonymous Symbol]                       0x0202a6fc   Section        0  peripheral_pinctrl.o(.text.set_reg_bits)
    set_reg_bits                             0x0202a721   Thumb Code    34  peripheral_sysctrl.o(.text.set_reg_bits)
    [Anonymous Symbol]                       0x0202a720   Section        0  peripheral_sysctrl.o(.text.set_reg_bits)
    [Anonymous Symbol]                       0x0202a744   Section        0  main.o(.text.setup_peripherals)
    source_id_on_pin                         0x0202a75d   Thumb Code    94  peripheral_pinctrl.o(.text.source_id_on_pin)
    [Anonymous Symbol]                       0x0202a75c   Section        0  peripheral_pinctrl.o(.text.source_id_on_pin)
    watchdog_task                            0x0202a7bd   Thumb Code    14  main.o(.text.watchdog_task)
    [Anonymous Symbol]                       0x0202a7bc   Section        0  main.o(.text.watchdog_task)
    i.__scatterload_copy                     0x0202a7ca   Section       14  handlers.o(i.__scatterload_copy)
    i.__scatterload_null                     0x0202a7d8   Section        2  handlers.o(i.__scatterload_null)
    i.__scatterload_zeroinit                 0x0202a7da   Section       14  handlers.o(i.__scatterload_zeroinit)
    .L.str.1                                 0x0202ab7e   Data         108  main.o(.rodata.str1.1)
    [Anonymous Symbol]                       0x0202ab7e   Section        0  main.o(.rodata.str1.1)
    g_UsbBufferEp0In                         0x200064f0   Data          64  peripheral_usb.o(.bss.g_UsbBufferEp0In)
    [Anonymous Symbol]                       0x200064f0   Section        0  peripheral_usb.o(.bss.g_UsbBufferEp0In)
    g_UsbBufferEp0Out                        0x20006530   Data          64  peripheral_usb.o(.bss.g_UsbBufferEp0Out)
    [Anonymous Symbol]                       0x20006530   Section        0  peripheral_usb.o(.bss.g_UsbBufferEp0Out)
    STACK                                    0x20006678   Section        4  startup_ing91600.o(STACK)

    Global Symbols

    Symbol Name                              Value     Ov Type        Size  Object(Section)

    BuildAttributes$$THM_ISAv4$E$P$D$K$B$S$7EM$VFPi3$EXTD16$VFPS$VFMA$PE$A:L22UL41UL21$X:L11$S22US41US21$IEEE1$IW$~IW$USESV6$~STKCKD$USESV7$~SHL$OTIME$ROPI$EBA8$MICROLIB$REQ8$PRES8$EABIv2 0x00000000   Number         0  anon$$obj.o ABSOLUTE
    __cpp_initialize__aeabi_                  - Undefined Weak Reference
    __cxa_finalize                            - Undefined Weak Reference
    __decompress                              - Undefined Weak Reference
    _clock_init                               - Undefined Weak Reference
    _microlib_exit                            - Undefined Weak Reference
    att_dispatch_client_can_send_now         0x02004449   Thumb Code     0  symdefs.m ABSOLUTE
    att_dispatch_client_request_can_send_now_event 0x0200444f   Thumb Code     0  symdefs.m ABSOLUTE
    att_dispatch_register_client             0x02004455   Thumb Code     0  symdefs.m ABSOLUTE
    att_dispatch_register_server             0x02004469   Thumb Code     0  symdefs.m ABSOLUTE
    att_dispatch_server_can_send_now         0x0200447d   Thumb Code     0  symdefs.m ABSOLUTE
    att_dispatch_server_request_can_send_now_event 0x02004483   Thumb Code     0  symdefs.m ABSOLUTE
    att_emit_general_event                   0x02004535   Thumb Code     0  symdefs.m ABSOLUTE
    att_server_can_send_packet_now           0x02004c51   Thumb Code     0  symdefs.m ABSOLUTE
    att_server_deferred_read_response        0x02004c55   Thumb Code     0  symdefs.m ABSOLUTE
    att_server_get_mtu                       0x02004c6d   Thumb Code     0  symdefs.m ABSOLUTE
    att_server_indicate                      0x02004ce5   Thumb Code     0  symdefs.m ABSOLUTE
    att_server_init                          0x02004d69   Thumb Code     0  symdefs.m ABSOLUTE
    att_server_notify                        0x02004da5   Thumb Code     0  symdefs.m ABSOLUTE
    att_server_register_packet_handler       0x02004ebd   Thumb Code     0  symdefs.m ABSOLUTE
    att_server_request_can_send_now_event    0x02004ec9   Thumb Code     0  symdefs.m ABSOLUTE
    att_set_db                               0x02004ee5   Thumb Code     0  symdefs.m ABSOLUTE
    att_set_read_callback                    0x02004ef9   Thumb Code     0  symdefs.m ABSOLUTE
    att_set_write_callback                   0x02004f05   Thumb Code     0  symdefs.m ABSOLUTE
    bd_addr_cmp                              0x020050ed   Thumb Code     0  symdefs.m ABSOLUTE
    bd_addr_copy                             0x020050f3   Thumb Code     0  symdefs.m ABSOLUTE
    bd_addr_to_str                           0x020050fd   Thumb Code     0  symdefs.m ABSOLUTE
    big_endian_read_16                       0x02005135   Thumb Code     0  symdefs.m ABSOLUTE
    big_endian_read_32                       0x0200513d   Thumb Code     0  symdefs.m ABSOLUTE
    big_endian_store_16                      0x02005151   Thumb Code     0  symdefs.m ABSOLUTE
    big_endian_store_32                      0x0200515d   Thumb Code     0  symdefs.m ABSOLUTE
    btstack_config                           0x020052bd   Thumb Code     0  symdefs.m ABSOLUTE
    btstack_memory_pool_create               0x020053fb   Thumb Code     0  symdefs.m ABSOLUTE
    btstack_memory_pool_free                 0x02005425   Thumb Code     0  symdefs.m ABSOLUTE
    btstack_memory_pool_get                  0x02005485   Thumb Code     0  symdefs.m ABSOLUTE
    btstack_push_user_msg                    0x020054ed   Thumb Code     0  symdefs.m ABSOLUTE
    btstack_push_user_runnable               0x020054f9   Thumb Code     0  symdefs.m ABSOLUTE
    char_for_nibble                          0x02005797   Thumb Code     0  symdefs.m ABSOLUTE
    eTaskConfirmSleepModeStatus              0x02005ae5   Thumb Code     0  symdefs.m ABSOLUTE
    gap_add_dev_to_periodic_list             0x02006189   Thumb Code     0  symdefs.m ABSOLUTE
    gap_add_whitelist                        0x02006199   Thumb Code     0  symdefs.m ABSOLUTE
    gap_aes_encrypt                          0x020061a5   Thumb Code     0  symdefs.m ABSOLUTE
    gap_clear_white_lists                    0x020061e9   Thumb Code     0  symdefs.m ABSOLUTE
    gap_clr_adv_set                          0x020061f5   Thumb Code     0  symdefs.m ABSOLUTE
    gap_clr_periodic_adv_list                0x02006201   Thumb Code     0  symdefs.m ABSOLUTE
    gap_create_connection_cancel             0x0200620d   Thumb Code     0  symdefs.m ABSOLUTE
    gap_default_periodic_adv_sync_transfer_param 0x02006219   Thumb Code     0  symdefs.m ABSOLUTE
    gap_disconnect                           0x02006231   Thumb Code     0  symdefs.m ABSOLUTE
    gap_disconnect_all                       0x0200625d   Thumb Code     0  symdefs.m ABSOLUTE
    gap_ext_create_connection                0x0200629d   Thumb Code     0  symdefs.m ABSOLUTE
    gap_get_connection_parameter_range       0x0200638d   Thumb Code     0  symdefs.m ABSOLUTE
    gap_le_read_channel_map                  0x020063c9   Thumb Code     0  symdefs.m ABSOLUTE
    gap_periodic_adv_create_sync             0x02006435   Thumb Code     0  symdefs.m ABSOLUTE
    gap_periodic_adv_create_sync_cancel      0x02006459   Thumb Code     0  symdefs.m ABSOLUTE
    gap_periodic_adv_set_info_transfer       0x02006465   Thumb Code     0  symdefs.m ABSOLUTE
    gap_periodic_adv_sync_transfer           0x02006475   Thumb Code     0  symdefs.m ABSOLUTE
    gap_periodic_adv_sync_transfer_param     0x02006485   Thumb Code     0  symdefs.m ABSOLUTE
    gap_periodic_adv_term_sync               0x020064a1   Thumb Code     0  symdefs.m ABSOLUTE
    gap_read_antenna_info                    0x02006529   Thumb Code     0  symdefs.m ABSOLUTE
    gap_read_periodic_adv_list_size          0x02006535   Thumb Code     0  symdefs.m ABSOLUTE
    gap_read_phy                             0x02006541   Thumb Code     0  symdefs.m ABSOLUTE
    gap_read_remote_used_features            0x0200654d   Thumb Code     0  symdefs.m ABSOLUTE
    gap_read_remote_version                  0x02006559   Thumb Code     0  symdefs.m ABSOLUTE
    gap_read_rssi                            0x02006565   Thumb Code     0  symdefs.m ABSOLUTE
    gap_remove_whitelist                     0x02006571   Thumb Code     0  symdefs.m ABSOLUTE
    gap_rmv_adv_set                          0x020065ed   Thumb Code     0  symdefs.m ABSOLUTE
    gap_rmv_dev_from_periodic_list           0x020065f9   Thumb Code     0  symdefs.m ABSOLUTE
    gap_rx_test_v2                           0x02006609   Thumb Code     0  symdefs.m ABSOLUTE
    gap_rx_test_v3                           0x02006619   Thumb Code     0  symdefs.m ABSOLUTE
    gap_set_adv_set_random_addr              0x02006665   Thumb Code     0  symdefs.m ABSOLUTE
    gap_set_connection_cte_request_enable    0x020066ad   Thumb Code     0  symdefs.m ABSOLUTE
    gap_set_connection_cte_response_enable   0x020066c9   Thumb Code     0  symdefs.m ABSOLUTE
    gap_set_connection_cte_rx_param          0x020066d9   Thumb Code     0  symdefs.m ABSOLUTE
    gap_set_connection_cte_tx_param          0x02006735   Thumb Code     0  symdefs.m ABSOLUTE
    gap_set_connection_parameter_range       0x02006789   Thumb Code     0  symdefs.m ABSOLUTE
    gap_set_connectionless_cte_tx_enable     0x020067a1   Thumb Code     0  symdefs.m ABSOLUTE
    gap_set_connectionless_cte_tx_param      0x020067b1   Thumb Code     0  symdefs.m ABSOLUTE
    gap_set_connectionless_iq_sampling_enable 0x02006811   Thumb Code     0  symdefs.m ABSOLUTE
    gap_set_data_length                      0x02006875   Thumb Code     0  symdefs.m ABSOLUTE
    gap_set_def_phy                          0x0200688d   Thumb Code     0  symdefs.m ABSOLUTE
    gap_set_ext_adv_data                     0x0200689d   Thumb Code     0  symdefs.m ABSOLUTE
    gap_set_ext_adv_enable                   0x020068b5   Thumb Code     0  symdefs.m ABSOLUTE
    gap_set_ext_adv_para                     0x02006931   Thumb Code     0  symdefs.m ABSOLUTE
    gap_set_ext_scan_enable                  0x02006a01   Thumb Code     0  symdefs.m ABSOLUTE
    gap_set_ext_scan_para                    0x02006a19   Thumb Code     0  symdefs.m ABSOLUTE
    gap_set_ext_scan_response_data           0x02006ac1   Thumb Code     0  symdefs.m ABSOLUTE
    gap_set_host_channel_classification      0x02006ad9   Thumb Code     0  symdefs.m ABSOLUTE
    gap_set_periodic_adv_data                0x02006ae9   Thumb Code     0  symdefs.m ABSOLUTE
    gap_set_periodic_adv_enable              0x02006b59   Thumb Code     0  symdefs.m ABSOLUTE
    gap_set_periodic_adv_para                0x02006b69   Thumb Code     0  symdefs.m ABSOLUTE
    gap_set_periodic_adv_rx_enable           0x02006b81   Thumb Code     0  symdefs.m ABSOLUTE
    gap_set_phy                              0x02006b91   Thumb Code     0  symdefs.m ABSOLUTE
    gap_set_random_device_address            0x02006bad   Thumb Code     0  symdefs.m ABSOLUTE
    gap_start_ccm                            0x02006bdd   Thumb Code     0  symdefs.m ABSOLUTE
    gap_test_end                             0x02006c31   Thumb Code     0  symdefs.m ABSOLUTE
    gap_tx_test_v2                           0x02006c3d   Thumb Code     0  symdefs.m ABSOLUTE
    gap_tx_test_v4                           0x02006c55   Thumb Code     0  symdefs.m ABSOLUTE
    gap_update_connection_parameters         0x02006c79   Thumb Code     0  symdefs.m ABSOLUTE
    gap_vendor_tx_continuous_wave            0x02006cbd   Thumb Code     0  symdefs.m ABSOLUTE
    gatt_client_cancel_write                 0x020071e5   Thumb Code     0  symdefs.m ABSOLUTE
    gatt_client_discover_characteristic_descriptors 0x0200720b   Thumb Code     0  symdefs.m ABSOLUTE
    gatt_client_discover_characteristics_for_handle_range_by_uuid128 0x0200724b   Thumb Code     0  symdefs.m ABSOLUTE
    gatt_client_discover_characteristics_for_handle_range_by_uuid16 0x0200729b   Thumb Code     0  symdefs.m ABSOLUTE
    gatt_client_discover_characteristics_for_service 0x020072eb   Thumb Code     0  symdefs.m ABSOLUTE
    gatt_client_discover_primary_services    0x02007321   Thumb Code     0  symdefs.m ABSOLUTE
    gatt_client_discover_primary_services_by_uuid128 0x02007353   Thumb Code     0  symdefs.m ABSOLUTE
    gatt_client_discover_primary_services_by_uuid16 0x02007397   Thumb Code     0  symdefs.m ABSOLUTE
    gatt_client_execute_write                0x020073d5   Thumb Code     0  symdefs.m ABSOLUTE
    gatt_client_find_included_services_for_service 0x020073fb   Thumb Code     0  symdefs.m ABSOLUTE
    gatt_client_get_mtu                      0x02007429   Thumb Code     0  symdefs.m ABSOLUTE
    gatt_client_is_ready                     0x020074ed   Thumb Code     0  symdefs.m ABSOLUTE
    gatt_client_listen_for_characteristic_value_updates 0x02007503   Thumb Code     0  symdefs.m ABSOLUTE
    gatt_client_prepare_write                0x02007525   Thumb Code     0  symdefs.m ABSOLUTE
    gatt_client_read_characteristic_descriptor_using_descriptor_handle 0x02007561   Thumb Code     0  symdefs.m ABSOLUTE
    gatt_client_read_long_characteristic_descriptor_using_descriptor_handle 0x0200758b   Thumb Code     0  symdefs.m ABSOLUTE
    gatt_client_read_long_characteristic_descriptor_using_descriptor_handle_with_offset 0x02007591   Thumb Code     0  symdefs.m ABSOLUTE
    gatt_client_read_long_value_of_characteristic_using_value_handle 0x020075bf   Thumb Code     0  symdefs.m ABSOLUTE
    gatt_client_read_long_value_of_characteristic_using_value_handle_with_offset 0x020075c5   Thumb Code     0  symdefs.m ABSOLUTE
    gatt_client_read_multiple_characteristic_values 0x020075f3   Thumb Code     0  symdefs.m ABSOLUTE
    gatt_client_read_value_of_characteristic_using_value_handle 0x02007623   Thumb Code     0  symdefs.m ABSOLUTE
    gatt_client_read_value_of_characteristics_by_uuid128 0x02007651   Thumb Code     0  symdefs.m ABSOLUTE
    gatt_client_read_value_of_characteristics_by_uuid16 0x0200769d   Thumb Code     0  symdefs.m ABSOLUTE
    gatt_client_register_handler             0x020076e9   Thumb Code     0  symdefs.m ABSOLUTE
    gatt_client_reliable_write_long_value_of_characteristic 0x020076f5   Thumb Code     0  symdefs.m ABSOLUTE
    gatt_client_signed_write_without_response 0x02007b29   Thumb Code     0  symdefs.m ABSOLUTE
    gatt_client_write_characteristic_descriptor_using_descriptor_handle 0x02007bed   Thumb Code     0  symdefs.m ABSOLUTE
    gatt_client_write_client_characteristic_configuration 0x02007c27   Thumb Code     0  symdefs.m ABSOLUTE
    gatt_client_write_long_characteristic_descriptor_using_descriptor_handle 0x02007c79   Thumb Code     0  symdefs.m ABSOLUTE
    gatt_client_write_long_characteristic_descriptor_using_descriptor_handle_with_offset 0x02007c89   Thumb Code     0  symdefs.m ABSOLUTE
    gatt_client_write_long_value_of_characteristic 0x02007cc5   Thumb Code     0  symdefs.m ABSOLUTE
    gatt_client_write_long_value_of_characteristic_with_offset 0x02007cd5   Thumb Code     0  symdefs.m ABSOLUTE
    gatt_client_write_value_of_characteristic 0x02007d11   Thumb Code     0  symdefs.m ABSOLUTE
    gatt_client_write_value_of_characteristic_without_response 0x02007d47   Thumb Code     0  symdefs.m ABSOLUTE
    hci_add_event_handler                    0x0200933d   Thumb Code     0  symdefs.m ABSOLUTE
    hci_power_control                        0x02009b3d   Thumb Code     0  symdefs.m ABSOLUTE
    hci_register_acl_packet_handler          0x02009cf1   Thumb Code     0  symdefs.m ABSOLUTE
    kv_commit                                0x0200a225   Thumb Code     0  symdefs.m ABSOLUTE
    kv_get                                   0x0200a27d   Thumb Code     0  symdefs.m ABSOLUTE
    kv_init                                  0x0200a295   Thumb Code     0  symdefs.m ABSOLUTE
    kv_put                                   0x0200a2fd   Thumb Code     0  symdefs.m ABSOLUTE
    kv_remove                                0x0200a375   Thumb Code     0  symdefs.m ABSOLUTE
    kv_remove_all                            0x0200a3b1   Thumb Code     0  symdefs.m ABSOLUTE
    kv_value_modified                        0x0200a3f5   Thumb Code     0  symdefs.m ABSOLUTE
    kv_visit                                 0x0200a3f9   Thumb Code     0  symdefs.m ABSOLUTE
    l2cap_add_event_handler                  0x0200a4ad   Thumb Code     0  symdefs.m ABSOLUTE
    l2cap_can_send_packet_now                0x0200a4bd   Thumb Code     0  symdefs.m ABSOLUTE
    l2cap_create_le_credit_based_connection_request 0x0200a681   Thumb Code     0  symdefs.m ABSOLUTE
    l2cap_credit_based_send                  0x0200a7c9   Thumb Code     0  symdefs.m ABSOLUTE
    l2cap_credit_based_send_continue         0x0200a7f5   Thumb Code     0  symdefs.m ABSOLUTE
    l2cap_disconnect                         0x0200a871   Thumb Code     0  symdefs.m ABSOLUTE
    l2cap_get_le_credit_based_connection_credits 0x0200aa5d   Thumb Code     0  symdefs.m ABSOLUTE
    l2cap_get_peer_mtu_for_local_cid         0x0200aa79   Thumb Code     0  symdefs.m ABSOLUTE
    l2cap_init                               0x0200aeb9   Thumb Code     0  symdefs.m ABSOLUTE
    l2cap_le_send_flow_control_credit        0x0200afaf   Thumb Code     0  symdefs.m ABSOLUTE
    l2cap_max_le_mtu                         0x0200b2bd   Thumb Code     0  symdefs.m ABSOLUTE
    l2cap_register_packet_handler            0x0200b3e5   Thumb Code     0  symdefs.m ABSOLUTE
    l2cap_register_service                   0x0200b3f1   Thumb Code     0  symdefs.m ABSOLUTE
    l2cap_request_can_send_now_event         0x0200b501   Thumb Code     0  symdefs.m ABSOLUTE
    l2cap_request_connection_parameter_update 0x0200b51b   Thumb Code     0  symdefs.m ABSOLUTE
    l2cap_send_echo_request                  0x0200b9fd   Thumb Code     0  symdefs.m ABSOLUTE
    l2cap_unregister_service                 0x0200badd   Thumb Code     0  symdefs.m ABSOLUTE
    le_device_db_add                         0x0200bb35   Thumb Code     0  symdefs.m ABSOLUTE
    le_device_db_find                        0x0200bc09   Thumb Code     0  symdefs.m ABSOLUTE
    le_device_db_from_key                    0x0200bc35   Thumb Code     0  symdefs.m ABSOLUTE
    le_device_db_iter_cur                    0x0200bc3d   Thumb Code     0  symdefs.m ABSOLUTE
    le_device_db_iter_cur_key                0x0200bc41   Thumb Code     0  symdefs.m ABSOLUTE
    le_device_db_iter_init                   0x0200bc45   Thumb Code     0  symdefs.m ABSOLUTE
    le_device_db_iter_next                   0x0200bc4d   Thumb Code     0  symdefs.m ABSOLUTE
    le_device_db_remove_key                  0x0200bc73   Thumb Code     0  symdefs.m ABSOLUTE
    ll_adjust_conn_peer_tx_power             0x0200bca1   Thumb Code     0  symdefs.m ABSOLUTE
    ll_aes_encrypt                           0x0200bccd   Thumb Code     0  symdefs.m ABSOLUTE
    ll_free                                  0x0200bd41   Thumb Code     0  symdefs.m ABSOLUTE
    ll_hint_on_ce_len                        0x0200bd4d   Thumb Code     0  symdefs.m ABSOLUTE
    ll_legacy_adv_set_interval               0x0200bd85   Thumb Code     0  symdefs.m ABSOLUTE
    ll_malloc                                0x0200bd95   Thumb Code     0  symdefs.m ABSOLUTE
    ll_scan_set_fixed_channel                0x0200bf05   Thumb Code     0  symdefs.m ABSOLUTE
    ll_set_adv_access_address                0x0200c019   Thumb Code     0  symdefs.m ABSOLUTE
    ll_set_adv_coded_scheme                  0x0200c025   Thumb Code     0  symdefs.m ABSOLUTE
    ll_set_conn_coded_scheme                 0x0200c05d   Thumb Code     0  symdefs.m ABSOLUTE
    ll_set_conn_latency                      0x0200c089   Thumb Code     0  symdefs.m ABSOLUTE
    ll_set_conn_tx_power                     0x0200c0b9   Thumb Code     0  symdefs.m ABSOLUTE
    ll_set_def_antenna                       0x0200c0f5   Thumb Code     0  symdefs.m ABSOLUTE
    ll_set_initiating_coded_scheme           0x0200c115   Thumb Code     0  symdefs.m ABSOLUTE
    ll_set_max_conn_number                   0x0200c121   Thumb Code     0  symdefs.m ABSOLUTE
    ll_set_tx_power_range                    0x0200c1bd   Thumb Code     0  symdefs.m ABSOLUTE
    nibble_for_char                          0x0201e9c1   Thumb Code     0  symdefs.m ABSOLUTE
    platform_32k_rc_auto_tune                0x0201ea6d   Thumb Code     0  symdefs.m ABSOLUTE
    platform_32k_rc_tune                     0x0201eab9   Thumb Code     0  symdefs.m ABSOLUTE
    platform_calibrate_32k                   0x0201ead5   Thumb Code     0  symdefs.m ABSOLUTE
    platform_config                          0x0201ead9   Thumb Code     0  symdefs.m ABSOLUTE
    platform_enable_irq                      0x0201ebe1   Thumb Code     0  symdefs.m ABSOLUTE
    platform_get_current_task                0x0201ec15   Thumb Code     0  symdefs.m ABSOLUTE
    platform_get_gen_os_driver               0x0201ec39   Thumb Code     0  symdefs.m ABSOLUTE
    platform_get_heap_status                 0x0201ec41   Thumb Code     0  symdefs.m ABSOLUTE
    platform_get_task_handle                 0x0201ec59   Thumb Code     0  symdefs.m ABSOLUTE
    platform_get_us_time                     0x0201ec79   Thumb Code     0  symdefs.m ABSOLUTE
    platform_get_version                     0x0201ec7d   Thumb Code     0  symdefs.m ABSOLUTE
    platform_hrng                            0x0201ec85   Thumb Code     0  symdefs.m ABSOLUTE
    platform_install_isr_stack               0x0201ec8d   Thumb Code     0  symdefs.m ABSOLUTE
    platform_install_task_stack              0x0201ec99   Thumb Code     0  symdefs.m ABSOLUTE
    platform_patch_rf_init_data              0x0201ecd1   Thumb Code     0  symdefs.m ABSOLUTE
    platform_printf                          0x0201ecdd   Thumb Code     0  symdefs.m ABSOLUTE
    platform_raise_assertion                 0x0201ecf1   Thumb Code     0  symdefs.m ABSOLUTE
    platform_rand                            0x0201ed05   Thumb Code     0  symdefs.m ABSOLUTE
    platform_read_info                       0x0201ed09   Thumb Code     0  symdefs.m ABSOLUTE
    platform_read_persistent_reg             0x0201ed39   Thumb Code     0  symdefs.m ABSOLUTE
    platform_reset                           0x0201ed45   Thumb Code     0  symdefs.m ABSOLUTE
    platform_set_evt_callback                0x0201ed59   Thumb Code     0  symdefs.m ABSOLUTE
    platform_set_evt_callback_table          0x0201ed6d   Thumb Code     0  symdefs.m ABSOLUTE
    platform_set_irq_callback                0x0201ed79   Thumb Code     0  symdefs.m ABSOLUTE
    platform_set_irq_callback_table          0x0201ed95   Thumb Code     0  symdefs.m ABSOLUTE
    platform_set_rf_clk_source               0x0201eda1   Thumb Code     0  symdefs.m ABSOLUTE
    platform_set_rf_init_data                0x0201edad   Thumb Code     0  symdefs.m ABSOLUTE
    platform_set_rf_power_mapping            0x0201edb9   Thumb Code     0  symdefs.m ABSOLUTE
    platform_set_timer                       0x0201edc5   Thumb Code     0  symdefs.m ABSOLUTE
    platform_shutdown                        0x0201edc9   Thumb Code     0  symdefs.m ABSOLUTE
    platform_switch_app                      0x0201edcd   Thumb Code     0  symdefs.m ABSOLUTE
    platform_trace_raw                       0x0201ede5   Thumb Code     0  symdefs.m ABSOLUTE
    platform_write_persistent_reg            0x0201edfd   Thumb Code     0  symdefs.m ABSOLUTE
    printf_hexdump                           0x0201efb5   Thumb Code     0  symdefs.m ABSOLUTE
    pvPortMalloc                             0x0201fa89   Thumb Code     0  symdefs.m ABSOLUTE
    pvTaskIncrementMutexHeldCount            0x0201fb71   Thumb Code     0  symdefs.m ABSOLUTE
    pvTimerGetTimerID                        0x0201fb89   Thumb Code     0  symdefs.m ABSOLUTE
    pxPortInitialiseStack                    0x0201fbb5   Thumb Code     0  symdefs.m ABSOLUTE
    reverse_128                              0x0201fd9d   Thumb Code     0  symdefs.m ABSOLUTE
    reverse_24                               0x0201fda3   Thumb Code     0  symdefs.m ABSOLUTE
    reverse_48                               0x0201fda9   Thumb Code     0  symdefs.m ABSOLUTE
    reverse_56                               0x0201fdaf   Thumb Code     0  symdefs.m ABSOLUTE
    reverse_64                               0x0201fdb5   Thumb Code     0  symdefs.m ABSOLUTE
    reverse_bd_addr                          0x0201fdbb   Thumb Code     0  symdefs.m ABSOLUTE
    reverse_bytes                            0x0201fdc1   Thumb Code     0  symdefs.m ABSOLUTE
    sm_add_event_handler                     0x020200dd   Thumb Code     0  symdefs.m ABSOLUTE
    sm_address_resolution_lookup             0x02020235   Thumb Code     0  symdefs.m ABSOLUTE
    sm_authenticated                         0x02020595   Thumb Code     0  symdefs.m ABSOLUTE
    sm_authorization_decline                 0x020205a3   Thumb Code     0  symdefs.m ABSOLUTE
    sm_authorization_grant                   0x020205c3   Thumb Code     0  symdefs.m ABSOLUTE
    sm_authorization_state                   0x020205e3   Thumb Code     0  symdefs.m ABSOLUTE
    sm_bonding_decline                       0x020205fd   Thumb Code     0  symdefs.m ABSOLUTE
    sm_config                                0x02020a15   Thumb Code     0  symdefs.m ABSOLUTE
    sm_config_conn                           0x02020a2d   Thumb Code     0  symdefs.m ABSOLUTE
    sm_encryption_key_size                   0x02020be3   Thumb Code     0  symdefs.m ABSOLUTE
    sm_just_works_confirm                    0x0202111d   Thumb Code     0  symdefs.m ABSOLUTE
    sm_le_device_key                         0x02021459   Thumb Code     0  symdefs.m ABSOLUTE
    sm_passkey_input                         0x020214ef   Thumb Code     0  symdefs.m ABSOLUTE
    sm_private_random_address_generation_get 0x0202189d   Thumb Code     0  symdefs.m ABSOLUTE
    sm_private_random_address_generation_get_mode 0x020218a5   Thumb Code     0  symdefs.m ABSOLUTE
    sm_private_random_address_generation_set_mode 0x020218b1   Thumb Code     0  symdefs.m ABSOLUTE
    sm_private_random_address_generation_set_update_period 0x020218d9   Thumb Code     0  symdefs.m ABSOLUTE
    sm_register_oob_data_callback            0x02021a15   Thumb Code     0  symdefs.m ABSOLUTE
    sm_request_pairing                       0x02021a21   Thumb Code     0  symdefs.m ABSOLUTE
    sm_send_security_request                 0x0202245f   Thumb Code     0  symdefs.m ABSOLUTE
    sm_set_accepted_stk_generation_methods   0x02022485   Thumb Code     0  symdefs.m ABSOLUTE
    sm_set_authentication_requirements       0x02022491   Thumb Code     0  symdefs.m ABSOLUTE
    sm_set_encryption_key_size_range         0x0202249d   Thumb Code     0  symdefs.m ABSOLUTE
    sscanf_bd_addr                           0x020227fd   Thumb Code     0  symdefs.m ABSOLUTE
    sysSetPublicDeviceAddr                   0x02022c69   Thumb Code     0  symdefs.m ABSOLUTE
    uuid128_to_str                           0x02023415   Thumb Code     0  symdefs.m ABSOLUTE
    uuid_add_bluetooth_prefix                0x0202346d   Thumb Code     0  symdefs.m ABSOLUTE
    uuid_has_bluetooth_prefix                0x0202348d   Thumb Code     0  symdefs.m ABSOLUTE
    uxListRemove                             0x020234a9   Thumb Code     0  symdefs.m ABSOLUTE
    uxQueueMessagesWaiting                   0x020234d1   Thumb Code     0  symdefs.m ABSOLUTE
    uxQueueMessagesWaitingFromISR            0x020234f9   Thumb Code     0  symdefs.m ABSOLUTE
    uxQueueSpacesAvailable                   0x02023515   Thumb Code     0  symdefs.m ABSOLUTE
    uxTaskGetStackHighWaterMark              0x02023541   Thumb Code     0  symdefs.m ABSOLUTE
    uxTaskPriorityGet                        0x02023561   Thumb Code     0  symdefs.m ABSOLUTE
    uxTaskPriorityGetFromISR                 0x0202357d   Thumb Code     0  symdefs.m ABSOLUTE
    vListInitialise                          0x02023623   Thumb Code     0  symdefs.m ABSOLUTE
    vListInitialiseItem                      0x02023639   Thumb Code     0  symdefs.m ABSOLUTE
    vListInsert                              0x0202363f   Thumb Code     0  symdefs.m ABSOLUTE
    vListInsertEnd                           0x0202366f   Thumb Code     0  symdefs.m ABSOLUTE
    vPortEndScheduler                        0x02023689   Thumb Code     0  symdefs.m ABSOLUTE
    vPortEnterCritical                       0x020236b5   Thumb Code     0  symdefs.m ABSOLUTE
    vPortExitCritical                        0x020236f9   Thumb Code     0  symdefs.m ABSOLUTE
    vPortFree                                0x0202372d   Thumb Code     0  symdefs.m ABSOLUTE
    vPortSuppressTicksAndSleep               0x020237d1   Thumb Code     0  symdefs.m ABSOLUTE
    vPortValidateInterruptPriority           0x020238f9   Thumb Code     0  symdefs.m ABSOLUTE
    vQueueDelete                             0x02023955   Thumb Code     0  symdefs.m ABSOLUTE
    vQueueWaitForMessageRestricted           0x02023981   Thumb Code     0  symdefs.m ABSOLUTE
    vTaskDelay                               0x020239c5   Thumb Code     0  symdefs.m ABSOLUTE
    vTaskInternalSetTimeOutState             0x02023a11   Thumb Code     0  symdefs.m ABSOLUTE
    vTaskMissedYield                         0x02023a21   Thumb Code     0  symdefs.m ABSOLUTE
    vTaskPlaceOnEventList                    0x02023a2d   Thumb Code     0  symdefs.m ABSOLUTE
    vTaskPlaceOnEventListRestricted          0x02023a65   Thumb Code     0  symdefs.m ABSOLUTE
    vTaskPriorityDisinheritAfterTimeout      0x02023aa5   Thumb Code     0  symdefs.m ABSOLUTE
    vTaskPrioritySet                         0x02023b51   Thumb Code     0  symdefs.m ABSOLUTE
    vTaskResume                              0x02023c19   Thumb Code     0  symdefs.m ABSOLUTE
    vTaskStartScheduler                      0x02023c9d   Thumb Code     0  symdefs.m ABSOLUTE
    vTaskStepTick                            0x02023d2d   Thumb Code     0  symdefs.m ABSOLUTE
    vTaskSuspend                             0x02023d5d   Thumb Code     0  symdefs.m ABSOLUTE
    vTaskSuspendAll                          0x02023e19   Thumb Code     0  symdefs.m ABSOLUTE
    vTaskSwitchContext                       0x02023e29   Thumb Code     0  symdefs.m ABSOLUTE
    xPortStartScheduler                      0x02023ed1   Thumb Code     0  symdefs.m ABSOLUTE
    xQueueAddToSet                           0x02023fd5   Thumb Code     0  symdefs.m ABSOLUTE
    xQueueCreateCountingSemaphore            0x02023ff9   Thumb Code     0  symdefs.m ABSOLUTE
    xQueueCreateCountingSemaphoreStatic      0x02024035   Thumb Code     0  symdefs.m ABSOLUTE
    xQueueCreateMutex                        0x02024079   Thumb Code     0  symdefs.m ABSOLUTE
    xQueueCreateMutexStatic                  0x0202408f   Thumb Code     0  symdefs.m ABSOLUTE
    xQueueCreateSet                          0x020240a9   Thumb Code     0  symdefs.m ABSOLUTE
    xQueueGenericCreate                      0x020240b1   Thumb Code     0  symdefs.m ABSOLUTE
    xQueueGenericCreateStatic                0x020240fd   Thumb Code     0  symdefs.m ABSOLUTE
    xQueueGenericReset                       0x02024165   Thumb Code     0  symdefs.m ABSOLUTE
    xQueueGenericSend                        0x020241f1   Thumb Code     0  symdefs.m ABSOLUTE
    xQueueGenericSendFromISR                 0x0202435d   Thumb Code     0  symdefs.m ABSOLUTE
    xQueueGiveFromISR                        0x0202441d   Thumb Code     0  symdefs.m ABSOLUTE
    xQueueGiveMutexRecursive                 0x020244c1   Thumb Code     0  symdefs.m ABSOLUTE
    xQueueIsQueueEmptyFromISR                0x02024501   Thumb Code     0  symdefs.m ABSOLUTE
    xQueueIsQueueFullFromISR                 0x02024525   Thumb Code     0  symdefs.m ABSOLUTE
    xQueuePeek                               0x0202454d   Thumb Code     0  symdefs.m ABSOLUTE
    xQueuePeekFromISR                        0x02024675   Thumb Code     0  symdefs.m ABSOLUTE
    xQueueReceive                            0x020246e1   Thumb Code     0  symdefs.m ABSOLUTE
    xQueueReceiveFromISR                     0x0202480d   Thumb Code     0  symdefs.m ABSOLUTE
    xQueueRemoveFromSet                      0x020248a1   Thumb Code     0  symdefs.m ABSOLUTE
    xQueueSelectFromSet                      0x020248c3   Thumb Code     0  symdefs.m ABSOLUTE
    xQueueSelectFromSetFromISR               0x020248d5   Thumb Code     0  symdefs.m ABSOLUTE
    xQueueSemaphoreTake                      0x020248e9   Thumb Code     0  symdefs.m ABSOLUTE
    xQueueTakeMutexRecursive                 0x02024a55   Thumb Code     0  symdefs.m ABSOLUTE
    xTaskCheckForTimeOut                     0x02024a99   Thumb Code     0  symdefs.m ABSOLUTE
    xTaskCreate                              0x02024b09   Thumb Code     0  symdefs.m ABSOLUTE
    xTaskCreateStatic                        0x02024b65   Thumb Code     0  symdefs.m ABSOLUTE
    xTaskGetCurrentTaskHandle                0x02024bd5   Thumb Code     0  symdefs.m ABSOLUTE
    xTaskGetSchedulerState                   0x02024be1   Thumb Code     0  symdefs.m ABSOLUTE
    xTaskGetTickCount                        0x02024bfd   Thumb Code     0  symdefs.m ABSOLUTE
    xTaskGetTickCountFromISR                 0x02024c09   Thumb Code     0  symdefs.m ABSOLUTE
    xTaskIncrementTick                       0x02024c19   Thumb Code     0  symdefs.m ABSOLUTE
    xTaskPriorityDisinherit                  0x02024ce5   Thumb Code     0  symdefs.m ABSOLUTE
    xTaskPriorityInherit                     0x02024d79   Thumb Code     0  symdefs.m ABSOLUTE
    xTaskRemoveFromEventList                 0x02024e0d   Thumb Code     0  symdefs.m ABSOLUTE
    xTaskResumeAll                           0x02024e8d   Thumb Code     0  symdefs.m ABSOLUTE
    xTaskResumeFromISR                       0x02024f55   Thumb Code     0  symdefs.m ABSOLUTE
    xTimerCreate                             0x02024fe1   Thumb Code     0  symdefs.m ABSOLUTE
    xTimerCreateStatic                       0x02025015   Thumb Code     0  symdefs.m ABSOLUTE
    xTimerCreateTimerTask                    0x0202504d   Thumb Code     0  symdefs.m ABSOLUTE
    xTimerGenericCommand                     0x020250b9   Thumb Code     0  symdefs.m ABSOLUTE
    xTimerGetExpiryTime                      0x02025129   Thumb Code     0  symdefs.m ABSOLUTE
    xTimerGetTimerDaemonTaskHandle           0x02025149   Thumb Code     0  symdefs.m ABSOLUTE
    __Vectors                                0x02028000   Data           4  startup_ing91600.o(RESET)
    __main                                   0x02028009   Thumb Code     0  entry.o(.ARM.Collect$$$$00000000)
    _main_stk                                0x02028009   Thumb Code     0  entry2.o(.ARM.Collect$$$$00000001)
    _main_scatterload                        0x0202800d   Thumb Code     0  entry5.o(.ARM.Collect$$$$00000004)
    __main_after_scatterload                 0x02028011   Thumb Code     0  entry5.o(.ARM.Collect$$$$00000004)
    _main_clock                              0x02028011   Thumb Code     0  entry7b.o(.ARM.Collect$$$$00000008)
    _main_cpp_init                           0x02028011   Thumb Code     0  entry8b.o(.ARM.Collect$$$$0000000A)
    _main_init                               0x02028011   Thumb Code     0  entry9a.o(.ARM.Collect$$$$0000000B)
    __rt_final_cpp                           0x02028019   Thumb Code     0  entry10a.o(.ARM.Collect$$$$0000000D)
    __rt_final_exit                          0x02028019   Thumb Code     0  entry11a.o(.ARM.Collect$$$$0000000F)
    Reset_Handler                            0x0202801d   Thumb Code    14  startup_ing91600.o(.text)
    main                                     0x0202802d   Thumb Code    14  startup_ing91600.o(.text)
    __scatterload                            0x02028045   Thumb Code    28  init.o(.text)
    __scatterload_rt2                        0x02028045   Thumb Code     0  init.o(.text)
    __aeabi_memcpy                           0x02028069   Thumb Code    36  memcpya.o(.text)
    __aeabi_memcpy4                          0x02028069   Thumb Code     0  memcpya.o(.text)
    __aeabi_memcpy8                          0x02028069   Thumb Code     0  memcpya.o(.text)
    __aeabi_memset                           0x0202808d   Thumb Code    14  memseta.o(.text)
    __aeabi_memset4                          0x0202808d   Thumb Code     0  memseta.o(.text)
    __aeabi_memset8                          0x0202808d   Thumb Code     0  memseta.o(.text)
    __aeabi_memclr                           0x0202809b   Thumb Code     4  memseta.o(.text)
    __aeabi_memclr4                          0x0202809b   Thumb Code     0  memseta.o(.text)
    __aeabi_memclr8                          0x0202809b   Thumb Code     0  memseta.o(.text)
    _memset$wrapper                          0x0202809f   Thumb Code    18  memseta.o(.text)
    PINCTRL_EnableAnalog                     0x020280b1   Thumb Code    82  peripheral_pinctrl.o(.text.PINCTRL_EnableAnalog)
    PINCTRL_Pull                             0x02028105   Thumb Code    78  peripheral_pinctrl.o(.text.PINCTRL_Pull)
    PINCTRL_SelUSB                           0x02028155   Thumb Code    68  peripheral_pinctrl.o(.text.PINCTRL_SelUSB)
    PINCTRL_SetPadMux                        0x02028199   Thumb Code   254  peripheral_pinctrl.o(.text.PINCTRL_SetPadMux)
    SYSCTRL_ClearClkGate                     0x02028299   Thumb Code    10  peripheral_sysctrl.o(.text.SYSCTRL_ClearClkGate)
    SYSCTRL_ClearClkGateMulti                0x020282a5   Thumb Code    32  peripheral_sysctrl.o(.text.SYSCTRL_ClearClkGateMulti)
    SYSCTRL_GetPLLClk                        0x0202858d   Thumb Code    60  peripheral_sysctrl.o(.text.SYSCTRL_GetPLLClk)
    SYSCTRL_GetSlowClk                       0x020285c9   Thumb Code   116  peripheral_sysctrl.o(.text.SYSCTRL_GetSlowClk)
    SYSCTRL_SelectUSBClk                     0x0202863d   Thumb Code    32  peripheral_sysctrl.o(.text.SYSCTRL_SelectUSBClk)
    SYSCTRL_USBPhyConfig                     0x0202865d   Thumb Code    26  peripheral_sysctrl.o(.text.SYSCTRL_USBPhyConfig)
    TMR_WatchDogRestart                      0x02028679   Thumb Code    22  peripheral_timer.o(.text.TMR_WatchDogRestart)
    UART_SendData                            0x02028691   Thumb Code     4  peripheral_uart.o(.text.UART_SendData)
    USB_CancelTransfert                      0x02028695   Thumb Code    56  peripheral_usb.o(.text.USB_CancelTransfert)
    USB_CheckTransferCondition               0x020286cd   Thumb Code   126  peripheral_usb.o(.text.USB_CheckTransferCondition)
    USB_ClrConfig                            0x0202874d   Thumb Code    90  peripheral_usb.o(.text.USB_ClrConfig)
    USB_ConfigureEp                          0x020287a9   Thumb Code    84  peripheral_usb.o(.text.USB_ConfigureEp)
    USB_ContinueTransfer                     0x020287fd   Thumb Code   160  peripheral_usb.o(.text.USB_ContinueTransfer)
    USB_CoreReset                            0x0202889d   Thumb Code    40  peripheral_usb.o(.text.USB_CoreReset)
    USB_DeviceInitialization                 0x020288c5   Thumb Code   102  peripheral_usb.o(.text.USB_DeviceInitialization)
    USB_DeviceSetThreshold                   0x0202892d   Thumb Code    98  peripheral_usb.o(.text.USB_DeviceSetThreshold)
    USB_DisableEp                            0x02028991   Thumb Code   270  peripheral_usb.o(.text.USB_DisableEp)
    USB_EP0StatusIn                          0x02028aa1   Thumb Code    38  peripheral_usb.o(.text.USB_EP0StatusIn)
    USB_EP0StatusOut                         0x02028ac9   Thumb Code    34  peripheral_usb.o(.text.USB_EP0StatusOut)
    USB_EnableEp                             0x02028aed   Thumb Code   264  peripheral_usb.o(.text.USB_EnableEp)
    USB_FlushRXFifo                          0x02028bf5   Thumb Code    52  peripheral_usb.o(.text.USB_FlushRXFifo)
    USB_FlushTXFifo                          0x02028c29   Thumb Code    76  peripheral_usb.o(.text.USB_FlushTXFifo)
    USB_GetEp0SetupData                      0x02028c75   Thumb Code    10  peripheral_usb.o(.text.USB_GetEp0SetupData)
    USB_GetMaxPacketSize                     0x02028c81   Thumb Code    22  peripheral_usb.o(.text.USB_GetMaxPacketSize)
    USB_GetMaxTransferSize                   0x02028c99   Thumb Code    22  peripheral_usb.o(.text.USB_GetMaxTransferSize)
    USB_GetSetupPacket                       0x02028cb1   Thumb Code    36  peripheral_usb.o(.text.USB_GetSetupPacket)
    USB_GetTransferSize                      0x02028cd5   Thumb Code   184  peripheral_usb.o(.text.USB_GetTransferSize)
    USB_GetTransferedSize                    0x02028d8d   Thumb Code    36  peripheral_usb.o(.text.USB_GetTransferedSize)
    USB_HandleEp0                            0x02028db1   Thumb Code   290  peripheral_usb.o(.text.USB_HandleEp0)
    USB_InitConfig                           0x02028ed5   Thumb Code    48  peripheral_usb.o(.text.USB_InitConfig)
    USB_IrqHandler                           0x02028f05   Thumb Code   760  peripheral_usb.o(.text.USB_IrqHandler)
    USB_NewTransfer                          0x020291fd   Thumb Code   160  peripheral_usb.o(.text.USB_NewTransfer)
    USB_PCStopPhyClcok                       0x0202929d   Thumb Code    48  peripheral_usb.o(.text.USB_PCStopPhyClcok)
    USB_ReInit                               0x020292cd   Thumb Code    22  peripheral_usb.o(.text.USB_ReInit)
    USB_RecvData                             0x020292e5   Thumb Code    76  peripheral_usb.o(.text.USB_RecvData)
    USB_ResetAndConfig                       0x02029331   Thumb Code   110  peripheral_usb.o(.text.USB_ResetAndConfig)
    USB_ResetTransfert                       0x020293a1   Thumb Code    64  peripheral_usb.o(.text.USB_ResetTransfert)
    USB_SendData                             0x020293e1   Thumb Code    78  peripheral_usb.o(.text.USB_SendData)
    USB_SetEp0Stall                          0x02029431   Thumb Code    26  peripheral_usb.o(.text.USB_SetEp0Stall)
    USB_SetStallEp                           0x0202944d   Thumb Code   126  peripheral_usb.o(.text.USB_SetStallEp)
    USB_SetupDataFifo                        0x020294cd   Thumb Code    42  peripheral_usb.o(.text.USB_SetupDataFifo)
    USB_StartTransfer                        0x020294f9   Thumb Code   116  peripheral_usb.o(.text.USB_StartTransfer)
    apUART_BaudRateSet                       0x0202956d   Thumb Code    50  peripheral_uart.o(.text.apUART_BaudRateSet)
    apUART_Check_TXFIFO_FULL                 0x020295a1   Thumb Code     8  peripheral_uart.o(.text.apUART_Check_TXFIFO_FULL)
    apUART_Initialize                        0x020295a9   Thumb Code   118  peripheral_uart.o(.text.apUART_Initialize)
    app_main                                 0x02029621   Thumb Code   136  main.o(.text.app_main)
    bsp_msc_ata_pass_through                 0x020296ad   Thumb Code    84  bsp_usb_msc.o(.text.bsp_msc_ata_pass_through)
    bsp_msc_bulk_in                          0x02029701   Thumb Code    72  bsp_usb_msc.o(.text.bsp_msc_bulk_in)
    bsp_msc_bulk_out                         0x02029749   Thumb Code   106  bsp_usb_msc.o(.text.bsp_msc_bulk_out)
    bsp_msc_check_media                      0x020297b5   Thumb Code    74  bsp_usb_msc.o(.text.bsp_msc_check_media)
    bsp_msc_clr_stall_ep_                    0x02029801   Thumb Code    12  bsp_usb_msc.o(.text.bsp_msc_clr_stall_ep_)
    bsp_msc_data_in_format                   0x0202980d   Thumb Code    46  bsp_usb_msc.o(.text.bsp_msc_data_in_format)
    bsp_msc_data_in_transfer                 0x0202983d   Thumb Code    60  bsp_usb_msc.o(.text.bsp_msc_data_in_transfer)
    bsp_msc_get_cbw                          0x02029879   Thumb Code   676  bsp_usb_msc.o(.text.bsp_msc_get_cbw)
    bsp_msc_init                             0x02029b1d   Thumb Code    74  bsp_usb_msc.o(.text.bsp_msc_init)
    bsp_msc_inquiry                          0x02029b69   Thumb Code    86  bsp_usb_msc.o(.text.bsp_msc_inquiry)
    bsp_msc_media_removal                    0x02029bc1   Thumb Code    26  bsp_usb_msc.o(.text.bsp_msc_media_removal)
    bsp_msc_memory_read                      0x02029bdd   Thumb Code   200  bsp_usb_msc.o(.text.bsp_msc_memory_read)
    bsp_msc_memory_verify                    0x02029ca5   Thumb Code   246  bsp_usb_msc.o(.text.bsp_msc_memory_verify)
    bsp_msc_memory_write                     0x02029d9d   Thumb Code   256  bsp_usb_msc.o(.text.bsp_msc_memory_write)
    bsp_msc_mode_sense10                     0x02029e9d   Thumb Code    76  bsp_usb_msc.o(.text.bsp_msc_mode_sense10)
    bsp_msc_mode_sense6                      0x02029ee9   Thumb Code    70  bsp_usb_msc.o(.text.bsp_msc_mode_sense6)
    bsp_msc_read_capacity                    0x02029f31   Thumb Code    90  bsp_usb_msc.o(.text.bsp_msc_read_capacity)
    bsp_msc_read_ep                          0x02029f8d   Thumb Code    92  bsp_usb_msc.o(.text.bsp_msc_read_ep)
    bsp_msc_read_format_capacity             0x02029fe9   Thumb Code   112  bsp_usb_msc.o(.text.bsp_msc_read_format_capacity)
    bsp_msc_read_sect                        0x0202a059   Thumb Code    22  bsp_usb_msc.o(.text.bsp_msc_read_sect)
    bsp_msc_request_sense                    0x0202a071   Thumb Code   118  bsp_usb_msc.o(.text.bsp_msc_request_sense)
    bsp_msc_reset                            0x0202a0e9   Thumb Code    26  bsp_usb_msc.o(.text.bsp_msc_reset)
    bsp_msc_rw_setup                         0x0202a105   Thumb Code   146  bsp_usb_msc.o(.text.bsp_msc_rw_setup)
    bsp_msc_service_action_in16              0x0202a199   Thumb Code    72  bsp_usb_msc.o(.text.bsp_msc_service_action_in16)
    bsp_msc_set_csw                          0x0202a1e1   Thumb Code    40  bsp_usb_msc.o(.text.bsp_msc_set_csw)
    bsp_msc_set_stall_ep                     0x0202a209   Thumb Code    48  bsp_usb_msc.o(.text.bsp_msc_set_stall_ep)
    bsp_msc_set_stall_ep_                    0x0202a239   Thumb Code    28  bsp_usb_msc.o(.text.bsp_msc_set_stall_ep_)
    bsp_msc_start_stop_unit                  0x0202a255   Thumb Code    40  bsp_usb_msc.o(.text.bsp_msc_start_stop_unit)
    bsp_msc_synchronize_cache                0x0202a27d   Thumb Code    22  bsp_usb_msc.o(.text.bsp_msc_synchronize_cache)
    bsp_msc_test_unit_ready                  0x0202a295   Thumb Code    58  bsp_usb_msc.o(.text.bsp_msc_test_unit_ready)
    bsp_msc_write_ep                         0x0202a2d1   Thumb Code    44  bsp_usb_msc.o(.text.bsp_msc_write_ep)
    bsp_msc_write_sect                       0x0202a2fd   Thumb Code    18  bsp_usb_msc.o(.text.bsp_msc_write_sect)
    bsp_usb_init                             0x0202a57d   Thumb Code   108  bsp_usb_msc.o(.text.bsp_usb_init)
    cb_putc                                  0x0202a655   Thumb Code    34  main.o(.text.cb_putc)
    config_uart                              0x0202a679   Thumb Code    60  main.o(.text.config_uart)
    on_deep_sleep_wakeup                     0x0202a6c5   Thumb Code    10  main.o(.text.on_deep_sleep_wakeup)
    program_flash                            0x0202a6d1   Thumb Code    10  eflash_1.o(.text.program_flash)
    query_deep_sleep_allowed                 0x0202a6dd   Thumb Code     4  main.o(.text.query_deep_sleep_allowed)
    setup_peripherals                        0x0202a745   Thumb Code    24  main.o(.text.setup_peripherals)
    __scatterload_copy                       0x0202a7cb   Thumb Code    14  handlers.o(i.__scatterload_copy)
    __scatterload_null                       0x0202a7d9   Thumb Code     2  handlers.o(i.__scatterload_null)
    __scatterload_zeroinit                   0x0202a7db   Thumb Code    14  handlers.o(i.__scatterload_zeroinit)
    ConfigDescriptor                         0x0202a7e8   Data          32  bsp_usb_msc.o(.rodata.ConfigDescriptor)
    DeviceDescriptor                         0x0202a808   Data          18  bsp_usb_msc.o(.rodata.DeviceDescriptor)
    StringDescriptor_0                       0x0202a81c   Data           4  bsp_usb_msc.o(.rodata.StringDescriptor_0)
    StringDescriptor_1                       0x0202a820   Data          18  bsp_usb_msc.o(.rodata.StringDescriptor_1)
    StringDescriptor_2                       0x0202a834   Data          16  bsp_usb_msc.o(.rodata.StringDescriptor_2)
    StringInquiryData                        0x0202a844   Data          28  bsp_usb_msc.o(.rodata.StringInquiryData)
    io_output_source_map                     0x0202a860   Data         798  peripheral_pinctrl.o(.rodata.io_output_source_map)
    Region$$Table$$Base                      0x0202abec   Number         0  anon$$obj.o(Region$$Table)
    Region$$Table$$Limit                     0x0202abfc   Number         0  anon$$obj.o(Region$$Table)
    msc_disk                                 0x02040000   Data       77824  bsp_usb_msc.o(.ARM.__at_0x02040000)
    DataMscBuffer                            0x200053c8   Data        4096  bsp_usb_msc.o(.bss.DataMscBuffer)
    DataRecvBuf                              0x200063c8   Data          64  bsp_usb_msc.o(.bss.DataRecvBuf)
    DataSendBuf                              0x20006408   Data          64  bsp_usb_msc.o(.bss.DataSendBuf)
    USB_Var                                  0x20006448   Data         168  bsp_usb_msc.o(.bss.USB_Var)
    g_UsbVar                                 0x20006570   Data         264  peripheral_usb.o(.bss.g_UsbVar)
    __initial_sp                             0x2000667c   Data           0  startup_ing91600.o(STACK)



==============================================================================

Memory Map of the image

  Image Entry point : 0x02028009

  Load Region LR_IROM1 (Base: 0x02028000, Size: 0x0002b000, Max: 0x00058000, ABSOLUTE)

    Execution Region ER_IROM1 (Exec base: 0x02028000, Load base: 0x02028000, Size: 0x0002b000, Max: 0x00058000, ABSOLUTE)

    Exec Addr    Load Addr    Size         Type   Attr      Idx    E Section Name        Object

    0x02028000   0x02028000   0x00000008   Data   RO           64    RESET               startup_ing91600.o
    0x02028008   0x02028008   0x00000000   Code   RO          648  * .ARM.Collect$$$$00000000  mc_w.l(entry.o)
    0x02028008   0x02028008   0x00000004   Code   RO          667    .ARM.Collect$$$$00000001  mc_w.l(entry2.o)
    0x0202800c   0x0202800c   0x00000004   Code   RO          670    .ARM.Collect$$$$00000004  mc_w.l(entry5.o)
    0x02028010   0x02028010   0x00000000   Code   RO          672    .ARM.Collect$$$$00000008  mc_w.l(entry7b.o)
    0x02028010   0x02028010   0x00000000   Code   RO          674    .ARM.Collect$$$$0000000A  mc_w.l(entry8b.o)
    0x02028010   0x02028010   0x00000008   Code   RO          675    .ARM.Collect$$$$0000000B  mc_w.l(entry9a.o)
    0x02028018   0x02028018   0x00000000   Code   RO          677    .ARM.Collect$$$$0000000D  mc_w.l(entry10a.o)
    0x02028018   0x02028018   0x00000000   Code   RO          679    .ARM.Collect$$$$0000000F  mc_w.l(entry11a.o)
    0x02028018   0x02028018   0x00000004   Code   RO          668    .ARM.Collect$$$$00002712  mc_w.l(entry2.o)
    0x0202801c   0x0202801c   0x00000028   Code   RO           65    .text               startup_ing91600.o
    0x02028044   0x02028044   0x00000024   Code   RO          649    .text               mc_w.l(init.o)
    0x02028068   0x02028068   0x00000024   Code   RO          653    .text               mc_w.l(memcpya.o)
    0x0202808c   0x0202808c   0x00000024   Code   RO          655    .text               mc_w.l(memseta.o)
    0x020280b0   0x020280b0   0x00000052   Code   RO          300    .text.PINCTRL_EnableAnalog  peripheral_pinctrl.o
    0x02028102   0x02028102   0x00000002   PAD
    0x02028104   0x02028104   0x0000004e   Code   RO          276    .text.PINCTRL_Pull  peripheral_pinctrl.o
    0x02028152   0x02028152   0x00000002   PAD
    0x02028154   0x02028154   0x00000044   Code   RO          298    .text.PINCTRL_SelUSB  peripheral_pinctrl.o
    0x02028198   0x02028198   0x000000fe   Code   RO          260    .text.PINCTRL_SetPadMux  peripheral_pinctrl.o
    0x02028296   0x02028296   0x00000002   PAD
    0x02028298   0x02028298   0x0000000a   Code   RO          416    .text.SYSCTRL_ClearClkGate  peripheral_sysctrl.o
    0x020282a2   0x020282a2   0x00000002   PAD
    0x020282a4   0x020282a4   0x00000020   Code   RO          420    .text.SYSCTRL_ClearClkGateMulti  peripheral_sysctrl.o
    0x020282c4   0x020282c4   0x000002c6   Code   RO          414    .text.SYSCTRL_ClkGateCtrl  peripheral_sysctrl.o
    0x0202858a   0x0202858a   0x00000002   PAD
    0x0202858c   0x0202858c   0x0000003c   Code   RO          474    .text.SYSCTRL_GetPLLClk  peripheral_sysctrl.o
    0x020285c8   0x020285c8   0x00000074   Code   RO          460    .text.SYSCTRL_GetSlowClk  peripheral_sysctrl.o
    0x0202863c   0x0202863c   0x00000020   Code   RO          448    .text.SYSCTRL_SelectUSBClk  peripheral_sysctrl.o
    0x0202865c   0x0202865c   0x0000001a   Code   RO          534    .text.SYSCTRL_USBPhyConfig  peripheral_sysctrl.o
    0x02028676   0x02028676   0x00000002   PAD
    0x02028678   0x02028678   0x00000016   Code   RO          340    .text.TMR_WatchDogRestart  peripheral_timer.o
    0x0202868e   0x0202868e   0x00000002   PAD
    0x02028690   0x02028690   0x00000004   Code   RO          398    .text.UART_SendData  peripheral_uart.o
    0x02028694   0x02028694   0x00000038   Code   RO          580    .text.USB_CancelTransfert  peripheral_usb.o
    0x020286cc   0x020286cc   0x0000007e   Code   RO          582    .text.USB_CheckTransferCondition  peripheral_usb.o
    0x0202874a   0x0202874a   0x00000002   PAD
    0x0202874c   0x0202874c   0x0000005a   Code   RO          576    .text.USB_ClrConfig  peripheral_usb.o
    0x020287a6   0x020287a6   0x00000002   PAD
    0x020287a8   0x020287a8   0x00000054   Code   RO          606    .text.USB_ConfigureEp  peripheral_usb.o
    0x020287fc   0x020287fc   0x000000a0   Code   RO          602    .text.USB_ContinueTransfer  peripheral_usb.o
    0x0202889c   0x0202889c   0x00000028   Code   RO          556    .text.USB_CoreReset  peripheral_usb.o
    0x020288c4   0x020288c4   0x00000066   Code   RO          566    .text.USB_DeviceInitialization  peripheral_usb.o
    0x0202892a   0x0202892a   0x00000002   PAD
    0x0202892c   0x0202892c   0x00000062   Code   RO          568    .text.USB_DeviceSetThreshold  peripheral_usb.o
    0x0202898e   0x0202898e   0x00000002   PAD
    0x02028990   0x02028990   0x0000010e   Code   RO          586    .text.USB_DisableEp  peripheral_usb.o
    0x02028a9e   0x02028a9e   0x00000002   PAD
    0x02028aa0   0x02028aa0   0x00000026   Code   RO          614    .text.USB_EP0StatusIn  peripheral_usb.o
    0x02028ac6   0x02028ac6   0x00000002   PAD
    0x02028ac8   0x02028ac8   0x00000022   Code   RO          616    .text.USB_EP0StatusOut  peripheral_usb.o
    0x02028aea   0x02028aea   0x00000002   PAD
    0x02028aec   0x02028aec   0x00000108   Code   RO          604    .text.USB_EnableEp  peripheral_usb.o
    0x02028bf4   0x02028bf4   0x00000034   Code   RO          564    .text.USB_FlushRXFifo  peripheral_usb.o
    0x02028c28   0x02028c28   0x0000004c   Code   RO          562    .text.USB_FlushTXFifo  peripheral_usb.o
    0x02028c74   0x02028c74   0x0000000a   Code   RO          618    .text.USB_GetEp0SetupData  peripheral_usb.o
    0x02028c7e   0x02028c7e   0x00000002   PAD
    0x02028c80   0x02028c80   0x00000016   Code   RO          594    .text.USB_GetMaxPacketSize  peripheral_usb.o
    0x02028c96   0x02028c96   0x00000002   PAD
    0x02028c98   0x02028c98   0x00000016   Code   RO          592    .text.USB_GetMaxTransferSize  peripheral_usb.o
    0x02028cae   0x02028cae   0x00000002   PAD
    0x02028cb0   0x02028cb0   0x00000024   Code   RO          590    .text.USB_GetSetupPacket  peripheral_usb.o
    0x02028cd4   0x02028cd4   0x000000b8   Code   RO          596    .text.USB_GetTransferSize  peripheral_usb.o
    0x02028d8c   0x02028d8c   0x00000024   Code   RO          584    .text.USB_GetTransferedSize  peripheral_usb.o
    0x02028db0   0x02028db0   0x00000122   Code   RO          622    .text.USB_HandleEp0  peripheral_usb.o
    0x02028ed2   0x02028ed2   0x00000002   PAD
    0x02028ed4   0x02028ed4   0x00000030   Code   RO          578    .text.USB_InitConfig  peripheral_usb.o
    0x02028f04   0x02028f04   0x000002f8   Code   RO          624    .text.USB_IrqHandler  peripheral_usb.o
    0x020291fc   0x020291fc   0x000000a0   Code   RO          598    .text.USB_NewTransfer  peripheral_usb.o
    0x0202929c   0x0202929c   0x00000030   Code   RO          608    .text.USB_PCStopPhyClcok  peripheral_usb.o
    0x020292cc   0x020292cc   0x00000016   Code   RO          574    .text.USB_ReInit    peripheral_usb.o
    0x020292e2   0x020292e2   0x00000002   PAD
    0x020292e4   0x020292e4   0x0000004c   Code   RO          612    .text.USB_RecvData  peripheral_usb.o
    0x02029330   0x02029330   0x0000006e   Code   RO          570    .text.USB_ResetAndConfig  peripheral_usb.o
    0x0202939e   0x0202939e   0x00000002   PAD
    0x020293a0   0x020293a0   0x00000040   Code   RO          572    .text.USB_ResetTransfert  peripheral_usb.o
    0x020293e0   0x020293e0   0x0000004e   Code   RO          610    .text.USB_SendData  peripheral_usb.o
    0x0202942e   0x0202942e   0x00000002   PAD
    0x02029430   0x02029430   0x0000001a   Code   RO          620    .text.USB_SetEp0Stall  peripheral_usb.o
    0x0202944a   0x0202944a   0x00000002   PAD
    0x0202944c   0x0202944c   0x0000007e   Code   RO          588    .text.USB_SetStallEp  peripheral_usb.o
    0x020294ca   0x020294ca   0x00000002   PAD
    0x020294cc   0x020294cc   0x0000002a   Code   RO          560    .text.USB_SetupDataFifo  peripheral_usb.o
    0x020294f6   0x020294f6   0x00000002   PAD
    0x020294f8   0x020294f8   0x00000074   Code   RO          600    .text.USB_StartTransfer  peripheral_usb.o
    0x0202956c   0x0202956c   0x00000032   Code   RO          352    .text.apUART_BaudRateSet  peripheral_uart.o
    0x0202959e   0x0202959e   0x00000002   PAD
    0x020295a0   0x020295a0   0x00000008   Code   RO          364    .text.apUART_Check_TXFIFO_FULL  peripheral_uart.o
    0x020295a8   0x020295a8   0x00000076   Code   RO          396    .text.apUART_Initialize  peripheral_uart.o
    0x0202961e   0x0202961e   0x00000002   PAD
    0x02029620   0x02029620   0x0000008c   Code   RO           14    .text.app_main      main.o
    0x020296ac   0x020296ac   0x00000054   Code   RO          159    .text.bsp_msc_ata_pass_through  bsp_usb_msc.o
    0x02029700   0x02029700   0x00000048   Code   RO          165    .text.bsp_msc_bulk_in  bsp_usb_msc.o
    0x02029748   0x02029748   0x0000006a   Code   RO          167    .text.bsp_msc_bulk_out  bsp_usb_msc.o
    0x020297b2   0x020297b2   0x00000002   PAD
    0x020297b4   0x020297b4   0x0000004a   Code   RO          125    .text.bsp_msc_check_media  bsp_usb_msc.o
    0x020297fe   0x020297fe   0x00000002   PAD
    0x02029800   0x02029800   0x0000000c   Code   RO          111    .text.bsp_msc_clr_stall_ep_  bsp_usb_msc.o
    0x0202980c   0x0202980c   0x0000002e   Code   RO          135    .text.bsp_msc_data_in_format  bsp_usb_msc.o
    0x0202983a   0x0202983a   0x00000002   PAD
    0x0202983c   0x0202983c   0x0000003c   Code   RO          137    .text.bsp_msc_data_in_transfer  bsp_usb_msc.o
    0x02029878   0x02029878   0x000002a4   Code   RO          163    .text.bsp_msc_get_cbw  bsp_usb_msc.o
    0x02029b1c   0x02029b1c   0x0000004a   Code   RO          169    .text.bsp_msc_init  bsp_usb_msc.o
    0x02029b66   0x02029b66   0x00000002   PAD
    0x02029b68   0x02029b68   0x00000056   Code   RO          143    .text.bsp_msc_inquiry  bsp_usb_msc.o
    0x02029bbe   0x02029bbe   0x00000002   PAD
    0x02029bc0   0x02029bc0   0x0000001a   Code   RO          147    .text.bsp_msc_media_removal  bsp_usb_msc.o
    0x02029bda   0x02029bda   0x00000002   PAD
    0x02029bdc   0x02029bdc   0x000000c8   Code   RO          127    .text.bsp_msc_memory_read  bsp_usb_msc.o
    0x02029ca4   0x02029ca4   0x000000f6   Code   RO          131    .text.bsp_msc_memory_verify  bsp_usb_msc.o
    0x02029d9a   0x02029d9a   0x00000002   PAD
    0x02029d9c   0x02029d9c   0x00000100   Code   RO          129    .text.bsp_msc_memory_write  bsp_usb_msc.o
    0x02029e9c   0x02029e9c   0x0000004c   Code   RO          151    .text.bsp_msc_mode_sense10  bsp_usb_msc.o
    0x02029ee8   0x02029ee8   0x00000046   Code   RO          149    .text.bsp_msc_mode_sense6  bsp_usb_msc.o
    0x02029f2e   0x02029f2e   0x00000002   PAD
    0x02029f30   0x02029f30   0x0000005a   Code   RO          153    .text.bsp_msc_read_capacity  bsp_usb_msc.o
    0x02029f8a   0x02029f8a   0x00000002   PAD
    0x02029f8c   0x02029f8c   0x0000005c   Code   RO          115    .text.bsp_msc_read_ep  bsp_usb_msc.o
    0x02029fe8   0x02029fe8   0x00000070   Code   RO          155    .text.bsp_msc_read_format_capacity  bsp_usb_msc.o
    0x0202a058   0x0202a058   0x00000016   Code   RO          107    .text.bsp_msc_read_sect  bsp_usb_msc.o
    0x0202a06e   0x0202a06e   0x00000002   PAD
    0x0202a070   0x0202a070   0x00000076   Code   RO          141    .text.bsp_msc_request_sense  bsp_usb_msc.o
    0x0202a0e6   0x0202a0e6   0x00000002   PAD
    0x0202a0e8   0x0202a0e8   0x0000001a   Code   RO          123    .text.bsp_msc_reset  bsp_usb_msc.o
    0x0202a102   0x0202a102   0x00000002   PAD
    0x0202a104   0x0202a104   0x00000092   Code   RO          133    .text.bsp_msc_rw_setup  bsp_usb_msc.o
    0x0202a196   0x0202a196   0x00000002   PAD
    0x0202a198   0x0202a198   0x00000048   Code   RO          161    .text.bsp_msc_service_action_in16  bsp_usb_msc.o
    0x0202a1e0   0x0202a1e0   0x00000028   Code   RO          121    .text.bsp_msc_set_csw  bsp_usb_msc.o
    0x0202a208   0x0202a208   0x00000030   Code   RO          117    .text.bsp_msc_set_stall_ep  bsp_usb_msc.o
    0x0202a238   0x0202a238   0x0000001c   Code   RO          109    .text.bsp_msc_set_stall_ep_  bsp_usb_msc.o
    0x0202a254   0x0202a254   0x00000028   Code   RO          145    .text.bsp_msc_start_stop_unit  bsp_usb_msc.o
    0x0202a27c   0x0202a27c   0x00000016   Code   RO          157    .text.bsp_msc_synchronize_cache  bsp_usb_msc.o
    0x0202a292   0x0202a292   0x00000002   PAD
    0x0202a294   0x0202a294   0x0000003a   Code   RO          139    .text.bsp_msc_test_unit_ready  bsp_usb_msc.o
    0x0202a2ce   0x0202a2ce   0x00000002   PAD
    0x0202a2d0   0x0202a2d0   0x0000002c   Code   RO          113    .text.bsp_msc_write_ep  bsp_usb_msc.o
    0x0202a2fc   0x0202a2fc   0x00000012   Code   RO          105    .text.bsp_msc_write_sect  bsp_usb_msc.o
    0x0202a30e   0x0202a30e   0x00000002   PAD
    0x0202a310   0x0202a310   0x0000026c   Code   RO          173    .text.bsp_usb_event_handler  bsp_usb_msc.o
    0x0202a57c   0x0202a57c   0x0000006c   Code   RO          171    .text.bsp_usb_init  bsp_usb_msc.o
    0x0202a5e8   0x0202a5e8   0x00000028   Code   RO           18    .text.cb_assertion  main.o
    0x0202a610   0x0202a610   0x0000002a   Code   RO           16    .text.cb_hard_fault  main.o
    0x0202a63a   0x0202a63a   0x00000002   PAD
    0x0202a63c   0x0202a63c   0x00000018   Code   RO           20    .text.cb_heap_out_of_mem  main.o
    0x0202a654   0x0202a654   0x00000022   Code   RO            2    .text.cb_putc       main.o
    0x0202a676   0x0202a676   0x00000002   PAD
    0x0202a678   0x0202a678   0x0000003c   Code   RO            6    .text.config_uart   main.o
    0x0202a6b4   0x0202a6b4   0x00000010   Code   RO          558    .text.nop           peripheral_usb.o
    0x0202a6c4   0x0202a6c4   0x0000000a   Code   RO           10    .text.on_deep_sleep_wakeup  main.o
    0x0202a6ce   0x0202a6ce   0x00000002   PAD
    0x0202a6d0   0x0202a6d0   0x0000000a   Code   RO           74    .text.program_flash  eflash_1.o
    0x0202a6da   0x0202a6da   0x00000002   PAD
    0x0202a6dc   0x0202a6dc   0x00000004   Code   RO           12    .text.query_deep_sleep_allowed  main.o
    0x0202a6e0   0x0202a6e0   0x0000001a   Code   RO          430    .text.set_reg_bit   peripheral_sysctrl.o
    0x0202a6fa   0x0202a6fa   0x00000002   PAD
    0x0202a6fc   0x0202a6fc   0x00000024   Code   RO          290    .text.set_reg_bits  peripheral_pinctrl.o
    0x0202a720   0x0202a720   0x00000022   Code   RO          432    .text.set_reg_bits  peripheral_sysctrl.o
    0x0202a742   0x0202a742   0x00000002   PAD
    0x0202a744   0x0202a744   0x00000018   Code   RO            8    .text.setup_peripherals  main.o
    0x0202a75c   0x0202a75c   0x0000005e   Code   RO          288    .text.source_id_on_pin  peripheral_pinctrl.o
    0x0202a7ba   0x0202a7ba   0x00000002   PAD
    0x0202a7bc   0x0202a7bc   0x0000000e   Code   RO           22    .text.watchdog_task  main.o
    0x0202a7ca   0x0202a7ca   0x0000000e   Code   RO          694    i.__scatterload_copy  mc_w.l(handlers.o)
    0x0202a7d8   0x0202a7d8   0x00000002   Code   RO          695    i.__scatterload_null  mc_w.l(handlers.o)
    0x0202a7da   0x0202a7da   0x0000000e   Code   RO          696    i.__scatterload_zeroinit  mc_w.l(handlers.o)
    0x0202a7e8   0x0202a7e8   0x00000020   Data   RO          182    .rodata.ConfigDescriptor  bsp_usb_msc.o
    0x0202a808   0x0202a808   0x00000012   Data   RO          181    .rodata.DeviceDescriptor  bsp_usb_msc.o
    0x0202a81a   0x0202a81a   0x00000002   PAD
    0x0202a81c   0x0202a81c   0x00000004   Data   RO          183    .rodata.StringDescriptor_0  bsp_usb_msc.o
    0x0202a820   0x0202a820   0x00000012   Data   RO          184    .rodata.StringDescriptor_1  bsp_usb_msc.o
    0x0202a832   0x0202a832   0x00000002   PAD
    0x0202a834   0x0202a834   0x00000010   Data   RO          185    .rodata.StringDescriptor_2  bsp_usb_msc.o
    0x0202a844   0x0202a844   0x0000001c   Data   RO          186    .rodata.StringInquiryData  bsp_usb_msc.o
    0x0202a860   0x0202a860   0x0000031e   Data   RO          304    .rodata.io_output_source_map  peripheral_pinctrl.o
    0x0202ab7e   0x0202ab7e   0x0000006c   Data   RO           24    .rodata.str1.1      main.o
    0x0202abea   0x0202abea   0x00000002   PAD
    0x0202abec   0x0202abec   0x00000010   Data   RO          693    Region$$Table       anon$$obj.o
    0x0202abfc   0x0202abfc   0x00015404   PAD
    0x02040000   0x02040000   0x00013000   Data   RO          187    .ARM.__at_0x02040000  bsp_usb_msc.o


    Execution Region RW_IRAM1 (Exec base: 0x200053c8, Load base: 0x02053000, Size: 0x000012b4, Max: 0x00002c38, ABSOLUTE)

    Exec Addr    Load Addr    Size         Type   Attr      Idx    E Section Name        Object

    0x200053c8        -       0x00001000   Zero   RW          191    .bss.DataMscBuffer  bsp_usb_msc.o
    0x200063c8        -       0x00000040   Zero   RW          189    .bss.DataRecvBuf    bsp_usb_msc.o
    0x20006408        -       0x00000040   Zero   RW          188    .bss.DataSendBuf    bsp_usb_msc.o
    0x20006448        -       0x000000a8   Zero   RW          190    .bss.USB_Var        bsp_usb_msc.o
    0x200064f0        -       0x00000040   Zero   RW          640    .bss.g_UsbBufferEp0In  peripheral_usb.o
    0x20006530        -       0x00000040   Zero   RW          639    .bss.g_UsbBufferEp0Out  peripheral_usb.o
    0x20006570        -       0x00000108   Zero   RW          638    .bss.g_UsbVar       peripheral_usb.o
    0x20006678        -       0x00000004   Zero   RW           62    STACK               startup_ing91600.o


==============================================================================

Image component sizes


      Code (inc. data)   RO Data    RW Data    ZI Data      Debug   Object Name

      3868        404      77940          0       4392      17698   bsp_usb_msc.o
        10          0          0          0          0       4921   eflash_1.o
       392         40        108          0          0       5021   main.o
       612          0        798          0          0      16091   peripheral_pinctrl.o
      1046         66          0          0          0      26374   peripheral_sysctrl.o
        22          0          0          0          0       5673   peripheral_timer.o
       180          0          0          0          0       6474   peripheral_uart.o
      3782          6          0          0        392      17402   peripheral_usb.o
        40         12          8          0          4        428   startup_ing91600.o

    ----------------------------------------------------------------------
     10050        528     165920          0       4788     100082   Object Totals
         0          0         16          0          0          0   (incl. Generated)
        98          0      87050          0          0          0   (incl. Padding)

    ----------------------------------------------------------------------

      Code (inc. data)   RO Data    RW Data    ZI Data      Debug   Library Member Name

         0          0          0          0          0          0   entry.o
         0          0          0          0          0          0   entry10a.o
         0          0          0          0          0          0   entry11a.o
         8          4          0          0          0          0   entry2.o
         4          0          0          0          0          0   entry5.o
         0          0          0          0          0          0   entry7b.o
         0          0          0          0          0          0   entry8b.o
         8          4          0          0          0          0   entry9a.o
        30          0          0          0          0          0   handlers.o
        36          8          0          0          0         68   init.o
        36          0          0          0          0         68   memcpya.o
        36          0          0          0          0        108   memseta.o

    ----------------------------------------------------------------------
       158         16          0          0          0        244   Library Totals
         0          0          0          0          0          0   (incl. Padding)

    ----------------------------------------------------------------------

      Code (inc. data)   RO Data    RW Data    ZI Data      Debug   Library Name

       158         16          0          0          0        244   mc_w.l

    ----------------------------------------------------------------------
       158         16          0          0          0        244   Library Totals

    ----------------------------------------------------------------------

==============================================================================


      Code (inc. data)   RO Data    RW Data    ZI Data      Debug   

     10208        544     165920          0       4788     100338   Grand Totals
     10208        544     165920          0       4788     100338   ELF Image Totals
     10208        544     165920          0          0          0   ROM Totals

==============================================================================

    Total RO  Size (Code + RO Data)               176128 ( 172.00kB)
    Total RW  Size (RW Data + ZI Data)              4788 (   4.68kB)
    Total ROM Size (Code + RO Data + RW Data)     176128 ( 172.00kB)

==============================================================================

