<!doctype html public "-//w3c//dtd html 4.0 transitional//en">
<html><head>
<title>Static Call Graph - [.\output\RSSI_RANGING_916_Peripheral.axf]</title></head>
<body><HR>
<H1>Static Call Graph for image .\output\RSSI_RANGING_916_Peripheral.axf</H1><HR>
<BR><P>#&#060CALLGRAPH&#062# ARM Linker, 6160001: Last Updated: Tue Feb 21 13:50:26 2023
<BR><P>
<H3>Maximum Stack Usage =        160 bytes + Unknown(Untraceable Function Pointers)</H3><H3>
Call chain for Maximum Stack Depth:</H3>
cb_trace_rtt &rArr; SEGGER_RTT_Write &rArr; SEGGER_RTT_WriteNoLock &rArr; _WriteBlocking
<P>
<H3>
Function Pointers
</H3><UL>
 <LI><a href="#[0]">Reset_Handler</a> from startup_ing91600.o(.text) referenced from startup_ing91600.o(RESET)
 <LI><a href="#[2]">__scatterload</a> from init.o(.text) referenced from startup_ing91600.o(.text)
 <LI><a href="#[3]">app_main</a> from main.o(.text.app_main) referenced from startup_ing91600.o(.text)
 <LI><a href="#[d]">att_read_callback</a> from profile.o(.text.att_read_callback) referenced 2 times from profile.o(.text.setup_profile)
 <LI><a href="#[e]">att_write_callback</a> from profile.o(.text.att_write_callback) referenced 2 times from profile.o(.text.setup_profile)
 <LI><a href="#[6]">cb_assertion</a> from main.o(.text.cb_assertion) referenced 2 times from main.o(.text.app_main)
 <LI><a href="#[5]">cb_hard_fault</a> from main.o(.text.cb_hard_fault) referenced 2 times from main.o(.text.app_main)
 <LI><a href="#[7]">cb_heap_out_of_mem</a> from main.o(.text.cb_heap_out_of_mem) referenced 2 times from main.o(.text.app_main)
 <LI><a href="#[a]">cb_putc</a> from main.o(.text.cb_putc) referenced 2 times from main.o(.text.app_main)
 <LI><a href="#[c]">cb_trace_rtt</a> from trace.o(.text.cb_trace_rtt) referenced 2 times from main.o(.text.app_main)
 <LI><a href="#[1]">main</a> from startup_ing91600.o(.text) referenced from entry9a.o(.ARM.Collect$$$$0000000B)
 <LI><a href="#[8]">on_deep_sleep_wakeup</a> from main.o(.text.on_deep_sleep_wakeup) referenced 2 times from main.o(.text.app_main)
 <LI><a href="#[9]">query_deep_sleep_allowed</a> from main.o(.text.query_deep_sleep_allowed) referenced 2 times from main.o(.text.app_main)
 <LI><a href="#[4]">setup_profile</a> from profile.o(.text.setup_profile) referenced 2 times from main.o(.text.app_main)
 <LI><a href="#[f]">user_packet_handler</a> from profile.o(.text.user_packet_handler) referenced 2 times from profile.o(.text.setup_profile)
 <LI><a href="#[b]">watchdog_task</a> from main.o(.text.watchdog_task) referenced 2 times from main.o(.text.app_main)
</UL>
<P>
<H3>
Global Symbols
</H3>
<P><STRONG><a name="[31]"></a>att_server_init</STRONG> (Thumb, 0 bytes, Stack size 0 bytes, symdefs.m(ABSOLUTE))
<BR><BR>[Called By]<UL><LI><a href="#[4]">&gt;&gt;</a>&nbsp;&nbsp;&nbsp;setup_profile
</UL>

<P><STRONG><a name="[33]"></a>att_server_register_packet_handler</STRONG> (Thumb, 0 bytes, Stack size 0 bytes, symdefs.m(ABSOLUTE))
<BR><BR>[Called By]<UL><LI><a href="#[4]">&gt;&gt;</a>&nbsp;&nbsp;&nbsp;setup_profile
</UL>

<P><STRONG><a name="[39]"></a>att_set_db</STRONG> (Thumb, 0 bytes, Stack size 0 bytes, symdefs.m(ABSOLUTE))
<BR><BR>[Called By]<UL><LI><a href="#[f]">&gt;&gt;</a>&nbsp;&nbsp;&nbsp;user_packet_handler
</UL>

<P><STRONG><a name="[36]"></a>gap_set_adv_set_random_addr</STRONG> (Thumb, 0 bytes, Stack size 0 bytes, symdefs.m(ABSOLUTE))
<BR><BR>[Called By]<UL><LI><a href="#[f]">&gt;&gt;</a>&nbsp;&nbsp;&nbsp;user_packet_handler
</UL>

<P><STRONG><a name="[2e]"></a>gap_set_ext_adv_data</STRONG> (Thumb, 0 bytes, Stack size 0 bytes, symdefs.m(ABSOLUTE))
<BR><BR>[Called By]<UL><LI><a href="#[2c]">&gt;&gt;</a>&nbsp;&nbsp;&nbsp;setup_adv
</UL>

<P><STRONG><a name="[30]"></a>gap_set_ext_adv_enable</STRONG> (Thumb, 0 bytes, Stack size 0 bytes, symdefs.m(ABSOLUTE))
<BR><BR>[Called By]<UL><LI><a href="#[f]">&gt;&gt;</a>&nbsp;&nbsp;&nbsp;user_packet_handler
<LI><a href="#[2c]">&gt;&gt;</a>&nbsp;&nbsp;&nbsp;setup_adv
</UL>

<P><STRONG><a name="[2d]"></a>gap_set_ext_adv_para</STRONG> (Thumb, 0 bytes, Stack size 0 bytes, symdefs.m(ABSOLUTE))
<BR><BR>[Called By]<UL><LI><a href="#[2c]">&gt;&gt;</a>&nbsp;&nbsp;&nbsp;setup_adv
</UL>

<P><STRONG><a name="[2f]"></a>gap_set_ext_scan_response_data</STRONG> (Thumb, 0 bytes, Stack size 0 bytes, symdefs.m(ABSOLUTE))
<BR><BR>[Called By]<UL><LI><a href="#[2c]">&gt;&gt;</a>&nbsp;&nbsp;&nbsp;setup_adv
</UL>

<P><STRONG><a name="[32]"></a>hci_add_event_handler</STRONG> (Thumb, 0 bytes, Stack size 0 bytes, symdefs.m(ABSOLUTE))
<BR><BR>[Called By]<UL><LI><a href="#[4]">&gt;&gt;</a>&nbsp;&nbsp;&nbsp;setup_profile
</UL>

<P><STRONG><a name="[24]"></a>platform_config</STRONG> (Thumb, 0 bytes, Stack size 0 bytes, symdefs.m(ABSOLUTE))
<BR><BR>[Called By]<UL><LI><a href="#[3]">&gt;&gt;</a>&nbsp;&nbsp;&nbsp;app_main
</UL>

<P><STRONG><a name="[28]"></a>platform_get_gen_os_driver</STRONG> (Thumb, 0 bytes, Stack size 0 bytes, symdefs.m(ABSOLUTE))
<BR><BR>[Called By]<UL><LI><a href="#[c]">&gt;&gt;</a>&nbsp;&nbsp;&nbsp;cb_trace_rtt
</UL>

<P><STRONG><a name="[25]"></a>platform_printf</STRONG> (Thumb, 0 bytes, Stack size 0 bytes, symdefs.m(ABSOLUTE))
<BR><BR>[Called By]<UL><LI><a href="#[4]">&gt;&gt;</a>&nbsp;&nbsp;&nbsp;setup_profile
<LI><a href="#[7]">&gt;&gt;</a>&nbsp;&nbsp;&nbsp;cb_heap_out_of_mem
<LI><a href="#[5]">&gt;&gt;</a>&nbsp;&nbsp;&nbsp;cb_hard_fault
<LI><a href="#[6]">&gt;&gt;</a>&nbsp;&nbsp;&nbsp;cb_assertion
</UL>

<P><STRONG><a name="[20]"></a>platform_set_evt_callback</STRONG> (Thumb, 0 bytes, Stack size 0 bytes, symdefs.m(ABSOLUTE))
<BR><BR>[Called By]<UL><LI><a href="#[3]">&gt;&gt;</a>&nbsp;&nbsp;&nbsp;app_main
</UL>

<P><STRONG><a name="[2a]"></a>platform_set_rf_init_data</STRONG> (Thumb, 0 bytes, Stack size 0 bytes, symdefs.m(ABSOLUTE))
<BR><BR>[Called By]<UL><LI><a href="#[1f]">&gt;&gt;</a>&nbsp;&nbsp;&nbsp;rf_enable_powerboost
</UL>

<P><STRONG><a name="[2b]"></a>platform_set_rf_power_mapping</STRONG> (Thumb, 0 bytes, Stack size 0 bytes, symdefs.m(ABSOLUTE))
<BR><BR>[Called By]<UL><LI><a href="#[1f]">&gt;&gt;</a>&nbsp;&nbsp;&nbsp;rf_enable_powerboost
</UL>

<P><STRONG><a name="[3c]"></a>vTaskDelay</STRONG> (Thumb, 0 bytes, Stack size 0 bytes, symdefs.m(ABSOLUTE))
<BR><BR>[Called By]<UL><LI><a href="#[b]">&gt;&gt;</a>&nbsp;&nbsp;&nbsp;watchdog_task
</UL>

<P><STRONG><a name="[22]"></a>xTaskCreate</STRONG> (Thumb, 0 bytes, Stack size 0 bytes, symdefs.m(ABSOLUTE))
<BR><BR>[Called By]<UL><LI><a href="#[3]">&gt;&gt;</a>&nbsp;&nbsp;&nbsp;app_main
</UL>

<P><STRONG><a name="[10]"></a>__main</STRONG> (Thumb, 0 bytes, Stack size unknown bytes, entry.o(.ARM.Collect$$$$00000000))

<P><STRONG><a name="[3e]"></a>_main_stk</STRONG> (Thumb, 0 bytes, Stack size unknown bytes, entry2.o(.ARM.Collect$$$$00000001))

<P><STRONG><a name="[11]"></a>_main_scatterload</STRONG> (Thumb, 0 bytes, Stack size unknown bytes, entry5.o(.ARM.Collect$$$$00000004))
<BR><BR>[Calls]<UL><LI><a href="#[2]">&gt;&gt;</a>&nbsp;&nbsp;&nbsp;__scatterload
</UL>

<P><STRONG><a name="[12]"></a>__main_after_scatterload</STRONG> (Thumb, 0 bytes, Stack size unknown bytes, entry5.o(.ARM.Collect$$$$00000004))
<BR><BR>[Called By]<UL><LI><a href="#[2]">&gt;&gt;</a>&nbsp;&nbsp;&nbsp;__scatterload
</UL>

<P><STRONG><a name="[3f]"></a>_main_clock</STRONG> (Thumb, 0 bytes, Stack size unknown bytes, entry7b.o(.ARM.Collect$$$$00000008))

<P><STRONG><a name="[40]"></a>_main_cpp_init</STRONG> (Thumb, 0 bytes, Stack size unknown bytes, entry8b.o(.ARM.Collect$$$$0000000A))

<P><STRONG><a name="[41]"></a>_main_init</STRONG> (Thumb, 0 bytes, Stack size unknown bytes, entry9a.o(.ARM.Collect$$$$0000000B))

<P><STRONG><a name="[42]"></a>__rt_final_cpp</STRONG> (Thumb, 0 bytes, Stack size unknown bytes, entry10a.o(.ARM.Collect$$$$0000000D))

<P><STRONG><a name="[43]"></a>__rt_final_exit</STRONG> (Thumb, 0 bytes, Stack size unknown bytes, entry11a.o(.ARM.Collect$$$$0000000F))

<P><STRONG><a name="[0]"></a>Reset_Handler</STRONG> (Thumb, 14 bytes, Stack size 0 bytes, startup_ing91600.o(.text))
<BR>[Address Reference Count : 1]<UL><LI> startup_ing91600.o(RESET)
</UL>
<P><STRONG><a name="[1]"></a>main</STRONG> (Thumb, 14 bytes, Stack size 0 bytes, startup_ing91600.o(.text))
<BR>[Address Reference Count : 1]<UL><LI> entry9a.o(.ARM.Collect$$$$0000000B)
</UL>
<P><STRONG><a name="[2]"></a>__scatterload</STRONG> (Thumb, 28 bytes, Stack size 0 bytes, init.o(.text))
<BR><BR>[Calls]<UL><LI><a href="#[12]">&gt;&gt;</a>&nbsp;&nbsp;&nbsp;__main_after_scatterload
</UL>
<BR>[Called By]<UL><LI><a href="#[11]">&gt;&gt;</a>&nbsp;&nbsp;&nbsp;_main_scatterload
</UL>
<BR>[Address Reference Count : 1]<UL><LI> startup_ing91600.o(.text)
</UL>
<P><STRONG><a name="[44]"></a>__scatterload_rt2</STRONG> (Thumb, 0 bytes, Stack size 0 bytes, init.o(.text), UNUSED)

<P><STRONG><a name="[1c]"></a>__aeabi_memcpy</STRONG> (Thumb, 36 bytes, Stack size 0 bytes, memcpya.o(.text))
<BR><BR>[Called By]<UL><LI><a href="#[19]">&gt;&gt;</a>&nbsp;&nbsp;&nbsp;_WriteNoCheck
<LI><a href="#[1a]">&gt;&gt;</a>&nbsp;&nbsp;&nbsp;_WriteBlocking
</UL>

<P><STRONG><a name="[45]"></a>__aeabi_memcpy4</STRONG> (Thumb, 0 bytes, Stack size 0 bytes, memcpya.o(.text), UNUSED)

<P><STRONG><a name="[46]"></a>__aeabi_memcpy8</STRONG> (Thumb, 0 bytes, Stack size 0 bytes, memcpya.o(.text), UNUSED)

<P><STRONG><a name="[1b]"></a>strcpy</STRONG> (Thumb, 18 bytes, Stack size 0 bytes, strcpy.o(.text))
<BR><BR>[Called By]<UL><LI><a href="#[16]">&gt;&gt;</a>&nbsp;&nbsp;&nbsp;_DoInit
</UL>

<P><STRONG><a name="[13]"></a>SEGGER_RTT_GetAvailWriteSpace</STRONG> (Thumb, 34 bytes, Stack size 16 bytes, trace.o(.text.SEGGER_RTT_GetAvailWriteSpace))
<BR><BR>[Stack]<UL><LI>Max Depth = 32<LI>Call Chain = SEGGER_RTT_GetAvailWriteSpace &rArr; _GetAvailWriteSpace
</UL>
<BR>[Calls]<UL><LI><a href="#[14]">&gt;&gt;</a>&nbsp;&nbsp;&nbsp;_GetAvailWriteSpace
</UL>
<BR>[Called By]<UL><LI><a href="#[c]">&gt;&gt;</a>&nbsp;&nbsp;&nbsp;cb_trace_rtt
</UL>

<P><STRONG><a name="[15]"></a>SEGGER_RTT_Init</STRONG> (Thumb, 8 bytes, Stack size 8 bytes, trace.o(.text.SEGGER_RTT_Init))
<BR><BR>[Stack]<UL><LI>Max Depth = 24<LI>Call Chain = SEGGER_RTT_Init &rArr; _DoInit
</UL>
<BR>[Calls]<UL><LI><a href="#[16]">&gt;&gt;</a>&nbsp;&nbsp;&nbsp;_DoInit
</UL>
<BR>[Called By]<UL><LI><a href="#[23]">&gt;&gt;</a>&nbsp;&nbsp;&nbsp;trace_rtt_init
</UL>

<P><STRONG><a name="[17]"></a>SEGGER_RTT_Write</STRONG> (Thumb, 72 bytes, Stack size 32 bytes, trace.o(.text.SEGGER_RTT_Write))
<BR><BR>[Stack]<UL><LI>Max Depth = 128<LI>Call Chain = SEGGER_RTT_Write &rArr; SEGGER_RTT_WriteNoLock &rArr; _WriteBlocking
</UL>
<BR>[Calls]<UL><LI><a href="#[18]">&gt;&gt;</a>&nbsp;&nbsp;&nbsp;SEGGER_RTT_WriteNoLock
<LI><a href="#[16]">&gt;&gt;</a>&nbsp;&nbsp;&nbsp;_DoInit
</UL>
<BR>[Called By]<UL><LI><a href="#[c]">&gt;&gt;</a>&nbsp;&nbsp;&nbsp;cb_trace_rtt
</UL>

<P><STRONG><a name="[18]"></a>SEGGER_RTT_WriteNoLock</STRONG> (Thumb, 176 bytes, Stack size 48 bytes, trace.o(.text.SEGGER_RTT_WriteNoLock))
<BR><BR>[Stack]<UL><LI>Max Depth = 96<LI>Call Chain = SEGGER_RTT_WriteNoLock &rArr; _WriteBlocking
</UL>
<BR>[Calls]<UL><LI><a href="#[19]">&gt;&gt;</a>&nbsp;&nbsp;&nbsp;_WriteNoCheck
<LI><a href="#[1a]">&gt;&gt;</a>&nbsp;&nbsp;&nbsp;_WriteBlocking
<LI><a href="#[14]">&gt;&gt;</a>&nbsp;&nbsp;&nbsp;_GetAvailWriteSpace
</UL>
<BR>[Called By]<UL><LI><a href="#[17]">&gt;&gt;</a>&nbsp;&nbsp;&nbsp;SEGGER_RTT_Write
</UL>

<P><STRONG><a name="[3d]"></a>TMR_WatchDogRestart</STRONG> (Thumb, 30 bytes, Stack size 0 bytes, peripheral_timer.o(.text.TMR_WatchDogRestart))
<BR><BR>[Called By]<UL><LI><a href="#[b]">&gt;&gt;</a>&nbsp;&nbsp;&nbsp;watchdog_task
</UL>

<P><STRONG><a name="[27]"></a>UART_SendData</STRONG> (Thumb, 20 bytes, Stack size 8 bytes, peripheral_uart.o(.text.UART_SendData))
<BR><BR>[Stack]<UL><LI>Max Depth = 8<LI>Call Chain = UART_SendData
</UL>
<BR>[Called By]<UL><LI><a href="#[a]">&gt;&gt;</a>&nbsp;&nbsp;&nbsp;cb_putc
</UL>

<P><STRONG><a name="[1e]"></a>apUART_BaudRateSet</STRONG> (Thumb, 116 bytes, Stack size 24 bytes, peripheral_uart.o(.text.apUART_BaudRateSet))
<BR><BR>[Stack]<UL><LI>Max Depth = 24<LI>Call Chain = apUART_BaudRateSet
</UL>
<BR>[Called By]<UL><LI><a href="#[1d]">&gt;&gt;</a>&nbsp;&nbsp;&nbsp;apUART_Initialize
</UL>

<P><STRONG><a name="[26]"></a>apUART_Check_TXFIFO_FULL</STRONG> (Thumb, 16 bytes, Stack size 4 bytes, peripheral_uart.o(.text.apUART_Check_TXFIFO_FULL))
<BR><BR>[Stack]<UL><LI>Max Depth = 4<LI>Call Chain = apUART_Check_TXFIFO_FULL
</UL>
<BR>[Called By]<UL><LI><a href="#[a]">&gt;&gt;</a>&nbsp;&nbsp;&nbsp;cb_putc
</UL>

<P><STRONG><a name="[1d]"></a>apUART_Initialize</STRONG> (Thumb, 152 bytes, Stack size 24 bytes, peripheral_uart.o(.text.apUART_Initialize))
<BR><BR>[Stack]<UL><LI>Max Depth = 48<LI>Call Chain = apUART_Initialize &rArr; apUART_BaudRateSet
</UL>
<BR>[Calls]<UL><LI><a href="#[1e]">&gt;&gt;</a>&nbsp;&nbsp;&nbsp;apUART_BaudRateSet
</UL>
<BR>[Called By]<UL><LI><a href="#[29]">&gt;&gt;</a>&nbsp;&nbsp;&nbsp;config_uart
</UL>

<P><STRONG><a name="[3]"></a>app_main</STRONG> (Thumb, 270 bytes, Stack size 32 bytes, main.o(.text.app_main))
<BR><BR>[Stack]<UL><LI>Max Depth = 128<LI>Call Chain = app_main &rArr; setup_peripherals &rArr; config_uart &rArr; apUART_Initialize &rArr; apUART_BaudRateSet
</UL>
<BR>[Calls]<UL><LI><a href="#[22]">&gt;&gt;</a>&nbsp;&nbsp;&nbsp;xTaskCreate
<LI><a href="#[23]">&gt;&gt;</a>&nbsp;&nbsp;&nbsp;trace_rtt_init
<LI><a href="#[21]">&gt;&gt;</a>&nbsp;&nbsp;&nbsp;setup_peripherals
<LI><a href="#[1f]">&gt;&gt;</a>&nbsp;&nbsp;&nbsp;rf_enable_powerboost
<LI><a href="#[20]">&gt;&gt;</a>&nbsp;&nbsp;&nbsp;platform_set_evt_callback
<LI><a href="#[24]">&gt;&gt;</a>&nbsp;&nbsp;&nbsp;platform_config
</UL>
<BR>[Address Reference Count : 1]<UL><LI> startup_ing91600.o(.text)
</UL>
<P><STRONG><a name="[a]"></a>cb_putc</STRONG> (Thumb, 52 bytes, Stack size 16 bytes, main.o(.text.cb_putc))
<BR><BR>[Stack]<UL><LI>Max Depth = 24<LI>Call Chain = cb_putc &rArr; UART_SendData
</UL>
<BR>[Calls]<UL><LI><a href="#[26]">&gt;&gt;</a>&nbsp;&nbsp;&nbsp;apUART_Check_TXFIFO_FULL
<LI><a href="#[27]">&gt;&gt;</a>&nbsp;&nbsp;&nbsp;UART_SendData
</UL>
<BR>[Address Reference Count : 1]<UL><LI> main.o(.text.app_main)
</UL>
<P><STRONG><a name="[c]"></a>cb_trace_rtt</STRONG> (Thumb, 126 bytes, Stack size 32 bytes, trace.o(.text.cb_trace_rtt))
<BR><BR>[Stack]<UL><LI>Max Depth = 160<LI>Call Chain = cb_trace_rtt &rArr; SEGGER_RTT_Write &rArr; SEGGER_RTT_WriteNoLock &rArr; _WriteBlocking
</UL>
<BR>[Calls]<UL><LI><a href="#[17]">&gt;&gt;</a>&nbsp;&nbsp;&nbsp;SEGGER_RTT_Write
<LI><a href="#[13]">&gt;&gt;</a>&nbsp;&nbsp;&nbsp;SEGGER_RTT_GetAvailWriteSpace
<LI><a href="#[28]">&gt;&gt;</a>&nbsp;&nbsp;&nbsp;platform_get_gen_os_driver
</UL>
<BR>[Address Reference Count : 1]<UL><LI> main.o(.text.app_main)
</UL>
<P><STRONG><a name="[29]"></a>config_uart</STRONG> (Thumb, 84 bytes, Stack size 40 bytes, main.o(.text.config_uart))
<BR><BR>[Stack]<UL><LI>Max Depth = 88<LI>Call Chain = config_uart &rArr; apUART_Initialize &rArr; apUART_BaudRateSet
</UL>
<BR>[Calls]<UL><LI><a href="#[1d]">&gt;&gt;</a>&nbsp;&nbsp;&nbsp;apUART_Initialize
</UL>
<BR>[Called By]<UL><LI><a href="#[21]">&gt;&gt;</a>&nbsp;&nbsp;&nbsp;setup_peripherals
</UL>

<P><STRONG><a name="[8]"></a>on_deep_sleep_wakeup</STRONG> (Thumb, 18 bytes, Stack size 16 bytes, main.o(.text.on_deep_sleep_wakeup))
<BR><BR>[Stack]<UL><LI>Max Depth = 112<LI>Call Chain = on_deep_sleep_wakeup &rArr; setup_peripherals &rArr; config_uart &rArr; apUART_Initialize &rArr; apUART_BaudRateSet
</UL>
<BR>[Calls]<UL><LI><a href="#[21]">&gt;&gt;</a>&nbsp;&nbsp;&nbsp;setup_peripherals
</UL>
<BR>[Address Reference Count : 1]<UL><LI> main.o(.text.app_main)
</UL>
<P><STRONG><a name="[9]"></a>query_deep_sleep_allowed</STRONG> (Thumb, 12 bytes, Stack size 8 bytes, main.o(.text.query_deep_sleep_allowed))
<BR><BR>[Stack]<UL><LI>Max Depth = 8<LI>Call Chain = query_deep_sleep_allowed
</UL>
<BR>[Address Reference Count : 1]<UL><LI> main.o(.text.app_main)
</UL>
<P><STRONG><a name="[1f]"></a>rf_enable_powerboost</STRONG> (Thumb, 28 bytes, Stack size 8 bytes, rf_util.o(.text.rf_enable_powerboost))
<BR><BR>[Stack]<UL><LI>Max Depth = 8<LI>Call Chain = rf_enable_powerboost
</UL>
<BR>[Calls]<UL><LI><a href="#[2b]">&gt;&gt;</a>&nbsp;&nbsp;&nbsp;platform_set_rf_power_mapping
<LI><a href="#[2a]">&gt;&gt;</a>&nbsp;&nbsp;&nbsp;platform_set_rf_init_data
</UL>
<BR>[Called By]<UL><LI><a href="#[3]">&gt;&gt;</a>&nbsp;&nbsp;&nbsp;app_main
</UL>

<P><STRONG><a name="[21]"></a>setup_peripherals</STRONG> (Thumb, 20 bytes, Stack size 8 bytes, main.o(.text.setup_peripherals))
<BR><BR>[Stack]<UL><LI>Max Depth = 96<LI>Call Chain = setup_peripherals &rArr; config_uart &rArr; apUART_Initialize &rArr; apUART_BaudRateSet
</UL>
<BR>[Calls]<UL><LI><a href="#[29]">&gt;&gt;</a>&nbsp;&nbsp;&nbsp;config_uart
</UL>
<BR>[Called By]<UL><LI><a href="#[8]">&gt;&gt;</a>&nbsp;&nbsp;&nbsp;on_deep_sleep_wakeup
<LI><a href="#[3]">&gt;&gt;</a>&nbsp;&nbsp;&nbsp;app_main
</UL>

<P><STRONG><a name="[4]"></a>setup_profile</STRONG> (Thumb, 76 bytes, Stack size 24 bytes, profile.o(.text.setup_profile))
<BR><BR>[Stack]<UL><LI>Max Depth = 24<LI>Call Chain = setup_profile
</UL>
<BR>[Calls]<UL><LI><a href="#[32]">&gt;&gt;</a>&nbsp;&nbsp;&nbsp;hci_add_event_handler
<LI><a href="#[33]">&gt;&gt;</a>&nbsp;&nbsp;&nbsp;att_server_register_packet_handler
<LI><a href="#[31]">&gt;&gt;</a>&nbsp;&nbsp;&nbsp;att_server_init
<LI><a href="#[25]">&gt;&gt;</a>&nbsp;&nbsp;&nbsp;platform_printf
</UL>
<BR>[Address Reference Count : 1]<UL><LI> main.o(.text.app_main)
</UL>
<P><STRONG><a name="[23]"></a>trace_rtt_init</STRONG> (Thumb, 14 bytes, Stack size 16 bytes, trace.o(.text.trace_rtt_init))
<BR><BR>[Stack]<UL><LI>Max Depth = 40<LI>Call Chain = trace_rtt_init &rArr; SEGGER_RTT_Init &rArr; _DoInit
</UL>
<BR>[Calls]<UL><LI><a href="#[15]">&gt;&gt;</a>&nbsp;&nbsp;&nbsp;SEGGER_RTT_Init
</UL>
<BR>[Called By]<UL><LI><a href="#[3]">&gt;&gt;</a>&nbsp;&nbsp;&nbsp;app_main
</UL>

<P><STRONG><a name="[47]"></a>__scatterload_copy</STRONG> (Thumb, 14 bytes, Stack size unknown bytes, handlers.o(i.__scatterload_copy), UNUSED)

<P><STRONG><a name="[48]"></a>__scatterload_null</STRONG> (Thumb, 2 bytes, Stack size unknown bytes, handlers.o(i.__scatterload_null), UNUSED)

<P><STRONG><a name="[49]"></a>__scatterload_zeroinit</STRONG> (Thumb, 14 bytes, Stack size unknown bytes, handlers.o(i.__scatterload_zeroinit), UNUSED)
<P>
<H3>
Local Symbols
</H3>
<P><STRONG><a name="[6]"></a>cb_assertion</STRONG> (Thumb, 30 bytes, Stack size 16 bytes, main.o(.text.cb_assertion))
<BR><BR>[Stack]<UL><LI>Max Depth = 16<LI>Call Chain = cb_assertion
</UL>
<BR>[Calls]<UL><LI><a href="#[25]">&gt;&gt;</a>&nbsp;&nbsp;&nbsp;platform_printf
</UL>
<BR>[Address Reference Count : 1]<UL><LI> main.o(.text.app_main)
</UL>
<P><STRONG><a name="[5]"></a>cb_hard_fault</STRONG> (Thumb, 86 bytes, Stack size 48 bytes, main.o(.text.cb_hard_fault))
<BR><BR>[Stack]<UL><LI>Max Depth = 48<LI>Call Chain = cb_hard_fault
</UL>
<BR>[Calls]<UL><LI><a href="#[25]">&gt;&gt;</a>&nbsp;&nbsp;&nbsp;platform_printf
</UL>
<BR>[Address Reference Count : 1]<UL><LI> main.o(.text.app_main)
</UL>
<P><STRONG><a name="[7]"></a>cb_heap_out_of_mem</STRONG> (Thumb, 26 bytes, Stack size 16 bytes, main.o(.text.cb_heap_out_of_mem))
<BR><BR>[Stack]<UL><LI>Max Depth = 16<LI>Call Chain = cb_heap_out_of_mem
</UL>
<BR>[Calls]<UL><LI><a href="#[25]">&gt;&gt;</a>&nbsp;&nbsp;&nbsp;platform_printf
</UL>
<BR>[Address Reference Count : 1]<UL><LI> main.o(.text.app_main)
</UL>
<P><STRONG><a name="[b]"></a>watchdog_task</STRONG> (Thumb, 22 bytes, Stack size 16 bytes, main.o(.text.watchdog_task))
<BR><BR>[Stack]<UL><LI>Max Depth = 16<LI>Call Chain = watchdog_task
</UL>
<BR>[Calls]<UL><LI><a href="#[3c]">&gt;&gt;</a>&nbsp;&nbsp;&nbsp;vTaskDelay
<LI><a href="#[3d]">&gt;&gt;</a>&nbsp;&nbsp;&nbsp;TMR_WatchDogRestart
</UL>
<BR>[Address Reference Count : 1]<UL><LI> main.o(.text.app_main)
</UL>
<P><STRONG><a name="[d]"></a>att_read_callback</STRONG> (Thumb, 32 bytes, Stack size 24 bytes, profile.o(.text.att_read_callback))
<BR><BR>[Stack]<UL><LI>Max Depth = 24<LI>Call Chain = att_read_callback
</UL>
<BR>[Address Reference Count : 1]<UL><LI> profile.o(.text.setup_profile)
</UL>
<P><STRONG><a name="[e]"></a>att_write_callback</STRONG> (Thumb, 38 bytes, Stack size 20 bytes, profile.o(.text.att_write_callback))
<BR><BR>[Stack]<UL><LI>Max Depth = 20<LI>Call Chain = att_write_callback
</UL>
<BR>[Address Reference Count : 1]<UL><LI> profile.o(.text.setup_profile)
</UL>
<P><STRONG><a name="[35]"></a>btstack_event_state_get_state</STRONG> (Thumb, 12 bytes, Stack size 4 bytes, profile.o(.text.btstack_event_state_get_state))
<BR><BR>[Stack]<UL><LI>Max Depth = 4<LI>Call Chain = btstack_event_state_get_state
</UL>
<BR>[Called By]<UL><LI><a href="#[f]">&gt;&gt;</a>&nbsp;&nbsp;&nbsp;user_packet_handler
</UL>

<P><STRONG><a name="[37]"></a>hci_event_command_complete_get_command_opcode</STRONG> (Thumb, 14 bytes, Stack size 4 bytes, profile.o(.text.hci_event_command_complete_get_command_opcode))
<BR><BR>[Stack]<UL><LI>Max Depth = 4<LI>Call Chain = hci_event_command_complete_get_command_opcode
</UL>
<BR>[Called By]<UL><LI><a href="#[f]">&gt;&gt;</a>&nbsp;&nbsp;&nbsp;user_packet_handler
</UL>

<P><STRONG><a name="[38]"></a>hci_event_le_meta_get_subevent_code</STRONG> (Thumb, 12 bytes, Stack size 4 bytes, profile.o(.text.hci_event_le_meta_get_subevent_code))
<BR><BR>[Stack]<UL><LI>Max Depth = 4<LI>Call Chain = hci_event_le_meta_get_subevent_code
</UL>
<BR>[Called By]<UL><LI><a href="#[f]">&gt;&gt;</a>&nbsp;&nbsp;&nbsp;user_packet_handler
</UL>

<P><STRONG><a name="[34]"></a>hci_event_packet_get_type</STRONG> (Thumb, 12 bytes, Stack size 4 bytes, profile.o(.text.hci_event_packet_get_type))
<BR><BR>[Stack]<UL><LI>Max Depth = 4<LI>Call Chain = hci_event_packet_get_type
</UL>
<BR>[Called By]<UL><LI><a href="#[f]">&gt;&gt;</a>&nbsp;&nbsp;&nbsp;user_packet_handler
</UL>

<P><STRONG><a name="[3a]"></a>hci_event_packet_get_user_msg</STRONG> (Thumb, 12 bytes, Stack size 4 bytes, profile.o(.text.hci_event_packet_get_user_msg))
<BR><BR>[Stack]<UL><LI>Max Depth = 4<LI>Call Chain = hci_event_packet_get_user_msg
</UL>
<BR>[Called By]<UL><LI><a href="#[f]">&gt;&gt;</a>&nbsp;&nbsp;&nbsp;user_packet_handler
</UL>

<P><STRONG><a name="[2c]"></a>setup_adv</STRONG> (Thumb, 102 bytes, Stack size 64 bytes, profile.o(.text.setup_adv))
<BR><BR>[Stack]<UL><LI>Max Depth = 64<LI>Call Chain = setup_adv
</UL>
<BR>[Calls]<UL><LI><a href="#[2f]">&gt;&gt;</a>&nbsp;&nbsp;&nbsp;gap_set_ext_scan_response_data
<LI><a href="#[2d]">&gt;&gt;</a>&nbsp;&nbsp;&nbsp;gap_set_ext_adv_para
<LI><a href="#[30]">&gt;&gt;</a>&nbsp;&nbsp;&nbsp;gap_set_ext_adv_enable
<LI><a href="#[2e]">&gt;&gt;</a>&nbsp;&nbsp;&nbsp;gap_set_ext_adv_data
</UL>
<BR>[Called By]<UL><LI><a href="#[f]">&gt;&gt;</a>&nbsp;&nbsp;&nbsp;user_packet_handler
</UL>

<P><STRONG><a name="[3b]"></a>user_msg_handler</STRONG> (Thumb, 16 bytes, Stack size 12 bytes, profile.o(.text.user_msg_handler))
<BR><BR>[Stack]<UL><LI>Max Depth = 12<LI>Call Chain = user_msg_handler
</UL>
<BR>[Called By]<UL><LI><a href="#[f]">&gt;&gt;</a>&nbsp;&nbsp;&nbsp;user_packet_handler
</UL>

<P><STRONG><a name="[f]"></a>user_packet_handler</STRONG> (Thumb, 220 bytes, Stack size 32 bytes, profile.o(.text.user_packet_handler))
<BR><BR>[Stack]<UL><LI>Max Depth = 96<LI>Call Chain = user_packet_handler &rArr; setup_adv
</UL>
<BR>[Calls]<UL><LI><a href="#[30]">&gt;&gt;</a>&nbsp;&nbsp;&nbsp;gap_set_ext_adv_enable
<LI><a href="#[36]">&gt;&gt;</a>&nbsp;&nbsp;&nbsp;gap_set_adv_set_random_addr
<LI><a href="#[39]">&gt;&gt;</a>&nbsp;&nbsp;&nbsp;att_set_db
<LI><a href="#[3b]">&gt;&gt;</a>&nbsp;&nbsp;&nbsp;user_msg_handler
<LI><a href="#[2c]">&gt;&gt;</a>&nbsp;&nbsp;&nbsp;setup_adv
<LI><a href="#[3a]">&gt;&gt;</a>&nbsp;&nbsp;&nbsp;hci_event_packet_get_user_msg
<LI><a href="#[34]">&gt;&gt;</a>&nbsp;&nbsp;&nbsp;hci_event_packet_get_type
<LI><a href="#[38]">&gt;&gt;</a>&nbsp;&nbsp;&nbsp;hci_event_le_meta_get_subevent_code
<LI><a href="#[37]">&gt;&gt;</a>&nbsp;&nbsp;&nbsp;hci_event_command_complete_get_command_opcode
<LI><a href="#[35]">&gt;&gt;</a>&nbsp;&nbsp;&nbsp;btstack_event_state_get_state
</UL>
<BR>[Address Reference Count : 1]<UL><LI> profile.o(.text.setup_profile)
</UL>
<P><STRONG><a name="[16]"></a>_DoInit</STRONG> (Thumb, 156 bytes, Stack size 16 bytes, trace.o(.text._DoInit))
<BR><BR>[Stack]<UL><LI>Max Depth = 16<LI>Call Chain = _DoInit
</UL>
<BR>[Calls]<UL><LI><a href="#[1b]">&gt;&gt;</a>&nbsp;&nbsp;&nbsp;strcpy
</UL>
<BR>[Called By]<UL><LI><a href="#[17]">&gt;&gt;</a>&nbsp;&nbsp;&nbsp;SEGGER_RTT_Write
<LI><a href="#[15]">&gt;&gt;</a>&nbsp;&nbsp;&nbsp;SEGGER_RTT_Init
</UL>

<P><STRONG><a name="[14]"></a>_GetAvailWriteSpace</STRONG> (Thumb, 62 bytes, Stack size 16 bytes, trace.o(.text._GetAvailWriteSpace))
<BR><BR>[Stack]<UL><LI>Max Depth = 16<LI>Call Chain = _GetAvailWriteSpace
</UL>
<BR>[Called By]<UL><LI><a href="#[18]">&gt;&gt;</a>&nbsp;&nbsp;&nbsp;SEGGER_RTT_WriteNoLock
<LI><a href="#[13]">&gt;&gt;</a>&nbsp;&nbsp;&nbsp;SEGGER_RTT_GetAvailWriteSpace
</UL>

<P><STRONG><a name="[1a]"></a>_WriteBlocking</STRONG> (Thumb, 224 bytes, Stack size 48 bytes, trace.o(.text._WriteBlocking))
<BR><BR>[Stack]<UL><LI>Max Depth = 48<LI>Call Chain = _WriteBlocking
</UL>
<BR>[Calls]<UL><LI><a href="#[1c]">&gt;&gt;</a>&nbsp;&nbsp;&nbsp;__aeabi_memcpy
</UL>
<BR>[Called By]<UL><LI><a href="#[18]">&gt;&gt;</a>&nbsp;&nbsp;&nbsp;SEGGER_RTT_WriteNoLock
</UL>

<P><STRONG><a name="[19]"></a>_WriteNoCheck</STRONG> (Thumb, 128 bytes, Stack size 32 bytes, trace.o(.text._WriteNoCheck))
<BR><BR>[Stack]<UL><LI>Max Depth = 32<LI>Call Chain = _WriteNoCheck
</UL>
<BR>[Calls]<UL><LI><a href="#[1c]">&gt;&gt;</a>&nbsp;&nbsp;&nbsp;__aeabi_memcpy
</UL>
<BR>[Called By]<UL><LI><a href="#[18]">&gt;&gt;</a>&nbsp;&nbsp;&nbsp;SEGGER_RTT_WriteNoLock
</UL>
<P>
<H3>
Undefined Global Symbols
</H3><HR></body></html>
