<!doctype html public "-//w3c//dtd html 4.0 transitional//en">
<html><head>
<title>Static Call Graph - [.\output\QSPI_916_FLASH.axf]</title></head>
<body><HR>
<H1>Static Call Graph for image .\output\QSPI_916_FLASH.axf</H1><HR>
<BR><P>#&#060CALLGRAPH&#062# ARM Linker, 6160001: Last Updated: Sun Jun 25 15:42:56 2023
<BR><P>
<H3>Maximum Stack Usage =        396 bytes + Unknown(Untraceable Function Pointers)</H3><H3>
Call chain for Maximum Stack Depth:</H3>
app_timer_callback &rArr; peripherals_spi_send_data &rArr; W25QXX_page_program_quad_mode &rArr; W25QXX_read_status &rArr; apSSP_DeviceParametersSet &rArr; apSSP_Initialize &rArr; apSSP_ResetTxFifo
<P>
<H3>
Function Pointers
</H3><UL>
 <LI><a href="#[0]">Reset_Handler</a> from startup_ing91600.o(.text) referenced from startup_ing91600.o(RESET)
 <LI><a href="#[2]">__scatterload</a> from init.o(.text) referenced from startup_ing91600.o(.text)
 <LI><a href="#[3]">app_main</a> from main.o(.text.app_main) referenced from startup_ing91600.o(.text)
 <LI><a href="#[4]">app_timer_callback</a> from main.o(.text.app_timer_callback) referenced 2 times from main.o(.text.setup_peripherals)
 <LI><a href="#[9]">cb_assertion</a> from main.o(.text.cb_assertion) referenced from main.o(.rodata.evt_cb_table)
 <LI><a href="#[8]">cb_hard_fault</a> from main.o(.text.cb_hard_fault) referenced from main.o(.rodata.evt_cb_table)
 <LI><a href="#[a]">cb_heap_out_of_mem</a> from main.o(.text.cb_heap_out_of_mem) referenced from main.o(.rodata.evt_cb_table)
 <LI><a href="#[7]">cb_putc</a> from main.o(.text.cb_putc) referenced from main.o(.rodata.evt_cb_table)
 <LI><a href="#[6]">fputc</a> from main.o(.text.fputc) referenced from printfa.o(i.__0printf)
 <LI><a href="#[1]">main</a> from startup_ing91600.o(.text) referenced from entry9a.o(.ARM.Collect$$$$0000000B)
 <LI><a href="#[5]">peripherals_spi_isr</a> from qspi_flash.o(.text.peripherals_spi_isr) referenced 2 times from qspi_flash.o(.text.setup_peripherals_spi_pin)
</UL>
<P>
<H3>
Global Symbols
</H3>
<P><STRONG><a name="[43]"></a>platform_printf</STRONG> (Thumb, 0 bytes, Stack size 0 bytes, symdefs.m(ABSOLUTE))
<BR><BR>[Called By]<UL><LI><a href="#[54]">&gt;&gt;</a>&nbsp;&nbsp;&nbsp;setup_peripherals_spi
<LI><a href="#[a]">&gt;&gt;</a>&nbsp;&nbsp;&nbsp;cb_heap_out_of_mem
<LI><a href="#[8]">&gt;&gt;</a>&nbsp;&nbsp;&nbsp;cb_hard_fault
<LI><a href="#[9]">&gt;&gt;</a>&nbsp;&nbsp;&nbsp;cb_assertion
</UL>

<P><STRONG><a name="[40]"></a>platform_set_evt_callback_table</STRONG> (Thumb, 0 bytes, Stack size 0 bytes, symdefs.m(ABSOLUTE))
<BR><BR>[Called By]<UL><LI><a href="#[3]">&gt;&gt;</a>&nbsp;&nbsp;&nbsp;app_main
</UL>

<P><STRONG><a name="[5a]"></a>platform_set_irq_callback</STRONG> (Thumb, 0 bytes, Stack size 0 bytes, symdefs.m(ABSOLUTE))
<BR><BR>[Called By]<UL><LI><a href="#[58]">&gt;&gt;</a>&nbsp;&nbsp;&nbsp;setup_peripherals_spi_pin
</UL>

<P><STRONG><a name="[56]"></a>xTaskGetTickCount</STRONG> (Thumb, 0 bytes, Stack size 0 bytes, symdefs.m(ABSOLUTE))
<BR><BR>[Called By]<UL><LI><a href="#[41]">&gt;&gt;</a>&nbsp;&nbsp;&nbsp;setup_peripherals
</UL>

<P><STRONG><a name="[55]"></a>xTimerCreate</STRONG> (Thumb, 0 bytes, Stack size 0 bytes, symdefs.m(ABSOLUTE))
<BR><BR>[Called By]<UL><LI><a href="#[41]">&gt;&gt;</a>&nbsp;&nbsp;&nbsp;setup_peripherals
</UL>

<P><STRONG><a name="[57]"></a>xTimerGenericCommand</STRONG> (Thumb, 0 bytes, Stack size 0 bytes, symdefs.m(ABSOLUTE))
<BR><BR>[Called By]<UL><LI><a href="#[41]">&gt;&gt;</a>&nbsp;&nbsp;&nbsp;setup_peripherals
</UL>

<P><STRONG><a name="[b]"></a>__main</STRONG> (Thumb, 0 bytes, Stack size unknown bytes, entry.o(.ARM.Collect$$$$00000000))

<P><STRONG><a name="[62]"></a>_main_stk</STRONG> (Thumb, 0 bytes, Stack size unknown bytes, entry2.o(.ARM.Collect$$$$00000001))

<P><STRONG><a name="[c]"></a>_main_scatterload</STRONG> (Thumb, 0 bytes, Stack size unknown bytes, entry5.o(.ARM.Collect$$$$00000004))
<BR><BR>[Calls]<UL><LI><a href="#[2]">&gt;&gt;</a>&nbsp;&nbsp;&nbsp;__scatterload
</UL>

<P><STRONG><a name="[d]"></a>__main_after_scatterload</STRONG> (Thumb, 0 bytes, Stack size unknown bytes, entry5.o(.ARM.Collect$$$$00000004))
<BR><BR>[Called By]<UL><LI><a href="#[2]">&gt;&gt;</a>&nbsp;&nbsp;&nbsp;__scatterload
</UL>

<P><STRONG><a name="[63]"></a>_main_clock</STRONG> (Thumb, 0 bytes, Stack size unknown bytes, entry7b.o(.ARM.Collect$$$$00000008))

<P><STRONG><a name="[64]"></a>_main_cpp_init</STRONG> (Thumb, 0 bytes, Stack size unknown bytes, entry8b.o(.ARM.Collect$$$$0000000A))

<P><STRONG><a name="[65]"></a>_main_init</STRONG> (Thumb, 0 bytes, Stack size unknown bytes, entry9a.o(.ARM.Collect$$$$0000000B))

<P><STRONG><a name="[66]"></a>__rt_final_cpp</STRONG> (Thumb, 0 bytes, Stack size unknown bytes, entry10a.o(.ARM.Collect$$$$0000000D))

<P><STRONG><a name="[67]"></a>__rt_final_exit</STRONG> (Thumb, 0 bytes, Stack size unknown bytes, entry11a.o(.ARM.Collect$$$$0000000F))

<P><STRONG><a name="[0]"></a>Reset_Handler</STRONG> (Thumb, 14 bytes, Stack size 0 bytes, startup_ing91600.o(.text))
<BR>[Address Reference Count : 1]<UL><LI> startup_ing91600.o(RESET)
</UL>
<P><STRONG><a name="[1]"></a>main</STRONG> (Thumb, 14 bytes, Stack size 0 bytes, startup_ing91600.o(.text))
<BR>[Address Reference Count : 1]<UL><LI> entry9a.o(.ARM.Collect$$$$0000000B)
</UL>
<P><STRONG><a name="[2]"></a>__scatterload</STRONG> (Thumb, 28 bytes, Stack size 0 bytes, init.o(.text))
<BR><BR>[Calls]<UL><LI><a href="#[d]">&gt;&gt;</a>&nbsp;&nbsp;&nbsp;__main_after_scatterload
</UL>
<BR>[Called By]<UL><LI><a href="#[c]">&gt;&gt;</a>&nbsp;&nbsp;&nbsp;_main_scatterload
</UL>
<BR>[Address Reference Count : 1]<UL><LI> startup_ing91600.o(.text)
</UL>
<P><STRONG><a name="[68]"></a>__scatterload_rt2</STRONG> (Thumb, 0 bytes, Stack size 0 bytes, init.o(.text), UNUSED)

<P><STRONG><a name="[52]"></a>__aeabi_memcpy</STRONG> (Thumb, 36 bytes, Stack size 0 bytes, memcpya.o(.text))
<BR><BR>[Called By]<UL><LI><a href="#[48]">&gt;&gt;</a>&nbsp;&nbsp;&nbsp;read_flash_security
</UL>

<P><STRONG><a name="[69]"></a>__aeabi_memcpy4</STRONG> (Thumb, 0 bytes, Stack size 0 bytes, memcpya.o(.text), UNUSED)

<P><STRONG><a name="[6a]"></a>__aeabi_memcpy8</STRONG> (Thumb, 0 bytes, Stack size 0 bytes, memcpya.o(.text), UNUSED)

<P><STRONG><a name="[f]"></a>__aeabi_memset</STRONG> (Thumb, 14 bytes, Stack size 0 bytes, memseta.o(.text))
<BR><BR>[Called By]<UL><LI><a href="#[42]">&gt;&gt;</a>&nbsp;&nbsp;&nbsp;peripherals_spi_send_data
<LI><a href="#[10]">&gt;&gt;</a>&nbsp;&nbsp;&nbsp;_memset$wrapper
<LI><a href="#[e]">&gt;&gt;</a>&nbsp;&nbsp;&nbsp;__aeabi_memclr
</UL>

<P><STRONG><a name="[6b]"></a>__aeabi_memset4</STRONG> (Thumb, 0 bytes, Stack size 0 bytes, memseta.o(.text), UNUSED)

<P><STRONG><a name="[6c]"></a>__aeabi_memset8</STRONG> (Thumb, 0 bytes, Stack size 0 bytes, memseta.o(.text), UNUSED)

<P><STRONG><a name="[e]"></a>__aeabi_memclr</STRONG> (Thumb, 4 bytes, Stack size 0 bytes, memseta.o(.text), UNUSED)
<BR><BR>[Calls]<UL><LI><a href="#[f]">&gt;&gt;</a>&nbsp;&nbsp;&nbsp;__aeabi_memset
</UL>

<P><STRONG><a name="[6d]"></a>__aeabi_memclr4</STRONG> (Thumb, 0 bytes, Stack size 0 bytes, memseta.o(.text), UNUSED)

<P><STRONG><a name="[6e]"></a>__aeabi_memclr8</STRONG> (Thumb, 0 bytes, Stack size 0 bytes, memseta.o(.text), UNUSED)

<P><STRONG><a name="[10]"></a>_memset$wrapper</STRONG> (Thumb, 18 bytes, Stack size 8 bytes, memseta.o(.text), UNUSED)
<BR><BR>[Calls]<UL><LI><a href="#[f]">&gt;&gt;</a>&nbsp;&nbsp;&nbsp;__aeabi_memset
</UL>

<P><STRONG><a name="[11]"></a>__aeabi_dadd</STRONG> (Thumb, 322 bytes, Stack size 48 bytes, dadd.o(.text), UNUSED)
<BR><BR>[Calls]<UL><LI><a href="#[13]">&gt;&gt;</a>&nbsp;&nbsp;&nbsp;__aeabi_lasr
<LI><a href="#[12]">&gt;&gt;</a>&nbsp;&nbsp;&nbsp;__aeabi_llsl
<LI><a href="#[15]">&gt;&gt;</a>&nbsp;&nbsp;&nbsp;_double_round
<LI><a href="#[14]">&gt;&gt;</a>&nbsp;&nbsp;&nbsp;_double_epilogue
</UL>
<BR>[Called By]<UL><LI><a href="#[17]">&gt;&gt;</a>&nbsp;&nbsp;&nbsp;__aeabi_drsub
<LI><a href="#[16]">&gt;&gt;</a>&nbsp;&nbsp;&nbsp;__aeabi_dsub
<LI><a href="#[5d]">&gt;&gt;</a>&nbsp;&nbsp;&nbsp;_fp_digits
</UL>

<P><STRONG><a name="[16]"></a>__aeabi_dsub</STRONG> (Thumb, 6 bytes, Stack size 0 bytes, dadd.o(.text), UNUSED)
<BR><BR>[Calls]<UL><LI><a href="#[11]">&gt;&gt;</a>&nbsp;&nbsp;&nbsp;__aeabi_dadd
</UL>

<P><STRONG><a name="[17]"></a>__aeabi_drsub</STRONG> (Thumb, 6 bytes, Stack size 0 bytes, dadd.o(.text), UNUSED)
<BR><BR>[Calls]<UL><LI><a href="#[11]">&gt;&gt;</a>&nbsp;&nbsp;&nbsp;__aeabi_dadd
</UL>

<P><STRONG><a name="[18]"></a>__aeabi_ddiv</STRONG> (Thumb, 222 bytes, Stack size 32 bytes, ddiv.o(.text), UNUSED)
<BR><BR>[Calls]<UL><LI><a href="#[15]">&gt;&gt;</a>&nbsp;&nbsp;&nbsp;_double_round
</UL>
<BR>[Called By]<UL><LI><a href="#[5d]">&gt;&gt;</a>&nbsp;&nbsp;&nbsp;_fp_digits
</UL>

<P><STRONG><a name="[6f]"></a>__aeabi_uidiv</STRONG> (Thumb, 0 bytes, Stack size 12 bytes, uidiv.o(.text), UNUSED)

<P><STRONG><a name="[61]"></a>__aeabi_uidivmod</STRONG> (Thumb, 44 bytes, Stack size 12 bytes, uidiv.o(.text), UNUSED)
<BR><BR>[Called By]<UL><LI><a href="#[5c]">&gt;&gt;</a>&nbsp;&nbsp;&nbsp;_printf_core
</UL>

<P><STRONG><a name="[19]"></a>__aeabi_uldivmod</STRONG> (Thumb, 98 bytes, Stack size 40 bytes, uldiv.o(.text), UNUSED)
<BR><BR>[Calls]<UL><LI><a href="#[1a]">&gt;&gt;</a>&nbsp;&nbsp;&nbsp;__aeabi_llsr
<LI><a href="#[12]">&gt;&gt;</a>&nbsp;&nbsp;&nbsp;__aeabi_llsl
</UL>
<BR>[Called By]<UL><LI><a href="#[5c]">&gt;&gt;</a>&nbsp;&nbsp;&nbsp;_printf_core
<LI><a href="#[5d]">&gt;&gt;</a>&nbsp;&nbsp;&nbsp;_fp_digits
</UL>

<P><STRONG><a name="[12]"></a>__aeabi_llsl</STRONG> (Thumb, 30 bytes, Stack size 0 bytes, llshl.o(.text), UNUSED)
<BR><BR>[Called By]<UL><LI><a href="#[11]">&gt;&gt;</a>&nbsp;&nbsp;&nbsp;__aeabi_dadd
<LI><a href="#[19]">&gt;&gt;</a>&nbsp;&nbsp;&nbsp;__aeabi_uldivmod
<LI><a href="#[14]">&gt;&gt;</a>&nbsp;&nbsp;&nbsp;_double_epilogue
<LI><a href="#[1c]">&gt;&gt;</a>&nbsp;&nbsp;&nbsp;__aeabi_d2ulz
</UL>

<P><STRONG><a name="[70]"></a>_ll_shift_l</STRONG> (Thumb, 0 bytes, Stack size 0 bytes, llshl.o(.text), UNUSED)

<P><STRONG><a name="[13]"></a>__aeabi_lasr</STRONG> (Thumb, 36 bytes, Stack size 0 bytes, llsshr.o(.text), UNUSED)
<BR><BR>[Called By]<UL><LI><a href="#[11]">&gt;&gt;</a>&nbsp;&nbsp;&nbsp;__aeabi_dadd
</UL>

<P><STRONG><a name="[71]"></a>_ll_sshift_r</STRONG> (Thumb, 0 bytes, Stack size 0 bytes, llsshr.o(.text), UNUSED)

<P><STRONG><a name="[72]"></a>__I$use$fp</STRONG> (Thumb, 0 bytes, Stack size 8 bytes, iusefp.o(.text), UNUSED)

<P><STRONG><a name="[15]"></a>_double_round</STRONG> (Thumb, 30 bytes, Stack size 8 bytes, depilogue.o(.text), UNUSED)
<BR><BR>[Called By]<UL><LI><a href="#[18]">&gt;&gt;</a>&nbsp;&nbsp;&nbsp;__aeabi_ddiv
<LI><a href="#[11]">&gt;&gt;</a>&nbsp;&nbsp;&nbsp;__aeabi_dadd
<LI><a href="#[14]">&gt;&gt;</a>&nbsp;&nbsp;&nbsp;_double_epilogue
</UL>

<P><STRONG><a name="[14]"></a>_double_epilogue</STRONG> (Thumb, 156 bytes, Stack size 32 bytes, depilogue.o(.text), UNUSED)
<BR><BR>[Calls]<UL><LI><a href="#[1a]">&gt;&gt;</a>&nbsp;&nbsp;&nbsp;__aeabi_llsr
<LI><a href="#[12]">&gt;&gt;</a>&nbsp;&nbsp;&nbsp;__aeabi_llsl
<LI><a href="#[15]">&gt;&gt;</a>&nbsp;&nbsp;&nbsp;_double_round
</UL>
<BR>[Called By]<UL><LI><a href="#[11]">&gt;&gt;</a>&nbsp;&nbsp;&nbsp;__aeabi_dadd
<LI><a href="#[1b]">&gt;&gt;</a>&nbsp;&nbsp;&nbsp;__aeabi_dmul
</UL>

<P><STRONG><a name="[1b]"></a>__aeabi_dmul</STRONG> (Thumb, 228 bytes, Stack size 48 bytes, dmul.o(.text), UNUSED)
<BR><BR>[Calls]<UL><LI><a href="#[14]">&gt;&gt;</a>&nbsp;&nbsp;&nbsp;_double_epilogue
</UL>
<BR>[Called By]<UL><LI><a href="#[5d]">&gt;&gt;</a>&nbsp;&nbsp;&nbsp;_fp_digits
</UL>

<P><STRONG><a name="[1c]"></a>__aeabi_d2ulz</STRONG> (Thumb, 48 bytes, Stack size 0 bytes, dfixul.o(.text), UNUSED)
<BR><BR>[Calls]<UL><LI><a href="#[1a]">&gt;&gt;</a>&nbsp;&nbsp;&nbsp;__aeabi_llsr
<LI><a href="#[12]">&gt;&gt;</a>&nbsp;&nbsp;&nbsp;__aeabi_llsl
</UL>
<BR>[Called By]<UL><LI><a href="#[5d]">&gt;&gt;</a>&nbsp;&nbsp;&nbsp;_fp_digits
</UL>

<P><STRONG><a name="[5e]"></a>__aeabi_cdrcmple</STRONG> (Thumb, 48 bytes, Stack size 0 bytes, cdrcmple.o(.text), UNUSED)
<BR><BR>[Called By]<UL><LI><a href="#[5d]">&gt;&gt;</a>&nbsp;&nbsp;&nbsp;_fp_digits
</UL>

<P><STRONG><a name="[1a]"></a>__aeabi_llsr</STRONG> (Thumb, 32 bytes, Stack size 0 bytes, llushr.o(.text), UNUSED)
<BR><BR>[Called By]<UL><LI><a href="#[19]">&gt;&gt;</a>&nbsp;&nbsp;&nbsp;__aeabi_uldivmod
<LI><a href="#[14]">&gt;&gt;</a>&nbsp;&nbsp;&nbsp;_double_epilogue
<LI><a href="#[1c]">&gt;&gt;</a>&nbsp;&nbsp;&nbsp;__aeabi_d2ulz
</UL>

<P><STRONG><a name="[73]"></a>_ll_ushift_r</STRONG> (Thumb, 0 bytes, Stack size 0 bytes, llushr.o(.text), UNUSED)

<P><STRONG><a name="[21]"></a>PINCTRL_SelSpiIn</STRONG> (Thumb, 518 bytes, Stack size 32 bytes, peripheral_pinctrl.o(.text.PINCTRL_SelSpiIn))
<BR><BR>[Stack]<UL><LI>Max Depth = 108<LI>Call Chain = PINCTRL_SelSpiIn &rArr; PINCTRL_SelInput &rArr; PINCTRL_SetPadMux &rArr; source_id_on_pin
</UL>
<BR>[Calls]<UL><LI><a href="#[1d]">&gt;&gt;</a>&nbsp;&nbsp;&nbsp;PINCTRL_SelInput
</UL>
<BR>[Called By]<UL><LI><a href="#[58]">&gt;&gt;</a>&nbsp;&nbsp;&nbsp;setup_peripherals_spi_pin
</UL>

<P><STRONG><a name="[20]"></a>PINCTRL_SetPadMux</STRONG> (Thumb, 422 bytes, Stack size 24 bytes, peripheral_pinctrl.o(.text.PINCTRL_SetPadMux))
<BR><BR>[Stack]<UL><LI>Max Depth = 44<LI>Call Chain = PINCTRL_SetPadMux &rArr; source_id_on_pin
</UL>
<BR>[Calls]<UL><LI><a href="#[22]">&gt;&gt;</a>&nbsp;&nbsp;&nbsp;source_id_on_pin
<LI><a href="#[1e]">&gt;&gt;</a>&nbsp;&nbsp;&nbsp;set_reg_bits
</UL>
<BR>[Called By]<UL><LI><a href="#[1d]">&gt;&gt;</a>&nbsp;&nbsp;&nbsp;PINCTRL_SelInput
<LI><a href="#[58]">&gt;&gt;</a>&nbsp;&nbsp;&nbsp;setup_peripherals_spi_pin
</UL>

<P><STRONG><a name="[23]"></a>SYSCTRL_ClearClkGate</STRONG> (Thumb, 22 bytes, Stack size 16 bytes, peripheral_sysctrl.o(.text.SYSCTRL_ClearClkGate))
<BR><BR>[Stack]<UL><LI>Max Depth = 60<LI>Call Chain = SYSCTRL_ClearClkGate &rArr; SYSCTRL_ClkGateCtrl &rArr; set_reg_bit
</UL>
<BR>[Calls]<UL><LI><a href="#[24]">&gt;&gt;</a>&nbsp;&nbsp;&nbsp;SYSCTRL_ClkGateCtrl
</UL>
<BR>[Called By]<UL><LI><a href="#[25]">&gt;&gt;</a>&nbsp;&nbsp;&nbsp;SYSCTRL_ClearClkGateMulti
</UL>

<P><STRONG><a name="[25]"></a>SYSCTRL_ClearClkGateMulti</STRONG> (Thumb, 66 bytes, Stack size 16 bytes, peripheral_sysctrl.o(.text.SYSCTRL_ClearClkGateMulti))
<BR><BR>[Stack]<UL><LI>Max Depth = 76<LI>Call Chain = SYSCTRL_ClearClkGateMulti &rArr; SYSCTRL_ClearClkGate &rArr; SYSCTRL_ClkGateCtrl &rArr; set_reg_bit
</UL>
<BR>[Calls]<UL><LI><a href="#[23]">&gt;&gt;</a>&nbsp;&nbsp;&nbsp;SYSCTRL_ClearClkGate
</UL>
<BR>[Called By]<UL><LI><a href="#[58]">&gt;&gt;</a>&nbsp;&nbsp;&nbsp;setup_peripherals_spi_pin
</UL>

<P><STRONG><a name="[27]"></a>SYSCTRL_GetPLLClk</STRONG> (Thumb, 82 bytes, Stack size 24 bytes, peripheral_sysctrl.o(.text.SYSCTRL_GetPLLClk))
<BR><BR>[Stack]<UL><LI>Max Depth = 36<LI>Call Chain = SYSCTRL_GetPLLClk &rArr; SYSCTRL_GetSlowClk
</UL>
<BR>[Calls]<UL><LI><a href="#[28]">&gt;&gt;</a>&nbsp;&nbsp;&nbsp;SYSCTRL_GetSlowClk
</UL>
<BR>[Called By]<UL><LI><a href="#[54]">&gt;&gt;</a>&nbsp;&nbsp;&nbsp;setup_peripherals_spi
</UL>

<P><STRONG><a name="[28]"></a>SYSCTRL_GetSlowClk</STRONG> (Thumb, 162 bytes, Stack size 12 bytes, peripheral_sysctrl.o(.text.SYSCTRL_GetSlowClk))
<BR><BR>[Stack]<UL><LI>Max Depth = 12<LI>Call Chain = SYSCTRL_GetSlowClk
</UL>
<BR>[Called By]<UL><LI><a href="#[27]">&gt;&gt;</a>&nbsp;&nbsp;&nbsp;SYSCTRL_GetPLLClk
</UL>

<P><STRONG><a name="[29]"></a>SYSCTRL_Init</STRONG> (Thumb, 202 bytes, Stack size 24 bytes, peripheral_sysctrl.o(.text.SYSCTRL_Init))
<BR><BR>[Stack]<UL><LI>Max Depth = 256<LI>Call Chain = SYSCTRL_Init &rArr; flash_get_factory_calib_data &rArr; flash_prepare_factory_data &rArr; copy_security_data &rArr; read_flash_security
</UL>
<BR>[Calls]<UL><LI><a href="#[2c]">&gt;&gt;</a>&nbsp;&nbsp;&nbsp;SYSCTRL_SetLDOOutput
<LI><a href="#[2b]">&gt;&gt;</a>&nbsp;&nbsp;&nbsp;set_reg_bits
<LI><a href="#[2a]">&gt;&gt;</a>&nbsp;&nbsp;&nbsp;flash_get_factory_calib_data
</UL>
<BR>[Called By]<UL><LI><a href="#[3]">&gt;&gt;</a>&nbsp;&nbsp;&nbsp;app_main
</UL>

<P><STRONG><a name="[2c]"></a>SYSCTRL_SetLDOOutput</STRONG> (Thumb, 36 bytes, Stack size 16 bytes, peripheral_sysctrl.o(.text.SYSCTRL_SetLDOOutput))
<BR><BR>[Stack]<UL><LI>Max Depth = 32<LI>Call Chain = SYSCTRL_SetLDOOutput &rArr; set_reg_bits
</UL>
<BR>[Calls]<UL><LI><a href="#[2b]">&gt;&gt;</a>&nbsp;&nbsp;&nbsp;set_reg_bits
</UL>
<BR>[Called By]<UL><LI><a href="#[29]">&gt;&gt;</a>&nbsp;&nbsp;&nbsp;SYSCTRL_Init
</UL>

<P><STRONG><a name="[45]"></a>UART_SendData</STRONG> (Thumb, 20 bytes, Stack size 8 bytes, peripheral_uart.o(.text.UART_SendData))
<BR><BR>[Stack]<UL><LI>Max Depth = 8<LI>Call Chain = UART_SendData
</UL>
<BR>[Called By]<UL><LI><a href="#[7]">&gt;&gt;</a>&nbsp;&nbsp;&nbsp;cb_putc
</UL>

<P><STRONG><a name="[4f]"></a>apSSP_ClearIntStatus</STRONG> (Thumb, 20 bytes, Stack size 8 bytes, peripheral_ssp.o(.text.apSSP_ClearIntStatus))
<BR><BR>[Stack]<UL><LI>Max Depth = 8<LI>Call Chain = apSSP_ClearIntStatus
</UL>
<BR>[Called By]<UL><LI><a href="#[5]">&gt;&gt;</a>&nbsp;&nbsp;&nbsp;peripherals_spi_isr
</UL>

<P><STRONG><a name="[2f]"></a>apSSP_DeviceParametersSet</STRONG> (Thumb, 166 bytes, Stack size 16 bytes, peripheral_ssp.o(.text.apSSP_DeviceParametersSet))
<BR><BR>[Stack]<UL><LI>Max Depth = 36<LI>Call Chain = apSSP_DeviceParametersSet &rArr; apSSP_Initialize &rArr; apSSP_ResetTxFifo
</UL>
<BR>[Calls]<UL><LI><a href="#[38]">&gt;&gt;</a>&nbsp;&nbsp;&nbsp;apSSP_SetTxThres
<LI><a href="#[3a]">&gt;&gt;</a>&nbsp;&nbsp;&nbsp;apSSP_SetTimingSclkDiv
<LI><a href="#[39]">&gt;&gt;</a>&nbsp;&nbsp;&nbsp;apSSP_SetRxThres
<LI><a href="#[3b]">&gt;&gt;</a>&nbsp;&nbsp;&nbsp;apSSP_IntEnable
<LI><a href="#[37]">&gt;&gt;</a>&nbsp;&nbsp;&nbsp;apSSP_Initialize
</UL>
<BR>[Called By]<UL><LI><a href="#[2e]">&gt;&gt;</a>&nbsp;&nbsp;&nbsp;W25QXX_write_enable
<LI><a href="#[36]">&gt;&gt;</a>&nbsp;&nbsp;&nbsp;W25QXX_sector_erase_flash
<LI><a href="#[33]">&gt;&gt;</a>&nbsp;&nbsp;&nbsp;W25QXX_read_status
<LI><a href="#[34]">&gt;&gt;</a>&nbsp;&nbsp;&nbsp;W25QXX_read_manufacturer
<LI><a href="#[2d]">&gt;&gt;</a>&nbsp;&nbsp;&nbsp;W25QXX_page_program_quad_mode
</UL>

<P><STRONG><a name="[4e]"></a>apSSP_GetIntRawStatus</STRONG> (Thumb, 12 bytes, Stack size 4 bytes, peripheral_ssp.o(.text.apSSP_GetIntRawStatus))
<BR><BR>[Stack]<UL><LI>Max Depth = 4<LI>Call Chain = apSSP_GetIntRawStatus
</UL>
<BR>[Called By]<UL><LI><a href="#[5]">&gt;&gt;</a>&nbsp;&nbsp;&nbsp;peripherals_spi_isr
</UL>

<P><STRONG><a name="[32]"></a>apSSP_GetSPIActiveStatus</STRONG> (Thumb, 16 bytes, Stack size 4 bytes, peripheral_ssp.o(.text.apSSP_GetSPIActiveStatus))
<BR><BR>[Stack]<UL><LI>Max Depth = 4<LI>Call Chain = apSSP_GetSPIActiveStatus
</UL>
<BR>[Called By]<UL><LI><a href="#[2e]">&gt;&gt;</a>&nbsp;&nbsp;&nbsp;W25QXX_write_enable
<LI><a href="#[36]">&gt;&gt;</a>&nbsp;&nbsp;&nbsp;W25QXX_sector_erase_flash
<LI><a href="#[33]">&gt;&gt;</a>&nbsp;&nbsp;&nbsp;W25QXX_read_status
<LI><a href="#[34]">&gt;&gt;</a>&nbsp;&nbsp;&nbsp;W25QXX_read_manufacturer
<LI><a href="#[2d]">&gt;&gt;</a>&nbsp;&nbsp;&nbsp;W25QXX_page_program_quad_mode
</UL>

<P><STRONG><a name="[37]"></a>apSSP_Initialize</STRONG> (Thumb, 46 bytes, Stack size 16 bytes, peripheral_ssp.o(.text.apSSP_Initialize))
<BR><BR>[Stack]<UL><LI>Max Depth = 20<LI>Call Chain = apSSP_Initialize &rArr; apSSP_ResetTxFifo
</UL>
<BR>[Calls]<UL><LI><a href="#[3c]">&gt;&gt;</a>&nbsp;&nbsp;&nbsp;apSSP_ResetTxFifo
<LI><a href="#[3d]">&gt;&gt;</a>&nbsp;&nbsp;&nbsp;apSSP_ResetRxFifo
</UL>
<BR>[Called By]<UL><LI><a href="#[2f]">&gt;&gt;</a>&nbsp;&nbsp;&nbsp;apSSP_DeviceParametersSet
</UL>

<P><STRONG><a name="[3b]"></a>apSSP_IntEnable</STRONG> (Thumb, 20 bytes, Stack size 8 bytes, peripheral_ssp.o(.text.apSSP_IntEnable))
<BR><BR>[Stack]<UL><LI>Max Depth = 8<LI>Call Chain = apSSP_IntEnable
</UL>
<BR>[Called By]<UL><LI><a href="#[2f]">&gt;&gt;</a>&nbsp;&nbsp;&nbsp;apSSP_DeviceParametersSet
</UL>

<P><STRONG><a name="[35]"></a>apSSP_ReadFIFO</STRONG> (Thumb, 18 bytes, Stack size 8 bytes, peripheral_ssp.o(.text.apSSP_ReadFIFO))
<BR><BR>[Stack]<UL><LI>Max Depth = 8<LI>Call Chain = apSSP_ReadFIFO
</UL>
<BR>[Called By]<UL><LI><a href="#[33]">&gt;&gt;</a>&nbsp;&nbsp;&nbsp;W25QXX_read_status
<LI><a href="#[34]">&gt;&gt;</a>&nbsp;&nbsp;&nbsp;W25QXX_read_manufacturer
</UL>

<P><STRONG><a name="[3d]"></a>apSSP_ResetRxFifo</STRONG> (Thumb, 34 bytes, Stack size 4 bytes, peripheral_ssp.o(.text.apSSP_ResetRxFifo))
<BR><BR>[Stack]<UL><LI>Max Depth = 4<LI>Call Chain = apSSP_ResetRxFifo
</UL>
<BR>[Called By]<UL><LI><a href="#[37]">&gt;&gt;</a>&nbsp;&nbsp;&nbsp;apSSP_Initialize
</UL>

<P><STRONG><a name="[3c]"></a>apSSP_ResetTxFifo</STRONG> (Thumb, 34 bytes, Stack size 4 bytes, peripheral_ssp.o(.text.apSSP_ResetTxFifo))
<BR><BR>[Stack]<UL><LI>Max Depth = 4<LI>Call Chain = apSSP_ResetTxFifo
</UL>
<BR>[Called By]<UL><LI><a href="#[37]">&gt;&gt;</a>&nbsp;&nbsp;&nbsp;apSSP_Initialize
</UL>

<P><STRONG><a name="[51]"></a>apSSP_SetMemAccessCmd</STRONG> (Thumb, 34 bytes, Stack size 8 bytes, peripheral_ssp.o(.text.apSSP_SetMemAccessCmd))
<BR><BR>[Stack]<UL><LI>Max Depth = 8<LI>Call Chain = apSSP_SetMemAccessCmd
</UL>
<BR>[Called By]<UL><LI><a href="#[42]">&gt;&gt;</a>&nbsp;&nbsp;&nbsp;peripherals_spi_send_data
</UL>

<P><STRONG><a name="[39]"></a>apSSP_SetRxThres</STRONG> (Thumb, 36 bytes, Stack size 8 bytes, peripheral_ssp.o(.text.apSSP_SetRxThres))
<BR><BR>[Stack]<UL><LI>Max Depth = 8<LI>Call Chain = apSSP_SetRxThres
</UL>
<BR>[Called By]<UL><LI><a href="#[2f]">&gt;&gt;</a>&nbsp;&nbsp;&nbsp;apSSP_DeviceParametersSet
</UL>

<P><STRONG><a name="[3a]"></a>apSSP_SetTimingSclkDiv</STRONG> (Thumb, 34 bytes, Stack size 8 bytes, peripheral_ssp.o(.text.apSSP_SetTimingSclkDiv))
<BR><BR>[Stack]<UL><LI>Max Depth = 8<LI>Call Chain = apSSP_SetTimingSclkDiv
</UL>
<BR>[Called By]<UL><LI><a href="#[2f]">&gt;&gt;</a>&nbsp;&nbsp;&nbsp;apSSP_DeviceParametersSet
</UL>

<P><STRONG><a name="[38]"></a>apSSP_SetTxThres</STRONG> (Thumb, 36 bytes, Stack size 8 bytes, peripheral_ssp.o(.text.apSSP_SetTxThres))
<BR><BR>[Stack]<UL><LI>Max Depth = 8<LI>Call Chain = apSSP_SetTxThres
</UL>
<BR>[Called By]<UL><LI><a href="#[2f]">&gt;&gt;</a>&nbsp;&nbsp;&nbsp;apSSP_DeviceParametersSet
</UL>

<P><STRONG><a name="[30]"></a>apSSP_WriteCmd</STRONG> (Thumb, 24 bytes, Stack size 12 bytes, peripheral_ssp.o(.text.apSSP_WriteCmd))
<BR><BR>[Stack]<UL><LI>Max Depth = 12<LI>Call Chain = apSSP_WriteCmd
</UL>
<BR>[Called By]<UL><LI><a href="#[2e]">&gt;&gt;</a>&nbsp;&nbsp;&nbsp;W25QXX_write_enable
<LI><a href="#[36]">&gt;&gt;</a>&nbsp;&nbsp;&nbsp;W25QXX_sector_erase_flash
<LI><a href="#[33]">&gt;&gt;</a>&nbsp;&nbsp;&nbsp;W25QXX_read_status
<LI><a href="#[34]">&gt;&gt;</a>&nbsp;&nbsp;&nbsp;W25QXX_read_manufacturer
<LI><a href="#[2d]">&gt;&gt;</a>&nbsp;&nbsp;&nbsp;W25QXX_page_program_quad_mode
</UL>

<P><STRONG><a name="[31]"></a>apSSP_WriteFIFO</STRONG> (Thumb, 16 bytes, Stack size 8 bytes, peripheral_ssp.o(.text.apSSP_WriteFIFO))
<BR><BR>[Stack]<UL><LI>Max Depth = 8<LI>Call Chain = apSSP_WriteFIFO
</UL>
<BR>[Called By]<UL><LI><a href="#[2d]">&gt;&gt;</a>&nbsp;&nbsp;&nbsp;W25QXX_page_program_quad_mode
</UL>

<P><STRONG><a name="[3f]"></a>apUART_BaudRateSet</STRONG> (Thumb, 116 bytes, Stack size 24 bytes, peripheral_uart.o(.text.apUART_BaudRateSet))
<BR><BR>[Stack]<UL><LI>Max Depth = 24<LI>Call Chain = apUART_BaudRateSet
</UL>
<BR>[Called By]<UL><LI><a href="#[3e]">&gt;&gt;</a>&nbsp;&nbsp;&nbsp;apUART_Initialize
</UL>

<P><STRONG><a name="[44]"></a>apUART_Check_TXFIFO_FULL</STRONG> (Thumb, 16 bytes, Stack size 4 bytes, peripheral_uart.o(.text.apUART_Check_TXFIFO_FULL))
<BR><BR>[Stack]<UL><LI>Max Depth = 4<LI>Call Chain = apUART_Check_TXFIFO_FULL
</UL>
<BR>[Called By]<UL><LI><a href="#[7]">&gt;&gt;</a>&nbsp;&nbsp;&nbsp;cb_putc
</UL>

<P><STRONG><a name="[3e]"></a>apUART_Initialize</STRONG> (Thumb, 152 bytes, Stack size 24 bytes, peripheral_uart.o(.text.apUART_Initialize))
<BR><BR>[Stack]<UL><LI>Max Depth = 48<LI>Call Chain = apUART_Initialize &rArr; apUART_BaudRateSet
</UL>
<BR>[Calls]<UL><LI><a href="#[3f]">&gt;&gt;</a>&nbsp;&nbsp;&nbsp;apUART_BaudRateSet
</UL>
<BR>[Called By]<UL><LI><a href="#[46]">&gt;&gt;</a>&nbsp;&nbsp;&nbsp;config_uart
</UL>

<P><STRONG><a name="[3]"></a>app_main</STRONG> (Thumb, 26 bytes, Stack size 8 bytes, main.o(.text.app_main))
<BR><BR>[Stack]<UL><LI>Max Depth = 264<LI>Call Chain = app_main &rArr; SYSCTRL_Init &rArr; flash_get_factory_calib_data &rArr; flash_prepare_factory_data &rArr; copy_security_data &rArr; read_flash_security
</UL>
<BR>[Calls]<UL><LI><a href="#[41]">&gt;&gt;</a>&nbsp;&nbsp;&nbsp;setup_peripherals
<LI><a href="#[40]">&gt;&gt;</a>&nbsp;&nbsp;&nbsp;platform_set_evt_callback_table
<LI><a href="#[29]">&gt;&gt;</a>&nbsp;&nbsp;&nbsp;SYSCTRL_Init
</UL>
<BR>[Address Reference Count : 1]<UL><LI> startup_ing91600.o(.text)
</UL>
<P><STRONG><a name="[7]"></a>cb_putc</STRONG> (Thumb, 52 bytes, Stack size 16 bytes, main.o(.text.cb_putc))
<BR><BR>[Stack]<UL><LI>Max Depth = 24<LI>Call Chain = cb_putc &rArr; UART_SendData
</UL>
<BR>[Calls]<UL><LI><a href="#[44]">&gt;&gt;</a>&nbsp;&nbsp;&nbsp;apUART_Check_TXFIFO_FULL
<LI><a href="#[45]">&gt;&gt;</a>&nbsp;&nbsp;&nbsp;UART_SendData
</UL>
<BR>[Called By]<UL><LI><a href="#[6]">&gt;&gt;</a>&nbsp;&nbsp;&nbsp;fputc
</UL>
<BR>[Address Reference Count : 1]<UL><LI> main.o(.rodata.evt_cb_table)
</UL>
<P><STRONG><a name="[46]"></a>config_uart</STRONG> (Thumb, 84 bytes, Stack size 40 bytes, main.o(.text.config_uart))
<BR><BR>[Stack]<UL><LI>Max Depth = 88<LI>Call Chain = config_uart &rArr; apUART_Initialize &rArr; apUART_BaudRateSet
</UL>
<BR>[Calls]<UL><LI><a href="#[3e]">&gt;&gt;</a>&nbsp;&nbsp;&nbsp;apUART_Initialize
</UL>
<BR>[Called By]<UL><LI><a href="#[41]">&gt;&gt;</a>&nbsp;&nbsp;&nbsp;setup_peripherals
</UL>

<P><STRONG><a name="[4a]"></a>erase_flash_sector</STRONG> (Thumb, 26 bytes, Stack size 16 bytes, eflash.o(.text.erase_flash_sector))
<BR><BR>[Stack]<UL><LI>Max Depth = 40<LI>Call Chain = erase_flash_sector &rArr; program_flash
</UL>
<BR>[Calls]<UL><LI><a href="#[4b]">&gt;&gt;</a>&nbsp;&nbsp;&nbsp;program_flash
</UL>
<BR>[Called By]<UL><LI><a href="#[4c]">&gt;&gt;</a>&nbsp;&nbsp;&nbsp;flash_prepare_factory_data
</UL>

<P><STRONG><a name="[2a]"></a>flash_get_factory_calib_data</STRONG> (Thumb, 36 bytes, Stack size 16 bytes, eflash.o(.text.flash_get_factory_calib_data))
<BR><BR>[Stack]<UL><LI>Max Depth = 232<LI>Call Chain = flash_get_factory_calib_data &rArr; flash_prepare_factory_data &rArr; copy_security_data &rArr; read_flash_security
</UL>
<BR>[Calls]<UL><LI><a href="#[4c]">&gt;&gt;</a>&nbsp;&nbsp;&nbsp;flash_prepare_factory_data
</UL>
<BR>[Called By]<UL><LI><a href="#[29]">&gt;&gt;</a>&nbsp;&nbsp;&nbsp;SYSCTRL_Init
</UL>

<P><STRONG><a name="[4c]"></a>flash_prepare_factory_data</STRONG> (Thumb, 156 bytes, Stack size 24 bytes, eflash.o(.text.flash_prepare_factory_data))
<BR><BR>[Stack]<UL><LI>Max Depth = 216<LI>Call Chain = flash_prepare_factory_data &rArr; copy_security_data &rArr; read_flash_security
</UL>
<BR>[Calls]<UL><LI><a href="#[48]">&gt;&gt;</a>&nbsp;&nbsp;&nbsp;read_flash_security
<LI><a href="#[4a]">&gt;&gt;</a>&nbsp;&nbsp;&nbsp;erase_flash_sector
<LI><a href="#[4d]">&gt;&gt;</a>&nbsp;&nbsp;&nbsp;is_data_ready
<LI><a href="#[47]">&gt;&gt;</a>&nbsp;&nbsp;&nbsp;copy_security_data
</UL>
<BR>[Called By]<UL><LI><a href="#[2a]">&gt;&gt;</a>&nbsp;&nbsp;&nbsp;flash_get_factory_calib_data
</UL>

<P><STRONG><a name="[6]"></a>fputc</STRONG> (Thumb, 22 bytes, Stack size 16 bytes, main.o(.text.fputc))
<BR><BR>[Stack]<UL><LI>Max Depth = 40<LI>Call Chain = fputc &rArr; cb_putc &rArr; UART_SendData
</UL>
<BR>[Calls]<UL><LI><a href="#[7]">&gt;&gt;</a>&nbsp;&nbsp;&nbsp;cb_putc
</UL>
<BR>[Address Reference Count : 1]<UL><LI> printfa.o(i.__0printf)
</UL>
<P><STRONG><a name="[42]"></a>peripherals_spi_send_data</STRONG> (Thumb, 186 bytes, Stack size 288 bytes, qspi_flash.o(.text.peripherals_spi_send_data))
<BR><BR>[Stack]<UL><LI>Max Depth = 380<LI>Call Chain = peripherals_spi_send_data &rArr; W25QXX_page_program_quad_mode &rArr; W25QXX_read_status &rArr; apSSP_DeviceParametersSet &rArr; apSSP_Initialize &rArr; apSSP_ResetTxFifo
</UL>
<BR>[Calls]<UL><LI><a href="#[51]">&gt;&gt;</a>&nbsp;&nbsp;&nbsp;apSSP_SetMemAccessCmd
<LI><a href="#[36]">&gt;&gt;</a>&nbsp;&nbsp;&nbsp;W25QXX_sector_erase_flash
<LI><a href="#[33]">&gt;&gt;</a>&nbsp;&nbsp;&nbsp;W25QXX_read_status
<LI><a href="#[34]">&gt;&gt;</a>&nbsp;&nbsp;&nbsp;W25QXX_read_manufacturer
<LI><a href="#[2d]">&gt;&gt;</a>&nbsp;&nbsp;&nbsp;W25QXX_page_program_quad_mode
<LI><a href="#[50]">&gt;&gt;</a>&nbsp;&nbsp;&nbsp;printf
<LI><a href="#[f]">&gt;&gt;</a>&nbsp;&nbsp;&nbsp;__aeabi_memset
</UL>
<BR>[Called By]<UL><LI><a href="#[4]">&gt;&gt;</a>&nbsp;&nbsp;&nbsp;app_timer_callback
</UL>

<P><STRONG><a name="[4b]"></a>program_flash</STRONG> (Thumb, 26 bytes, Stack size 24 bytes, eflash.o(.text.program_flash))
<BR><BR>[Stack]<UL><LI>Max Depth = 24<LI>Call Chain = program_flash
</UL>
<BR>[Called By]<UL><LI><a href="#[4a]">&gt;&gt;</a>&nbsp;&nbsp;&nbsp;erase_flash_sector
</UL>

<P><STRONG><a name="[48]"></a>read_flash_security</STRONG> (Thumb, 52 bytes, Stack size 96 bytes, eflash.o(.text.read_flash_security))
<BR><BR>[Stack]<UL><LI>Max Depth = 96<LI>Call Chain = read_flash_security
</UL>
<BR>[Calls]<UL><LI><a href="#[52]">&gt;&gt;</a>&nbsp;&nbsp;&nbsp;__aeabi_memcpy
<LI><a href="#[53]">&gt;&gt;</a>&nbsp;&nbsp;&nbsp;security_page_read
</UL>
<BR>[Called By]<UL><LI><a href="#[4c]">&gt;&gt;</a>&nbsp;&nbsp;&nbsp;flash_prepare_factory_data
<LI><a href="#[47]">&gt;&gt;</a>&nbsp;&nbsp;&nbsp;copy_security_data
</UL>

<P><STRONG><a name="[41]"></a>setup_peripherals</STRONG> (Thumb, 104 bytes, Stack size 24 bytes, main.o(.text.setup_peripherals))
<BR><BR>[Stack]<UL><LI>Max Depth = 188<LI>Call Chain = setup_peripherals &rArr; setup_peripherals_spi &rArr; setup_peripherals_spi_pin &rArr; PINCTRL_SelSpiIn &rArr; PINCTRL_SelInput &rArr; PINCTRL_SetPadMux &rArr; source_id_on_pin
</UL>
<BR>[Calls]<UL><LI><a href="#[57]">&gt;&gt;</a>&nbsp;&nbsp;&nbsp;xTimerGenericCommand
<LI><a href="#[55]">&gt;&gt;</a>&nbsp;&nbsp;&nbsp;xTimerCreate
<LI><a href="#[56]">&gt;&gt;</a>&nbsp;&nbsp;&nbsp;xTaskGetTickCount
<LI><a href="#[54]">&gt;&gt;</a>&nbsp;&nbsp;&nbsp;setup_peripherals_spi
<LI><a href="#[46]">&gt;&gt;</a>&nbsp;&nbsp;&nbsp;config_uart
</UL>
<BR>[Called By]<UL><LI><a href="#[3]">&gt;&gt;</a>&nbsp;&nbsp;&nbsp;app_main
</UL>

<P><STRONG><a name="[54]"></a>setup_peripherals_spi</STRONG> (Thumb, 30 bytes, Stack size 8 bytes, qspi_flash.o(.text.setup_peripherals_spi))
<BR><BR>[Stack]<UL><LI>Max Depth = 164<LI>Call Chain = setup_peripherals_spi &rArr; setup_peripherals_spi_pin &rArr; PINCTRL_SelSpiIn &rArr; PINCTRL_SelInput &rArr; PINCTRL_SetPadMux &rArr; source_id_on_pin
</UL>
<BR>[Calls]<UL><LI><a href="#[27]">&gt;&gt;</a>&nbsp;&nbsp;&nbsp;SYSCTRL_GetPLLClk
<LI><a href="#[58]">&gt;&gt;</a>&nbsp;&nbsp;&nbsp;setup_peripherals_spi_pin
<LI><a href="#[59]">&gt;&gt;</a>&nbsp;&nbsp;&nbsp;setup_peripherals_spi_module
<LI><a href="#[43]">&gt;&gt;</a>&nbsp;&nbsp;&nbsp;platform_printf
</UL>
<BR>[Called By]<UL><LI><a href="#[41]">&gt;&gt;</a>&nbsp;&nbsp;&nbsp;setup_peripherals
</UL>

<P><STRONG><a name="[49]"></a>write_flash</STRONG> (Thumb, 126 bytes, Stack size 40 bytes, eflash.o(.text.write_flash))
<BR><BR>[Stack]<UL><LI>Max Depth = 40<LI>Call Chain = write_flash
</UL>
<BR>[Called By]<UL><LI><a href="#[47]">&gt;&gt;</a>&nbsp;&nbsp;&nbsp;copy_security_data
</UL>

<P><STRONG><a name="[5b]"></a>__0printf</STRONG> (Thumb, 22 bytes, Stack size 24 bytes, printfa.o(i.__0printf), UNUSED)
<BR><BR>[Calls]<UL><LI><a href="#[5c]">&gt;&gt;</a>&nbsp;&nbsp;&nbsp;_printf_core
</UL>

<P><STRONG><a name="[74]"></a>__1printf</STRONG> (Thumb, 0 bytes, Stack size 24 bytes, printfa.o(i.__0printf), UNUSED)

<P><STRONG><a name="[75]"></a>__2printf</STRONG> (Thumb, 0 bytes, Stack size 24 bytes, printfa.o(i.__0printf), UNUSED)

<P><STRONG><a name="[76]"></a>__c89printf</STRONG> (Thumb, 0 bytes, Stack size 24 bytes, printfa.o(i.__0printf), UNUSED)

<P><STRONG><a name="[50]"></a>printf</STRONG> (Thumb, 0 bytes, Stack size 24 bytes, printfa.o(i.__0printf))
<BR><BR>[Stack]<UL><LI>Max Depth = 24<LI>Call Chain = printf
</UL>
<BR>[Called By]<UL><LI><a href="#[42]">&gt;&gt;</a>&nbsp;&nbsp;&nbsp;peripherals_spi_send_data
</UL>

<P><STRONG><a name="[77]"></a>__scatterload_copy</STRONG> (Thumb, 14 bytes, Stack size unknown bytes, handlers.o(i.__scatterload_copy), UNUSED)

<P><STRONG><a name="[78]"></a>__scatterload_null</STRONG> (Thumb, 2 bytes, Stack size unknown bytes, handlers.o(i.__scatterload_null), UNUSED)

<P><STRONG><a name="[79]"></a>__scatterload_zeroinit</STRONG> (Thumb, 14 bytes, Stack size unknown bytes, handlers.o(i.__scatterload_zeroinit), UNUSED)
<P>
<H3>
Local Symbols
</H3>
<P><STRONG><a name="[4]"></a>app_timer_callback</STRONG> (Thumb, 14 bytes, Stack size 16 bytes, main.o(.text.app_timer_callback))
<BR><BR>[Stack]<UL><LI>Max Depth = 396<LI>Call Chain = app_timer_callback &rArr; peripherals_spi_send_data &rArr; W25QXX_page_program_quad_mode &rArr; W25QXX_read_status &rArr; apSSP_DeviceParametersSet &rArr; apSSP_Initialize &rArr; apSSP_ResetTxFifo
</UL>
<BR>[Calls]<UL><LI><a href="#[42]">&gt;&gt;</a>&nbsp;&nbsp;&nbsp;peripherals_spi_send_data
</UL>
<BR>[Address Reference Count : 1]<UL><LI> main.o(.text.setup_peripherals)
</UL>
<P><STRONG><a name="[9]"></a>cb_assertion</STRONG> (Thumb, 30 bytes, Stack size 16 bytes, main.o(.text.cb_assertion))
<BR><BR>[Stack]<UL><LI>Max Depth = 16<LI>Call Chain = cb_assertion
</UL>
<BR>[Calls]<UL><LI><a href="#[43]">&gt;&gt;</a>&nbsp;&nbsp;&nbsp;platform_printf
</UL>
<BR>[Address Reference Count : 1]<UL><LI> main.o(.rodata.evt_cb_table)
</UL>
<P><STRONG><a name="[8]"></a>cb_hard_fault</STRONG> (Thumb, 86 bytes, Stack size 48 bytes, main.o(.text.cb_hard_fault))
<BR><BR>[Stack]<UL><LI>Max Depth = 48<LI>Call Chain = cb_hard_fault
</UL>
<BR>[Calls]<UL><LI><a href="#[43]">&gt;&gt;</a>&nbsp;&nbsp;&nbsp;platform_printf
</UL>
<BR>[Address Reference Count : 1]<UL><LI> main.o(.rodata.evt_cb_table)
</UL>
<P><STRONG><a name="[a]"></a>cb_heap_out_of_mem</STRONG> (Thumb, 26 bytes, Stack size 16 bytes, main.o(.text.cb_heap_out_of_mem))
<BR><BR>[Stack]<UL><LI>Max Depth = 16<LI>Call Chain = cb_heap_out_of_mem
</UL>
<BR>[Calls]<UL><LI><a href="#[43]">&gt;&gt;</a>&nbsp;&nbsp;&nbsp;platform_printf
</UL>
<BR>[Address Reference Count : 1]<UL><LI> main.o(.rodata.evt_cb_table)
</UL>
<P><STRONG><a name="[2d]"></a>W25QXX_page_program_quad_mode</STRONG> (Thumb, 146 bytes, Stack size 32 bytes, qspi_flash.o(.text.W25QXX_page_program_quad_mode))
<BR><BR>[Stack]<UL><LI>Max Depth = 92<LI>Call Chain = W25QXX_page_program_quad_mode &rArr; W25QXX_read_status &rArr; apSSP_DeviceParametersSet &rArr; apSSP_Initialize &rArr; apSSP_ResetTxFifo
</UL>
<BR>[Calls]<UL><LI><a href="#[31]">&gt;&gt;</a>&nbsp;&nbsp;&nbsp;apSSP_WriteFIFO
<LI><a href="#[30]">&gt;&gt;</a>&nbsp;&nbsp;&nbsp;apSSP_WriteCmd
<LI><a href="#[32]">&gt;&gt;</a>&nbsp;&nbsp;&nbsp;apSSP_GetSPIActiveStatus
<LI><a href="#[2f]">&gt;&gt;</a>&nbsp;&nbsp;&nbsp;apSSP_DeviceParametersSet
<LI><a href="#[2e]">&gt;&gt;</a>&nbsp;&nbsp;&nbsp;W25QXX_write_enable
<LI><a href="#[33]">&gt;&gt;</a>&nbsp;&nbsp;&nbsp;W25QXX_read_status
</UL>
<BR>[Called By]<UL><LI><a href="#[42]">&gt;&gt;</a>&nbsp;&nbsp;&nbsp;peripherals_spi_send_data
</UL>

<P><STRONG><a name="[34]"></a>W25QXX_read_manufacturer</STRONG> (Thumb, 106 bytes, Stack size 32 bytes, qspi_flash.o(.text.W25QXX_read_manufacturer))
<BR><BR>[Stack]<UL><LI>Max Depth = 68<LI>Call Chain = W25QXX_read_manufacturer &rArr; apSSP_DeviceParametersSet &rArr; apSSP_Initialize &rArr; apSSP_ResetTxFifo
</UL>
<BR>[Calls]<UL><LI><a href="#[30]">&gt;&gt;</a>&nbsp;&nbsp;&nbsp;apSSP_WriteCmd
<LI><a href="#[35]">&gt;&gt;</a>&nbsp;&nbsp;&nbsp;apSSP_ReadFIFO
<LI><a href="#[32]">&gt;&gt;</a>&nbsp;&nbsp;&nbsp;apSSP_GetSPIActiveStatus
<LI><a href="#[2f]">&gt;&gt;</a>&nbsp;&nbsp;&nbsp;apSSP_DeviceParametersSet
</UL>
<BR>[Called By]<UL><LI><a href="#[42]">&gt;&gt;</a>&nbsp;&nbsp;&nbsp;peripherals_spi_send_data
</UL>

<P><STRONG><a name="[33]"></a>W25QXX_read_status</STRONG> (Thumb, 94 bytes, Stack size 24 bytes, qspi_flash.o(.text.W25QXX_read_status))
<BR><BR>[Stack]<UL><LI>Max Depth = 60<LI>Call Chain = W25QXX_read_status &rArr; apSSP_DeviceParametersSet &rArr; apSSP_Initialize &rArr; apSSP_ResetTxFifo
</UL>
<BR>[Calls]<UL><LI><a href="#[30]">&gt;&gt;</a>&nbsp;&nbsp;&nbsp;apSSP_WriteCmd
<LI><a href="#[35]">&gt;&gt;</a>&nbsp;&nbsp;&nbsp;apSSP_ReadFIFO
<LI><a href="#[32]">&gt;&gt;</a>&nbsp;&nbsp;&nbsp;apSSP_GetSPIActiveStatus
<LI><a href="#[2f]">&gt;&gt;</a>&nbsp;&nbsp;&nbsp;apSSP_DeviceParametersSet
</UL>
<BR>[Called By]<UL><LI><a href="#[36]">&gt;&gt;</a>&nbsp;&nbsp;&nbsp;W25QXX_sector_erase_flash
<LI><a href="#[2d]">&gt;&gt;</a>&nbsp;&nbsp;&nbsp;W25QXX_page_program_quad_mode
<LI><a href="#[42]">&gt;&gt;</a>&nbsp;&nbsp;&nbsp;peripherals_spi_send_data
</UL>

<P><STRONG><a name="[36]"></a>W25QXX_sector_erase_flash</STRONG> (Thumb, 100 bytes, Stack size 16 bytes, qspi_flash.o(.text.W25QXX_sector_erase_flash))
<BR><BR>[Stack]<UL><LI>Max Depth = 76<LI>Call Chain = W25QXX_sector_erase_flash &rArr; W25QXX_read_status &rArr; apSSP_DeviceParametersSet &rArr; apSSP_Initialize &rArr; apSSP_ResetTxFifo
</UL>
<BR>[Calls]<UL><LI><a href="#[30]">&gt;&gt;</a>&nbsp;&nbsp;&nbsp;apSSP_WriteCmd
<LI><a href="#[32]">&gt;&gt;</a>&nbsp;&nbsp;&nbsp;apSSP_GetSPIActiveStatus
<LI><a href="#[2f]">&gt;&gt;</a>&nbsp;&nbsp;&nbsp;apSSP_DeviceParametersSet
<LI><a href="#[2e]">&gt;&gt;</a>&nbsp;&nbsp;&nbsp;W25QXX_write_enable
<LI><a href="#[33]">&gt;&gt;</a>&nbsp;&nbsp;&nbsp;W25QXX_read_status
</UL>
<BR>[Called By]<UL><LI><a href="#[42]">&gt;&gt;</a>&nbsp;&nbsp;&nbsp;peripherals_spi_send_data
</UL>

<P><STRONG><a name="[2e]"></a>W25QXX_write_enable</STRONG> (Thumb, 72 bytes, Stack size 16 bytes, qspi_flash.o(.text.W25QXX_write_enable))
<BR><BR>[Stack]<UL><LI>Max Depth = 52<LI>Call Chain = W25QXX_write_enable &rArr; apSSP_DeviceParametersSet &rArr; apSSP_Initialize &rArr; apSSP_ResetTxFifo
</UL>
<BR>[Calls]<UL><LI><a href="#[30]">&gt;&gt;</a>&nbsp;&nbsp;&nbsp;apSSP_WriteCmd
<LI><a href="#[32]">&gt;&gt;</a>&nbsp;&nbsp;&nbsp;apSSP_GetSPIActiveStatus
<LI><a href="#[2f]">&gt;&gt;</a>&nbsp;&nbsp;&nbsp;apSSP_DeviceParametersSet
</UL>
<BR>[Called By]<UL><LI><a href="#[36]">&gt;&gt;</a>&nbsp;&nbsp;&nbsp;W25QXX_sector_erase_flash
<LI><a href="#[2d]">&gt;&gt;</a>&nbsp;&nbsp;&nbsp;W25QXX_page_program_quad_mode
</UL>

<P><STRONG><a name="[5]"></a>peripherals_spi_isr</STRONG> (Thumb, 50 bytes, Stack size 16 bytes, qspi_flash.o(.text.peripherals_spi_isr))
<BR><BR>[Stack]<UL><LI>Max Depth = 24<LI>Call Chain = peripherals_spi_isr &rArr; apSSP_ClearIntStatus
</UL>
<BR>[Calls]<UL><LI><a href="#[4e]">&gt;&gt;</a>&nbsp;&nbsp;&nbsp;apSSP_GetIntRawStatus
<LI><a href="#[4f]">&gt;&gt;</a>&nbsp;&nbsp;&nbsp;apSSP_ClearIntStatus
</UL>
<BR>[Address Reference Count : 1]<UL><LI> qspi_flash.o(.text.setup_peripherals_spi_pin)
</UL>
<P><STRONG><a name="[59]"></a>setup_peripherals_spi_module</STRONG> (Thumb, 2 bytes, Stack size 0 bytes, qspi_flash.o(.text.setup_peripherals_spi_module))
<BR><BR>[Called By]<UL><LI><a href="#[54]">&gt;&gt;</a>&nbsp;&nbsp;&nbsp;setup_peripherals_spi
</UL>

<P><STRONG><a name="[58]"></a>setup_peripherals_spi_pin</STRONG> (Thumb, 124 bytes, Stack size 48 bytes, qspi_flash.o(.text.setup_peripherals_spi_pin))
<BR><BR>[Stack]<UL><LI>Max Depth = 156<LI>Call Chain = setup_peripherals_spi_pin &rArr; PINCTRL_SelSpiIn &rArr; PINCTRL_SelInput &rArr; PINCTRL_SetPadMux &rArr; source_id_on_pin
</UL>
<BR>[Calls]<UL><LI><a href="#[5a]">&gt;&gt;</a>&nbsp;&nbsp;&nbsp;platform_set_irq_callback
<LI><a href="#[25]">&gt;&gt;</a>&nbsp;&nbsp;&nbsp;SYSCTRL_ClearClkGateMulti
<LI><a href="#[20]">&gt;&gt;</a>&nbsp;&nbsp;&nbsp;PINCTRL_SetPadMux
<LI><a href="#[21]">&gt;&gt;</a>&nbsp;&nbsp;&nbsp;PINCTRL_SelSpiIn
</UL>
<BR>[Called By]<UL><LI><a href="#[54]">&gt;&gt;</a>&nbsp;&nbsp;&nbsp;setup_peripherals_spi
</UL>

<P><STRONG><a name="[47]"></a>copy_security_data</STRONG> (Thumb, 122 bytes, Stack size 96 bytes, eflash.o(.text.copy_security_data))
<BR><BR>[Stack]<UL><LI>Max Depth = 192<LI>Call Chain = copy_security_data &rArr; read_flash_security
</UL>
<BR>[Calls]<UL><LI><a href="#[49]">&gt;&gt;</a>&nbsp;&nbsp;&nbsp;write_flash
<LI><a href="#[48]">&gt;&gt;</a>&nbsp;&nbsp;&nbsp;read_flash_security
</UL>
<BR>[Called By]<UL><LI><a href="#[4c]">&gt;&gt;</a>&nbsp;&nbsp;&nbsp;flash_prepare_factory_data
</UL>

<P><STRONG><a name="[4d]"></a>is_data_ready</STRONG> (Thumb, 66 bytes, Stack size 8 bytes, eflash.o(.text.is_data_ready))
<BR><BR>[Stack]<UL><LI>Max Depth = 8<LI>Call Chain = is_data_ready
</UL>
<BR>[Called By]<UL><LI><a href="#[4c]">&gt;&gt;</a>&nbsp;&nbsp;&nbsp;flash_prepare_factory_data
</UL>

<P><STRONG><a name="[53]"></a>security_page_read</STRONG> (Thumb, 6 bytes, Stack size 0 bytes, eflash.o(.text.security_page_read))
<BR><BR>[Called By]<UL><LI><a href="#[48]">&gt;&gt;</a>&nbsp;&nbsp;&nbsp;read_flash_security
</UL>

<P><STRONG><a name="[1d]"></a>PINCTRL_SelInput</STRONG> (Thumb, 144 bytes, Stack size 32 bytes, peripheral_pinctrl.o(.text.PINCTRL_SelInput))
<BR><BR>[Stack]<UL><LI>Max Depth = 76<LI>Call Chain = PINCTRL_SelInput &rArr; PINCTRL_SetPadMux &rArr; source_id_on_pin
</UL>
<BR>[Calls]<UL><LI><a href="#[1e]">&gt;&gt;</a>&nbsp;&nbsp;&nbsp;set_reg_bits
<LI><a href="#[1f]">&gt;&gt;</a>&nbsp;&nbsp;&nbsp;pin_id_for_input_source
<LI><a href="#[20]">&gt;&gt;</a>&nbsp;&nbsp;&nbsp;PINCTRL_SetPadMux
</UL>
<BR>[Called By]<UL><LI><a href="#[21]">&gt;&gt;</a>&nbsp;&nbsp;&nbsp;PINCTRL_SelSpiIn
</UL>

<P><STRONG><a name="[1f]"></a>pin_id_for_input_source</STRONG> (Thumb, 158 bytes, Stack size 32 bytes, peripheral_pinctrl.o(.text.pin_id_for_input_source))
<BR><BR>[Stack]<UL><LI>Max Depth = 32<LI>Call Chain = pin_id_for_input_source
</UL>
<BR>[Called By]<UL><LI><a href="#[1d]">&gt;&gt;</a>&nbsp;&nbsp;&nbsp;PINCTRL_SelInput
</UL>

<P><STRONG><a name="[1e]"></a>set_reg_bits</STRONG> (Thumb, 68 bytes, Stack size 20 bytes, peripheral_pinctrl.o(.text.set_reg_bits))
<BR><BR>[Stack]<UL><LI>Max Depth = 20<LI>Call Chain = set_reg_bits
</UL>
<BR>[Called By]<UL><LI><a href="#[1d]">&gt;&gt;</a>&nbsp;&nbsp;&nbsp;PINCTRL_SelInput
<LI><a href="#[20]">&gt;&gt;</a>&nbsp;&nbsp;&nbsp;PINCTRL_SetPadMux
</UL>

<P><STRONG><a name="[22]"></a>source_id_on_pin</STRONG> (Thumb, 160 bytes, Stack size 20 bytes, peripheral_pinctrl.o(.text.source_id_on_pin))
<BR><BR>[Stack]<UL><LI>Max Depth = 20<LI>Call Chain = source_id_on_pin
</UL>
<BR>[Called By]<UL><LI><a href="#[20]">&gt;&gt;</a>&nbsp;&nbsp;&nbsp;PINCTRL_SetPadMux
</UL>

<P><STRONG><a name="[24]"></a>SYSCTRL_ClkGateCtrl</STRONG> (Thumb, 902 bytes, Stack size 32 bytes, peripheral_sysctrl.o(.text.SYSCTRL_ClkGateCtrl))
<BR><BR>[Stack]<UL><LI>Max Depth = 44<LI>Call Chain = SYSCTRL_ClkGateCtrl &rArr; set_reg_bit
</UL>
<BR>[Calls]<UL><LI><a href="#[26]">&gt;&gt;</a>&nbsp;&nbsp;&nbsp;set_reg_bit
</UL>
<BR>[Called By]<UL><LI><a href="#[23]">&gt;&gt;</a>&nbsp;&nbsp;&nbsp;SYSCTRL_ClearClkGate
</UL>

<P><STRONG><a name="[26]"></a>set_reg_bit</STRONG> (Thumb, 50 bytes, Stack size 12 bytes, peripheral_sysctrl.o(.text.set_reg_bit))
<BR><BR>[Stack]<UL><LI>Max Depth = 12<LI>Call Chain = set_reg_bit
</UL>
<BR>[Called By]<UL><LI><a href="#[24]">&gt;&gt;</a>&nbsp;&nbsp;&nbsp;SYSCTRL_ClkGateCtrl
</UL>

<P><STRONG><a name="[2b]"></a>set_reg_bits</STRONG> (Thumb, 58 bytes, Stack size 16 bytes, peripheral_sysctrl.o(.text.set_reg_bits))
<BR><BR>[Stack]<UL><LI>Max Depth = 16<LI>Call Chain = set_reg_bits
</UL>
<BR>[Called By]<UL><LI><a href="#[2c]">&gt;&gt;</a>&nbsp;&nbsp;&nbsp;SYSCTRL_SetLDOOutput
<LI><a href="#[29]">&gt;&gt;</a>&nbsp;&nbsp;&nbsp;SYSCTRL_Init
</UL>

<P><STRONG><a name="[5d]"></a>_fp_digits</STRONG> (Thumb, 366 bytes, Stack size 64 bytes, printfa.o(i._fp_digits), UNUSED)
<BR><BR>[Calls]<UL><LI><a href="#[18]">&gt;&gt;</a>&nbsp;&nbsp;&nbsp;__aeabi_ddiv
<LI><a href="#[11]">&gt;&gt;</a>&nbsp;&nbsp;&nbsp;__aeabi_dadd
<LI><a href="#[19]">&gt;&gt;</a>&nbsp;&nbsp;&nbsp;__aeabi_uldivmod
<LI><a href="#[1b]">&gt;&gt;</a>&nbsp;&nbsp;&nbsp;__aeabi_dmul
<LI><a href="#[1c]">&gt;&gt;</a>&nbsp;&nbsp;&nbsp;__aeabi_d2ulz
<LI><a href="#[5e]">&gt;&gt;</a>&nbsp;&nbsp;&nbsp;__aeabi_cdrcmple
</UL>
<BR>[Called By]<UL><LI><a href="#[5c]">&gt;&gt;</a>&nbsp;&nbsp;&nbsp;_printf_core
</UL>

<P><STRONG><a name="[5c]"></a>_printf_core</STRONG> (Thumb, 1744 bytes, Stack size 136 bytes, printfa.o(i._printf_core), UNUSED)
<BR><BR>[Calls]<UL><LI><a href="#[19]">&gt;&gt;</a>&nbsp;&nbsp;&nbsp;__aeabi_uldivmod
<LI><a href="#[61]">&gt;&gt;</a>&nbsp;&nbsp;&nbsp;__aeabi_uidivmod
<LI><a href="#[5f]">&gt;&gt;</a>&nbsp;&nbsp;&nbsp;_printf_pre_padding
<LI><a href="#[60]">&gt;&gt;</a>&nbsp;&nbsp;&nbsp;_printf_post_padding
<LI><a href="#[5d]">&gt;&gt;</a>&nbsp;&nbsp;&nbsp;_fp_digits
</UL>
<BR>[Called By]<UL><LI><a href="#[5b]">&gt;&gt;</a>&nbsp;&nbsp;&nbsp;__0printf
</UL>

<P><STRONG><a name="[60]"></a>_printf_post_padding</STRONG> (Thumb, 36 bytes, Stack size 24 bytes, printfa.o(i._printf_post_padding), UNUSED)
<BR><BR>[Called By]<UL><LI><a href="#[5c]">&gt;&gt;</a>&nbsp;&nbsp;&nbsp;_printf_core
</UL>

<P><STRONG><a name="[5f]"></a>_printf_pre_padding</STRONG> (Thumb, 46 bytes, Stack size 24 bytes, printfa.o(i._printf_pre_padding), UNUSED)
<BR><BR>[Called By]<UL><LI><a href="#[5c]">&gt;&gt;</a>&nbsp;&nbsp;&nbsp;_printf_core
</UL>
<P>
<H3>
Undefined Global Symbols
</H3><HR></body></html>
