Component: ARM Compiler 6.16 Tool: armlink [5dfeaa00]

==============================================================================

Section Cross References

    main.o(.text.cb_putc) refers to peripheral_uart.o(.text.apUART_Check_TXFIFO_FULL) for apUART_Check_TXFIFO_FULL
    main.o(.text.cb_putc) refers to peripheral_uart.o(.text.UART_SendData) for UART_SendData
    main.o(.ARM.exidx.text.cb_putc) refers to main.o(.text.cb_putc) for [Anonymous Symbol]
    main.o(.text.fputc) refers to main.o(.text.cb_putc) for cb_putc
    main.o(.ARM.exidx.text.fputc) refers to main.o(.text.fputc) for [Anonymous Symbol]
    main.o(.text.config_uart) refers to peripheral_uart.o(.text.apUART_Initialize) for apUART_Initialize
    main.o(.ARM.exidx.text.config_uart) refers to main.o(.text.config_uart) for [Anonymous Symbol]
    main.o(.text.gpio_isr) refers to main.o(.text.key_detector_start_calc) for key_detector_start_calc
    main.o(.text.gpio_isr) refers to peripheral_gpio.o(.text.GIO_ClearAllIntStatus) for GIO_ClearAllIntStatus
    main.o(.ARM.exidx.text.gpio_isr) refers to main.o(.text.gpio_isr) for [Anonymous Symbol]
    main.o(.text.key_detector_start_calc) refers to main.o(.bss.sem_wakeup) for sem_wakeup
    main.o(.ARM.exidx.text.key_detector_start_calc) refers to main.o(.text.key_detector_start_calc) for [Anonymous Symbol]
    main.o(.text.setup_peripherals) refers to peripheral_sysctrl.o(.text.SYSCTRL_ClearClkGateMulti) for SYSCTRL_ClearClkGateMulti
    main.o(.text.setup_peripherals) refers to main.o(.text.config_uart) for config_uart
    main.o(.text.setup_peripherals) refers to spi_spi1_read_write_with_dma.o(.text.setup_peripherals_spi) for setup_peripherals_spi
    main.o(.text.setup_peripherals) refers to main.o(.text.app_timer_callback) for app_timer_callback
    main.o(.text.setup_peripherals) refers to main.o(.rodata.str1.1) for .L.str
    main.o(.text.setup_peripherals) refers to main.o(.bss.app_timer) for app_timer
    main.o(.ARM.exidx.text.setup_peripherals) refers to main.o(.text.setup_peripherals) for [Anonymous Symbol]
    main.o(.ARM.exidx.text.app_timer_callback) refers to main.o(.text.app_timer_callback) for [Anonymous Symbol]
    main.o(.text.on_deep_sleep_wakeup) refers to main.o(.text.setup_peripherals) for setup_peripherals
    main.o(.ARM.exidx.text.on_deep_sleep_wakeup) refers to main.o(.text.on_deep_sleep_wakeup) for [Anonymous Symbol]
    main.o(.ARM.exidx.text.query_deep_sleep_allowed) refers to main.o(.text.query_deep_sleep_allowed) for [Anonymous Symbol]
    main.o(.text.app_main) refers to main.o(.text.cb_hard_fault) for cb_hard_fault
    main.o(.text.app_main) refers to main.o(.text.cb_assertion) for cb_assertion
    main.o(.text.app_main) refers to main.o(.text.cb_heap_out_of_mem) for cb_heap_out_of_mem
    main.o(.text.app_main) refers to main.o(.text.on_deep_sleep_wakeup) for on_deep_sleep_wakeup
    main.o(.text.app_main) refers to main.o(.text.query_deep_sleep_allowed) for query_deep_sleep_allowed
    main.o(.text.app_main) refers to main.o(.text.cb_putc) for cb_putc
    main.o(.text.app_main) refers to main.o(.text.setup_peripherals) for setup_peripherals
    main.o(.text.app_main) refers to main.o(.bss.trace_ctx) for trace_ctx
    main.o(.text.app_main) refers to trace.o(.text.trace_rtt_init) for trace_rtt_init
    main.o(.text.app_main) refers to trace.o(.text.cb_trace_rtt) for cb_trace_rtt
    main.o(.text.app_main) refers to main.o(.bss.sem_wakeup) for sem_wakeup
    main.o(.text.app_main) refers to main.o(.text.packet_schedule_task) for packet_schedule_task
    main.o(.text.app_main) refers to main.o(.rodata.str1.1) for .L.str.1
    main.o(.ARM.exidx.text.app_main) refers to main.o(.text.app_main) for [Anonymous Symbol]
    main.o(.text.cb_hard_fault) refers to main.o(.rodata.str1.1) for .L.str.2
    main.o(.ARM.exidx.text.cb_hard_fault) refers to main.o(.text.cb_hard_fault) for [Anonymous Symbol]
    main.o(.text.cb_assertion) refers to main.o(.rodata.str1.1) for .L.str.3
    main.o(.ARM.exidx.text.cb_assertion) refers to main.o(.text.cb_assertion) for [Anonymous Symbol]
    main.o(.text.cb_heap_out_of_mem) refers to main.o(.rodata.str1.1) for .L.str.4
    main.o(.ARM.exidx.text.cb_heap_out_of_mem) refers to main.o(.text.cb_heap_out_of_mem) for [Anonymous Symbol]
    main.o(.text.packet_schedule_task) refers to main.o(.bss.sem_wakeup) for sem_wakeup
    main.o(.ARM.exidx.text.packet_schedule_task) refers to main.o(.text.packet_schedule_task) for [Anonymous Symbol]
    profile.o(.text.setup_profile) refers to profile.o(.rodata.str1.1) for .L.str
    profile.o(.text.setup_profile) refers to profile.o(.text.att_read_callback) for att_read_callback
    profile.o(.text.setup_profile) refers to profile.o(.text.att_write_callback) for att_write_callback
    profile.o(.text.setup_profile) refers to profile.o(.bss.hci_event_callback_registration) for hci_event_callback_registration
[...]
    Removing trace.o(.text.cb_trace_flash), (118 bytes).
    Removing trace.o(.ARM.exidx.text.cb_trace_flash), (8 bytes).
    Removing trace.o(.text.flash_trace_append), (216 bytes).
    Removing trace.o(.ARM.exidx.text.flash_trace_append), (8 bytes).
    Removing trace.o(.text.trace_uart_init), (64 bytes).
    Removing trace.o(.ARM.exidx.text.trace_uart_init), (8 bytes).
    Removing trace.o(.text.trace_task), (118 bytes).
    Removing trace.o(.ARM.exidx.text.trace_task), (8 bytes).
    Removing trace.o(.ARM.exidx.text.trace_rtt_init), (8 bytes).
    Removing trace.o(.text.trace_flash_init), (52 bytes).
    Removing trace.o(.ARM.exidx.text.trace_flash_init), (8 bytes).
    Removing trace.o(.text.trace_flash_enable), (16 bytes).
    Removing trace.o(.ARM.exidx.text.trace_flash_enable), (8 bytes).
    Removing trace.o(.text.trace_flash_erase_all), (60 bytes).
    Removing trace.o(.ARM.exidx.text.trace_flash_erase_all), (8 bytes).
    Removing trace.o(.text.trace_uart_isr), (34 bytes).
    Removing trace.o(.ARM.exidx.text.trace_uart_isr), (8 bytes).
    Removing trace.o(.text.trace_air_init), (40 bytes).
    Removing trace.o(.ARM.exidx.text.trace_air_init), (8 bytes).
    Removing trace.o(.text.trace_air_enable), (86 bytes).
    Removing trace.o(.ARM.exidx.text.trace_air_enable), (8 bytes).
    Removing trace.o(.text.trace_air_send_req), (74 bytes).
    Removing trace.o(.ARM.exidx.text.trace_air_send_req), (8 bytes).
    Removing trace.o(.text.trace_air_send), (180 bytes).
    Removing trace.o(.ARM.exidx.text.trace_air_send), (8 bytes).
    Removing trace.o(.text.peek_data), (132 bytes).
    Removing trace.o(.ARM.exidx.text.peek_data), (8 bytes).
    Removing trace.o(.text.cb_trace_air), (338 bytes).
    Removing trace.o(.ARM.exidx.text.cb_trace_air), (8 bytes).
    Removing trace.o(.text.trace_full_dump), (188 bytes).
    Removing trace.o(.ARM.exidx.text.trace_full_dump), (8 bytes).
    Removing trace.o(.text.hex_dump), (178 bytes).
    Removing trace.o(.ARM.exidx.text.hex_dump), (8 bytes).
    Removing trace.o(.text.flash_trace_aligned_append), (176 bytes).
    Removing trace.o(.ARM.exidx.text.flash_trace_aligned_append), (8 bytes).
    Removing trace.o(.text.hex_dump_line), (160 bytes).
    Removing trace.o(.ARM.exidx.text.hex_dump_line), (8 bytes).
    Removing trace.o(.text.nibble_to_char), (36 bytes).
    Removing trace.o(.ARM.exidx.text.nibble_to_char), (8 bytes).
    Removing trace.o(.data._aTerminalId), (16 bytes).
    Removing trace.o(.bss._ActiveTerminal), (1 bytes).
    Removing trace.o(.bss.trace_full_dump.str), (46 bytes).
    Removing trace.o(.bss.trace_full_dump.buf), (20 bytes).
    Removing fdiv.o(.text), (124 bytes).
    Removing ffltui.o(.text), (10 bytes).
    Removing dfltui.o(.text), (26 bytes).
    Removing ffixui.o(.text), (40 bytes).
    Removing d2f.o(.text), (56 bytes).
    Removing fepilogue.o(.text), (110 bytes).

536 unused section(s) (total 22822 bytes) removed from the image.

==============================================================================

Image Symbol Table

    Local Symbols

    Symbol Name                              Value     Ov Type        Size  Object(Section)

    ../clib/division.s                       0x00000000   Number         0  aeabi_sdiv.o ABSOLUTE
    ../clib/microlib/division.c              0x00000000   Number         0  uidiv.o ABSOLUTE
    ../clib/microlib/division.c              0x00000000   Number         0  uldiv.o ABSOLUTE
    ../clib/microlib/init/entry.s            0x00000000   Number         0  entry.o ABSOLUTE
    ../clib/microlib/init/entry.s            0x00000000   Number         0  entry2.o ABSOLUTE
    ../clib/microlib/init/entry.s            0x00000000   Number         0  entry5.o ABSOLUTE
    ../clib/microlib/init/entry.s            0x00000000   Number         0  entry7a.o ABSOLUTE
    ../clib/microlib/init/entry.s            0x00000000   Number         0  entry7b.o ABSOLUTE
    ../clib/microlib/init/entry.s            0x00000000   Number         0  entry8a.o ABSOLUTE
    ../clib/microlib/init/entry.s            0x00000000   Number         0  entry8b.o ABSOLUTE
    ../clib/microlib/init/entry.s            0x00000000   Number         0  entry9a.o ABSOLUTE
    ../clib/microlib/init/entry.s            0x00000000   Number         0  entry9b.o ABSOLUTE
    ../clib/microlib/init/entry.s            0x00000000   Number         0  entry10a.o ABSOLUTE
    ../clib/microlib/init/entry.s            0x00000000   Number         0  entry10b.o ABSOLUTE
    ../clib/microlib/init/entry.s            0x00000000   Number         0  entry11a.o ABSOLUTE
    ../clib/microlib/init/entry.s            0x00000000   Number         0  entry11b.o ABSOLUTE
    ../clib/microlib/longlong.c              0x00000000   Number         0  llshl.o ABSOLUTE
    ../clib/microlib/longlong.c              0x00000000   Number         0  llsshr.o ABSOLUTE
    ../clib/microlib/longlong.c              0x00000000   Number         0  llushr.o ABSOLUTE
    ../clib/microlib/printf/printf.c         0x00000000   Number         0  printfa.o ABSOLUTE
    ../clib/microlib/stdio/streams.c         0x00000000   Number         0  stdout.o ABSOLUTE
    ../clib/microlib/string/memcpy.c         0x00000000   Number         0  memcpya.o ABSOLUTE
    ../clib/microlib/string/memcpy.c         0x00000000   Number         0  memcpyb.o ABSOLUTE
    ../clib/microlib/string/memset.c         0x00000000   Number         0  memseta.o ABSOLUTE
    ../clib/microlib/string/strcpy.c         0x00000000   Number         0  strcpy.o ABSOLUTE
    ../clib/microlib/string/strlen.c         0x00000000   Number         0  strlen.o ABSOLUTE
    ../clib/microlib/stubs.s                 0x00000000   Number         0  iusefp.o ABSOLUTE
    ../fplib/microlib/d2f.c                  0x00000000   Number         0  d2f.o ABSOLUTE
    ../fplib/microlib/fpadd.c                0x00000000   Number         0  dadd.o ABSOLUTE
    ../fplib/microlib/fpdiv.c                0x00000000   Number         0  fdiv.o ABSOLUTE
    ../fplib/microlib/fpdiv.c                0x00000000   Number         0  ddiv.o ABSOLUTE
    ../fplib/microlib/fpepilogue.c           0x00000000   Number         0  fepilogue.o ABSOLUTE
    ../fplib/microlib/fpepilogue.c           0x00000000   Number         0  depilogue.o ABSOLUTE
    ../fplib/microlib/fpfix.c                0x00000000   Number         0  ffixui.o ABSOLUTE
    ../fplib/microlib/fpfix.c                0x00000000   Number         0  dfixul.o ABSOLUTE
    ../fplib/microlib/fpflt.c                0x00000000   Number         0  ffltui.o ABSOLUTE
    ../fplib/microlib/fpflt.c                0x00000000   Number         0  dfltui.o ABSOLUTE
    ../fplib/microlib/fpmul.c                0x00000000   Number         0  dmul.o ABSOLUTE
    cdrcmple.s                               0x00000000   Number         0  cdrcmple.o ABSOLUTE
    dc.s                                     0x00000000   Number         0  dc.o ABSOLUTE
    handlers.s                               0x00000000   Number         0  handlers.o ABSOLUTE
    init.s                                   0x00000000   Number         0  init.o ABSOLUTE
    main.c                                   0x00000000   Number         0  main.o ABSOLUTE
    peripheral_dma.c                         0x00000000   Number         0  peripheral_dma.o ABSOLUTE
    peripheral_gpio.c                        0x00000000   Number         0  peripheral_gpio.o ABSOLUTE
    peripheral_pinctrl.c                     0x00000000   Number         0  peripheral_pinctrl.o ABSOLUTE
    peripheral_ssp.c                         0x00000000   Number         0  peripheral_ssp.o ABSOLUTE
    peripheral_sysctrl.c                     0x00000000   Number         0  peripheral_sysctrl.o ABSOLUTE
    peripheral_timer.c                       0x00000000   Number         0  peripheral_timer.o ABSOLUTE
    peripheral_uart.c                        0x00000000   Number         0  peripheral_uart.o ABSOLUTE
    profile.c                                0x00000000   Number         0  profile.o ABSOLUTE
    spi_spi0_read_write_without_dma.c        0x00000000   Number         0  spi_spi0_read_write_without_dma.o ABSOLUTE
    spi_spi1_read_only_write_only_with_dma.c 0x00000000   Number         0  spi_spi1_read_only_write_only_with_dma.o ABSOLUTE
    spi_spi1_read_only_write_only_with_dma_tft_240_320_16bit.c 0x00000000   Number         0  spi_spi1_read_only_write_only_with_dma_tft_240_320_16bit.o ABSOLUTE
    spi_spi1_read_only_write_only_without_dma.c 0x00000000   Number         0  spi_spi1_read_only_write_only_without_dma.o ABSOLUTE
    spi_spi1_read_write_with_dma.c           0x00000000   Number         0  spi_spi1_read_write_with_dma.o ABSOLUTE
    spi_spi1_read_write_with_dma_8bit.c      0x00000000   Number         0  spi_spi1_read_write_with_dma_8bit.o ABSOLUTE
    spi_spi1_read_write_without_dma.c        0x00000000   Number         0  spi_spi1_read_write_without_dma.o ABSOLUTE
    spi_spi1_read_write_without_dma_8bit.c   0x00000000   Number         0  spi_spi1_read_write_without_dma_8bit.o ABSOLUTE
    src\startup_ing91800.s                   0x00000000   Number         0  startup_ing91800.o ABSOLUTE
    trace.c                                  0x00000000   Number         0  trace.o ABSOLUTE
    RESET                                    0x02028000   Section        8  startup_ing91800.o(RESET)
    .ARM.Collect$$$$00000000                 0x02028008   Section        0  entry.o(.ARM.Collect$$$$00000000)
    .ARM.Collect$$$$00000001                 0x02028008   Section        4  entry2.o(.ARM.Collect$$$$00000001)
    .ARM.Collect$$$$00000004                 0x0202800c   Section        4  entry5.o(.ARM.Collect$$$$00000004)
    .ARM.Collect$$$$00000008                 0x02028010   Section        0  entry7b.o(.ARM.Collect$$$$00000008)
    .ARM.Collect$$$$0000000A                 0x02028010   Section        0  entry8b.o(.ARM.Collect$$$$0000000A)
    .ARM.Collect$$$$0000000B                 0x02028010   Section        8  entry9a.o(.ARM.Collect$$$$0000000B)
    __lit__00000000                          0x02028018   Data           4  entry2.o(.ARM.Collect$$$$00002712)
    .ARM.Collect$$$$0000000D                 0x02028018   Section        0  entry10a.o(.ARM.Collect$$$$0000000D)
    .ARM.Collect$$$$0000000F                 0x02028018   Section        0  entry11a.o(.ARM.Collect$$$$0000000F)
    .ARM.Collect$$$$00002712                 0x02028018   Section        4  entry2.o(.ARM.Collect$$$$00002712)
    .text                                    0x0202801c   Section       24  startup_ing91800.o(.text)
    .text                                    0x02028034   Section       36  init.o(.text)
    .text                                    0x02028058   Section        0  memcpya.o(.text)
    .text                                    0x0202807c   Section        0  memseta.o(.text)
    .text                                    0x020280a0   Section        0  strcpy.o(.text)
    .text                                    0x020280b2   Section        0  dadd.o(.text)
    .text                                    0x02028200   Section        0  ddiv.o(.text)
    .text                                    0x020282de   Section        0  uidiv.o(.text)
    .text                                    0x0202830a   Section        0  uldiv.o(.text)
    .text                                    0x0202836c   Section        0  llshl.o(.text)
    .text                                    0x0202838a   Section        0  llsshr.o(.text)
    .text                                    0x020283ae   Section        0  iusefp.o(.text)
    .text                                    0x020283ae   Section        0  depilogue.o(.text)
    .text                                    0x02028468   Section        0  dmul.o(.text)
    .text                                    0x0202854c   Section        0  dfixul.o(.text)
    .text                                    0x0202857c   Section       48  cdrcmple.o(.text)
    .text                                    0x020285ac   Section        0  llushr.o(.text)
    [Anonymous Symbol]                       0x020285cc   Section        0  peripheral_dma.o(.text.DMA_EnableChannel)
    DMA_GetPeripheralDataAddr                0x02028631   Thumb Code   292  peripheral_dma.o(.text.DMA_GetPeripheralDataAddr)
    [Anonymous Symbol]                       0x02028630   Section        0  peripheral_dma.o(.text.DMA_GetPeripheralDataAddr)
    DMA_GetPeripheralWidth                   0x02028755   Thumb Code   120  peripheral_dma.o(.text.DMA_GetPeripheralWidth)
    [Anonymous Symbol]                       0x02028754   Section        0  peripheral_dma.o(.text.DMA_GetPeripheralWidth)
    [Anonymous Symbol]                       0x020287cc   Section        0  peripheral_dma.o(.text.DMA_PrepareMem2Peripheral)
    [Anonymous Symbol]                       0x020288a4   Section        0  peripheral_dma.o(.text.DMA_PreparePeripheral2Mem)
    [Anonymous Symbol]                       0x02028958   Section        0  peripheral_dma.o(.text.DMA_Reset)
    DMG_GetSPIDMAWidth                       0x02028991   Thumb Code    54  peripheral_dma.o(.text.DMG_GetSPIDMAWidth)
    [Anonymous Symbol]                       0x02028990   Section        0  peripheral_dma.o(.text.DMG_GetSPIDMAWidth)
    [Anonymous Symbol]                       0x020289c8   Section        0  peripheral_pinctrl.o(.text.PINCTRL_Pull)
    PINCTRL_SelInput                         0x02028a59   Thumb Code   144  peripheral_pinctrl.o(.text.PINCTRL_SelInput)
    [Anonymous Symbol]                       0x02028a58   Section        0  peripheral_pinctrl.o(.text.PINCTRL_SelInput)
    [Anonymous Symbol]                       0x02028ae8   Section        0  peripheral_pinctrl.o(.text.PINCTRL_SelSpiIn)
    [Anonymous Symbol]                       0x02028cf0   Section        0  peripheral_pinctrl.o(.text.PINCTRL_SetPadMux)
    [Anonymous Symbol]                       0x02028e98   Section        0  trace.o(.text.SEGGER_RTT_GetAvailWriteSpace)
    [Anonymous Symbol]                       0x02028ebc   Section        0  trace.o(.text.SEGGER_RTT_Init)
    [Anonymous Symbol]                       0x02028ec4   Section        0  trace.o(.text.SEGGER_RTT_Write)
    [Anonymous Symbol]                       0x02028f0c   Section        0  trace.o(.text.SEGGER_RTT_WriteNoLock)
    [Anonymous Symbol]                       0x02028fbc   Section        0  peripheral_sysctrl.o(.text.SYSCTRL_ClearClkGate)
    [Anonymous Symbol]                       0x02028fd4   Section        0  peripheral_sysctrl.o(.text.SYSCTRL_ClearClkGateMulti)
    SYSCTRL_ClkGateCtrl                      0x02029019   Thumb Code   886  peripheral_sysctrl.o(.text.SYSCTRL_ClkGateCtrl)
    [Anonymous Symbol]                       0x02029018   Section        0  peripheral_sysctrl.o(.text.SYSCTRL_ClkGateCtrl)
    [Anonymous Symbol]                       0x02029390   Section        0  peripheral_sysctrl.o(.text.SYSCTRL_GetDmaId)
    [Anonymous Symbol]                       0x02029418   Section        0  peripheral_sysctrl.o(.text.SYSCTRL_GetPLLClk)
    [Anonymous Symbol]                       0x0202946c   Section        0  peripheral_sysctrl.o(.text.SYSCTRL_GetSlowClk)
    [Anonymous Symbol]                       0x02029510   Section        0  peripheral_uart.o(.text.UART_SendData)
    _DoInit                                  0x02029525   Thumb Code   156  trace.o(.text._DoInit)
    [Anonymous Symbol]                       0x02029524   Section        0  trace.o(.text._DoInit)
    _GetAvailWriteSpace                      0x020295c1   Thumb Code    62  trace.o(.text._GetAvailWriteSpace)
    [Anonymous Symbol]                       0x020295c0   Section        0  trace.o(.text._GetAvailWriteSpace)
    _WriteBlocking                           0x02029601   Thumb Code   224  trace.o(.text._WriteBlocking)
    [Anonymous Symbol]                       0x02029600   Section        0  trace.o(.text._WriteBlocking)
    _WriteNoCheck                            0x020296e1   Thumb Code   128  trace.o(.text._WriteNoCheck)
    [Anonymous Symbol]                       0x020296e0   Section        0  trace.o(.text._WriteNoCheck)
    [Anonymous Symbol]                       0x02029760   Section        0  peripheral_ssp.o(.text.apSSP_ClearIntStatus)
    [Anonymous Symbol]                       0x02029774   Section        0  peripheral_ssp.o(.text.apSSP_DeviceParametersSet)
    [Anonymous Symbol]                       0x0202981c   Section        0  peripheral_ssp.o(.text.apSSP_GetDataNumInRxFifo)
    [Anonymous Symbol]                       0x02029838   Section        0  peripheral_ssp.o(.text.apSSP_GetIntRawStatus)
    [Anonymous Symbol]                       0x02029844   Section        0  peripheral_ssp.o(.text.apSSP_GetSlaveRxDataCnt)
    [Anonymous Symbol]                       0x02029854   Section        0  peripheral_ssp.o(.text.apSSP_GetSlaveTxDataCnt)
    [Anonymous Symbol]                       0x02029864   Section        0  peripheral_ssp.o(.text.apSSP_Initialize)
    [Anonymous Symbol]                       0x02029894   Section        0  peripheral_ssp.o(.text.apSSP_IntEnable)
    [Anonymous Symbol]                       0x020298a8   Section        0  peripheral_ssp.o(.text.apSSP_ResetRxFifo)
    [Anonymous Symbol]                       0x020298cc   Section        0  peripheral_ssp.o(.text.apSSP_ResetTxFifo)
    [Anonymous Symbol]                       0x020298f0   Section        0  peripheral_ssp.o(.text.apSSP_SetRxDmaEn)
    [Anonymous Symbol]                       0x02029914   Section        0  peripheral_ssp.o(.text.apSSP_SetRxThres)
    [Anonymous Symbol]                       0x02029938   Section        0  peripheral_ssp.o(.text.apSSP_SetTimingSclkDiv)
    [Anonymous Symbol]                       0x0202995c   Section        0  peripheral_ssp.o(.text.apSSP_SetTransferControlRdTranCnt)
    [Anonymous Symbol]                       0x02029980   Section        0  peripheral_ssp.o(.text.apSSP_SetTransferControlWrTranCnt)
    [Anonymous Symbol]                       0x020299ac   Section        0  peripheral_ssp.o(.text.apSSP_SetTxDmaEn)
    [Anonymous Symbol]                       0x020299d0   Section        0  peripheral_ssp.o(.text.apSSP_SetTxThres)
    [Anonymous Symbol]                       0x020299f4   Section        0  peripheral_uart.o(.text.apUART_BaudRateSet)
    [Anonymous Symbol]                       0x02029a68   Section        0  peripheral_uart.o(.text.apUART_Check_TXFIFO_FULL)
    [Anonymous Symbol]                       0x02029a78   Section        0  peripheral_uart.o(.text.apUART_Initialize)
    [Anonymous Symbol]                       0x02029b10   Section        0  main.o(.text.app_main)
    app_timer_callback                       0x02029be5   Thumb Code     8  main.o(.text.app_timer_callback)
    [Anonymous Symbol]                       0x02029be4   Section        0  main.o(.text.app_timer_callback)
    cb_assertion                             0x02029bed   Thumb Code    30  main.o(.text.cb_assertion)
    [Anonymous Symbol]                       0x02029bec   Section        0  main.o(.text.cb_assertion)
    cb_hard_fault                            0x02029c0d   Thumb Code    86  main.o(.text.cb_hard_fault)
    [Anonymous Symbol]                       0x02029c0c   Section        0  main.o(.text.cb_hard_fault)
    cb_heap_out_of_mem                       0x02029c65   Thumb Code    26  main.o(.text.cb_heap_out_of_mem)
    [Anonymous Symbol]                       0x02029c64   Section        0  main.o(.text.cb_heap_out_of_mem)
    [Anonymous Symbol]                       0x02029c80   Section        0  main.o(.text.cb_putc)
    [Anonymous Symbol]                       0x02029cb4   Section        0  trace.o(.text.cb_trace_rtt)
    [Anonymous Symbol]                       0x02029d34   Section        0  main.o(.text.config_uart)
    [Anonymous Symbol]                       0x02029d88   Section        0  main.o(.text.fputc)
    [Anonymous Symbol]                       0x02029da0   Section        0  main.o(.text.on_deep_sleep_wakeup)
    packet_schedule_task                     0x02029db5   Thumb Code    40  main.o(.text.packet_schedule_task)
    [Anonymous Symbol]                       0x02029db4   Section        0  main.o(.text.packet_schedule_task)
    [Anonymous Symbol]                       0x02029ddc   Section        0  spi_spi1_read_write_with_dma.o(.text.peripherals_spi_dma_to_txfifo)
    peripherals_spi_isr                      0x02029e0d   Thumb Code   262  spi_spi1_read_write_with_dma.o(.text.peripherals_spi_isr)
    [Anonymous Symbol]                       0x02029e0c   Section        0  spi_spi1_read_write_with_dma.o(.text.peripherals_spi_isr)
    [Anonymous Symbol]                       0x02029f14   Section        0  spi_spi1_read_write_with_dma.o(.text.peripherals_spi_push_data)
    [Anonymous Symbol]                       0x02029f64   Section        0  spi_spi1_read_write_with_dma.o(.text.peripherals_spi_read_data)
    [Anonymous Symbol]                       0x02029f98   Section        0  spi_spi1_read_write_with_dma.o(.text.peripherals_spi_rxfifo_to_dma)
    pin_id_for_input_source                  0x02029fc9   Thumb Code   158  peripheral_pinctrl.o(.text.pin_id_for_input_source)
    [Anonymous Symbol]                       0x02029fc8   Section        0  peripheral_pinctrl.o(.text.pin_id_for_input_source)
    [Anonymous Symbol]                       0x0202a068   Section        0  main.o(.text.query_deep_sleep_allowed)
    set_reg_bit                              0x0202a075   Thumb Code    50  peripheral_sysctrl.o(.text.set_reg_bit)
    [Anonymous Symbol]                       0x0202a074   Section        0  peripheral_sysctrl.o(.text.set_reg_bit)
    set_reg_bits                             0x0202a0a9   Thumb Code    68  peripheral_pinctrl.o(.text.set_reg_bits)
    [Anonymous Symbol]                       0x0202a0a8   Section        0  peripheral_pinctrl.o(.text.set_reg_bits)
    [Anonymous Symbol]                       0x0202a0ec   Section        0  main.o(.text.setup_peripherals)
    [Anonymous Symbol]                       0x0202a15c   Section        0  spi_spi1_read_write_with_dma.o(.text.setup_peripherals_spi)
    setup_peripherals_spi_module             0x0202a19d   Thumb Code    40  spi_spi1_read_write_with_dma.o(.text.setup_peripherals_spi_module)
    [Anonymous Symbol]                       0x0202a19c   Section        0  spi_spi1_read_write_with_dma.o(.text.setup_peripherals_spi_module)
    setup_peripherals_spi_pin                0x0202a1c5   Thumb Code   102  spi_spi1_read_write_with_dma.o(.text.setup_peripherals_spi_pin)
    [Anonymous Symbol]                       0x0202a1c4   Section        0  spi_spi1_read_write_with_dma.o(.text.setup_peripherals_spi_pin)
    source_id_on_pin                         0x0202a22d   Thumb Code   160  peripheral_pinctrl.o(.text.source_id_on_pin)
    [Anonymous Symbol]                       0x0202a22c   Section        0  peripheral_pinctrl.o(.text.source_id_on_pin)
    [Anonymous Symbol]                       0x0202a2cc   Section        0  trace.o(.text.trace_rtt_init)
    i.__0printf                              0x0202a2dc   Section        0  printfa.o(i.__0printf)
    i.__scatterload_copy                     0x0202a2fc   Section       14  handlers.o(i.__scatterload_copy)
    i.__scatterload_null                     0x0202a30a   Section        2  handlers.o(i.__scatterload_null)
    i.__scatterload_zeroinit                 0x0202a30c   Section       14  handlers.o(i.__scatterload_zeroinit)
    _fp_digits                               0x0202a31d   Thumb Code   366  printfa.o(i._fp_digits)
    i._fp_digits                             0x0202a31c   Section        0  printfa.o(i._fp_digits)
    _printf_core                             0x0202a4a1   Thumb Code  1744  printfa.o(i._printf_core)
    i._printf_core                           0x0202a4a0   Section        0  printfa.o(i._printf_core)
    _printf_post_padding                     0x0202ab7d   Thumb Code    36  printfa.o(i._printf_post_padding)
    i._printf_post_padding                   0x0202ab7c   Section        0  printfa.o(i._printf_post_padding)
    _printf_pre_padding                      0x0202aba1   Thumb Code    46  printfa.o(i._printf_pre_padding)
    i._printf_pre_padding                    0x0202aba0   Section        0  printfa.o(i._printf_pre_padding)
    .L__const.setup_peripherals_spi_module.pParam 0x0202abce   Data          20  spi_spi1_read_write_with_dma.o(.rodata..L__const.setup_peripherals_spi_module.pParam)
    PINCTRL_SelSpiIn.bit_offset_tab          0x0202abe2   Data          12  peripheral_pinctrl.o(.rodata.PINCTRL_SelSpiIn.bit_offset_tab)
    [Anonymous Symbol]                       0x0202abe2   Section        0  peripheral_pinctrl.o(.rodata.PINCTRL_SelSpiIn.bit_offset_tab)
    PINCTRL_SelSpiIn.reg_tab                 0x0202abee   Data          12  peripheral_pinctrl.o(.rodata.PINCTRL_SelSpiIn.reg_tab)
    [Anonymous Symbol]                       0x0202abee   Section        0  peripheral_pinctrl.o(.rodata.PINCTRL_SelSpiIn.reg_tab)
    PINCTRL_SelSpiIn.source_tab              0x0202abfa   Data          12  peripheral_pinctrl.o(.rodata.PINCTRL_SelSpiIn.source_tab)
    [Anonymous Symbol]                       0x0202abfa   Section        0  peripheral_pinctrl.o(.rodata.PINCTRL_SelSpiIn.source_tab)
    .L.str.2                                 0x0202af24   Data         108  main.o(.rodata.str1.1)
    [Anonymous Symbol]                       0x0202af24   Section        0  main.o(.rodata.str1.1)
    .L.str.4                                 0x0202af90   Data          12  main.o(.rodata.str1.1)
    .L.str.3                                 0x0202af9c   Data          21  main.o(.rodata.str1.1)
    .L.str                                   0x0202afb1   Data           2  main.o(.rodata.str1.1)
    .L.str.1                                 0x0202afb3   Data           2  main.o(.rodata.str1.1)
    .L.str                                   0x0202afb5   Data          16  spi_spi1_read_write_with_dma.o(.rodata.str1.1)
    [Anonymous Symbol]                       0x0202afb5   Section        0  spi_spi1_read_write_with_dma.o(.rodata.str1.1)
    .L.str.4                                 0x0202afc5   Data          15  spi_spi1_read_write_with_dma.o(.rodata.str1.1)
    .L.str.3                                 0x0202afd4   Data          17  spi_spi1_read_write_with_dma.o(.rodata.str1.1)
    .L.str.1                                 0x0202afe5   Data           8  spi_spi1_read_write_with_dma.o(.rodata.str1.1)
    .L.str.2                                 0x0202afed   Data          13  spi_spi1_read_write_with_dma.o(.rodata.str1.1)
    .L.str                                   0x0202affa   Data          26  trace.o(.rodata.str1.1)
    .L.str.8                                 0x0202affa   Data           7  trace.o(.rodata.str1.1)
    [Anonymous Symbol]                       0x0202affa   Section        0  trace.o(.rodata.str1.1)
    .L.str.7                                 0x0202b001   Data           4  trace.o(.rodata.str1.1)
    .L.str.6                                 0x0202b005   Data           9  trace.o(.rodata.str1.1)
    .L.str.1                                 0x0202b014   Data           6  trace.o(.rodata.str1.1)
    .L.str.2                                 0x0202b01a   Data          10  trace.o(.rodata.str1.1)
    .L.str.3                                 0x0202b024   Data          10  trace.o(.rodata.str1.1)
    .L.str.4                                 0x0202b02e   Data          10  trace.o(.rodata.str1.1)
    .L.str.5                                 0x0202b038   Data          10  trace.o(.rodata.str1.1)
    .data                                    0x20005528   Section        4  stdout.o(.data)
    peripherals_spi_push_data.data           0x2000552c   Data           4  spi_spi1_read_write_with_dma.o(.data.peripherals_spi_push_data.data)
    [Anonymous Symbol]                       0x2000552c   Section        0  spi_spi1_read_write_with_dma.o(.data.peripherals_spi_push_data.data)
    _acDownBuffer                            0x20005578   Data          16  trace.o(.bss._acDownBuffer)
    [Anonymous Symbol]                       0x20005578   Section        0  trace.o(.bss._acDownBuffer)
    _acUpBuffer                              0x20005588   Data         500  trace.o(.bss._acUpBuffer)
    [Anonymous Symbol]                       0x20005588   Section        0  trace.o(.bss._acUpBuffer)
    app_timer                                0x2000577c   Data           4  main.o(.bss.app_timer)
    [Anonymous Symbol]                       0x2000577c   Section        0  main.o(.bss.app_timer)
    sem_wakeup                               0x200058c0   Data           4  main.o(.bss.sem_wakeup)
    [Anonymous Symbol]                       0x200058c0   Section        0  main.o(.bss.sem_wakeup)
    STACK                                    0x20005a08   Section        4  startup_ing91800.o(STACK)

    Global Symbols

    Symbol Name                              Value     Ov Type        Size  Object(Section)

    BuildAttributes$$THM_ISAv4$E$P$D$K$B$S$7EM$PE$A:L22UL41UL21$X:L11$S22US41US21$IEEE1$IW$~IW$USESV6$~STKCKD$USESV7$~SHL$OTIME$ROPI$EBA8$MICROLIB$REQ8$PRES8$EABIv2 0x00000000   Number         0  anon$$obj.o ABSOLUTE
    __cpp_initialize__aeabi_                  - Undefined Weak Reference
    __cxa_finalize                            - Undefined Weak Reference
    __decompress                              - Undefined Weak Reference
    _clock_init                               - Undefined Weak Reference
    _microlib_exit                            - Undefined Weak Reference
    att_dispatch_client_can_send_now         0x02004379   Thumb Code     0  symdefs.m ABSOLUTE
    att_dispatch_client_request_can_send_now_event 0x0200437f   Thumb Code     0  symdefs.m ABSOLUTE
    att_dispatch_register_client             0x02004385   Thumb Code     0  symdefs.m ABSOLUTE
    att_dispatch_register_server             0x02004399   Thumb Code     0  symdefs.m ABSOLUTE
    att_dispatch_server_can_send_now         0x020043ad   Thumb Code     0  symdefs.m ABSOLUTE
    att_dispatch_server_request_can_send_now_event 0x020043b3   Thumb Code     0  symdefs.m ABSOLUTE
    att_emit_general_event                   0x02004465   Thumb Code     0  symdefs.m ABSOLUTE
    att_server_can_send_packet_now           0x02004b81   Thumb Code     0  symdefs.m ABSOLUTE
    att_server_deferred_read_response        0x02004b85   Thumb Code     0  symdefs.m ABSOLUTE
    att_server_get_mtu                       0x02004b9d   Thumb Code     0  symdefs.m ABSOLUTE
    att_server_indicate                      0x02004c15   Thumb Code     0  symdefs.m ABSOLUTE
    att_server_init                          0x02004c99   Thumb Code     0  symdefs.m ABSOLUTE
    att_server_notify                        0x02004cd5   Thumb Code     0  symdefs.m ABSOLUTE
    att_server_register_packet_handler       0x02004ded   Thumb Code     0  symdefs.m ABSOLUTE
    att_server_request_can_send_now_event    0x02004df9   Thumb Code     0  symdefs.m ABSOLUTE
    att_set_db                               0x02004e15   Thumb Code     0  symdefs.m ABSOLUTE
    att_set_read_callback                    0x02004e29   Thumb Code     0  symdefs.m ABSOLUTE
    att_set_write_callback                   0x02004e35   Thumb Code     0  symdefs.m ABSOLUTE
    bd_addr_cmp                              0x0200501d   Thumb Code     0  symdefs.m ABSOLUTE
    bd_addr_copy                             0x02005023   Thumb Code     0  symdefs.m ABSOLUTE
    bd_addr_to_str                           0x0200502d   Thumb Code     0  symdefs.m ABSOLUTE
    big_endian_read_16                       0x02005065   Thumb Code     0  symdefs.m ABSOLUTE
    big_endian_read_32                       0x0200506d   Thumb Code     0  symdefs.m ABSOLUTE
    big_endian_store_16                      0x02005081   Thumb Code     0  symdefs.m ABSOLUTE
    big_endian_store_32                      0x0200508d   Thumb Code     0  symdefs.m ABSOLUTE
    btstack_config                           0x02005209   Thumb Code     0  symdefs.m ABSOLUTE
    btstack_memory_pool_create               0x02005347   Thumb Code     0  symdefs.m ABSOLUTE
    btstack_memory_pool_free                 0x02005371   Thumb Code     0  symdefs.m ABSOLUTE
    btstack_memory_pool_get                  0x020053d1   Thumb Code     0  symdefs.m ABSOLUTE
    btstack_push_user_msg                    0x02005439   Thumb Code     0  symdefs.m ABSOLUTE
    btstack_push_user_runnable               0x02005445   Thumb Code     0  symdefs.m ABSOLUTE
    char_for_nibble                          0x020056e3   Thumb Code     0  symdefs.m ABSOLUTE
    eTaskConfirmSleepModeStatus              0x02005a29   Thumb Code     0  symdefs.m ABSOLUTE
    gap_add_dev_to_periodic_list             0x020060bd   Thumb Code     0  symdefs.m ABSOLUTE
    gap_add_whitelist                        0x020060d5   Thumb Code     0  symdefs.m ABSOLUTE
    gap_aes_encrypt                          0x020060e9   Thumb Code     0  symdefs.m ABSOLUTE
    gap_clear_white_lists                    0x0200612d   Thumb Code     0  symdefs.m ABSOLUTE
    gap_clr_adv_set                          0x0200613d   Thumb Code     0  symdefs.m ABSOLUTE
    gap_clr_periodic_adv_list                0x0200614d   Thumb Code     0  symdefs.m ABSOLUTE
    gap_create_connection_cancel             0x0200615d   Thumb Code     0  symdefs.m ABSOLUTE
    gap_default_periodic_adv_sync_transfer_param 0x0200616d   Thumb Code     0  symdefs.m ABSOLUTE
    gap_disconnect                           0x02006185   Thumb Code     0  symdefs.m ABSOLUTE
    gap_disconnect_all                       0x020061b1   Thumb Code     0  symdefs.m ABSOLUTE
    gap_ext_create_connection                0x020061f1   Thumb Code     0  symdefs.m ABSOLUTE
    gap_get_connection_parameter_range       0x020062e1   Thumb Code     0  symdefs.m ABSOLUTE
    gap_le_read_channel_map                  0x0200631d   Thumb Code     0  symdefs.m ABSOLUTE
    gap_periodic_adv_create_sync             0x02006391   Thumb Code     0  symdefs.m ABSOLUTE
    gap_periodic_adv_create_sync_cancel      0x020063b5   Thumb Code     0  symdefs.m ABSOLUTE
    gap_periodic_adv_set_info_transfer       0x020063c5   Thumb Code     0  symdefs.m ABSOLUTE
    gap_periodic_adv_sync_transfer           0x020063dd   Thumb Code     0  symdefs.m ABSOLUTE
    gap_periodic_adv_sync_transfer_param     0x020063f5   Thumb Code     0  symdefs.m ABSOLUTE
    gap_periodic_adv_term_sync               0x02006411   Thumb Code     0  symdefs.m ABSOLUTE
    gap_read_antenna_info                    0x020064a5   Thumb Code     0  symdefs.m ABSOLUTE
    gap_read_periodic_adv_list_size          0x020064b5   Thumb Code     0  symdefs.m ABSOLUTE
    gap_read_phy                             0x020064c5   Thumb Code     0  symdefs.m ABSOLUTE
    gap_read_remote_used_features            0x020064d9   Thumb Code     0  symdefs.m ABSOLUTE
    gap_read_remote_version                  0x020064ed   Thumb Code     0  symdefs.m ABSOLUTE
    gap_read_rssi                            0x02006501   Thumb Code     0  symdefs.m ABSOLUTE
    gap_remove_whitelist                     0x02006515   Thumb Code     0  symdefs.m ABSOLUTE
    gap_rmv_adv_set                          0x02006599   Thumb Code     0  symdefs.m ABSOLUTE
    gap_rmv_dev_from_periodic_list           0x020065ad   Thumb Code     0  symdefs.m ABSOLUTE
    gap_rx_test_v2                           0x020065c5   Thumb Code     0  symdefs.m ABSOLUTE
    gap_rx_test_v3                           0x020065dd   Thumb Code     0  symdefs.m ABSOLUTE
    gap_set_adv_set_random_addr              0x0200662d   Thumb Code     0  symdefs.m ABSOLUTE
    gap_set_connection_cte_request_enable    0x02006679   Thumb Code     0  symdefs.m ABSOLUTE
    gap_set_connection_cte_response_enable   0x02006695   Thumb Code     0  symdefs.m ABSOLUTE
    gap_set_connection_cte_rx_param          0x020066a9   Thumb Code     0  symdefs.m ABSOLUTE
    gap_set_connection_cte_tx_param          0x02006705   Thumb Code     0  symdefs.m ABSOLUTE
    gap_set_connection_parameter_range       0x02006759   Thumb Code     0  symdefs.m ABSOLUTE
    gap_set_connectionless_cte_tx_enable     0x02006771   Thumb Code     0  symdefs.m ABSOLUTE
    gap_set_connectionless_cte_tx_param      0x02006785   Thumb Code     0  symdefs.m ABSOLUTE
    gap_set_connectionless_iq_sampling_enable 0x020067e5   Thumb Code     0  symdefs.m ABSOLUTE
    gap_set_data_length                      0x02006849   Thumb Code     0  symdefs.m ABSOLUTE
    gap_set_def_phy                          0x02006865   Thumb Code     0  symdefs.m ABSOLUTE
    gap_set_ext_adv_data                     0x0200687d   Thumb Code     0  symdefs.m ABSOLUTE
    gap_set_ext_adv_enable                   0x02006895   Thumb Code     0  symdefs.m ABSOLUTE
    gap_set_ext_adv_para                     0x02006911   Thumb Code     0  symdefs.m ABSOLUTE
    gap_set_ext_scan_enable                  0x020069e9   Thumb Code     0  symdefs.m ABSOLUTE
    gap_set_ext_scan_para                    0x02006a01   Thumb Code     0  symdefs.m ABSOLUTE
    gap_set_ext_scan_response_data           0x02006aa9   Thumb Code     0  symdefs.m ABSOLUTE
    gap_set_host_channel_classification      0x02006ac1   Thumb Code     0  symdefs.m ABSOLUTE
    gap_set_periodic_adv_data                0x02006ad5   Thumb Code     0  symdefs.m ABSOLUTE
    gap_set_periodic_adv_enable              0x02006b49   Thumb Code     0  symdefs.m ABSOLUTE
    gap_set_periodic_adv_para                0x02006b5d   Thumb Code     0  symdefs.m ABSOLUTE
    gap_set_periodic_adv_rx_enable           0x02006b75   Thumb Code     0  symdefs.m ABSOLUTE
    gap_set_phy                              0x02006b89   Thumb Code     0  symdefs.m ABSOLUTE
    gap_set_random_device_address            0x02006ba5   Thumb Code     0  symdefs.m ABSOLUTE
    gap_start_ccm                            0x02006bd5   Thumb Code     0  symdefs.m ABSOLUTE
    gap_test_end                             0x02006c09   Thumb Code     0  symdefs.m ABSOLUTE
    gap_tx_test_v2                           0x02006c19   Thumb Code     0  symdefs.m ABSOLUTE
    gap_tx_test_v4                           0x02006c31   Thumb Code     0  symdefs.m ABSOLUTE
    gap_update_connection_parameters         0x02006c59   Thumb Code     0  symdefs.m ABSOLUTE
    gap_vendor_tx_continuous_wave            0x02006c9d   Thumb Code     0  symdefs.m ABSOLUTE
    gatt_client_cancel_write                 0x020071c5   Thumb Code     0  symdefs.m ABSOLUTE
    gatt_client_discover_characteristic_descriptors 0x020071eb   Thumb Code     0  symdefs.m ABSOLUTE
    gatt_client_discover_characteristics_for_handle_range_by_uuid128 0x0200722b   Thumb Code     0  symdefs.m ABSOLUTE
    gatt_client_discover_characteristics_for_handle_range_by_uuid16 0x0200727b   Thumb Code     0  symdefs.m ABSOLUTE
    gatt_client_discover_characteristics_for_service 0x020072cb   Thumb Code     0  symdefs.m ABSOLUTE
    gatt_client_discover_primary_services    0x02007301   Thumb Code     0  symdefs.m ABSOLUTE
    gatt_client_discover_primary_services_by_uuid128 0x02007333   Thumb Code     0  symdefs.m ABSOLUTE
    gatt_client_discover_primary_services_by_uuid16 0x02007377   Thumb Code     0  symdefs.m ABSOLUTE
    gatt_client_execute_write                0x020073b5   Thumb Code     0  symdefs.m ABSOLUTE
    gatt_client_find_included_services_for_service 0x020073db   Thumb Code     0  symdefs.m ABSOLUTE
    gatt_client_get_mtu                      0x02007409   Thumb Code     0  symdefs.m ABSOLUTE
    gatt_client_is_ready                     0x020074cd   Thumb Code     0  symdefs.m ABSOLUTE
    gatt_client_listen_for_characteristic_value_updates 0x020074e3   Thumb Code     0  symdefs.m ABSOLUTE
    gatt_client_prepare_write                0x02007505   Thumb Code     0  symdefs.m ABSOLUTE
    gatt_client_read_characteristic_descriptor_using_descriptor_handle 0x02007541   Thumb Code     0  symdefs.m ABSOLUTE
    gatt_client_read_long_characteristic_descriptor_using_descriptor_handle 0x0200756b   Thumb Code     0  symdefs.m ABSOLUTE
    gatt_client_read_long_characteristic_descriptor_using_descriptor_handle_with_offset 0x02007571   Thumb Code     0  symdefs.m ABSOLUTE
    gatt_client_read_long_value_of_characteristic_using_value_handle 0x0200759f   Thumb Code     0  symdefs.m ABSOLUTE
    gatt_client_read_long_value_of_characteristic_using_value_handle_with_offset 0x020075a5   Thumb Code     0  symdefs.m ABSOLUTE
    gatt_client_read_multiple_characteristic_values 0x020075d3   Thumb Code     0  symdefs.m ABSOLUTE
    gatt_client_read_value_of_characteristic_using_value_handle 0x02007603   Thumb Code     0  symdefs.m ABSOLUTE
    gatt_client_read_value_of_characteristics_by_uuid128 0x02007631   Thumb Code     0  symdefs.m ABSOLUTE
    gatt_client_read_value_of_characteristics_by_uuid16 0x0200767d   Thumb Code     0  symdefs.m ABSOLUTE
    gatt_client_register_handler             0x020076c9   Thumb Code     0  symdefs.m ABSOLUTE
    gatt_client_reliable_write_long_value_of_characteristic 0x020076d5   Thumb Code     0  symdefs.m ABSOLUTE
    gatt_client_signed_write_without_response 0x02007b09   Thumb Code     0  symdefs.m ABSOLUTE
    gatt_client_write_characteristic_descriptor_using_descriptor_handle 0x02007bcd   Thumb Code     0  symdefs.m ABSOLUTE
    gatt_client_write_client_characteristic_configuration 0x02007c07   Thumb Code     0  symdefs.m ABSOLUTE
    gatt_client_write_long_characteristic_descriptor_using_descriptor_handle 0x02007c59   Thumb Code     0  symdefs.m ABSOLUTE
    gatt_client_write_long_characteristic_descriptor_using_descriptor_handle_with_offset 0x02007c69   Thumb Code     0  symdefs.m ABSOLUTE
    gatt_client_write_long_value_of_characteristic 0x02007ca5   Thumb Code     0  symdefs.m ABSOLUTE
    gatt_client_write_long_value_of_characteristic_with_offset 0x02007cb5   Thumb Code     0  symdefs.m ABSOLUTE
    gatt_client_write_value_of_characteristic 0x02007cf1   Thumb Code     0  symdefs.m ABSOLUTE
    gatt_client_write_value_of_characteristic_without_response 0x02007d27   Thumb Code     0  symdefs.m ABSOLUTE
    hci_add_event_handler                    0x0200931d   Thumb Code     0  symdefs.m ABSOLUTE
    hci_power_control                        0x02009b1d   Thumb Code     0  symdefs.m ABSOLUTE
    hci_register_acl_packet_handler          0x02009cd1   Thumb Code     0  symdefs.m ABSOLUTE
    kv_commit                                0x0200a201   Thumb Code     0  symdefs.m ABSOLUTE
    kv_get                                   0x0200a259   Thumb Code     0  symdefs.m ABSOLUTE
    kv_init                                  0x0200a271   Thumb Code     0  symdefs.m ABSOLUTE
    kv_put                                   0x0200a2d9   Thumb Code     0  symdefs.m ABSOLUTE
    kv_remove                                0x0200a351   Thumb Code     0  symdefs.m ABSOLUTE
    kv_remove_all                            0x0200a38d   Thumb Code     0  symdefs.m ABSOLUTE
    kv_value_modified                        0x0200a3d1   Thumb Code     0  symdefs.m ABSOLUTE
    kv_visit                                 0x0200a3d5   Thumb Code     0  symdefs.m ABSOLUTE
    l2cap_add_event_handler                  0x0200a489   Thumb Code     0  symdefs.m ABSOLUTE
    l2cap_can_send_packet_now                0x0200a499   Thumb Code     0  symdefs.m ABSOLUTE
    l2cap_create_le_credit_based_connection_request 0x0200a65d   Thumb Code     0  symdefs.m ABSOLUTE
    l2cap_credit_based_send                  0x0200a7a5   Thumb Code     0  symdefs.m ABSOLUTE
    l2cap_credit_based_send_continue         0x0200a7d1   Thumb Code     0  symdefs.m ABSOLUTE
    l2cap_disconnect                         0x0200a84d   Thumb Code     0  symdefs.m ABSOLUTE
    l2cap_get_le_credit_based_connection_credits 0x0200aa39   Thumb Code     0  symdefs.m ABSOLUTE
    l2cap_get_peer_mtu_for_local_cid         0x0200aa55   Thumb Code     0  symdefs.m ABSOLUTE
    l2cap_init                               0x0200ae95   Thumb Code     0  symdefs.m ABSOLUTE
    l2cap_le_send_flow_control_credit        0x0200af8b   Thumb Code     0  symdefs.m ABSOLUTE
    l2cap_max_le_mtu                         0x0200b299   Thumb Code     0  symdefs.m ABSOLUTE
    l2cap_register_packet_handler            0x0200b3c1   Thumb Code     0  symdefs.m ABSOLUTE
    l2cap_register_service                   0x0200b3cd   Thumb Code     0  symdefs.m ABSOLUTE
    l2cap_request_can_send_now_event         0x0200b4dd   Thumb Code     0  symdefs.m ABSOLUTE
    l2cap_request_connection_parameter_update 0x0200b4f7   Thumb Code     0  symdefs.m ABSOLUTE
    l2cap_send_echo_request                  0x0200b9d9   Thumb Code     0  symdefs.m ABSOLUTE
    l2cap_unregister_service                 0x0200bab9   Thumb Code     0  symdefs.m ABSOLUTE
    le_device_db_add                         0x0200bb11   Thumb Code     0  symdefs.m ABSOLUTE
    le_device_db_find                        0x0200bbe5   Thumb Code     0  symdefs.m ABSOLUTE
    le_device_db_from_key                    0x0200bc11   Thumb Code     0  symdefs.m ABSOLUTE
    le_device_db_iter_cur                    0x0200bc19   Thumb Code     0  symdefs.m ABSOLUTE
    le_device_db_iter_cur_key                0x0200bc1d   Thumb Code     0  symdefs.m ABSOLUTE
    le_device_db_iter_init                   0x0200bc21   Thumb Code     0  symdefs.m ABSOLUTE
    le_device_db_iter_next                   0x0200bc29   Thumb Code     0  symdefs.m ABSOLUTE
    le_device_db_remove_key                  0x0200bc4f   Thumb Code     0  symdefs.m ABSOLUTE
    ll_adjust_conn_peer_tx_power             0x0200bc7d   Thumb Code     0  symdefs.m ABSOLUTE
    ll_free                                  0x0200bca9   Thumb Code     0  symdefs.m ABSOLUTE
    ll_hint_on_ce_len                        0x0200bcb5   Thumb Code     0  symdefs.m ABSOLUTE
    ll_legacy_adv_set_interval               0x0200bced   Thumb Code     0  symdefs.m ABSOLUTE
    ll_malloc                                0x0200bcfd   Thumb Code     0  symdefs.m ABSOLUTE
    ll_scan_set_fixed_channel                0x0200be6d   Thumb Code     0  symdefs.m ABSOLUTE
    ll_set_adv_access_address                0x0200bf81   Thumb Code     0  symdefs.m ABSOLUTE
    ll_set_adv_coded_scheme                  0x0200bf8d   Thumb Code     0  symdefs.m ABSOLUTE
    ll_set_conn_coded_scheme                 0x0200bfc5   Thumb Code     0  symdefs.m ABSOLUTE
    ll_set_conn_latency                      0x0200bff1   Thumb Code     0  symdefs.m ABSOLUTE
    ll_set_conn_tx_power                     0x0200c021   Thumb Code     0  symdefs.m ABSOLUTE
    ll_set_def_antenna                       0x0200c05d   Thumb Code     0  symdefs.m ABSOLUTE
    ll_set_initiating_coded_scheme           0x0200c07d   Thumb Code     0  symdefs.m ABSOLUTE
    ll_set_max_conn_number                   0x0200c089   Thumb Code     0  symdefs.m ABSOLUTE
    ll_set_tx_power_range                    0x0200c125   Thumb Code     0  symdefs.m ABSOLUTE
    nibble_for_char                          0x0201e881   Thumb Code     0  symdefs.m ABSOLUTE
    platform_32k_rc_auto_tune                0x0201e92d   Thumb Code     0  symdefs.m ABSOLUTE
    platform_32k_rc_tune                     0x0201e979   Thumb Code     0  symdefs.m ABSOLUTE
    platform_calibrate_32k                   0x0201e995   Thumb Code     0  symdefs.m ABSOLUTE
    platform_config                          0x0201e999   Thumb Code     0  symdefs.m ABSOLUTE
    platform_get_current_task                0x0201ea81   Thumb Code     0  symdefs.m ABSOLUTE
    platform_get_gen_os_driver               0x0201eaa5   Thumb Code     0  symdefs.m ABSOLUTE
    platform_get_heap_status                 0x0201eaad   Thumb Code     0  symdefs.m ABSOLUTE
    platform_get_task_handle                 0x0201eac5   Thumb Code     0  symdefs.m ABSOLUTE
    platform_get_us_time                     0x0201eae5   Thumb Code     0  symdefs.m ABSOLUTE
    platform_get_version                     0x0201eae9   Thumb Code     0  symdefs.m ABSOLUTE
    platform_hrng                            0x0201eaf1   Thumb Code     0  symdefs.m ABSOLUTE
    platform_install_isr_stack               0x0201eaf9   Thumb Code     0  symdefs.m ABSOLUTE
    platform_install_task_stack              0x0201eb05   Thumb Code     0  symdefs.m ABSOLUTE
    platform_patch_rf_init_data              0x0201eb3d   Thumb Code     0  symdefs.m ABSOLUTE
    platform_printf                          0x0201eb49   Thumb Code     0  symdefs.m ABSOLUTE
    platform_raise_assertion                 0x0201eb5d   Thumb Code     0  symdefs.m ABSOLUTE
    platform_rand                            0x0201eb71   Thumb Code     0  symdefs.m ABSOLUTE
    platform_read_info                       0x0201eb75   Thumb Code     0  symdefs.m ABSOLUTE
    platform_read_persistent_reg             0x0201eba5   Thumb Code     0  symdefs.m ABSOLUTE
    platform_reset                           0x0201ebb1   Thumb Code     0  symdefs.m ABSOLUTE
    platform_set_evt_callback                0x0201ebc5   Thumb Code     0  symdefs.m ABSOLUTE
    platform_set_irq_callback                0x0201ebd9   Thumb Code     0  symdefs.m ABSOLUTE
    platform_set_rf_clk_source               0x0201ec11   Thumb Code     0  symdefs.m ABSOLUTE
    platform_set_rf_init_data                0x0201ec1d   Thumb Code     0  symdefs.m ABSOLUTE
    platform_set_rf_power_mapping            0x0201ec29   Thumb Code     0  symdefs.m ABSOLUTE
    platform_set_timer                       0x0201ec35   Thumb Code     0  symdefs.m ABSOLUTE
    platform_shutdown                        0x0201ec39   Thumb Code     0  symdefs.m ABSOLUTE
    platform_switch_app                      0x0201ec3d   Thumb Code     0  symdefs.m ABSOLUTE
    platform_trace_raw                       0x0201ec55   Thumb Code     0  symdefs.m ABSOLUTE
    platform_write_persistent_reg            0x0201ec6d   Thumb Code     0  symdefs.m ABSOLUTE
    printf_hexdump                           0x0201ee25   Thumb Code     0  symdefs.m ABSOLUTE
    pvPortMalloc                             0x0201f919   Thumb Code     0  symdefs.m ABSOLUTE
    pvTaskIncrementMutexHeldCount            0x0201fa01   Thumb Code     0  symdefs.m ABSOLUTE
    pvTimerGetTimerID                        0x0201fa19   Thumb Code     0  symdefs.m ABSOLUTE
    pxPortInitialiseStack                    0x0201fa45   Thumb Code     0  symdefs.m ABSOLUTE
    reverse_128                              0x0201fc2d   Thumb Code     0  symdefs.m ABSOLUTE
    reverse_24                               0x0201fc33   Thumb Code     0  symdefs.m ABSOLUTE
    reverse_48                               0x0201fc39   Thumb Code     0  symdefs.m ABSOLUTE
    reverse_56                               0x0201fc3f   Thumb Code     0  symdefs.m ABSOLUTE
    reverse_64                               0x0201fc45   Thumb Code     0  symdefs.m ABSOLUTE
    reverse_bd_addr                          0x0201fc4b   Thumb Code     0  symdefs.m ABSOLUTE
    reverse_bytes                            0x0201fc51   Thumb Code     0  symdefs.m ABSOLUTE
    sm_add_event_handler                     0x0201ff6d   Thumb Code     0  symdefs.m ABSOLUTE
    sm_address_resolution_lookup             0x020200c5   Thumb Code     0  symdefs.m ABSOLUTE
    sm_authenticated                         0x02020425   Thumb Code     0  symdefs.m ABSOLUTE
    sm_authorization_decline                 0x02020433   Thumb Code     0  symdefs.m ABSOLUTE
    sm_authorization_grant                   0x02020453   Thumb Code     0  symdefs.m ABSOLUTE
    sm_authorization_state                   0x02020473   Thumb Code     0  symdefs.m ABSOLUTE
    sm_bonding_decline                       0x0202048d   Thumb Code     0  symdefs.m ABSOLUTE
    sm_config                                0x020208a5   Thumb Code     0  symdefs.m ABSOLUTE
    sm_config_conn                           0x020208bd   Thumb Code     0  symdefs.m ABSOLUTE
    sm_encryption_key_size                   0x02020a73   Thumb Code     0  symdefs.m ABSOLUTE
    sm_just_works_confirm                    0x02020fad   Thumb Code     0  symdefs.m ABSOLUTE
    sm_le_device_key                         0x020212e9   Thumb Code     0  symdefs.m ABSOLUTE
    sm_passkey_input                         0x0202137f   Thumb Code     0  symdefs.m ABSOLUTE
    sm_private_random_address_generation_get 0x0202172d   Thumb Code     0  symdefs.m ABSOLUTE
    sm_private_random_address_generation_get_mode 0x02021735   Thumb Code     0  symdefs.m ABSOLUTE
    sm_private_random_address_generation_set_mode 0x02021741   Thumb Code     0  symdefs.m ABSOLUTE
    sm_private_random_address_generation_set_update_period 0x02021769   Thumb Code     0  symdefs.m ABSOLUTE
    sm_register_oob_data_callback            0x020218a5   Thumb Code     0  symdefs.m ABSOLUTE
    sm_request_pairing                       0x020218b1   Thumb Code     0  symdefs.m ABSOLUTE
    sm_send_security_request                 0x020222ef   Thumb Code     0  symdefs.m ABSOLUTE
    sm_set_accepted_stk_generation_methods   0x02022315   Thumb Code     0  symdefs.m ABSOLUTE
    sm_set_authentication_requirements       0x02022321   Thumb Code     0  symdefs.m ABSOLUTE
    sm_set_encryption_key_size_range         0x0202232d   Thumb Code     0  symdefs.m ABSOLUTE
    sscanf_bd_addr                           0x0202268d   Thumb Code     0  symdefs.m ABSOLUTE
    sysSetPublicDeviceAddr                   0x02022a81   Thumb Code     0  symdefs.m ABSOLUTE
    uuid128_to_str                           0x020231ed   Thumb Code     0  symdefs.m ABSOLUTE
    uuid_add_bluetooth_prefix                0x02023245   Thumb Code     0  symdefs.m ABSOLUTE
    uuid_has_bluetooth_prefix                0x02023265   Thumb Code     0  symdefs.m ABSOLUTE
    uxListRemove                             0x02023281   Thumb Code     0  symdefs.m ABSOLUTE
    uxQueueMessagesWaiting                   0x020232a9   Thumb Code     0  symdefs.m ABSOLUTE
    uxQueueMessagesWaitingFromISR            0x020232d1   Thumb Code     0  symdefs.m ABSOLUTE
    uxQueueSpacesAvailable                   0x020232ed   Thumb Code     0  symdefs.m ABSOLUTE
    uxTaskGetStackHighWaterMark              0x02023319   Thumb Code     0  symdefs.m ABSOLUTE
    uxTaskPriorityGet                        0x02023339   Thumb Code     0  symdefs.m ABSOLUTE
    uxTaskPriorityGetFromISR                 0x02023355   Thumb Code     0  symdefs.m ABSOLUTE
    vListInitialise                          0x020233f3   Thumb Code     0  symdefs.m ABSOLUTE
    vListInitialiseItem                      0x02023409   Thumb Code     0  symdefs.m ABSOLUTE
    vListInsert                              0x0202340f   Thumb Code     0  symdefs.m ABSOLUTE
    vListInsertEnd                           0x0202343f   Thumb Code     0  symdefs.m ABSOLUTE
    vPortEndScheduler                        0x02023459   Thumb Code     0  symdefs.m ABSOLUTE
    vPortEnterCritical                       0x02023485   Thumb Code     0  symdefs.m ABSOLUTE
    vPortExitCritical                        0x020234c9   Thumb Code     0  symdefs.m ABSOLUTE
    vPortFree                                0x020234fd   Thumb Code     0  symdefs.m ABSOLUTE
    vPortSuppressTicksAndSleep               0x020235a1   Thumb Code     0  symdefs.m ABSOLUTE
    vPortValidateInterruptPriority           0x020236a9   Thumb Code     0  symdefs.m ABSOLUTE
    vQueueDelete                             0x02023705   Thumb Code     0  symdefs.m ABSOLUTE
    vQueueWaitForMessageRestricted           0x02023731   Thumb Code     0  symdefs.m ABSOLUTE
    vTaskDelay                               0x02023775   Thumb Code     0  symdefs.m ABSOLUTE
    vTaskInternalSetTimeOutState             0x020237c1   Thumb Code     0  symdefs.m ABSOLUTE
    vTaskMissedYield                         0x020237d1   Thumb Code     0  symdefs.m ABSOLUTE
    vTaskPlaceOnEventList                    0x020237dd   Thumb Code     0  symdefs.m ABSOLUTE
    vTaskPlaceOnEventListRestricted          0x02023815   Thumb Code     0  symdefs.m ABSOLUTE
    vTaskPriorityDisinheritAfterTimeout      0x02023855   Thumb Code     0  symdefs.m ABSOLUTE
    vTaskPrioritySet                         0x02023901   Thumb Code     0  symdefs.m ABSOLUTE
    vTaskResume                              0x020239c9   Thumb Code     0  symdefs.m ABSOLUTE
    vTaskStartScheduler                      0x02023a4d   Thumb Code     0  symdefs.m ABSOLUTE
    vTaskStepTick                            0x02023add   Thumb Code     0  symdefs.m ABSOLUTE
    vTaskSuspend                             0x02023b0d   Thumb Code     0  symdefs.m ABSOLUTE
    vTaskSuspendAll                          0x02023bc9   Thumb Code     0  symdefs.m ABSOLUTE
    vTaskSwitchContext                       0x02023bd9   Thumb Code     0  symdefs.m ABSOLUTE
    xPortStartScheduler                      0x02023c81   Thumb Code     0  symdefs.m ABSOLUTE
    xQueueAddToSet                           0x02023d81   Thumb Code     0  symdefs.m ABSOLUTE
    xQueueCreateCountingSemaphore            0x02023da5   Thumb Code     0  symdefs.m ABSOLUTE
    xQueueCreateCountingSemaphoreStatic      0x02023de1   Thumb Code     0  symdefs.m ABSOLUTE
    xQueueCreateMutex                        0x02023e25   Thumb Code     0  symdefs.m ABSOLUTE
    xQueueCreateMutexStatic                  0x02023e3b   Thumb Code     0  symdefs.m ABSOLUTE
    xQueueCreateSet                          0x02023e55   Thumb Code     0  symdefs.m ABSOLUTE
    xQueueGenericCreate                      0x02023e5d   Thumb Code     0  symdefs.m ABSOLUTE
    xQueueGenericCreateStatic                0x02023ea9   Thumb Code     0  symdefs.m ABSOLUTE
    xQueueGenericReset                       0x02023f11   Thumb Code     0  symdefs.m ABSOLUTE
    xQueueGenericSend                        0x02023f9d   Thumb Code     0  symdefs.m ABSOLUTE
    xQueueGenericSendFromISR                 0x02024109   Thumb Code     0  symdefs.m ABSOLUTE
    xQueueGiveFromISR                        0x020241c9   Thumb Code     0  symdefs.m ABSOLUTE
    xQueueGiveMutexRecursive                 0x0202426d   Thumb Code     0  symdefs.m ABSOLUTE
    xQueueIsQueueEmptyFromISR                0x020242ad   Thumb Code     0  symdefs.m ABSOLUTE
    xQueueIsQueueFullFromISR                 0x020242d1   Thumb Code     0  symdefs.m ABSOLUTE
    xQueuePeek                               0x020242f9   Thumb Code     0  symdefs.m ABSOLUTE
    xQueuePeekFromISR                        0x02024421   Thumb Code     0  symdefs.m ABSOLUTE
    xQueueReceive                            0x0202448d   Thumb Code     0  symdefs.m ABSOLUTE
    xQueueReceiveFromISR                     0x020245b9   Thumb Code     0  symdefs.m ABSOLUTE
    xQueueRemoveFromSet                      0x0202464d   Thumb Code     0  symdefs.m ABSOLUTE
    xQueueSelectFromSet                      0x0202466f   Thumb Code     0  symdefs.m ABSOLUTE
    xQueueSelectFromSetFromISR               0x02024681   Thumb Code     0  symdefs.m ABSOLUTE
    xQueueSemaphoreTake                      0x02024695   Thumb Code     0  symdefs.m ABSOLUTE
    xQueueTakeMutexRecursive                 0x02024801   Thumb Code     0  symdefs.m ABSOLUTE
    xTaskCheckForTimeOut                     0x02024845   Thumb Code     0  symdefs.m ABSOLUTE
    xTaskCreate                              0x020248b5   Thumb Code     0  symdefs.m ABSOLUTE
    xTaskCreateStatic                        0x02024911   Thumb Code     0  symdefs.m ABSOLUTE
    xTaskGetCurrentTaskHandle                0x02024981   Thumb Code     0  symdefs.m ABSOLUTE
    xTaskGetSchedulerState                   0x0202498d   Thumb Code     0  symdefs.m ABSOLUTE
    xTaskGetTickCount                        0x020249a9   Thumb Code     0  symdefs.m ABSOLUTE
    xTaskGetTickCountFromISR                 0x020249b5   Thumb Code     0  symdefs.m ABSOLUTE
    xTaskIncrementTick                       0x020249c5   Thumb Code     0  symdefs.m ABSOLUTE
    xTaskPriorityDisinherit                  0x02024a91   Thumb Code     0  symdefs.m ABSOLUTE
    xTaskPriorityInherit                     0x02024b25   Thumb Code     0  symdefs.m ABSOLUTE
    xTaskRemoveFromEventList                 0x02024bb9   Thumb Code     0  symdefs.m ABSOLUTE
    xTaskResumeAll                           0x02024c39   Thumb Code     0  symdefs.m ABSOLUTE
    xTaskResumeFromISR                       0x02024d01   Thumb Code     0  symdefs.m ABSOLUTE
    xTimerCreate                             0x02024d8d   Thumb Code     0  symdefs.m ABSOLUTE
    xTimerCreateStatic                       0x02024dc1   Thumb Code     0  symdefs.m ABSOLUTE
    xTimerCreateTimerTask                    0x02024df9   Thumb Code     0  symdefs.m ABSOLUTE
    xTimerGenericCommand                     0x02024e65   Thumb Code     0  symdefs.m ABSOLUTE
    xTimerGetExpiryTime                      0x02024ed5   Thumb Code     0  symdefs.m ABSOLUTE
    xTimerGetTimerDaemonTaskHandle           0x02024ef5   Thumb Code     0  symdefs.m ABSOLUTE
    __Vectors                                0x02028000   Data           4  startup_ing91800.o(RESET)
    __main                                   0x02028009   Thumb Code     0  entry.o(.ARM.Collect$$$$00000000)
    _main_stk                                0x02028009   Thumb Code     0  entry2.o(.ARM.Collect$$$$00000001)
    _main_scatterload                        0x0202800d   Thumb Code     0  entry5.o(.ARM.Collect$$$$00000004)
    __main_after_scatterload                 0x02028011   Thumb Code     0  entry5.o(.ARM.Collect$$$$00000004)
    _main_clock                              0x02028011   Thumb Code     0  entry7b.o(.ARM.Collect$$$$00000008)
    _main_cpp_init                           0x02028011   Thumb Code     0  entry8b.o(.ARM.Collect$$$$0000000A)
    _main_init                               0x02028011   Thumb Code     0  entry9a.o(.ARM.Collect$$$$0000000B)
    __rt_final_cpp                           0x02028019   Thumb Code     0  entry10a.o(.ARM.Collect$$$$0000000D)
    __rt_final_exit                          0x02028019   Thumb Code     0  entry11a.o(.ARM.Collect$$$$0000000F)
    Reset_Handler                            0x0202801d   Thumb Code     6  startup_ing91800.o(.text)
    main                                     0x02028025   Thumb Code     6  startup_ing91800.o(.text)
    __scatterload                            0x02028035   Thumb Code    28  init.o(.text)
    __scatterload_rt2                        0x02028035   Thumb Code     0  init.o(.text)
    __aeabi_memcpy                           0x02028059   Thumb Code    36  memcpya.o(.text)
    __aeabi_memcpy4                          0x02028059   Thumb Code     0  memcpya.o(.text)
    __aeabi_memcpy8                          0x02028059   Thumb Code     0  memcpya.o(.text)
    __aeabi_memset                           0x0202807d   Thumb Code    14  memseta.o(.text)
    __aeabi_memset4                          0x0202807d   Thumb Code     0  memseta.o(.text)
    __aeabi_memset8                          0x0202807d   Thumb Code     0  memseta.o(.text)
    __aeabi_memclr                           0x0202808b   Thumb Code     4  memseta.o(.text)
    __aeabi_memclr4                          0x0202808b   Thumb Code     0  memseta.o(.text)
    __aeabi_memclr8                          0x0202808b   Thumb Code     0  memseta.o(.text)
    _memset$wrapper                          0x0202808f   Thumb Code    18  memseta.o(.text)
    strcpy                                   0x020280a1   Thumb Code    18  strcpy.o(.text)
    __aeabi_dadd                             0x020280b3   Thumb Code   322  dadd.o(.text)
    __aeabi_dsub                             0x020281f5   Thumb Code     6  dadd.o(.text)
    __aeabi_drsub                            0x020281fb   Thumb Code     6  dadd.o(.text)
    __aeabi_ddiv                             0x02028201   Thumb Code   222  ddiv.o(.text)
    __aeabi_uidiv                            0x020282df   Thumb Code     0  uidiv.o(.text)
    __aeabi_uidivmod                         0x020282df   Thumb Code    44  uidiv.o(.text)
    __aeabi_uldivmod                         0x0202830b   Thumb Code    98  uldiv.o(.text)
    __aeabi_llsl                             0x0202836d   Thumb Code    30  llshl.o(.text)
    _ll_shift_l                              0x0202836d   Thumb Code     0  llshl.o(.text)
    __aeabi_lasr                             0x0202838b   Thumb Code    36  llsshr.o(.text)
    _ll_sshift_r                             0x0202838b   Thumb Code     0  llsshr.o(.text)
    __I$use$fp                               0x020283af   Thumb Code     0  iusefp.o(.text)
    _double_round                            0x020283af   Thumb Code    30  depilogue.o(.text)
    _double_epilogue                         0x020283cd   Thumb Code   156  depilogue.o(.text)
    __aeabi_dmul                             0x02028469   Thumb Code   228  dmul.o(.text)
    __aeabi_d2ulz                            0x0202854d   Thumb Code    48  dfixul.o(.text)
    __aeabi_cdrcmple                         0x0202857d   Thumb Code    48  cdrcmple.o(.text)
    __aeabi_llsr                             0x020285ad   Thumb Code    32  llushr.o(.text)
    _ll_ushift_r                             0x020285ad   Thumb Code     0  llushr.o(.text)
    DMA_EnableChannel                        0x020285cd   Thumb Code   100  peripheral_dma.o(.text.DMA_EnableChannel)
    DMA_PrepareMem2Peripheral                0x020287cd   Thumb Code   214  peripheral_dma.o(.text.DMA_PrepareMem2Peripheral)
    DMA_PreparePeripheral2Mem                0x020288a5   Thumb Code   178  peripheral_dma.o(.text.DMA_PreparePeripheral2Mem)
    DMA_Reset                                0x02028959   Thumb Code    54  peripheral_dma.o(.text.DMA_Reset)
    PINCTRL_Pull                             0x020289c9   Thumb Code   144  peripheral_pinctrl.o(.text.PINCTRL_Pull)
    PINCTRL_SelSpiIn                         0x02028ae9   Thumb Code   518  peripheral_pinctrl.o(.text.PINCTRL_SelSpiIn)
    PINCTRL_SetPadMux                        0x02028cf1   Thumb Code   422  peripheral_pinctrl.o(.text.PINCTRL_SetPadMux)
    SEGGER_RTT_GetAvailWriteSpace            0x02028e99   Thumb Code    34  trace.o(.text.SEGGER_RTT_GetAvailWriteSpace)
    SEGGER_RTT_Init                          0x02028ebd   Thumb Code     8  trace.o(.text.SEGGER_RTT_Init)
    SEGGER_RTT_Write                         0x02028ec5   Thumb Code    72  trace.o(.text.SEGGER_RTT_Write)
    SEGGER_RTT_WriteNoLock                   0x02028f0d   Thumb Code   176  trace.o(.text.SEGGER_RTT_WriteNoLock)
    SYSCTRL_ClearClkGate                     0x02028fbd   Thumb Code    22  peripheral_sysctrl.o(.text.SYSCTRL_ClearClkGate)
    SYSCTRL_ClearClkGateMulti                0x02028fd5   Thumb Code    66  peripheral_sysctrl.o(.text.SYSCTRL_ClearClkGateMulti)
    SYSCTRL_GetDmaId                         0x02029391   Thumb Code   134  peripheral_sysctrl.o(.text.SYSCTRL_GetDmaId)
    SYSCTRL_GetPLLClk                        0x02029419   Thumb Code    82  peripheral_sysctrl.o(.text.SYSCTRL_GetPLLClk)
    SYSCTRL_GetSlowClk                       0x0202946d   Thumb Code   162  peripheral_sysctrl.o(.text.SYSCTRL_GetSlowClk)
    UART_SendData                            0x02029511   Thumb Code    20  peripheral_uart.o(.text.UART_SendData)
    apSSP_ClearIntStatus                     0x02029761   Thumb Code    20  peripheral_ssp.o(.text.apSSP_ClearIntStatus)
    apSSP_DeviceParametersSet                0x02029775   Thumb Code   166  peripheral_ssp.o(.text.apSSP_DeviceParametersSet)
    apSSP_GetDataNumInRxFifo                 0x0202981d   Thumb Code    28  peripheral_ssp.o(.text.apSSP_GetDataNumInRxFifo)
    apSSP_GetIntRawStatus                    0x02029839   Thumb Code    12  peripheral_ssp.o(.text.apSSP_GetIntRawStatus)
    apSSP_GetSlaveRxDataCnt                  0x02029845   Thumb Code    16  peripheral_ssp.o(.text.apSSP_GetSlaveRxDataCnt)
    apSSP_GetSlaveTxDataCnt                  0x02029855   Thumb Code    16  peripheral_ssp.o(.text.apSSP_GetSlaveTxDataCnt)
    apSSP_Initialize                         0x02029865   Thumb Code    46  peripheral_ssp.o(.text.apSSP_Initialize)
    apSSP_IntEnable                          0x02029895   Thumb Code    20  peripheral_ssp.o(.text.apSSP_IntEnable)
    apSSP_ResetRxFifo                        0x020298a9   Thumb Code    34  peripheral_ssp.o(.text.apSSP_ResetRxFifo)
    apSSP_ResetTxFifo                        0x020298cd   Thumb Code    34  peripheral_ssp.o(.text.apSSP_ResetTxFifo)
    apSSP_SetRxDmaEn                         0x020298f1   Thumb Code    36  peripheral_ssp.o(.text.apSSP_SetRxDmaEn)
    apSSP_SetRxThres                         0x02029915   Thumb Code    36  peripheral_ssp.o(.text.apSSP_SetRxThres)
    apSSP_SetTimingSclkDiv                   0x02029939   Thumb Code    34  peripheral_ssp.o(.text.apSSP_SetTimingSclkDiv)
    apSSP_SetTransferControlRdTranCnt        0x0202995d   Thumb Code    34  peripheral_ssp.o(.text.apSSP_SetTransferControlRdTranCnt)
    apSSP_SetTransferControlWrTranCnt        0x02029981   Thumb Code    42  peripheral_ssp.o(.text.apSSP_SetTransferControlWrTranCnt)
    apSSP_SetTxDmaEn                         0x020299ad   Thumb Code    36  peripheral_ssp.o(.text.apSSP_SetTxDmaEn)
    apSSP_SetTxThres                         0x020299d1   Thumb Code    36  peripheral_ssp.o(.text.apSSP_SetTxThres)
    apUART_BaudRateSet                       0x020299f5   Thumb Code   116  peripheral_uart.o(.text.apUART_BaudRateSet)
    apUART_Check_TXFIFO_FULL                 0x02029a69   Thumb Code    16  peripheral_uart.o(.text.apUART_Check_TXFIFO_FULL)
    apUART_Initialize                        0x02029a79   Thumb Code   152  peripheral_uart.o(.text.apUART_Initialize)
    app_main                                 0x02029b11   Thumb Code   212  main.o(.text.app_main)
    cb_putc                                  0x02029c81   Thumb Code    52  main.o(.text.cb_putc)
    cb_trace_rtt                             0x02029cb5   Thumb Code   126  trace.o(.text.cb_trace_rtt)
    config_uart                              0x02029d35   Thumb Code    84  main.o(.text.config_uart)
    fputc                                    0x02029d89   Thumb Code    22  main.o(.text.fputc)
    on_deep_sleep_wakeup                     0x02029da1   Thumb Code    18  main.o(.text.on_deep_sleep_wakeup)
    peripherals_spi_dma_to_txfifo            0x02029ddd   Thumb Code    46  spi_spi1_read_write_with_dma.o(.text.peripherals_spi_dma_to_txfifo)
    peripherals_spi_push_data                0x02029f15   Thumb Code    78  spi_spi1_read_write_with_dma.o(.text.peripherals_spi_push_data)
    peripherals_spi_read_data                0x02029f65   Thumb Code    52  spi_spi1_read_write_with_dma.o(.text.peripherals_spi_read_data)
    peripherals_spi_rxfifo_to_dma            0x02029f99   Thumb Code    46  spi_spi1_read_write_with_dma.o(.text.peripherals_spi_rxfifo_to_dma)
    query_deep_sleep_allowed                 0x0202a069   Thumb Code    12  main.o(.text.query_deep_sleep_allowed)
    setup_peripherals                        0x0202a0ed   Thumb Code   110  main.o(.text.setup_peripherals)
    setup_peripherals_spi                    0x0202a15d   Thumb Code    62  spi_spi1_read_write_with_dma.o(.text.setup_peripherals_spi)
    trace_rtt_init                           0x0202a2cd   Thumb Code    14  trace.o(.text.trace_rtt_init)
    __0printf                                0x0202a2dd   Thumb Code    22  printfa.o(i.__0printf)
    __1printf                                0x0202a2dd   Thumb Code     0  printfa.o(i.__0printf)
    __2printf                                0x0202a2dd   Thumb Code     0  printfa.o(i.__0printf)
    __c89printf                              0x0202a2dd   Thumb Code     0  printfa.o(i.__0printf)
    printf                                   0x0202a2dd   Thumb Code     0  printfa.o(i.__0printf)
    __scatterload_copy                       0x0202a2fd   Thumb Code    14  handlers.o(i.__scatterload_copy)
    __scatterload_null                       0x0202a30b   Thumb Code     2  handlers.o(i.__scatterload_null)
    __scatterload_zeroinit                   0x0202a30d   Thumb Code    14  handlers.o(i.__scatterload_zeroinit)
    io_output_source_map                     0x0202ac06   Data         798  peripheral_pinctrl.o(.rodata.io_output_source_map)
    Region$$Table$$Base                      0x0202b010   Number         0  anon$$obj.o(Region$$Table)
    Region$$Table$$Limit                     0x0202b030   Number         0  anon$$obj.o(Region$$Table)
    __stdout                                 0x20005528   Data           4  stdout.o(.data)
    _SEGGER_RTT                              0x20005530   Data          72  trace.o(.bss._SEGGER_RTT)
    read_data                                0x20005780   Data         320  spi_spi1_read_write_with_dma.o(.bss.read_data)
    trace_ctx                                0x200058c4   Data           1  main.o(.bss.trace_ctx)
    write_data                               0x200058c8   Data         320  spi_spi1_read_write_with_dma.o(.bss.write_data)
    __initial_sp                             0x20005a0c   Data           0  startup_ing91800.o(STACK)



==============================================================================

Memory Map of the image

  Image Entry point : 0x02028009

  Load Region LR_IROM1 (Base: 0x02028000, Size: 0x00003038, Max: 0x00058000, ABSOLUTE)

    Execution Region ER_IROM1 (Exec base: 0x02028000, Load base: 0x02028000, Size: 0x00003030, Max: 0x00058000, ABSOLUTE)

    Exec Addr    Load Addr    Size         Type   Attr      Idx    E Section Name        Object

    0x02028000   0x02028000   0x00000008   Data   RO          119    RESET               startup_ing91800.o
    0x02028008   0x02028008   0x00000000   Code   RO          694  * .ARM.Collect$$$$00000000  mc_w.l(entry.o)
    0x02028008   0x02028008   0x00000004   Code   RO          751    .ARM.Collect$$$$00000001  mc_w.l(entry2.o)
    0x0202800c   0x0202800c   0x00000004   Code   RO          754    .ARM.Collect$$$$00000004  mc_w.l(entry5.o)
    0x02028010   0x02028010   0x00000000   Code   RO          756    .ARM.Collect$$$$00000008  mc_w.l(entry7b.o)
    0x02028010   0x02028010   0x00000000   Code   RO          758    .ARM.Collect$$$$0000000A  mc_w.l(entry8b.o)
    0x02028010   0x02028010   0x00000008   Code   RO          759    .ARM.Collect$$$$0000000B  mc_w.l(entry9a.o)
    0x02028018   0x02028018   0x00000000   Code   RO          761    .ARM.Collect$$$$0000000D  mc_w.l(entry10a.o)
    0x02028018   0x02028018   0x00000000   Code   RO          763    .ARM.Collect$$$$0000000F  mc_w.l(entry11a.o)
    0x02028018   0x02028018   0x00000004   Code   RO          752    .ARM.Collect$$$$00002712  mc_w.l(entry2.o)
    0x0202801c   0x0202801c   0x00000018   Code   RO          120    .text               startup_ing91800.o
    0x02028034   0x02028034   0x00000024   Code   RO          695    .text               mc_w.l(init.o)
    0x02028058   0x02028058   0x00000024   Code   RO          699    .text               mc_w.l(memcpya.o)
    0x0202807c   0x0202807c   0x00000024   Code   RO          701    .text               mc_w.l(memseta.o)
    0x020280a0   0x020280a0   0x00000012   Code   RO          705    .text               mc_w.l(strcpy.o)
    0x020280b2   0x020280b2   0x0000014e   Code   RO          739    .text               mf_w.l(dadd.o)
    0x02028200   0x02028200   0x000000de   Code   RO          741    .text               mf_w.l(ddiv.o)
    0x020282de   0x020282de   0x0000002c   Code   RO          775    .text               mc_w.l(uidiv.o)
    0x0202830a   0x0202830a   0x00000062   Code   RO          777    .text               mc_w.l(uldiv.o)
    0x0202836c   0x0202836c   0x0000001e   Code   RO          779    .text               mc_w.l(llshl.o)
    0x0202838a   0x0202838a   0x00000024   Code   RO          781    .text               mc_w.l(llsshr.o)
    0x020283ae   0x020283ae   0x00000000   Code   RO          783    .text               mc_w.l(iusefp.o)
    0x020283ae   0x020283ae   0x000000ba   Code   RO          786    .text               mf_w.l(depilogue.o)
    0x02028468   0x02028468   0x000000e4   Code   RO          788    .text               mf_w.l(dmul.o)
    0x0202854c   0x0202854c   0x00000030   Code   RO          790    .text               mf_w.l(dfixul.o)
    0x0202857c   0x0202857c   0x00000030   Code   RO          792    .text               mf_w.l(cdrcmple.o)
    0x020285ac   0x020285ac   0x00000020   Code   RO          794    .text               mc_w.l(llushr.o)
    0x020285cc   0x020285cc   0x00000064   Code   RO          535    .text.DMA_EnableChannel  peripheral_dma.o
    0x02028630   0x02028630   0x00000124   Code   RO          527    .text.DMA_GetPeripheralDataAddr  peripheral_dma.o
    0x02028754   0x02028754   0x00000078   Code   RO          525    .text.DMA_GetPeripheralWidth  peripheral_dma.o
    0x020287cc   0x020287cc   0x000000d6   Code   RO          529    .text.DMA_PrepareMem2Peripheral  peripheral_dma.o
    0x020288a2   0x020288a2   0x00000002   PAD
    0x020288a4   0x020288a4   0x000000b2   Code   RO          523    .text.DMA_PreparePeripheral2Mem  peripheral_dma.o
    0x02028956   0x02028956   0x00000002   PAD
    0x02028958   0x02028958   0x00000036   Code   RO          533    .text.DMA_Reset     peripheral_dma.o
    0x0202898e   0x0202898e   0x00000002   PAD
    0x02028990   0x02028990   0x00000036   Code   RO          545    .text.DMG_GetSPIDMAWidth  peripheral_dma.o
    0x020289c6   0x020289c6   0x00000002   PAD
    0x020289c8   0x020289c8   0x00000090   Code   RO          206    .text.PINCTRL_Pull  peripheral_pinctrl.o
    0x02028a58   0x02028a58   0x00000090   Code   RO          188    .text.PINCTRL_SelInput  peripheral_pinctrl.o
    0x02028ae8   0x02028ae8   0x00000206   Code   RO          192    .text.PINCTRL_SelSpiIn  peripheral_pinctrl.o
    0x02028cee   0x02028cee   0x00000002   PAD
    0x02028cf0   0x02028cf0   0x000001a6   Code   RO          190    .text.PINCTRL_SetPadMux  peripheral_pinctrl.o
    0x02028e96   0x02028e96   0x00000002   PAD
    0x02028e98   0x02028e98   0x00000022   Code   RO          622    .text.SEGGER_RTT_GetAvailWriteSpace  trace.o
    0x02028eba   0x02028eba   0x00000002   PAD
    0x02028ebc   0x02028ebc   0x00000008   Code   RO          614    .text.SEGGER_RTT_Init  trace.o
    0x02028ec4   0x02028ec4   0x00000048   Code   RO          578    .text.SEGGER_RTT_Write  trace.o
    0x02028f0c   0x02028f0c   0x000000b0   Code   RO          574    .text.SEGGER_RTT_WriteNoLock  trace.o
    0x02028fbc   0x02028fbc   0x00000016   Code   RO          249    .text.SYSCTRL_ClearClkGate  peripheral_sysctrl.o
    0x02028fd2   0x02028fd2   0x00000002   PAD
    0x02028fd4   0x02028fd4   0x00000042   Code   RO          253    .text.SYSCTRL_ClearClkGateMulti  peripheral_sysctrl.o
    0x02029016   0x02029016   0x00000002   PAD
    0x02029018   0x02029018   0x00000376   Code   RO          247    .text.SYSCTRL_ClkGateCtrl  peripheral_sysctrl.o
    0x0202938e   0x0202938e   0x00000002   PAD
    0x02029390   0x02029390   0x00000086   Code   RO          337    .text.SYSCTRL_GetDmaId  peripheral_sysctrl.o
    0x02029416   0x02029416   0x00000002   PAD
    0x02029418   0x02029418   0x00000052   Code   RO          307    .text.SYSCTRL_GetPLLClk  peripheral_sysctrl.o
    0x0202946a   0x0202946a   0x00000002   PAD
    0x0202946c   0x0202946c   0x000000a2   Code   RO          293    .text.SYSCTRL_GetSlowClk  peripheral_sysctrl.o
    0x0202950e   0x0202950e   0x00000002   PAD
    0x02029510   0x02029510   0x00000014   Code   RO          173    .text.UART_SendData  peripheral_uart.o
    0x02029524   0x02029524   0x0000009c   Code   RO          556    .text._DoInit       trace.o
    0x020295c0   0x020295c0   0x0000003e   Code   RO          568    .text._GetAvailWriteSpace  trace.o
    0x020295fe   0x020295fe   0x00000002   PAD
    0x02029600   0x02029600   0x000000e0   Code   RO          572    .text._WriteBlocking  trace.o
    0x020296e0   0x020296e0   0x00000080   Code   RO          570    .text._WriteNoCheck  trace.o
    0x02029760   0x02029760   0x00000014   Code   RO          431    .text.apSSP_ClearIntStatus  peripheral_ssp.o
    0x02029774   0x02029774   0x000000a6   Code   RO          401    .text.apSSP_DeviceParametersSet  peripheral_ssp.o
    0x0202981a   0x0202981a   0x00000002   PAD
    0x0202981c   0x0202981c   0x0000001c   Code   RO          451    .text.apSSP_GetDataNumInRxFifo  peripheral_ssp.o
    0x02029838   0x02029838   0x0000000c   Code   RO          429    .text.apSSP_GetIntRawStatus  peripheral_ssp.o
    0x02029844   0x02029844   0x00000010   Code   RO          461    .text.apSSP_GetSlaveRxDataCnt  peripheral_ssp.o
    0x02029854   0x02029854   0x00000010   Code   RO          459    .text.apSSP_GetSlaveTxDataCnt  peripheral_ssp.o
    0x02029864   0x02029864   0x0000002e   Code   RO          395    .text.apSSP_Initialize  peripheral_ssp.o
    0x02029892   0x02029892   0x00000002   PAD
    0x02029894   0x02029894   0x00000014   Code   RO          409    .text.apSSP_IntEnable  peripheral_ssp.o
    0x020298a8   0x020298a8   0x00000022   Code   RO          399    .text.apSSP_ResetRxFifo  peripheral_ssp.o
    0x020298ca   0x020298ca   0x00000002   PAD
    0x020298cc   0x020298cc   0x00000022   Code   RO          397    .text.apSSP_ResetTxFifo  peripheral_ssp.o
    0x020298ee   0x020298ee   0x00000002   PAD
    0x020298f0   0x020298f0   0x00000024   Code   RO          437    .text.apSSP_SetRxDmaEn  peripheral_ssp.o
    0x02029914   0x02029914   0x00000024   Code   RO          405    .text.apSSP_SetRxThres  peripheral_ssp.o
    0x02029938   0x02029938   0x00000022   Code   RO          407    .text.apSSP_SetTimingSclkDiv  peripheral_ssp.o
    0x0202995a   0x0202995a   0x00000002   PAD
    0x0202995c   0x0202995c   0x00000022   Code   RO          425    .text.apSSP_SetTransferControlRdTranCnt  peripheral_ssp.o
    0x0202997e   0x0202997e   0x00000002   PAD
    0x02029980   0x02029980   0x0000002a   Code   RO          423    .text.apSSP_SetTransferControlWrTranCnt  peripheral_ssp.o
    0x020299aa   0x020299aa   0x00000002   PAD
    0x020299ac   0x020299ac   0x00000024   Code   RO          435    .text.apSSP_SetTxDmaEn  peripheral_ssp.o
    0x020299d0   0x020299d0   0x00000024   Code   RO          403    .text.apSSP_SetTxThres  peripheral_ssp.o
    0x020299f4   0x020299f4   0x00000074   Code   RO          127    .text.apUART_BaudRateSet  peripheral_uart.o
    0x02029a68   0x02029a68   0x00000010   Code   RO          139    .text.apUART_Check_TXFIFO_FULL  peripheral_uart.o
    0x02029a78   0x02029a78   0x00000098   Code   RO          171    .text.apUART_Initialize  peripheral_uart.o
    0x02029b10   0x02029b10   0x000000d4   Code   RO           20    .text.app_main      main.o
    0x02029be4   0x02029be4   0x00000008   Code   RO           14    .text.app_timer_callback  main.o
    0x02029bec   0x02029bec   0x0000001e   Code   RO           24    .text.cb_assertion  main.o
    0x02029c0a   0x02029c0a   0x00000002   PAD
    0x02029c0c   0x02029c0c   0x00000056   Code   RO           22    .text.cb_hard_fault  main.o
    0x02029c62   0x02029c62   0x00000002   PAD
    0x02029c64   0x02029c64   0x0000001a   Code   RO           26    .text.cb_heap_out_of_mem  main.o
    0x02029c7e   0x02029c7e   0x00000002   PAD
    0x02029c80   0x02029c80   0x00000034   Code   RO            2    .text.cb_putc       main.o
    0x02029cb4   0x02029cb4   0x0000007e   Code   RO          634    .text.cb_trace_rtt  trace.o
    0x02029d32   0x02029d32   0x00000002   PAD
    0x02029d34   0x02029d34   0x00000054   Code   RO            6    .text.config_uart   main.o
    0x02029d88   0x02029d88   0x00000016   Code   RO            4    .text.fputc         main.o
    0x02029d9e   0x02029d9e   0x00000002   PAD
    0x02029da0   0x02029da0   0x00000012   Code   RO           16    .text.on_deep_sleep_wakeup  main.o
    0x02029db2   0x02029db2   0x00000002   PAD
    0x02029db4   0x02029db4   0x00000028   Code   RO           28    .text.packet_schedule_task  main.o
    0x02029ddc   0x02029ddc   0x0000002e   Code   RO           80    .text.peripherals_spi_dma_to_txfifo  spi_spi1_read_write_with_dma.o
    0x02029e0a   0x02029e0a   0x00000002   PAD
    0x02029e0c   0x02029e0c   0x00000106   Code   RO           96    .text.peripherals_spi_isr  spi_spi1_read_write_with_dma.o
    0x02029f12   0x02029f12   0x00000002   PAD
    0x02029f14   0x02029f14   0x0000004e   Code   RO           82    .text.peripherals_spi_push_data  spi_spi1_read_write_with_dma.o
    0x02029f62   0x02029f62   0x00000002   PAD
    0x02029f64   0x02029f64   0x00000034   Code   RO           86    .text.peripherals_spi_read_data  spi_spi1_read_write_with_dma.o
    0x02029f98   0x02029f98   0x0000002e   Code   RO           78    .text.peripherals_spi_rxfifo_to_dma  spi_spi1_read_write_with_dma.o
    0x02029fc6   0x02029fc6   0x00000002   PAD
    0x02029fc8   0x02029fc8   0x0000009e   Code   RO          232    .text.pin_id_for_input_source  peripheral_pinctrl.o
    0x0202a066   0x0202a066   0x00000002   PAD
    0x0202a068   0x0202a068   0x0000000c   Code   RO           18    .text.query_deep_sleep_allowed  main.o
    0x0202a074   0x0202a074   0x00000032   Code   RO          263    .text.set_reg_bit   peripheral_sysctrl.o
    0x0202a0a6   0x0202a0a6   0x00000002   PAD
    0x0202a0a8   0x0202a0a8   0x00000044   Code   RO          220    .text.set_reg_bits  peripheral_pinctrl.o
    0x0202a0ec   0x0202a0ec   0x0000006e   Code   RO           12    .text.setup_peripherals  main.o
    0x0202a15a   0x0202a15a   0x00000002   PAD
    0x0202a15c   0x0202a15c   0x0000003e   Code   RO           88    .text.setup_peripherals_spi  spi_spi1_read_write_with_dma.o
    0x0202a19a   0x0202a19a   0x00000002   PAD
    0x0202a19c   0x0202a19c   0x00000028   Code   RO           92    .text.setup_peripherals_spi_module  spi_spi1_read_write_with_dma.o
    0x0202a1c4   0x0202a1c4   0x00000066   Code   RO           90    .text.setup_peripherals_spi_pin  spi_spi1_read_write_with_dma.o
    0x0202a22a   0x0202a22a   0x00000002   PAD
    0x0202a22c   0x0202a22c   0x000000a0   Code   RO          218    .text.source_id_on_pin  peripheral_pinctrl.o
    0x0202a2cc   0x0202a2cc   0x0000000e   Code   RO          648    .text.trace_rtt_init  trace.o
    0x0202a2da   0x0202a2da   0x00000002   PAD
    0x0202a2dc   0x0202a2dc   0x00000020   Code   RO          710    i.__0printf         mc_w.l(printfa.o)
    0x0202a2fc   0x0202a2fc   0x0000000e   Code   RO          798    i.__scatterload_copy  mc_w.l(handlers.o)
    0x0202a30a   0x0202a30a   0x00000002   Code   RO          799    i.__scatterload_null  mc_w.l(handlers.o)
    0x0202a30c   0x0202a30c   0x0000000e   Code   RO          800    i.__scatterload_zeroinit  mc_w.l(handlers.o)
    0x0202a31a   0x0202a31a   0x00000002   PAD
    0x0202a31c   0x0202a31c   0x00000184   Code   RO          717    i._fp_digits        mc_w.l(printfa.o)
    0x0202a4a0   0x0202a4a0   0x000006dc   Code   RO          718    i._printf_core      mc_w.l(printfa.o)
    0x0202ab7c   0x0202ab7c   0x00000024   Code   RO          719    i._printf_post_padding  mc_w.l(printfa.o)
    0x0202aba0   0x0202aba0   0x0000002e   Code   RO          720    i._printf_pre_padding  mc_w.l(printfa.o)
    0x0202abce   0x0202abce   0x00000014   Data   RO          104    .rodata..L__const.setup_peripherals_spi_module.pParam  spi_spi1_read_write_with_dma.o
    0x0202abe2   0x0202abe2   0x0000000c   Data   RO          237    .rodata.PINCTRL_SelSpiIn.bit_offset_tab  peripheral_pinctrl.o
    0x0202abee   0x0202abee   0x0000000c   Data   RO          236    .rodata.PINCTRL_SelSpiIn.reg_tab  peripheral_pinctrl.o
    0x0202abfa   0x0202abfa   0x0000000c   Data   RO          235    .rodata.PINCTRL_SelSpiIn.source_tab  peripheral_pinctrl.o
    0x0202ac06   0x0202ac06   0x0000031e   Data   RO          234    .rodata.io_output_source_map  peripheral_pinctrl.o
    0x0202af24   0x0202af24   0x00000091   Data   RO           30    .rodata.str1.1      main.o
    0x0202afb5   0x0202afb5   0x00000045   Data   RO          101    .rodata.str1.1      spi_spi1_read_write_with_dma.o
    0x0202affa   0x0202affa   0x00000014   Data   RO          683    .rodata.str1.1      trace.o
    0x0202b00e   0x0202b00e   0x00000002   PAD
    0x0202b010   0x0202b010   0x00000020   Data   RO          797    Region$$Table       anon$$obj.o


    Execution Region RW_IRAM1 (Exec base: 0x20005528, Load base: 0x0202b030, Size: 0x000004e4, Max: 0x00002ad8, ABSOLUTE)

    Exec Addr    Load Addr    Size         Type   Attr      Idx    E Section Name        Object

    0x20005528   0x0202b030   0x00000004   Data   RW          765    .data               mc_w.l(stdout.o)
    0x2000552c   0x0202b034   0x00000004   Data   RW          100    .data.peripherals_spi_push_data.data  spi_spi1_read_write_with_dma.o
    0x20005530        -       0x00000048   Zero   RW          680    .bss._SEGGER_RTT    trace.o
    0x20005578        -       0x00000010   Zero   RW          687    .bss._acDownBuffer  trace.o
    0x20005588        -       0x000001f4   Zero   RW          686    .bss._acUpBuffer    trace.o
    0x2000577c        -       0x00000004   Zero   RW           31    .bss.app_timer      main.o
    0x20005780        -       0x00000140   Zero   RW           99    .bss.read_data      spi_spi1_read_write_with_dma.o
    0x200058c0        -       0x00000004   Zero   RW           33    .bss.sem_wakeup     main.o
    0x200058c4        -       0x00000001   Zero   RW           32    .bss.trace_ctx      main.o
    0x200058c5   0x0202b038   0x00000003   PAD
    0x200058c8        -       0x00000140   Zero   RW           98    .bss.write_data     spi_spi1_read_write_with_dma.o
    0x20005a08        -       0x00000004   Zero   RW          117    STACK               startup_ing91800.o


==============================================================================

Image component sizes


      Code (inc. data)   RO Data    RW Data    ZI Data      Debug   Object Name

       700          0        145          0          9       6924   main.o
      1012         56          0          0          0       8552   peripheral_dma.o
      1614          0        834          0          0      13526   peripheral_pinctrl.o
       646          0          0          0          0       8217   peripheral_ssp.o
      1402         66          0          0          0      14506   peripheral_sysctrl.o
       304          0          0          0          0       5785   peripheral_uart.o
       688          0         89          4        640      13376   spi_spi1_read_write_with_dma.o
        24         12          8          0          4        372   startup_ing91800.o
      1000          0         20          0        588      22230   trace.o

    ----------------------------------------------------------------------
      7464        134       1130          4       1244      93488   Object Totals
         0          0         32          0          0          0   (incl. Generated)
        74          0          2          0          3          0   (incl. Padding)

    ----------------------------------------------------------------------

      Code (inc. data)   RO Data    RW Data    ZI Data      Debug   Library Member Name

         0          0          0          0          0          0   entry.o
         0          0          0          0          0          0   entry10a.o
         0          0          0          0          0          0   entry11a.o
         8          4          0          0          0          0   entry2.o
         4          0          0          0          0          0   entry5.o
         0          0          0          0          0          0   entry7b.o
         0          0          0          0          0          0   entry8b.o
         8          4          0          0          0          0   entry9a.o
        30          0          0          0          0          0   handlers.o
        36          8          0          0          0         68   init.o
         0          0          0          0          0          0   iusefp.o
        30          0          0          0          0         68   llshl.o
        36          0          0          0          0         68   llsshr.o
        32          0          0          0          0         68   llushr.o
        36          0          0          0          0         68   memcpya.o
        36          0          0          0          0        108   memseta.o
      2258         90          0          0          0        452   printfa.o
         0          0          0          4          0          0   stdout.o
        18          0          0          0          0         68   strcpy.o
        44          0          0          0          0         80   uidiv.o
        98          0          0          0          0         92   uldiv.o
        48          0          0          0          0         68   cdrcmple.o
       334          0          0          0          0        148   dadd.o
       222          0          0          0          0        100   ddiv.o
       186          0          0          0          0        176   depilogue.o
        48          0          0          0          0         68   dfixul.o
       228          0          0          0          0         96   dmul.o

    ----------------------------------------------------------------------
      3742        106          0          4          0       1796   Library Totals
         2          0          0          0          0          0   (incl. Padding)

    ----------------------------------------------------------------------

      Code (inc. data)   RO Data    RW Data    ZI Data      Debug   Library Name

      2674        106          0          4          0       1140   mc_w.l
      1066          0          0          0          0        656   mf_w.l

    ----------------------------------------------------------------------
      3742        106          0          4          0       1796   Library Totals

    ----------------------------------------------------------------------

==============================================================================


      Code (inc. data)   RO Data    RW Data    ZI Data      Debug   

     11206        240       1130          8       1244      94360   Grand Totals
     11206        240       1130          8       1244      94360   ELF Image Totals
     11206        240       1130          8          0          0   ROM Totals

==============================================================================

    Total RO  Size (Code + RO Data)                12336 (  12.05kB)
    Total RW  Size (RW Data + ZI Data)              1252 (   1.22kB)
    Total ROM Size (Code + RO Data + RW Data)      12344 (  12.05kB)

==============================================================================

