<!doctype html public "-//w3c//dtd html 4.0 transitional//en">
<html><head>
<title>Static Call Graph - [.\output\SPI_916.axf]</title></head>
<body><HR>
<H1>Static Call Graph for image .\output\SPI_916.axf</H1><HR>
<BR><P>#&#060CALLGRAPH&#062# ARM Linker, 6160001: Last Updated: Mon Feb 13 19:28:04 2023
<BR><P>
<H3>Maximum Stack Usage =        252 bytes + Unknown(Untraceable Function Pointers)</H3><H3>
Call chain for Maximum Stack Depth:</H3>
app_main &rArr; setup_peripherals &rArr; setup_peripherals_spi &rArr; peripherals_spi_push_data &rArr; peripherals_spi_dma_to_txfifo &rArr; DMA_PrepareMem2Peripheral &rArr; DMA_GetPeripheralWidth &rArr; DMG_GetSPIDMAWidth
<P>
<H3>
Function Pointers
</H3><UL>
 <LI><a href="#[0]">Reset_Handler</a> from startup_ing91800.o(.text) referenced from startup_ing91800.o(RESET)
 <LI><a href="#[2]">__scatterload</a> from init.o(.text) referenced from startup_ing91800.o(.text)
 <LI><a href="#[3]">app_main</a> from main.o(.text.app_main) referenced from startup_ing91800.o(.text)
 <LI><a href="#[c]">app_timer_callback</a> from main.o(.text.app_timer_callback) referenced 2 times from main.o(.text.setup_peripherals)
 <LI><a href="#[5]">cb_assertion</a> from main.o(.text.cb_assertion) referenced 2 times from main.o(.text.app_main)
 <LI><a href="#[4]">cb_hard_fault</a> from main.o(.text.cb_hard_fault) referenced 2 times from main.o(.text.app_main)
 <LI><a href="#[6]">cb_heap_out_of_mem</a> from main.o(.text.cb_heap_out_of_mem) referenced 2 times from main.o(.text.app_main)
 <LI><a href="#[9]">cb_putc</a> from main.o(.text.cb_putc) referenced 2 times from main.o(.text.app_main)
 <LI><a href="#[a]">cb_trace_rtt</a> from trace.o(.text.cb_trace_rtt) referenced 2 times from main.o(.text.app_main)
 <LI><a href="#[e]">fputc</a> from main.o(.text.fputc) referenced from printfa.o(i.__0printf)
 <LI><a href="#[1]">main</a> from startup_ing91800.o(.text) referenced from entry9a.o(.ARM.Collect$$$$0000000B)
 <LI><a href="#[7]">on_deep_sleep_wakeup</a> from main.o(.text.on_deep_sleep_wakeup) referenced 2 times from main.o(.text.app_main)
 <LI><a href="#[b]">packet_schedule_task</a> from main.o(.text.packet_schedule_task) referenced 2 times from main.o(.text.app_main)
 <LI><a href="#[d]">peripherals_spi_isr</a> from spi_spi1_read_write_with_dma.o(.text.peripherals_spi_isr) referenced 2 times from spi_spi1_read_write_with_dma.o(.text.setup_peripherals_spi_pin)
 <LI><a href="#[8]">query_deep_sleep_allowed</a> from main.o(.text.query_deep_sleep_allowed) referenced 2 times from main.o(.text.app_main)
</UL>
<P>
<H3>
Global Symbols
</H3>
<P><STRONG><a name="[4a]"></a>platform_config</STRONG> (Thumb, 0 bytes, Stack size 0 bytes, symdefs.m(ABSOLUTE))
<BR><BR>[Called By]<UL><LI><a href="#[3]">&gt;&gt;</a>&nbsp;&nbsp;&nbsp;app_main
</UL>

<P><STRONG><a name="[50]"></a>platform_get_gen_os_driver</STRONG> (Thumb, 0 bytes, Stack size 0 bytes, symdefs.m(ABSOLUTE))
<BR><BR>[Called By]<UL><LI><a href="#[a]">&gt;&gt;</a>&nbsp;&nbsp;&nbsp;cb_trace_rtt
</UL>

<P><STRONG><a name="[4d]"></a>platform_printf</STRONG> (Thumb, 0 bytes, Stack size 0 bytes, symdefs.m(ABSOLUTE))
<BR><BR>[Called By]<UL><LI><a href="#[d]">&gt;&gt;</a>&nbsp;&nbsp;&nbsp;peripherals_spi_isr
<LI><a href="#[63]">&gt;&gt;</a>&nbsp;&nbsp;&nbsp;setup_peripherals_spi
<LI><a href="#[6]">&gt;&gt;</a>&nbsp;&nbsp;&nbsp;cb_heap_out_of_mem
<LI><a href="#[4]">&gt;&gt;</a>&nbsp;&nbsp;&nbsp;cb_hard_fault
<LI><a href="#[5]">&gt;&gt;</a>&nbsp;&nbsp;&nbsp;cb_assertion
</UL>

<P><STRONG><a name="[47]"></a>platform_set_evt_callback</STRONG> (Thumb, 0 bytes, Stack size 0 bytes, symdefs.m(ABSOLUTE))
<BR><BR>[Called By]<UL><LI><a href="#[3]">&gt;&gt;</a>&nbsp;&nbsp;&nbsp;app_main
</UL>

<P><STRONG><a name="[6b]"></a>platform_set_irq_callback</STRONG> (Thumb, 0 bytes, Stack size 0 bytes, symdefs.m(ABSOLUTE))
<BR><BR>[Called By]<UL><LI><a href="#[67]">&gt;&gt;</a>&nbsp;&nbsp;&nbsp;setup_peripherals_spi_pin
</UL>

<P><STRONG><a name="[4b]"></a>xQueueGenericCreate</STRONG> (Thumb, 0 bytes, Stack size 0 bytes, symdefs.m(ABSOLUTE))
<BR><BR>[Called By]<UL><LI><a href="#[3]">&gt;&gt;</a>&nbsp;&nbsp;&nbsp;app_main
</UL>

<P><STRONG><a name="[52]"></a>xQueueSemaphoreTake</STRONG> (Thumb, 0 bytes, Stack size 0 bytes, symdefs.m(ABSOLUTE))
<BR><BR>[Called By]<UL><LI><a href="#[b]">&gt;&gt;</a>&nbsp;&nbsp;&nbsp;packet_schedule_task
</UL>

<P><STRONG><a name="[4c]"></a>xTaskCreate</STRONG> (Thumb, 0 bytes, Stack size 0 bytes, symdefs.m(ABSOLUTE))
<BR><BR>[Called By]<UL><LI><a href="#[3]">&gt;&gt;</a>&nbsp;&nbsp;&nbsp;app_main
</UL>

<P><STRONG><a name="[65]"></a>xTaskGetTickCount</STRONG> (Thumb, 0 bytes, Stack size 0 bytes, symdefs.m(ABSOLUTE))
<BR><BR>[Called By]<UL><LI><a href="#[48]">&gt;&gt;</a>&nbsp;&nbsp;&nbsp;setup_peripherals
</UL>

<P><STRONG><a name="[64]"></a>xTimerCreate</STRONG> (Thumb, 0 bytes, Stack size 0 bytes, symdefs.m(ABSOLUTE))
<BR><BR>[Called By]<UL><LI><a href="#[48]">&gt;&gt;</a>&nbsp;&nbsp;&nbsp;setup_peripherals
</UL>

<P><STRONG><a name="[66]"></a>xTimerGenericCommand</STRONG> (Thumb, 0 bytes, Stack size 0 bytes, symdefs.m(ABSOLUTE))
<BR><BR>[Called By]<UL><LI><a href="#[48]">&gt;&gt;</a>&nbsp;&nbsp;&nbsp;setup_peripherals
</UL>

<P><STRONG><a name="[f]"></a>__main</STRONG> (Thumb, 0 bytes, Stack size unknown bytes, entry.o(.ARM.Collect$$$$00000000))

<P><STRONG><a name="[73]"></a>_main_stk</STRONG> (Thumb, 0 bytes, Stack size unknown bytes, entry2.o(.ARM.Collect$$$$00000001))

<P><STRONG><a name="[10]"></a>_main_scatterload</STRONG> (Thumb, 0 bytes, Stack size unknown bytes, entry5.o(.ARM.Collect$$$$00000004))
<BR><BR>[Calls]<UL><LI><a href="#[2]">&gt;&gt;</a>&nbsp;&nbsp;&nbsp;__scatterload
</UL>

<P><STRONG><a name="[11]"></a>__main_after_scatterload</STRONG> (Thumb, 0 bytes, Stack size unknown bytes, entry5.o(.ARM.Collect$$$$00000004))
<BR><BR>[Called By]<UL><LI><a href="#[2]">&gt;&gt;</a>&nbsp;&nbsp;&nbsp;__scatterload
</UL>

<P><STRONG><a name="[74]"></a>_main_clock</STRONG> (Thumb, 0 bytes, Stack size unknown bytes, entry7b.o(.ARM.Collect$$$$00000008))

<P><STRONG><a name="[75]"></a>_main_cpp_init</STRONG> (Thumb, 0 bytes, Stack size unknown bytes, entry8b.o(.ARM.Collect$$$$0000000A))

<P><STRONG><a name="[76]"></a>_main_init</STRONG> (Thumb, 0 bytes, Stack size unknown bytes, entry9a.o(.ARM.Collect$$$$0000000B))

<P><STRONG><a name="[77]"></a>__rt_final_cpp</STRONG> (Thumb, 0 bytes, Stack size unknown bytes, entry10a.o(.ARM.Collect$$$$0000000D))

<P><STRONG><a name="[78]"></a>__rt_final_exit</STRONG> (Thumb, 0 bytes, Stack size unknown bytes, entry11a.o(.ARM.Collect$$$$0000000F))

<P><STRONG><a name="[0]"></a>Reset_Handler</STRONG> (Thumb, 6 bytes, Stack size 0 bytes, startup_ing91800.o(.text))
<BR>[Address Reference Count : 1]<UL><LI> startup_ing91800.o(RESET)
</UL>
<P><STRONG><a name="[1]"></a>main</STRONG> (Thumb, 6 bytes, Stack size 0 bytes, startup_ing91800.o(.text))
<BR>[Address Reference Count : 1]<UL><LI> entry9a.o(.ARM.Collect$$$$0000000B)
</UL>
<P><STRONG><a name="[2]"></a>__scatterload</STRONG> (Thumb, 28 bytes, Stack size 0 bytes, init.o(.text))
<BR><BR>[Calls]<UL><LI><a href="#[11]">&gt;&gt;</a>&nbsp;&nbsp;&nbsp;__main_after_scatterload
</UL>
<BR>[Called By]<UL><LI><a href="#[10]">&gt;&gt;</a>&nbsp;&nbsp;&nbsp;_main_scatterload
</UL>
<BR>[Address Reference Count : 1]<UL><LI> startup_ing91800.o(.text)
</UL>
<P><STRONG><a name="[79]"></a>__scatterload_rt2</STRONG> (Thumb, 0 bytes, Stack size 0 bytes, init.o(.text), UNUSED)

<P><STRONG><a name="[3c]"></a>__aeabi_memcpy</STRONG> (Thumb, 36 bytes, Stack size 0 bytes, memcpya.o(.text))
<BR><BR>[Called By]<UL><LI><a href="#[33]">&gt;&gt;</a>&nbsp;&nbsp;&nbsp;_WriteNoCheck
<LI><a href="#[34]">&gt;&gt;</a>&nbsp;&nbsp;&nbsp;_WriteBlocking
<LI><a href="#[68]">&gt;&gt;</a>&nbsp;&nbsp;&nbsp;setup_peripherals_spi_module
</UL>

<P><STRONG><a name="[7a]"></a>__aeabi_memcpy4</STRONG> (Thumb, 0 bytes, Stack size 0 bytes, memcpya.o(.text), UNUSED)

<P><STRONG><a name="[7b]"></a>__aeabi_memcpy8</STRONG> (Thumb, 0 bytes, Stack size 0 bytes, memcpya.o(.text), UNUSED)

<P><STRONG><a name="[13]"></a>__aeabi_memset</STRONG> (Thumb, 14 bytes, Stack size 0 bytes, memseta.o(.text), UNUSED)
<BR><BR>[Called By]<UL><LI><a href="#[14]">&gt;&gt;</a>&nbsp;&nbsp;&nbsp;_memset$wrapper
<LI><a href="#[12]">&gt;&gt;</a>&nbsp;&nbsp;&nbsp;__aeabi_memclr
</UL>

<P><STRONG><a name="[5d]"></a>__aeabi_memset4</STRONG> (Thumb, 0 bytes, Stack size 0 bytes, memseta.o(.text))
<BR><BR>[Called By]<UL><LI><a href="#[58]">&gt;&gt;</a>&nbsp;&nbsp;&nbsp;peripherals_spi_push_data
</UL>

<P><STRONG><a name="[7c]"></a>__aeabi_memset8</STRONG> (Thumb, 0 bytes, Stack size 0 bytes, memseta.o(.text), UNUSED)

<P><STRONG><a name="[12]"></a>__aeabi_memclr</STRONG> (Thumb, 4 bytes, Stack size 0 bytes, memseta.o(.text), UNUSED)
<BR><BR>[Calls]<UL><LI><a href="#[13]">&gt;&gt;</a>&nbsp;&nbsp;&nbsp;__aeabi_memset
</UL>

<P><STRONG><a name="[7d]"></a>__aeabi_memclr4</STRONG> (Thumb, 0 bytes, Stack size 0 bytes, memseta.o(.text), UNUSED)

<P><STRONG><a name="[7e]"></a>__aeabi_memclr8</STRONG> (Thumb, 0 bytes, Stack size 0 bytes, memseta.o(.text), UNUSED)

<P><STRONG><a name="[14]"></a>_memset$wrapper</STRONG> (Thumb, 18 bytes, Stack size 8 bytes, memseta.o(.text), UNUSED)
<BR><BR>[Calls]<UL><LI><a href="#[13]">&gt;&gt;</a>&nbsp;&nbsp;&nbsp;__aeabi_memset
</UL>

<P><STRONG><a name="[3b]"></a>strcpy</STRONG> (Thumb, 18 bytes, Stack size 0 bytes, strcpy.o(.text))
<BR><BR>[Called By]<UL><LI><a href="#[30]">&gt;&gt;</a>&nbsp;&nbsp;&nbsp;_DoInit
</UL>

<P><STRONG><a name="[15]"></a>__aeabi_dadd</STRONG> (Thumb, 322 bytes, Stack size 48 bytes, dadd.o(.text), UNUSED)
<BR><BR>[Calls]<UL><LI><a href="#[17]">&gt;&gt;</a>&nbsp;&nbsp;&nbsp;__aeabi_lasr
<LI><a href="#[16]">&gt;&gt;</a>&nbsp;&nbsp;&nbsp;__aeabi_llsl
<LI><a href="#[19]">&gt;&gt;</a>&nbsp;&nbsp;&nbsp;_double_round
<LI><a href="#[18]">&gt;&gt;</a>&nbsp;&nbsp;&nbsp;_double_epilogue
</UL>
<BR>[Called By]<UL><LI><a href="#[1b]">&gt;&gt;</a>&nbsp;&nbsp;&nbsp;__aeabi_drsub
<LI><a href="#[1a]">&gt;&gt;</a>&nbsp;&nbsp;&nbsp;__aeabi_dsub
<LI><a href="#[6e]">&gt;&gt;</a>&nbsp;&nbsp;&nbsp;_fp_digits
</UL>

<P><STRONG><a name="[1a]"></a>__aeabi_dsub</STRONG> (Thumb, 6 bytes, Stack size 0 bytes, dadd.o(.text), UNUSED)
<BR><BR>[Calls]<UL><LI><a href="#[15]">&gt;&gt;</a>&nbsp;&nbsp;&nbsp;__aeabi_dadd
</UL>

<P><STRONG><a name="[1b]"></a>__aeabi_drsub</STRONG> (Thumb, 6 bytes, Stack size 0 bytes, dadd.o(.text), UNUSED)
<BR><BR>[Calls]<UL><LI><a href="#[15]">&gt;&gt;</a>&nbsp;&nbsp;&nbsp;__aeabi_dadd
</UL>

<P><STRONG><a name="[1c]"></a>__aeabi_ddiv</STRONG> (Thumb, 222 bytes, Stack size 32 bytes, ddiv.o(.text), UNUSED)
<BR><BR>[Calls]<UL><LI><a href="#[19]">&gt;&gt;</a>&nbsp;&nbsp;&nbsp;_double_round
</UL>
<BR>[Called By]<UL><LI><a href="#[6e]">&gt;&gt;</a>&nbsp;&nbsp;&nbsp;_fp_digits
</UL>

<P><STRONG><a name="[7f]"></a>__aeabi_uidiv</STRONG> (Thumb, 0 bytes, Stack size 12 bytes, uidiv.o(.text), UNUSED)

<P><STRONG><a name="[72]"></a>__aeabi_uidivmod</STRONG> (Thumb, 44 bytes, Stack size 12 bytes, uidiv.o(.text), UNUSED)
<BR><BR>[Called By]<UL><LI><a href="#[6d]">&gt;&gt;</a>&nbsp;&nbsp;&nbsp;_printf_core
</UL>

<P><STRONG><a name="[1d]"></a>__aeabi_uldivmod</STRONG> (Thumb, 98 bytes, Stack size 40 bytes, uldiv.o(.text), UNUSED)
<BR><BR>[Calls]<UL><LI><a href="#[1e]">&gt;&gt;</a>&nbsp;&nbsp;&nbsp;__aeabi_llsr
<LI><a href="#[16]">&gt;&gt;</a>&nbsp;&nbsp;&nbsp;__aeabi_llsl
</UL>
<BR>[Called By]<UL><LI><a href="#[6d]">&gt;&gt;</a>&nbsp;&nbsp;&nbsp;_printf_core
<LI><a href="#[6e]">&gt;&gt;</a>&nbsp;&nbsp;&nbsp;_fp_digits
</UL>

<P><STRONG><a name="[16]"></a>__aeabi_llsl</STRONG> (Thumb, 30 bytes, Stack size 0 bytes, llshl.o(.text), UNUSED)
<BR><BR>[Called By]<UL><LI><a href="#[15]">&gt;&gt;</a>&nbsp;&nbsp;&nbsp;__aeabi_dadd
<LI><a href="#[1d]">&gt;&gt;</a>&nbsp;&nbsp;&nbsp;__aeabi_uldivmod
<LI><a href="#[18]">&gt;&gt;</a>&nbsp;&nbsp;&nbsp;_double_epilogue
<LI><a href="#[20]">&gt;&gt;</a>&nbsp;&nbsp;&nbsp;__aeabi_d2ulz
</UL>

<P><STRONG><a name="[80]"></a>_ll_shift_l</STRONG> (Thumb, 0 bytes, Stack size 0 bytes, llshl.o(.text), UNUSED)

<P><STRONG><a name="[17]"></a>__aeabi_lasr</STRONG> (Thumb, 36 bytes, Stack size 0 bytes, llsshr.o(.text), UNUSED)
<BR><BR>[Called By]<UL><LI><a href="#[15]">&gt;&gt;</a>&nbsp;&nbsp;&nbsp;__aeabi_dadd
</UL>

<P><STRONG><a name="[81]"></a>_ll_sshift_r</STRONG> (Thumb, 0 bytes, Stack size 0 bytes, llsshr.o(.text), UNUSED)

<P><STRONG><a name="[82]"></a>__I$use$fp</STRONG> (Thumb, 0 bytes, Stack size 8 bytes, iusefp.o(.text), UNUSED)

<P><STRONG><a name="[19]"></a>_double_round</STRONG> (Thumb, 30 bytes, Stack size 8 bytes, depilogue.o(.text), UNUSED)
<BR><BR>[Called By]<UL><LI><a href="#[1c]">&gt;&gt;</a>&nbsp;&nbsp;&nbsp;__aeabi_ddiv
<LI><a href="#[15]">&gt;&gt;</a>&nbsp;&nbsp;&nbsp;__aeabi_dadd
<LI><a href="#[18]">&gt;&gt;</a>&nbsp;&nbsp;&nbsp;_double_epilogue
</UL>

<P><STRONG><a name="[18]"></a>_double_epilogue</STRONG> (Thumb, 156 bytes, Stack size 32 bytes, depilogue.o(.text), UNUSED)
<BR><BR>[Calls]<UL><LI><a href="#[1e]">&gt;&gt;</a>&nbsp;&nbsp;&nbsp;__aeabi_llsr
<LI><a href="#[16]">&gt;&gt;</a>&nbsp;&nbsp;&nbsp;__aeabi_llsl
<LI><a href="#[19]">&gt;&gt;</a>&nbsp;&nbsp;&nbsp;_double_round
</UL>
<BR>[Called By]<UL><LI><a href="#[15]">&gt;&gt;</a>&nbsp;&nbsp;&nbsp;__aeabi_dadd
<LI><a href="#[1f]">&gt;&gt;</a>&nbsp;&nbsp;&nbsp;__aeabi_dmul
</UL>

<P><STRONG><a name="[1f]"></a>__aeabi_dmul</STRONG> (Thumb, 228 bytes, Stack size 48 bytes, dmul.o(.text), UNUSED)
<BR><BR>[Calls]<UL><LI><a href="#[18]">&gt;&gt;</a>&nbsp;&nbsp;&nbsp;_double_epilogue
</UL>
<BR>[Called By]<UL><LI><a href="#[6e]">&gt;&gt;</a>&nbsp;&nbsp;&nbsp;_fp_digits
</UL>

<P><STRONG><a name="[20]"></a>__aeabi_d2ulz</STRONG> (Thumb, 48 bytes, Stack size 0 bytes, dfixul.o(.text), UNUSED)
<BR><BR>[Calls]<UL><LI><a href="#[1e]">&gt;&gt;</a>&nbsp;&nbsp;&nbsp;__aeabi_llsr
<LI><a href="#[16]">&gt;&gt;</a>&nbsp;&nbsp;&nbsp;__aeabi_llsl
</UL>
<BR>[Called By]<UL><LI><a href="#[6e]">&gt;&gt;</a>&nbsp;&nbsp;&nbsp;_fp_digits
</UL>

<P><STRONG><a name="[6f]"></a>__aeabi_cdrcmple</STRONG> (Thumb, 48 bytes, Stack size 0 bytes, cdrcmple.o(.text), UNUSED)
<BR><BR>[Called By]<UL><LI><a href="#[6e]">&gt;&gt;</a>&nbsp;&nbsp;&nbsp;_fp_digits
</UL>

<P><STRONG><a name="[1e]"></a>__aeabi_llsr</STRONG> (Thumb, 32 bytes, Stack size 0 bytes, llushr.o(.text), UNUSED)
<BR><BR>[Called By]<UL><LI><a href="#[1d]">&gt;&gt;</a>&nbsp;&nbsp;&nbsp;__aeabi_uldivmod
<LI><a href="#[18]">&gt;&gt;</a>&nbsp;&nbsp;&nbsp;_double_epilogue
<LI><a href="#[20]">&gt;&gt;</a>&nbsp;&nbsp;&nbsp;__aeabi_d2ulz
</UL>

<P><STRONG><a name="[83]"></a>_ll_ushift_r</STRONG> (Thumb, 0 bytes, Stack size 0 bytes, llushr.o(.text), UNUSED)

<P><STRONG><a name="[54]"></a>DMA_EnableChannel</STRONG> (Thumb, 100 bytes, Stack size 32 bytes, peripheral_dma.o(.text.DMA_EnableChannel))
<BR><BR>[Stack]<UL><LI>Max Depth = 32<LI>Call Chain = DMA_EnableChannel
</UL>
<BR>[Called By]<UL><LI><a href="#[62]">&gt;&gt;</a>&nbsp;&nbsp;&nbsp;peripherals_spi_rxfifo_to_dma
<LI><a href="#[53]">&gt;&gt;</a>&nbsp;&nbsp;&nbsp;peripherals_spi_dma_to_txfifo
</UL>

<P><STRONG><a name="[23]"></a>DMA_PrepareMem2Peripheral</STRONG> (Thumb, 214 bytes, Stack size 56 bytes, peripheral_dma.o(.text.DMA_PrepareMem2Peripheral))
<BR><BR>[Stack]<UL><LI>Max Depth = 84<LI>Call Chain = DMA_PrepareMem2Peripheral &rArr; DMA_GetPeripheralWidth &rArr; DMG_GetSPIDMAWidth
</UL>
<BR>[Calls]<UL><LI><a href="#[21]">&gt;&gt;</a>&nbsp;&nbsp;&nbsp;DMA_GetPeripheralWidth
<LI><a href="#[25]">&gt;&gt;</a>&nbsp;&nbsp;&nbsp;DMA_GetPeripheralDataAddr
<LI><a href="#[24]">&gt;&gt;</a>&nbsp;&nbsp;&nbsp;SYSCTRL_GetDmaId
</UL>
<BR>[Called By]<UL><LI><a href="#[53]">&gt;&gt;</a>&nbsp;&nbsp;&nbsp;peripherals_spi_dma_to_txfifo
</UL>

<P><STRONG><a name="[26]"></a>DMA_PreparePeripheral2Mem</STRONG> (Thumb, 178 bytes, Stack size 48 bytes, peripheral_dma.o(.text.DMA_PreparePeripheral2Mem))
<BR><BR>[Stack]<UL><LI>Max Depth = 76<LI>Call Chain = DMA_PreparePeripheral2Mem &rArr; DMA_GetPeripheralWidth &rArr; DMG_GetSPIDMAWidth
</UL>
<BR>[Calls]<UL><LI><a href="#[21]">&gt;&gt;</a>&nbsp;&nbsp;&nbsp;DMA_GetPeripheralWidth
<LI><a href="#[25]">&gt;&gt;</a>&nbsp;&nbsp;&nbsp;DMA_GetPeripheralDataAddr
<LI><a href="#[24]">&gt;&gt;</a>&nbsp;&nbsp;&nbsp;SYSCTRL_GetDmaId
</UL>
<BR>[Called By]<UL><LI><a href="#[62]">&gt;&gt;</a>&nbsp;&nbsp;&nbsp;peripherals_spi_rxfifo_to_dma
</UL>

<P><STRONG><a name="[69]"></a>DMA_Reset</STRONG> (Thumb, 54 bytes, Stack size 4 bytes, peripheral_dma.o(.text.DMA_Reset))
<BR><BR>[Stack]<UL><LI>Max Depth = 4<LI>Call Chain = DMA_Reset
</UL>
<BR>[Called By]<UL><LI><a href="#[63]">&gt;&gt;</a>&nbsp;&nbsp;&nbsp;setup_peripherals_spi
</UL>

<P><STRONG><a name="[6a]"></a>PINCTRL_Pull</STRONG> (Thumb, 144 bytes, Stack size 24 bytes, peripheral_pinctrl.o(.text.PINCTRL_Pull))
<BR><BR>[Stack]<UL><LI>Max Depth = 24<LI>Call Chain = PINCTRL_Pull
</UL>
<BR>[Called By]<UL><LI><a href="#[67]">&gt;&gt;</a>&nbsp;&nbsp;&nbsp;setup_peripherals_spi_pin
</UL>

<P><STRONG><a name="[2b]"></a>PINCTRL_SelSpiIn</STRONG> (Thumb, 518 bytes, Stack size 32 bytes, peripheral_pinctrl.o(.text.PINCTRL_SelSpiIn))
<BR><BR>[Stack]<UL><LI>Max Depth = 108<LI>Call Chain = PINCTRL_SelSpiIn &rArr; PINCTRL_SelInput &rArr; PINCTRL_SetPadMux &rArr; source_id_on_pin
</UL>
<BR>[Calls]<UL><LI><a href="#[27]">&gt;&gt;</a>&nbsp;&nbsp;&nbsp;PINCTRL_SelInput
</UL>
<BR>[Called By]<UL><LI><a href="#[67]">&gt;&gt;</a>&nbsp;&nbsp;&nbsp;setup_peripherals_spi_pin
</UL>

<P><STRONG><a name="[2a]"></a>PINCTRL_SetPadMux</STRONG> (Thumb, 422 bytes, Stack size 24 bytes, peripheral_pinctrl.o(.text.PINCTRL_SetPadMux))
<BR><BR>[Stack]<UL><LI>Max Depth = 44<LI>Call Chain = PINCTRL_SetPadMux &rArr; source_id_on_pin
</UL>
<BR>[Calls]<UL><LI><a href="#[2c]">&gt;&gt;</a>&nbsp;&nbsp;&nbsp;source_id_on_pin
<LI><a href="#[28]">&gt;&gt;</a>&nbsp;&nbsp;&nbsp;set_reg_bits
</UL>
<BR>[Called By]<UL><LI><a href="#[27]">&gt;&gt;</a>&nbsp;&nbsp;&nbsp;PINCTRL_SelInput
<LI><a href="#[67]">&gt;&gt;</a>&nbsp;&nbsp;&nbsp;setup_peripherals_spi_pin
</UL>

<P><STRONG><a name="[2d]"></a>SEGGER_RTT_GetAvailWriteSpace</STRONG> (Thumb, 34 bytes, Stack size 16 bytes, trace.o(.text.SEGGER_RTT_GetAvailWriteSpace))
<BR><BR>[Stack]<UL><LI>Max Depth = 32<LI>Call Chain = SEGGER_RTT_GetAvailWriteSpace &rArr; _GetAvailWriteSpace
</UL>
<BR>[Calls]<UL><LI><a href="#[2e]">&gt;&gt;</a>&nbsp;&nbsp;&nbsp;_GetAvailWriteSpace
</UL>
<BR>[Called By]<UL><LI><a href="#[a]">&gt;&gt;</a>&nbsp;&nbsp;&nbsp;cb_trace_rtt
</UL>

<P><STRONG><a name="[2f]"></a>SEGGER_RTT_Init</STRONG> (Thumb, 8 bytes, Stack size 8 bytes, trace.o(.text.SEGGER_RTT_Init))
<BR><BR>[Stack]<UL><LI>Max Depth = 24<LI>Call Chain = SEGGER_RTT_Init &rArr; _DoInit
</UL>
<BR>[Calls]<UL><LI><a href="#[30]">&gt;&gt;</a>&nbsp;&nbsp;&nbsp;_DoInit
</UL>
<BR>[Called By]<UL><LI><a href="#[49]">&gt;&gt;</a>&nbsp;&nbsp;&nbsp;trace_rtt_init
</UL>

<P><STRONG><a name="[31]"></a>SEGGER_RTT_Write</STRONG> (Thumb, 72 bytes, Stack size 32 bytes, trace.o(.text.SEGGER_RTT_Write))
<BR><BR>[Stack]<UL><LI>Max Depth = 128<LI>Call Chain = SEGGER_RTT_Write &rArr; SEGGER_RTT_WriteNoLock &rArr; _WriteBlocking
</UL>
<BR>[Calls]<UL><LI><a href="#[30]">&gt;&gt;</a>&nbsp;&nbsp;&nbsp;_DoInit
<LI><a href="#[32]">&gt;&gt;</a>&nbsp;&nbsp;&nbsp;SEGGER_RTT_WriteNoLock
</UL>
<BR>[Called By]<UL><LI><a href="#[a]">&gt;&gt;</a>&nbsp;&nbsp;&nbsp;cb_trace_rtt
</UL>

<P><STRONG><a name="[32]"></a>SEGGER_RTT_WriteNoLock</STRONG> (Thumb, 176 bytes, Stack size 48 bytes, trace.o(.text.SEGGER_RTT_WriteNoLock))
<BR><BR>[Stack]<UL><LI>Max Depth = 96<LI>Call Chain = SEGGER_RTT_WriteNoLock &rArr; _WriteBlocking
</UL>
<BR>[Calls]<UL><LI><a href="#[33]">&gt;&gt;</a>&nbsp;&nbsp;&nbsp;_WriteNoCheck
<LI><a href="#[34]">&gt;&gt;</a>&nbsp;&nbsp;&nbsp;_WriteBlocking
<LI><a href="#[2e]">&gt;&gt;</a>&nbsp;&nbsp;&nbsp;_GetAvailWriteSpace
</UL>
<BR>[Called By]<UL><LI><a href="#[31]">&gt;&gt;</a>&nbsp;&nbsp;&nbsp;SEGGER_RTT_Write
</UL>

<P><STRONG><a name="[35]"></a>SYSCTRL_ClearClkGate</STRONG> (Thumb, 22 bytes, Stack size 16 bytes, peripheral_sysctrl.o(.text.SYSCTRL_ClearClkGate))
<BR><BR>[Stack]<UL><LI>Max Depth = 60<LI>Call Chain = SYSCTRL_ClearClkGate &rArr; SYSCTRL_ClkGateCtrl &rArr; set_reg_bit
</UL>
<BR>[Calls]<UL><LI><a href="#[36]">&gt;&gt;</a>&nbsp;&nbsp;&nbsp;SYSCTRL_ClkGateCtrl
</UL>
<BR>[Called By]<UL><LI><a href="#[37]">&gt;&gt;</a>&nbsp;&nbsp;&nbsp;SYSCTRL_ClearClkGateMulti
</UL>

<P><STRONG><a name="[37]"></a>SYSCTRL_ClearClkGateMulti</STRONG> (Thumb, 66 bytes, Stack size 16 bytes, peripheral_sysctrl.o(.text.SYSCTRL_ClearClkGateMulti))
<BR><BR>[Stack]<UL><LI>Max Depth = 76<LI>Call Chain = SYSCTRL_ClearClkGateMulti &rArr; SYSCTRL_ClearClkGate &rArr; SYSCTRL_ClkGateCtrl &rArr; set_reg_bit
</UL>
<BR>[Calls]<UL><LI><a href="#[35]">&gt;&gt;</a>&nbsp;&nbsp;&nbsp;SYSCTRL_ClearClkGate
</UL>
<BR>[Called By]<UL><LI><a href="#[67]">&gt;&gt;</a>&nbsp;&nbsp;&nbsp;setup_peripherals_spi_pin
<LI><a href="#[63]">&gt;&gt;</a>&nbsp;&nbsp;&nbsp;setup_peripherals_spi
<LI><a href="#[48]">&gt;&gt;</a>&nbsp;&nbsp;&nbsp;setup_peripherals
</UL>

<P><STRONG><a name="[24]"></a>SYSCTRL_GetDmaId</STRONG> (Thumb, 134 bytes, Stack size 20 bytes, peripheral_sysctrl.o(.text.SYSCTRL_GetDmaId))
<BR><BR>[Stack]<UL><LI>Max Depth = 20<LI>Call Chain = SYSCTRL_GetDmaId
</UL>
<BR>[Called By]<UL><LI><a href="#[26]">&gt;&gt;</a>&nbsp;&nbsp;&nbsp;DMA_PreparePeripheral2Mem
<LI><a href="#[23]">&gt;&gt;</a>&nbsp;&nbsp;&nbsp;DMA_PrepareMem2Peripheral
</UL>

<P><STRONG><a name="[39]"></a>SYSCTRL_GetPLLClk</STRONG> (Thumb, 82 bytes, Stack size 24 bytes, peripheral_sysctrl.o(.text.SYSCTRL_GetPLLClk))
<BR><BR>[Stack]<UL><LI>Max Depth = 36<LI>Call Chain = SYSCTRL_GetPLLClk &rArr; SYSCTRL_GetSlowClk
</UL>
<BR>[Calls]<UL><LI><a href="#[3a]">&gt;&gt;</a>&nbsp;&nbsp;&nbsp;SYSCTRL_GetSlowClk
</UL>
<BR>[Called By]<UL><LI><a href="#[63]">&gt;&gt;</a>&nbsp;&nbsp;&nbsp;setup_peripherals_spi
</UL>

<P><STRONG><a name="[3a]"></a>SYSCTRL_GetSlowClk</STRONG> (Thumb, 162 bytes, Stack size 12 bytes, peripheral_sysctrl.o(.text.SYSCTRL_GetSlowClk))
<BR><BR>[Stack]<UL><LI>Max Depth = 12<LI>Call Chain = SYSCTRL_GetSlowClk
</UL>
<BR>[Called By]<UL><LI><a href="#[39]">&gt;&gt;</a>&nbsp;&nbsp;&nbsp;SYSCTRL_GetPLLClk
</UL>

<P><STRONG><a name="[4f]"></a>UART_SendData</STRONG> (Thumb, 20 bytes, Stack size 8 bytes, peripheral_uart.o(.text.UART_SendData))
<BR><BR>[Stack]<UL><LI>Max Depth = 8<LI>Call Chain = UART_SendData
</UL>
<BR>[Called By]<UL><LI><a href="#[9]">&gt;&gt;</a>&nbsp;&nbsp;&nbsp;cb_putc
</UL>

<P><STRONG><a name="[5c]"></a>apSSP_ClearIntStatus</STRONG> (Thumb, 20 bytes, Stack size 8 bytes, peripheral_ssp.o(.text.apSSP_ClearIntStatus))
<BR><BR>[Stack]<UL><LI>Max Depth = 8<LI>Call Chain = apSSP_ClearIntStatus
</UL>
<BR>[Called By]<UL><LI><a href="#[d]">&gt;&gt;</a>&nbsp;&nbsp;&nbsp;peripherals_spi_isr
</UL>

<P><STRONG><a name="[3d]"></a>apSSP_DeviceParametersSet</STRONG> (Thumb, 166 bytes, Stack size 16 bytes, peripheral_ssp.o(.text.apSSP_DeviceParametersSet))
<BR><BR>[Stack]<UL><LI>Max Depth = 36<LI>Call Chain = apSSP_DeviceParametersSet &rArr; apSSP_Initialize &rArr; apSSP_ResetTxFifo
</UL>
<BR>[Calls]<UL><LI><a href="#[3f]">&gt;&gt;</a>&nbsp;&nbsp;&nbsp;apSSP_SetTxThres
<LI><a href="#[41]">&gt;&gt;</a>&nbsp;&nbsp;&nbsp;apSSP_SetTimingSclkDiv
<LI><a href="#[40]">&gt;&gt;</a>&nbsp;&nbsp;&nbsp;apSSP_SetRxThres
<LI><a href="#[42]">&gt;&gt;</a>&nbsp;&nbsp;&nbsp;apSSP_IntEnable
<LI><a href="#[3e]">&gt;&gt;</a>&nbsp;&nbsp;&nbsp;apSSP_Initialize
</UL>
<BR>[Called By]<UL><LI><a href="#[68]">&gt;&gt;</a>&nbsp;&nbsp;&nbsp;setup_peripherals_spi_module
</UL>

<P><STRONG><a name="[56]"></a>apSSP_GetDataNumInRxFifo</STRONG> (Thumb, 28 bytes, Stack size 4 bytes, peripheral_ssp.o(.text.apSSP_GetDataNumInRxFifo))
<BR><BR>[Stack]<UL><LI>Max Depth = 4<LI>Call Chain = apSSP_GetDataNumInRxFifo
</UL>
<BR>[Called By]<UL><LI><a href="#[d]">&gt;&gt;</a>&nbsp;&nbsp;&nbsp;peripherals_spi_isr
</UL>

<P><STRONG><a name="[55]"></a>apSSP_GetIntRawStatus</STRONG> (Thumb, 12 bytes, Stack size 4 bytes, peripheral_ssp.o(.text.apSSP_GetIntRawStatus))
<BR><BR>[Stack]<UL><LI>Max Depth = 4<LI>Call Chain = apSSP_GetIntRawStatus
</UL>
<BR>[Called By]<UL><LI><a href="#[d]">&gt;&gt;</a>&nbsp;&nbsp;&nbsp;peripherals_spi_isr
</UL>

<P><STRONG><a name="[5a]"></a>apSSP_GetSlaveRxDataCnt</STRONG> (Thumb, 16 bytes, Stack size 4 bytes, peripheral_ssp.o(.text.apSSP_GetSlaveRxDataCnt))
<BR><BR>[Stack]<UL><LI>Max Depth = 4<LI>Call Chain = apSSP_GetSlaveRxDataCnt
</UL>
<BR>[Called By]<UL><LI><a href="#[d]">&gt;&gt;</a>&nbsp;&nbsp;&nbsp;peripherals_spi_isr
</UL>

<P><STRONG><a name="[59]"></a>apSSP_GetSlaveTxDataCnt</STRONG> (Thumb, 16 bytes, Stack size 4 bytes, peripheral_ssp.o(.text.apSSP_GetSlaveTxDataCnt))
<BR><BR>[Stack]<UL><LI>Max Depth = 4<LI>Call Chain = apSSP_GetSlaveTxDataCnt
</UL>
<BR>[Called By]<UL><LI><a href="#[d]">&gt;&gt;</a>&nbsp;&nbsp;&nbsp;peripherals_spi_isr
</UL>

<P><STRONG><a name="[3e]"></a>apSSP_Initialize</STRONG> (Thumb, 46 bytes, Stack size 16 bytes, peripheral_ssp.o(.text.apSSP_Initialize))
<BR><BR>[Stack]<UL><LI>Max Depth = 20<LI>Call Chain = apSSP_Initialize &rArr; apSSP_ResetTxFifo
</UL>
<BR>[Calls]<UL><LI><a href="#[43]">&gt;&gt;</a>&nbsp;&nbsp;&nbsp;apSSP_ResetTxFifo
<LI><a href="#[44]">&gt;&gt;</a>&nbsp;&nbsp;&nbsp;apSSP_ResetRxFifo
</UL>
<BR>[Called By]<UL><LI><a href="#[3d]">&gt;&gt;</a>&nbsp;&nbsp;&nbsp;apSSP_DeviceParametersSet
</UL>

<P><STRONG><a name="[42]"></a>apSSP_IntEnable</STRONG> (Thumb, 20 bytes, Stack size 8 bytes, peripheral_ssp.o(.text.apSSP_IntEnable))
<BR><BR>[Stack]<UL><LI>Max Depth = 8<LI>Call Chain = apSSP_IntEnable
</UL>
<BR>[Called By]<UL><LI><a href="#[3d]">&gt;&gt;</a>&nbsp;&nbsp;&nbsp;apSSP_DeviceParametersSet
</UL>

<P><STRONG><a name="[44]"></a>apSSP_ResetRxFifo</STRONG> (Thumb, 34 bytes, Stack size 4 bytes, peripheral_ssp.o(.text.apSSP_ResetRxFifo))
<BR><BR>[Stack]<UL><LI>Max Depth = 4<LI>Call Chain = apSSP_ResetRxFifo
</UL>
<BR>[Called By]<UL><LI><a href="#[3e]">&gt;&gt;</a>&nbsp;&nbsp;&nbsp;apSSP_Initialize
</UL>

<P><STRONG><a name="[43]"></a>apSSP_ResetTxFifo</STRONG> (Thumb, 34 bytes, Stack size 4 bytes, peripheral_ssp.o(.text.apSSP_ResetTxFifo))
<BR><BR>[Stack]<UL><LI>Max Depth = 4<LI>Call Chain = apSSP_ResetTxFifo
</UL>
<BR>[Called By]<UL><LI><a href="#[3e]">&gt;&gt;</a>&nbsp;&nbsp;&nbsp;apSSP_Initialize
</UL>

<P><STRONG><a name="[60]"></a>apSSP_SetRxDmaEn</STRONG> (Thumb, 36 bytes, Stack size 8 bytes, peripheral_ssp.o(.text.apSSP_SetRxDmaEn))
<BR><BR>[Stack]<UL><LI>Max Depth = 8<LI>Call Chain = apSSP_SetRxDmaEn
</UL>
<BR>[Called By]<UL><LI><a href="#[57]">&gt;&gt;</a>&nbsp;&nbsp;&nbsp;peripherals_spi_read_data
</UL>

<P><STRONG><a name="[40]"></a>apSSP_SetRxThres</STRONG> (Thumb, 36 bytes, Stack size 8 bytes, peripheral_ssp.o(.text.apSSP_SetRxThres))
<BR><BR>[Stack]<UL><LI>Max Depth = 8<LI>Call Chain = apSSP_SetRxThres
</UL>
<BR>[Called By]<UL><LI><a href="#[3d]">&gt;&gt;</a>&nbsp;&nbsp;&nbsp;apSSP_DeviceParametersSet
</UL>

<P><STRONG><a name="[41]"></a>apSSP_SetTimingSclkDiv</STRONG> (Thumb, 34 bytes, Stack size 8 bytes, peripheral_ssp.o(.text.apSSP_SetTimingSclkDiv))
<BR><BR>[Stack]<UL><LI>Max Depth = 8<LI>Call Chain = apSSP_SetTimingSclkDiv
</UL>
<BR>[Called By]<UL><LI><a href="#[3d]">&gt;&gt;</a>&nbsp;&nbsp;&nbsp;apSSP_DeviceParametersSet
</UL>

<P><STRONG><a name="[61]"></a>apSSP_SetTransferControlRdTranCnt</STRONG> (Thumb, 34 bytes, Stack size 8 bytes, peripheral_ssp.o(.text.apSSP_SetTransferControlRdTranCnt))
<BR><BR>[Stack]<UL><LI>Max Depth = 8<LI>Call Chain = apSSP_SetTransferControlRdTranCnt
</UL>
<BR>[Called By]<UL><LI><a href="#[57]">&gt;&gt;</a>&nbsp;&nbsp;&nbsp;peripherals_spi_read_data
</UL>

<P><STRONG><a name="[5f]"></a>apSSP_SetTransferControlWrTranCnt</STRONG> (Thumb, 42 bytes, Stack size 8 bytes, peripheral_ssp.o(.text.apSSP_SetTransferControlWrTranCnt))
<BR><BR>[Stack]<UL><LI>Max Depth = 8<LI>Call Chain = apSSP_SetTransferControlWrTranCnt
</UL>
<BR>[Called By]<UL><LI><a href="#[58]">&gt;&gt;</a>&nbsp;&nbsp;&nbsp;peripherals_spi_push_data
</UL>

<P><STRONG><a name="[5e]"></a>apSSP_SetTxDmaEn</STRONG> (Thumb, 36 bytes, Stack size 8 bytes, peripheral_ssp.o(.text.apSSP_SetTxDmaEn))
<BR><BR>[Stack]<UL><LI>Max Depth = 8<LI>Call Chain = apSSP_SetTxDmaEn
</UL>
<BR>[Called By]<UL><LI><a href="#[58]">&gt;&gt;</a>&nbsp;&nbsp;&nbsp;peripherals_spi_push_data
</UL>

<P><STRONG><a name="[3f]"></a>apSSP_SetTxThres</STRONG> (Thumb, 36 bytes, Stack size 8 bytes, peripheral_ssp.o(.text.apSSP_SetTxThres))
<BR><BR>[Stack]<UL><LI>Max Depth = 8<LI>Call Chain = apSSP_SetTxThres
</UL>
<BR>[Called By]<UL><LI><a href="#[3d]">&gt;&gt;</a>&nbsp;&nbsp;&nbsp;apSSP_DeviceParametersSet
</UL>

<P><STRONG><a name="[46]"></a>apUART_BaudRateSet</STRONG> (Thumb, 116 bytes, Stack size 24 bytes, peripheral_uart.o(.text.apUART_BaudRateSet))
<BR><BR>[Stack]<UL><LI>Max Depth = 24<LI>Call Chain = apUART_BaudRateSet
</UL>
<BR>[Called By]<UL><LI><a href="#[45]">&gt;&gt;</a>&nbsp;&nbsp;&nbsp;apUART_Initialize
</UL>

<P><STRONG><a name="[4e]"></a>apUART_Check_TXFIFO_FULL</STRONG> (Thumb, 16 bytes, Stack size 4 bytes, peripheral_uart.o(.text.apUART_Check_TXFIFO_FULL))
<BR><BR>[Stack]<UL><LI>Max Depth = 4<LI>Call Chain = apUART_Check_TXFIFO_FULL
</UL>
<BR>[Called By]<UL><LI><a href="#[9]">&gt;&gt;</a>&nbsp;&nbsp;&nbsp;cb_putc
</UL>

<P><STRONG><a name="[45]"></a>apUART_Initialize</STRONG> (Thumb, 152 bytes, Stack size 24 bytes, peripheral_uart.o(.text.apUART_Initialize))
<BR><BR>[Stack]<UL><LI>Max Depth = 48<LI>Call Chain = apUART_Initialize &rArr; apUART_BaudRateSet
</UL>
<BR>[Calls]<UL><LI><a href="#[46]">&gt;&gt;</a>&nbsp;&nbsp;&nbsp;apUART_BaudRateSet
</UL>
<BR>[Called By]<UL><LI><a href="#[51]">&gt;&gt;</a>&nbsp;&nbsp;&nbsp;config_uart
</UL>

<P><STRONG><a name="[3]"></a>app_main</STRONG> (Thumb, 212 bytes, Stack size 40 bytes, main.o(.text.app_main))
<BR><BR>[Stack]<UL><LI>Max Depth = 252<LI>Call Chain = app_main &rArr; setup_peripherals &rArr; setup_peripherals_spi &rArr; peripherals_spi_push_data &rArr; peripherals_spi_dma_to_txfifo &rArr; DMA_PrepareMem2Peripheral &rArr; DMA_GetPeripheralWidth &rArr; DMG_GetSPIDMAWidth
</UL>
<BR>[Calls]<UL><LI><a href="#[4c]">&gt;&gt;</a>&nbsp;&nbsp;&nbsp;xTaskCreate
<LI><a href="#[4b]">&gt;&gt;</a>&nbsp;&nbsp;&nbsp;xQueueGenericCreate
<LI><a href="#[49]">&gt;&gt;</a>&nbsp;&nbsp;&nbsp;trace_rtt_init
<LI><a href="#[48]">&gt;&gt;</a>&nbsp;&nbsp;&nbsp;setup_peripherals
<LI><a href="#[47]">&gt;&gt;</a>&nbsp;&nbsp;&nbsp;platform_set_evt_callback
<LI><a href="#[4a]">&gt;&gt;</a>&nbsp;&nbsp;&nbsp;platform_config
</UL>
<BR>[Address Reference Count : 1]<UL><LI> startup_ing91800.o(.text)
</UL>
<P><STRONG><a name="[9]"></a>cb_putc</STRONG> (Thumb, 52 bytes, Stack size 16 bytes, main.o(.text.cb_putc))
<BR><BR>[Stack]<UL><LI>Max Depth = 24<LI>Call Chain = cb_putc &rArr; UART_SendData
</UL>
<BR>[Calls]<UL><LI><a href="#[4e]">&gt;&gt;</a>&nbsp;&nbsp;&nbsp;apUART_Check_TXFIFO_FULL
<LI><a href="#[4f]">&gt;&gt;</a>&nbsp;&nbsp;&nbsp;UART_SendData
</UL>
<BR>[Called By]<UL><LI><a href="#[e]">&gt;&gt;</a>&nbsp;&nbsp;&nbsp;fputc
</UL>
<BR>[Address Reference Count : 1]<UL><LI> main.o(.text.app_main)
</UL>
<P><STRONG><a name="[a]"></a>cb_trace_rtt</STRONG> (Thumb, 126 bytes, Stack size 32 bytes, trace.o(.text.cb_trace_rtt))
<BR><BR>[Stack]<UL><LI>Max Depth = 160<LI>Call Chain = cb_trace_rtt &rArr; SEGGER_RTT_Write &rArr; SEGGER_RTT_WriteNoLock &rArr; _WriteBlocking
</UL>
<BR>[Calls]<UL><LI><a href="#[50]">&gt;&gt;</a>&nbsp;&nbsp;&nbsp;platform_get_gen_os_driver
<LI><a href="#[31]">&gt;&gt;</a>&nbsp;&nbsp;&nbsp;SEGGER_RTT_Write
<LI><a href="#[2d]">&gt;&gt;</a>&nbsp;&nbsp;&nbsp;SEGGER_RTT_GetAvailWriteSpace
</UL>
<BR>[Address Reference Count : 1]<UL><LI> main.o(.text.app_main)
</UL>
<P><STRONG><a name="[51]"></a>config_uart</STRONG> (Thumb, 84 bytes, Stack size 40 bytes, main.o(.text.config_uart))
<BR><BR>[Stack]<UL><LI>Max Depth = 88<LI>Call Chain = config_uart &rArr; apUART_Initialize &rArr; apUART_BaudRateSet
</UL>
<BR>[Calls]<UL><LI><a href="#[45]">&gt;&gt;</a>&nbsp;&nbsp;&nbsp;apUART_Initialize
</UL>
<BR>[Called By]<UL><LI><a href="#[48]">&gt;&gt;</a>&nbsp;&nbsp;&nbsp;setup_peripherals
</UL>

<P><STRONG><a name="[e]"></a>fputc</STRONG> (Thumb, 22 bytes, Stack size 16 bytes, main.o(.text.fputc))
<BR><BR>[Stack]<UL><LI>Max Depth = 40<LI>Call Chain = fputc &rArr; cb_putc &rArr; UART_SendData
</UL>
<BR>[Calls]<UL><LI><a href="#[9]">&gt;&gt;</a>&nbsp;&nbsp;&nbsp;cb_putc
</UL>
<BR>[Address Reference Count : 1]<UL><LI> printfa.o(i.__0printf)
</UL>
<P><STRONG><a name="[7]"></a>on_deep_sleep_wakeup</STRONG> (Thumb, 18 bytes, Stack size 16 bytes, main.o(.text.on_deep_sleep_wakeup))
<BR><BR>[Stack]<UL><LI>Max Depth = 228<LI>Call Chain = on_deep_sleep_wakeup &rArr; setup_peripherals &rArr; setup_peripherals_spi &rArr; peripherals_spi_push_data &rArr; peripherals_spi_dma_to_txfifo &rArr; DMA_PrepareMem2Peripheral &rArr; DMA_GetPeripheralWidth &rArr; DMG_GetSPIDMAWidth
</UL>
<BR>[Calls]<UL><LI><a href="#[48]">&gt;&gt;</a>&nbsp;&nbsp;&nbsp;setup_peripherals
</UL>
<BR>[Address Reference Count : 1]<UL><LI> main.o(.text.app_main)
</UL>
<P><STRONG><a name="[53]"></a>peripherals_spi_dma_to_txfifo</STRONG> (Thumb, 46 bytes, Stack size 64 bytes, spi_spi1_read_write_with_dma.o(.text.peripherals_spi_dma_to_txfifo))
<BR><BR>[Stack]<UL><LI>Max Depth = 148<LI>Call Chain = peripherals_spi_dma_to_txfifo &rArr; DMA_PrepareMem2Peripheral &rArr; DMA_GetPeripheralWidth &rArr; DMG_GetSPIDMAWidth
</UL>
<BR>[Calls]<UL><LI><a href="#[23]">&gt;&gt;</a>&nbsp;&nbsp;&nbsp;DMA_PrepareMem2Peripheral
<LI><a href="#[54]">&gt;&gt;</a>&nbsp;&nbsp;&nbsp;DMA_EnableChannel
</UL>
<BR>[Called By]<UL><LI><a href="#[58]">&gt;&gt;</a>&nbsp;&nbsp;&nbsp;peripherals_spi_push_data
</UL>

<P><STRONG><a name="[58]"></a>peripherals_spi_push_data</STRONG> (Thumb, 78 bytes, Stack size 24 bytes, spi_spi1_read_write_with_dma.o(.text.peripherals_spi_push_data))
<BR><BR>[Stack]<UL><LI>Max Depth = 172<LI>Call Chain = peripherals_spi_push_data &rArr; peripherals_spi_dma_to_txfifo &rArr; DMA_PrepareMem2Peripheral &rArr; DMA_GetPeripheralWidth &rArr; DMG_GetSPIDMAWidth
</UL>
<BR>[Calls]<UL><LI><a href="#[53]">&gt;&gt;</a>&nbsp;&nbsp;&nbsp;peripherals_spi_dma_to_txfifo
<LI><a href="#[5e]">&gt;&gt;</a>&nbsp;&nbsp;&nbsp;apSSP_SetTxDmaEn
<LI><a href="#[5f]">&gt;&gt;</a>&nbsp;&nbsp;&nbsp;apSSP_SetTransferControlWrTranCnt
<LI><a href="#[5d]">&gt;&gt;</a>&nbsp;&nbsp;&nbsp;__aeabi_memset4
</UL>
<BR>[Called By]<UL><LI><a href="#[d]">&gt;&gt;</a>&nbsp;&nbsp;&nbsp;peripherals_spi_isr
<LI><a href="#[63]">&gt;&gt;</a>&nbsp;&nbsp;&nbsp;setup_peripherals_spi
</UL>

<P><STRONG><a name="[57]"></a>peripherals_spi_read_data</STRONG> (Thumb, 52 bytes, Stack size 16 bytes, spi_spi1_read_write_with_dma.o(.text.peripherals_spi_read_data))
<BR><BR>[Stack]<UL><LI>Max Depth = 156<LI>Call Chain = peripherals_spi_read_data &rArr; peripherals_spi_rxfifo_to_dma &rArr; DMA_PreparePeripheral2Mem &rArr; DMA_GetPeripheralWidth &rArr; DMG_GetSPIDMAWidth
</UL>
<BR>[Calls]<UL><LI><a href="#[62]">&gt;&gt;</a>&nbsp;&nbsp;&nbsp;peripherals_spi_rxfifo_to_dma
<LI><a href="#[61]">&gt;&gt;</a>&nbsp;&nbsp;&nbsp;apSSP_SetTransferControlRdTranCnt
<LI><a href="#[60]">&gt;&gt;</a>&nbsp;&nbsp;&nbsp;apSSP_SetRxDmaEn
</UL>
<BR>[Called By]<UL><LI><a href="#[d]">&gt;&gt;</a>&nbsp;&nbsp;&nbsp;peripherals_spi_isr
<LI><a href="#[63]">&gt;&gt;</a>&nbsp;&nbsp;&nbsp;setup_peripherals_spi
</UL>

<P><STRONG><a name="[62]"></a>peripherals_spi_rxfifo_to_dma</STRONG> (Thumb, 46 bytes, Stack size 64 bytes, spi_spi1_read_write_with_dma.o(.text.peripherals_spi_rxfifo_to_dma))
<BR><BR>[Stack]<UL><LI>Max Depth = 140<LI>Call Chain = peripherals_spi_rxfifo_to_dma &rArr; DMA_PreparePeripheral2Mem &rArr; DMA_GetPeripheralWidth &rArr; DMG_GetSPIDMAWidth
</UL>
<BR>[Calls]<UL><LI><a href="#[26]">&gt;&gt;</a>&nbsp;&nbsp;&nbsp;DMA_PreparePeripheral2Mem
<LI><a href="#[54]">&gt;&gt;</a>&nbsp;&nbsp;&nbsp;DMA_EnableChannel
</UL>
<BR>[Called By]<UL><LI><a href="#[57]">&gt;&gt;</a>&nbsp;&nbsp;&nbsp;peripherals_spi_read_data
</UL>

<P><STRONG><a name="[8]"></a>query_deep_sleep_allowed</STRONG> (Thumb, 12 bytes, Stack size 8 bytes, main.o(.text.query_deep_sleep_allowed))
<BR><BR>[Stack]<UL><LI>Max Depth = 8<LI>Call Chain = query_deep_sleep_allowed
</UL>
<BR>[Address Reference Count : 1]<UL><LI> main.o(.text.app_main)
</UL>
<P><STRONG><a name="[48]"></a>setup_peripherals</STRONG> (Thumb, 110 bytes, Stack size 24 bytes, main.o(.text.setup_peripherals))
<BR><BR>[Stack]<UL><LI>Max Depth = 212<LI>Call Chain = setup_peripherals &rArr; setup_peripherals_spi &rArr; peripherals_spi_push_data &rArr; peripherals_spi_dma_to_txfifo &rArr; DMA_PrepareMem2Peripheral &rArr; DMA_GetPeripheralWidth &rArr; DMG_GetSPIDMAWidth
</UL>
<BR>[Calls]<UL><LI><a href="#[66]">&gt;&gt;</a>&nbsp;&nbsp;&nbsp;xTimerGenericCommand
<LI><a href="#[64]">&gt;&gt;</a>&nbsp;&nbsp;&nbsp;xTimerCreate
<LI><a href="#[65]">&gt;&gt;</a>&nbsp;&nbsp;&nbsp;xTaskGetTickCount
<LI><a href="#[63]">&gt;&gt;</a>&nbsp;&nbsp;&nbsp;setup_peripherals_spi
<LI><a href="#[51]">&gt;&gt;</a>&nbsp;&nbsp;&nbsp;config_uart
<LI><a href="#[37]">&gt;&gt;</a>&nbsp;&nbsp;&nbsp;SYSCTRL_ClearClkGateMulti
</UL>
<BR>[Called By]<UL><LI><a href="#[7]">&gt;&gt;</a>&nbsp;&nbsp;&nbsp;on_deep_sleep_wakeup
<LI><a href="#[3]">&gt;&gt;</a>&nbsp;&nbsp;&nbsp;app_main
</UL>

<P><STRONG><a name="[63]"></a>setup_peripherals_spi</STRONG> (Thumb, 62 bytes, Stack size 16 bytes, spi_spi1_read_write_with_dma.o(.text.setup_peripherals_spi))
<BR><BR>[Stack]<UL><LI>Max Depth = 188<LI>Call Chain = setup_peripherals_spi &rArr; peripherals_spi_push_data &rArr; peripherals_spi_dma_to_txfifo &rArr; DMA_PrepareMem2Peripheral &rArr; DMA_GetPeripheralWidth &rArr; DMG_GetSPIDMAWidth
</UL>
<BR>[Calls]<UL><LI><a href="#[57]">&gt;&gt;</a>&nbsp;&nbsp;&nbsp;peripherals_spi_read_data
<LI><a href="#[58]">&gt;&gt;</a>&nbsp;&nbsp;&nbsp;peripherals_spi_push_data
<LI><a href="#[39]">&gt;&gt;</a>&nbsp;&nbsp;&nbsp;SYSCTRL_GetPLLClk
<LI><a href="#[69]">&gt;&gt;</a>&nbsp;&nbsp;&nbsp;DMA_Reset
<LI><a href="#[67]">&gt;&gt;</a>&nbsp;&nbsp;&nbsp;setup_peripherals_spi_pin
<LI><a href="#[68]">&gt;&gt;</a>&nbsp;&nbsp;&nbsp;setup_peripherals_spi_module
<LI><a href="#[4d]">&gt;&gt;</a>&nbsp;&nbsp;&nbsp;platform_printf
<LI><a href="#[37]">&gt;&gt;</a>&nbsp;&nbsp;&nbsp;SYSCTRL_ClearClkGateMulti
</UL>
<BR>[Called By]<UL><LI><a href="#[48]">&gt;&gt;</a>&nbsp;&nbsp;&nbsp;setup_peripherals
</UL>

<P><STRONG><a name="[49]"></a>trace_rtt_init</STRONG> (Thumb, 14 bytes, Stack size 16 bytes, trace.o(.text.trace_rtt_init))
<BR><BR>[Stack]<UL><LI>Max Depth = 40<LI>Call Chain = trace_rtt_init &rArr; SEGGER_RTT_Init &rArr; _DoInit
</UL>
<BR>[Calls]<UL><LI><a href="#[2f]">&gt;&gt;</a>&nbsp;&nbsp;&nbsp;SEGGER_RTT_Init
</UL>
<BR>[Called By]<UL><LI><a href="#[3]">&gt;&gt;</a>&nbsp;&nbsp;&nbsp;app_main
</UL>

<P><STRONG><a name="[6c]"></a>__0printf</STRONG> (Thumb, 22 bytes, Stack size 24 bytes, printfa.o(i.__0printf), UNUSED)
<BR><BR>[Calls]<UL><LI><a href="#[6d]">&gt;&gt;</a>&nbsp;&nbsp;&nbsp;_printf_core
</UL>

<P><STRONG><a name="[84]"></a>__1printf</STRONG> (Thumb, 0 bytes, Stack size 24 bytes, printfa.o(i.__0printf), UNUSED)

<P><STRONG><a name="[85]"></a>__2printf</STRONG> (Thumb, 0 bytes, Stack size 24 bytes, printfa.o(i.__0printf), UNUSED)

<P><STRONG><a name="[86]"></a>__c89printf</STRONG> (Thumb, 0 bytes, Stack size 24 bytes, printfa.o(i.__0printf), UNUSED)

<P><STRONG><a name="[5b]"></a>printf</STRONG> (Thumb, 0 bytes, Stack size 24 bytes, printfa.o(i.__0printf))
<BR><BR>[Stack]<UL><LI>Max Depth = 24<LI>Call Chain = printf
</UL>
<BR>[Called By]<UL><LI><a href="#[d]">&gt;&gt;</a>&nbsp;&nbsp;&nbsp;peripherals_spi_isr
</UL>

<P><STRONG><a name="[87]"></a>__scatterload_copy</STRONG> (Thumb, 14 bytes, Stack size unknown bytes, handlers.o(i.__scatterload_copy), UNUSED)

<P><STRONG><a name="[88]"></a>__scatterload_null</STRONG> (Thumb, 2 bytes, Stack size unknown bytes, handlers.o(i.__scatterload_null), UNUSED)

<P><STRONG><a name="[89]"></a>__scatterload_zeroinit</STRONG> (Thumb, 14 bytes, Stack size unknown bytes, handlers.o(i.__scatterload_zeroinit), UNUSED)
<P>
<H3>
Local Symbols
</H3>
<P><STRONG><a name="[c]"></a>app_timer_callback</STRONG> (Thumb, 8 bytes, Stack size 4 bytes, main.o(.text.app_timer_callback))
<BR><BR>[Stack]<UL><LI>Max Depth = 4<LI>Call Chain = app_timer_callback
</UL>
<BR>[Address Reference Count : 1]<UL><LI> main.o(.text.setup_peripherals)
</UL>
<P><STRONG><a name="[5]"></a>cb_assertion</STRONG> (Thumb, 30 bytes, Stack size 16 bytes, main.o(.text.cb_assertion))
<BR><BR>[Stack]<UL><LI>Max Depth = 16<LI>Call Chain = cb_assertion
</UL>
<BR>[Calls]<UL><LI><a href="#[4d]">&gt;&gt;</a>&nbsp;&nbsp;&nbsp;platform_printf
</UL>
<BR>[Address Reference Count : 1]<UL><LI> main.o(.text.app_main)
</UL>
<P><STRONG><a name="[4]"></a>cb_hard_fault</STRONG> (Thumb, 86 bytes, Stack size 48 bytes, main.o(.text.cb_hard_fault))
<BR><BR>[Stack]<UL><LI>Max Depth = 48<LI>Call Chain = cb_hard_fault
</UL>
<BR>[Calls]<UL><LI><a href="#[4d]">&gt;&gt;</a>&nbsp;&nbsp;&nbsp;platform_printf
</UL>
<BR>[Address Reference Count : 1]<UL><LI> main.o(.text.app_main)
</UL>
<P><STRONG><a name="[6]"></a>cb_heap_out_of_mem</STRONG> (Thumb, 26 bytes, Stack size 16 bytes, main.o(.text.cb_heap_out_of_mem))
<BR><BR>[Stack]<UL><LI>Max Depth = 16<LI>Call Chain = cb_heap_out_of_mem
</UL>
<BR>[Calls]<UL><LI><a href="#[4d]">&gt;&gt;</a>&nbsp;&nbsp;&nbsp;platform_printf
</UL>
<BR>[Address Reference Count : 1]<UL><LI> main.o(.text.app_main)
</UL>
<P><STRONG><a name="[b]"></a>packet_schedule_task</STRONG> (Thumb, 40 bytes, Stack size 16 bytes, main.o(.text.packet_schedule_task))
<BR><BR>[Stack]<UL><LI>Max Depth = 16<LI>Call Chain = packet_schedule_task
</UL>
<BR>[Calls]<UL><LI><a href="#[52]">&gt;&gt;</a>&nbsp;&nbsp;&nbsp;xQueueSemaphoreTake
</UL>
<BR>[Address Reference Count : 1]<UL><LI> main.o(.text.app_main)
</UL>
<P><STRONG><a name="[d]"></a>peripherals_spi_isr</STRONG> (Thumb, 262 bytes, Stack size 48 bytes, spi_spi1_read_write_with_dma.o(.text.peripherals_spi_isr))
<BR><BR>[Stack]<UL><LI>Max Depth = 220<LI>Call Chain = peripherals_spi_isr &rArr; peripherals_spi_push_data &rArr; peripherals_spi_dma_to_txfifo &rArr; DMA_PrepareMem2Peripheral &rArr; DMA_GetPeripheralWidth &rArr; DMG_GetSPIDMAWidth
</UL>
<BR>[Calls]<UL><LI><a href="#[57]">&gt;&gt;</a>&nbsp;&nbsp;&nbsp;peripherals_spi_read_data
<LI><a href="#[58]">&gt;&gt;</a>&nbsp;&nbsp;&nbsp;peripherals_spi_push_data
<LI><a href="#[59]">&gt;&gt;</a>&nbsp;&nbsp;&nbsp;apSSP_GetSlaveTxDataCnt
<LI><a href="#[5a]">&gt;&gt;</a>&nbsp;&nbsp;&nbsp;apSSP_GetSlaveRxDataCnt
<LI><a href="#[55]">&gt;&gt;</a>&nbsp;&nbsp;&nbsp;apSSP_GetIntRawStatus
<LI><a href="#[56]">&gt;&gt;</a>&nbsp;&nbsp;&nbsp;apSSP_GetDataNumInRxFifo
<LI><a href="#[5c]">&gt;&gt;</a>&nbsp;&nbsp;&nbsp;apSSP_ClearIntStatus
<LI><a href="#[4d]">&gt;&gt;</a>&nbsp;&nbsp;&nbsp;platform_printf
<LI><a href="#[5b]">&gt;&gt;</a>&nbsp;&nbsp;&nbsp;printf
</UL>
<BR>[Address Reference Count : 1]<UL><LI> spi_spi1_read_write_with_dma.o(.text.setup_peripherals_spi_pin)
</UL>
<P><STRONG><a name="[68]"></a>setup_peripherals_spi_module</STRONG> (Thumb, 40 bytes, Stack size 32 bytes, spi_spi1_read_write_with_dma.o(.text.setup_peripherals_spi_module))
<BR><BR>[Stack]<UL><LI>Max Depth = 68<LI>Call Chain = setup_peripherals_spi_module &rArr; apSSP_DeviceParametersSet &rArr; apSSP_Initialize &rArr; apSSP_ResetTxFifo
</UL>
<BR>[Calls]<UL><LI><a href="#[3d]">&gt;&gt;</a>&nbsp;&nbsp;&nbsp;apSSP_DeviceParametersSet
<LI><a href="#[3c]">&gt;&gt;</a>&nbsp;&nbsp;&nbsp;__aeabi_memcpy
</UL>
<BR>[Called By]<UL><LI><a href="#[63]">&gt;&gt;</a>&nbsp;&nbsp;&nbsp;setup_peripherals_spi
</UL>

<P><STRONG><a name="[67]"></a>setup_peripherals_spi_pin</STRONG> (Thumb, 102 bytes, Stack size 40 bytes, spi_spi1_read_write_with_dma.o(.text.setup_peripherals_spi_pin))
<BR><BR>[Stack]<UL><LI>Max Depth = 148<LI>Call Chain = setup_peripherals_spi_pin &rArr; PINCTRL_SelSpiIn &rArr; PINCTRL_SelInput &rArr; PINCTRL_SetPadMux &rArr; source_id_on_pin
</UL>
<BR>[Calls]<UL><LI><a href="#[6b]">&gt;&gt;</a>&nbsp;&nbsp;&nbsp;platform_set_irq_callback
<LI><a href="#[2a]">&gt;&gt;</a>&nbsp;&nbsp;&nbsp;PINCTRL_SetPadMux
<LI><a href="#[2b]">&gt;&gt;</a>&nbsp;&nbsp;&nbsp;PINCTRL_SelSpiIn
<LI><a href="#[6a]">&gt;&gt;</a>&nbsp;&nbsp;&nbsp;PINCTRL_Pull
<LI><a href="#[37]">&gt;&gt;</a>&nbsp;&nbsp;&nbsp;SYSCTRL_ClearClkGateMulti
</UL>
<BR>[Called By]<UL><LI><a href="#[63]">&gt;&gt;</a>&nbsp;&nbsp;&nbsp;setup_peripherals_spi
</UL>

<P><STRONG><a name="[27]"></a>PINCTRL_SelInput</STRONG> (Thumb, 144 bytes, Stack size 32 bytes, peripheral_pinctrl.o(.text.PINCTRL_SelInput))
<BR><BR>[Stack]<UL><LI>Max Depth = 76<LI>Call Chain = PINCTRL_SelInput &rArr; PINCTRL_SetPadMux &rArr; source_id_on_pin
</UL>
<BR>[Calls]<UL><LI><a href="#[28]">&gt;&gt;</a>&nbsp;&nbsp;&nbsp;set_reg_bits
<LI><a href="#[29]">&gt;&gt;</a>&nbsp;&nbsp;&nbsp;pin_id_for_input_source
<LI><a href="#[2a]">&gt;&gt;</a>&nbsp;&nbsp;&nbsp;PINCTRL_SetPadMux
</UL>
<BR>[Called By]<UL><LI><a href="#[2b]">&gt;&gt;</a>&nbsp;&nbsp;&nbsp;PINCTRL_SelSpiIn
</UL>

<P><STRONG><a name="[29]"></a>pin_id_for_input_source</STRONG> (Thumb, 158 bytes, Stack size 32 bytes, peripheral_pinctrl.o(.text.pin_id_for_input_source))
<BR><BR>[Stack]<UL><LI>Max Depth = 32<LI>Call Chain = pin_id_for_input_source
</UL>
<BR>[Called By]<UL><LI><a href="#[27]">&gt;&gt;</a>&nbsp;&nbsp;&nbsp;PINCTRL_SelInput
</UL>

<P><STRONG><a name="[28]"></a>set_reg_bits</STRONG> (Thumb, 68 bytes, Stack size 20 bytes, peripheral_pinctrl.o(.text.set_reg_bits))
<BR><BR>[Stack]<UL><LI>Max Depth = 20<LI>Call Chain = set_reg_bits
</UL>
<BR>[Called By]<UL><LI><a href="#[27]">&gt;&gt;</a>&nbsp;&nbsp;&nbsp;PINCTRL_SelInput
<LI><a href="#[2a]">&gt;&gt;</a>&nbsp;&nbsp;&nbsp;PINCTRL_SetPadMux
</UL>

<P><STRONG><a name="[2c]"></a>source_id_on_pin</STRONG> (Thumb, 160 bytes, Stack size 20 bytes, peripheral_pinctrl.o(.text.source_id_on_pin))
<BR><BR>[Stack]<UL><LI>Max Depth = 20<LI>Call Chain = source_id_on_pin
</UL>
<BR>[Called By]<UL><LI><a href="#[2a]">&gt;&gt;</a>&nbsp;&nbsp;&nbsp;PINCTRL_SetPadMux
</UL>

<P><STRONG><a name="[36]"></a>SYSCTRL_ClkGateCtrl</STRONG> (Thumb, 886 bytes, Stack size 32 bytes, peripheral_sysctrl.o(.text.SYSCTRL_ClkGateCtrl))
<BR><BR>[Stack]<UL><LI>Max Depth = 44<LI>Call Chain = SYSCTRL_ClkGateCtrl &rArr; set_reg_bit
</UL>
<BR>[Calls]<UL><LI><a href="#[38]">&gt;&gt;</a>&nbsp;&nbsp;&nbsp;set_reg_bit
</UL>
<BR>[Called By]<UL><LI><a href="#[35]">&gt;&gt;</a>&nbsp;&nbsp;&nbsp;SYSCTRL_ClearClkGate
</UL>

<P><STRONG><a name="[38]"></a>set_reg_bit</STRONG> (Thumb, 50 bytes, Stack size 12 bytes, peripheral_sysctrl.o(.text.set_reg_bit))
<BR><BR>[Stack]<UL><LI>Max Depth = 12<LI>Call Chain = set_reg_bit
</UL>
<BR>[Called By]<UL><LI><a href="#[36]">&gt;&gt;</a>&nbsp;&nbsp;&nbsp;SYSCTRL_ClkGateCtrl
</UL>

<P><STRONG><a name="[25]"></a>DMA_GetPeripheralDataAddr</STRONG> (Thumb, 292 bytes, Stack size 12 bytes, peripheral_dma.o(.text.DMA_GetPeripheralDataAddr))
<BR><BR>[Stack]<UL><LI>Max Depth = 12<LI>Call Chain = DMA_GetPeripheralDataAddr
</UL>
<BR>[Called By]<UL><LI><a href="#[26]">&gt;&gt;</a>&nbsp;&nbsp;&nbsp;DMA_PreparePeripheral2Mem
<LI><a href="#[23]">&gt;&gt;</a>&nbsp;&nbsp;&nbsp;DMA_PrepareMem2Peripheral
</UL>

<P><STRONG><a name="[21]"></a>DMA_GetPeripheralWidth</STRONG> (Thumb, 120 bytes, Stack size 16 bytes, peripheral_dma.o(.text.DMA_GetPeripheralWidth))
<BR><BR>[Stack]<UL><LI>Max Depth = 28<LI>Call Chain = DMA_GetPeripheralWidth &rArr; DMG_GetSPIDMAWidth
</UL>
<BR>[Calls]<UL><LI><a href="#[22]">&gt;&gt;</a>&nbsp;&nbsp;&nbsp;DMG_GetSPIDMAWidth
</UL>
<BR>[Called By]<UL><LI><a href="#[26]">&gt;&gt;</a>&nbsp;&nbsp;&nbsp;DMA_PreparePeripheral2Mem
<LI><a href="#[23]">&gt;&gt;</a>&nbsp;&nbsp;&nbsp;DMA_PrepareMem2Peripheral
</UL>

<P><STRONG><a name="[22]"></a>DMG_GetSPIDMAWidth</STRONG> (Thumb, 54 bytes, Stack size 12 bytes, peripheral_dma.o(.text.DMG_GetSPIDMAWidth))
<BR><BR>[Stack]<UL><LI>Max Depth = 12<LI>Call Chain = DMG_GetSPIDMAWidth
</UL>
<BR>[Called By]<UL><LI><a href="#[21]">&gt;&gt;</a>&nbsp;&nbsp;&nbsp;DMA_GetPeripheralWidth
</UL>

<P><STRONG><a name="[30]"></a>_DoInit</STRONG> (Thumb, 156 bytes, Stack size 16 bytes, trace.o(.text._DoInit))
<BR><BR>[Stack]<UL><LI>Max Depth = 16<LI>Call Chain = _DoInit
</UL>
<BR>[Calls]<UL><LI><a href="#[3b]">&gt;&gt;</a>&nbsp;&nbsp;&nbsp;strcpy
</UL>
<BR>[Called By]<UL><LI><a href="#[31]">&gt;&gt;</a>&nbsp;&nbsp;&nbsp;SEGGER_RTT_Write
<LI><a href="#[2f]">&gt;&gt;</a>&nbsp;&nbsp;&nbsp;SEGGER_RTT_Init
</UL>

<P><STRONG><a name="[2e]"></a>_GetAvailWriteSpace</STRONG> (Thumb, 62 bytes, Stack size 16 bytes, trace.o(.text._GetAvailWriteSpace))
<BR><BR>[Stack]<UL><LI>Max Depth = 16<LI>Call Chain = _GetAvailWriteSpace
</UL>
<BR>[Called By]<UL><LI><a href="#[32]">&gt;&gt;</a>&nbsp;&nbsp;&nbsp;SEGGER_RTT_WriteNoLock
<LI><a href="#[2d]">&gt;&gt;</a>&nbsp;&nbsp;&nbsp;SEGGER_RTT_GetAvailWriteSpace
</UL>

<P><STRONG><a name="[34]"></a>_WriteBlocking</STRONG> (Thumb, 224 bytes, Stack size 48 bytes, trace.o(.text._WriteBlocking))
<BR><BR>[Stack]<UL><LI>Max Depth = 48<LI>Call Chain = _WriteBlocking
</UL>
<BR>[Calls]<UL><LI><a href="#[3c]">&gt;&gt;</a>&nbsp;&nbsp;&nbsp;__aeabi_memcpy
</UL>
<BR>[Called By]<UL><LI><a href="#[32]">&gt;&gt;</a>&nbsp;&nbsp;&nbsp;SEGGER_RTT_WriteNoLock
</UL>

<P><STRONG><a name="[33]"></a>_WriteNoCheck</STRONG> (Thumb, 128 bytes, Stack size 32 bytes, trace.o(.text._WriteNoCheck))
<BR><BR>[Stack]<UL><LI>Max Depth = 32<LI>Call Chain = _WriteNoCheck
</UL>
<BR>[Calls]<UL><LI><a href="#[3c]">&gt;&gt;</a>&nbsp;&nbsp;&nbsp;__aeabi_memcpy
</UL>
<BR>[Called By]<UL><LI><a href="#[32]">&gt;&gt;</a>&nbsp;&nbsp;&nbsp;SEGGER_RTT_WriteNoLock
</UL>

<P><STRONG><a name="[6e]"></a>_fp_digits</STRONG> (Thumb, 366 bytes, Stack size 64 bytes, printfa.o(i._fp_digits), UNUSED)
<BR><BR>[Calls]<UL><LI><a href="#[1c]">&gt;&gt;</a>&nbsp;&nbsp;&nbsp;__aeabi_ddiv
<LI><a href="#[15]">&gt;&gt;</a>&nbsp;&nbsp;&nbsp;__aeabi_dadd
<LI><a href="#[1d]">&gt;&gt;</a>&nbsp;&nbsp;&nbsp;__aeabi_uldivmod
<LI><a href="#[1f]">&gt;&gt;</a>&nbsp;&nbsp;&nbsp;__aeabi_dmul
<LI><a href="#[20]">&gt;&gt;</a>&nbsp;&nbsp;&nbsp;__aeabi_d2ulz
<LI><a href="#[6f]">&gt;&gt;</a>&nbsp;&nbsp;&nbsp;__aeabi_cdrcmple
</UL>
<BR>[Called By]<UL><LI><a href="#[6d]">&gt;&gt;</a>&nbsp;&nbsp;&nbsp;_printf_core
</UL>

<P><STRONG><a name="[6d]"></a>_printf_core</STRONG> (Thumb, 1744 bytes, Stack size 136 bytes, printfa.o(i._printf_core), UNUSED)
<BR><BR>[Calls]<UL><LI><a href="#[1d]">&gt;&gt;</a>&nbsp;&nbsp;&nbsp;__aeabi_uldivmod
<LI><a href="#[72]">&gt;&gt;</a>&nbsp;&nbsp;&nbsp;__aeabi_uidivmod
<LI><a href="#[70]">&gt;&gt;</a>&nbsp;&nbsp;&nbsp;_printf_pre_padding
<LI><a href="#[71]">&gt;&gt;</a>&nbsp;&nbsp;&nbsp;_printf_post_padding
<LI><a href="#[6e]">&gt;&gt;</a>&nbsp;&nbsp;&nbsp;_fp_digits
</UL>
<BR>[Called By]<UL><LI><a href="#[6c]">&gt;&gt;</a>&nbsp;&nbsp;&nbsp;__0printf
</UL>

<P><STRONG><a name="[71]"></a>_printf_post_padding</STRONG> (Thumb, 36 bytes, Stack size 24 bytes, printfa.o(i._printf_post_padding), UNUSED)
<BR><BR>[Called By]<UL><LI><a href="#[6d]">&gt;&gt;</a>&nbsp;&nbsp;&nbsp;_printf_core
</UL>

<P><STRONG><a name="[70]"></a>_printf_pre_padding</STRONG> (Thumb, 46 bytes, Stack size 24 bytes, printfa.o(i._printf_pre_padding), UNUSED)
<BR><BR>[Called By]<UL><LI><a href="#[6d]">&gt;&gt;</a>&nbsp;&nbsp;&nbsp;_printf_core
</UL>
<P>
<H3>
Undefined Global Symbols
</H3><HR></body></html>
